# vsim -debugDB -l compress_policy_regress.log -voptargs="+acc" -assertdebug -c test_bench -do "log -r /*;run -all;" 
# Start time: 09:33:43 on Apr 20,2026
# ** Note: (vsim-3812) Design is being optimized...
# ** Note: (vsim-8611) Generating debug db.
# ** Note: (vopt-4301) Memory core inferred for signal 'block_mem' width=8, depth=32, type=RAM at location ../rtl/block_buffer.v:23
# ** Note: (vopt-143) Recognized 1 FSM in module "huffman_block_parser(fast)".
# ** Note: (vopt-4301) Memory core inferred for signal 'code_local' width=31, depth=32, type=RAM at location ../rtl/huffman_block_decoder.v:94
# ** Note: (vopt-143) Recognized 1 FSM in module "huffman_block_decoder(fast)".
# ** Note: (vopt-4301) Memory core inferred for signal 'code_len_mem' width=5, depth=96, type=RAM at location ../rtl/code_length_builder.v:57
# ** Note: (vopt-4301) Memory core inferred for signal 'node_mask' width=32, depth=63, type=RAM at location ../rtl/code_length_builder.v:51
# ** Note: (vopt-4301) Memory core inferred for signal 'leaf_code_len' width=5, depth=32, type=RAM at location ../rtl/code_length_builder.v:48
# ** Note: (vopt-4301) Memory core inferred for signal 'leaf_symbol' width=8, depth=32, type=RAM at location ../rtl/code_length_builder.v:47
# ** Note: (vopt-143) Recognized 1 FSM in module "code_length_builder(fast)".
# ** Note: (vopt-143) Recognized 1 FSM in module "header_formatter(fast)".
# ** Note: (vopt-4301) Memory core inferred for signal 'code_mem' width=31, depth=96, type=RAM at location ../rtl/canonical_code_generator.v:60
# ** Note: (vopt-4301) Memory core inferred for signal 'code_len_mem' width=5, depth=96, type=RAM at location ../rtl/canonical_code_generator.v:59
# ** Note: (vopt-4301) Memory core inferred for signal 'symbol_local' width=8, depth=32, type=RAM at location ../rtl/canonical_code_generator.v:56
# ** Note: (vopt-143) Recognized 1 FSM in module "canonical_code_generator(fast)".
# ** Note: (vopt-4301) Memory core inferred for signal 'out_fifo_mem' width=32, depth=16, type=RAM at location ../rtl/apb_huffman_tx_if.v:76
# ** Note: (vopt-4301) Memory core inferred for signal 'fifo_mem' width=32, depth=8, type=RAM at location ../rtl/apb_huffman_tx_if.v:71
# ** Note: (vopt-143) Recognized 1 FSM in module "mode_decision_logic(fast)".
# ** Note: (vopt-4301) Memory core inferred for signal 'fifo_data_mem' width=32, depth=16, type=RAM at location ../rtl/apb_huffman_rx_if.v:46
# ** Note: (vopt-143) Recognized 1 FSM in module "dma_tx_engine(fast)".
# ** Note: (vopt-143) Recognized 1 FSM in module "payload_emitter(fast)".
# ** Note: (vopt-143) Recognized 1 FSM in module "dma_rx_engine(fast)".
# ** Note: (vopt-4301) Memory core inferred for signal 'symbol_list_mem' width=8, depth=32, type=RAM at location ../rtl/symbol_list_builder.v:42
# ** Note: (vopt-143) Recognized 1 FSM in module "symbol_list_builder(fast)".
# ** Note: (vopt-143) Recognized 1 FSM in module "emit_backend(fast)".
# ** Note: (vopt-143) Recognized 1 FSM in module "huffman_builder(fast)".
# ** Note: (vopt-143) Recognized 1 FSM in module "input_collect_unit(fast)".
# ** Note: (vopt-143) Recognized 1 FSM in module "stream_output_interface(fast)".
# ** Note: (vopt-143) Recognized 1 FSM in module "control_fsm(fast)".
# ** Note: (vopt-143) Recognized 1 FSM in module "cpu_mmio_to_apb_bridge(fast)".
# //  Questa Sim-64
# //  Version 2021.2_1 linux_x86_64 May 15 2021
# //
# //  Copyright 1991-2021 Mentor Graphics Corporation
# //  All Rights Reserved.
# //
# //  QuestaSim and its associated documentation contain trade
# //  secrets and commercial or financial information that are the property of
# //  Mentor Graphics Corporation and are privileged, confidential,
# //  and exempt from disclosure under the Freedom of Information Act,
# //  5 U.S.C. Section 552. Furthermore, this information
# //  is prohibited from disclosure under the Trade Secrets Act,
# //  18 U.S.C. Section 1905.
# //
# Loading work.test_bench(fast)
# Loading work.rv32_soc_top(fast)
# Loading work.top_rv32_sync(fast)
# Loading work.if_stage_sync(fast)
# Loading work.id_stage(fast)
# Loading work.ex_stage(fast)
# Loading work.mem_stage_sync(fast)
# Loading work.forwarding(fast)
# Loading work.registers_file(fast)
# Loading work.imem_sync(fast)
# Loading work.dmem_ip_wrapper(fast)
# Loading work.DMEM_ip(fast)
# Loading work.apb_huffman_aes_tx_top(fast)
# Loading work.apb_huffman_tx_if(fast)
# Loading work.huffman_aes_tx_top(fast)
# Loading work.dynamic_huffman_encoder(fast)
# Loading work.input_collect_unit(fast)
# Loading work.block_buffer(fast)
# Loading work.frequency_counter(fast)
# Loading work.huffman_builder(fast)
# Loading work.symbol_list_builder(fast)
# Loading work.code_length_builder(fast)
# Loading work.canonical_code_generator(fast)
# Loading work.mode_decision_logic(fast)
# Loading work.emit_backend(fast)
# Loading work.header_formatter(fast)
# Loading work.payload_emitter(fast)
# Loading work.stream_output_interface(fast)
# Loading work.control_fsm(fast)
# Loading work.bit_packer_128(fast)
# Loading work.wrapper(fast)
# Loading work.aes128_cipher_top(fast)
# Loading work.aes128_cipher_core(fast)
# Loading work.aes128_key_expansion(fast)
# Loading work.apb_huffman_aes_rx_top(fast)
# Loading work.wrapper_rx(fast)
# Loading work.aes128_cipher_inv_top(fast)
# Loading work.aes128_cipher_core_inv(fast)
# Loading work.aes128_key_expansion_inv(fast)
# Loading work.bit_depacker_128(fast)
# Loading work.huffman_block_parser(fast)
# Loading work.huffman_block_decoder(fast)
# Loading work.rx_byte_packer_32(fast)
# Loading work.apb_huffman_rx_if(fast)
# Loading work.cpu_mmio_to_apb_bridge(fast)
# Loading work.dma_regfile(fast)
# Loading work.dma_tx_engine(fast)
# Loading work.dma_rx_engine(fast)
# ** Note: (vsim-8900) Creating design debug database vsim.dbg.
# log -r /*
# run -all
# Sync Istr 0: 00008137
# Sync Istr 1: f0010113
# Sync Istr 2: 0040006f
# Sync Istr 3: ff010113
# Loaded 5990 byte(s) from input4.txt into DMEM @ 0x00000400
# ===== RV32I SOC DMA TX->RX CHECK =====
# input_file=input4.txt input_len=5990
# dma_active_dir=2 busy=0 done_sticky=1 error_sticky=0
# dma_cfg src=0x00002000 dst=0x00004000 len=0x00001910 dir=0x2 block=0x20
# tx_dma state=0 busy=0 done=0 err=0 bytes=0x00001910 last_err=0x00
# rx_dma state=0 busy=0 done=0 err=0 bytes=0x00001766 last_err=0x00
# tx_dst_head = 93b14645 fd18dde8 680cd90a 57adc14c
# rx_dst_head = 36323032 2d34302d 30203130 30303a38
# DEBUG first_tx_transport_valid=1 count=409 word=78c0e8e0c080c4c0b4d0c0b4d8c8c0c8
# DEBUG first_tx_word_in_valid=1 count=1498 data=36323032
# DEBUG first_tx_dma_word_write=1 count=1498 data=36323032
# DEBUG first_tx_dma_read=1 count=1498 addr=00000400 data=36323032
# DEBUG first_tx_start=1 src=00000400 dst=00002000 len=00001766 dir=1 blk=32
# DEBUG mmio_write[0] addr=40000008 data=00000400
# DEBUG mmio_write[1] addr=4000000c data=00002000
# DEBUG mmio_write[2] addr=40000010 data=00001766
# DEBUG mmio_write[3] addr=40000014 data=00000001
# DEBUG mmio_write[4] addr=40000018 data=00000020
# DEBUG mmio_write[5] addr=40000000 data=00000001
# DEBUG mmio_write[6] addr=40000008 data=00002000
# DEBUG mmio_write[7] addr=4000000c data=00004000
# DEBUG first_tx_ciphertext_dmem_valid=1 word=57adc14c680cd90afd18dde893b14645
# DEBUG first_rx_ciphertext_feed_valid=1 count=401 word=57adc14c680cd90afd18dde893b14645
# DEBUG first_rx_transport_valid=1 count=574 word=78c0e8e0c080c4c0b4d0c0b4d8c8c0c8
# DEBUG first_rx_word_valid=1 count=1498 data=36323032 bytes=4 last_blk=0 last_frm=0
# BENCHMARK tx_cycles=120611 rx_cycles=26300 tx_cipher_bytes=6416 rx_plain_bytes=5990
# THROUGHPUT tx_in=4.966 MB/s tx_out=5.320 MB/s rx_in=24.395 MB/s rx_out=22.776 MB/s
# PAYLOAD compressed_bits=48080 compressed_bytes_ceil=6010 ratio=100.33% space_saving=-0.33%
# STORAGE ratio=107.11% space_saving=-7.11%
# LOOPBACK src_mismatch=0 rx_mismatch=0 tx_nonzero_bytes=6389
# FILES summary=loopback/tb_rv32_soc_mmio_dma_summary.txt compare=loopback/tb_rv32_soc_mmio_dma_compare.txt src_dump=dmem_dump/tb_rv32_soc_mmio_dma_src.txt tx_dump=dmem_dump/tb_rv32_soc_mmio_dma_tx.txt rx_dump=dmem_dump/tb_rv32_soc_mmio_dma_rx.txt
# [PASS] mem_err_o_should_be_zero | actual=0 expected=0
# [PASS] cpu_should_publish_result_signature_before_timeout
# [PASS] result_signature | actual=0x44525831 expected=0x44525831
# [PASS] cpu_error_mask_should_be_zero | actual=0x00000000 expected=0x00000000
# [PASS] tx_status_before_start | actual=0x00000018 expected=0x00000018
# [PASS] tx_status_after_done | actual=0x0000001a expected=0x0000001a
# [PASS] tx_bytes_done_should_be_transport_aligned
# [PASS] tx_ciphertext_bytes_produced_should_match_tx_bytes_done | actual=0x00001910 expected=0x00001910
# [PASS] tx_poll_count_should_be_nonzero
# [PASS] rx_status_before_start_should_be_idle_or_done_sticky
# [PASS] rx_status_after_done | actual=0x0000002a expected=0x0000002a
# [PASS] rx_bytes_done_should_match_input_len | actual=0x00001766 expected=0x00001766
# [PASS] rx_debug_after_done | actual=0x00000000 expected=0x00000000
# [PASS] rx_poll_count_should_be_nonzero
# [PASS] source_dmem_should_match_input_file | actual=0x00000000 expected=0x00000000
# [PASS] loopback_rx_should_match_input_file | actual=0x00000000 expected=0x00000000
# [PASS] tx_ciphertext_region_should_not_be_all_zero
# [PASS] dma_start_pulse_count | actual=0x00000002 expected=0x00000002
# SUMMARY: PASS=18 FAIL=0
# [PASS] rv32_soc_dma_tx_rx_test
# ** Note: $finish    : ../tb/tb_rv32_soc_mmio_dma.v(867)
#    Time: 1859046 ns  Iteration: 0  Instance: /test_bench
# End time: 09:34:18 on Apr 20,2026, Elapsed time: 0:00:35
# Errors: 0, Warnings: 0
