# vsim -debugDB -l hostbench_inline_fix4.log -voptargs="+acc" -assertdebug -c tb_rv32_log_preprocess "+INPUT_FILE=input4.txt" -do "log -r /*;run -all;" 
# Start time: 18:06:41 on Apr 17,2026
# ** Note: (vsim-8009) Loading existing optimized design _opt
# //  Questa Sim-64
# //  Version 2021.2_1 linux_x86_64 May 15 2021
# //
# //  Copyright 1991-2021 Mentor Graphics Corporation
# //  All Rights Reserved.
# //
# //  QuestaSim and its associated documentation contain trade
# //  secrets and commercial or financial information that are the property of
# //  Mentor Graphics Corporation and are privileged, confidential,
# //  and exempt from disclosure under the Freedom of Information Act,
# //  5 U.S.C. Section 552. Furthermore, this information
# //  is prohibited from disclosure under the Trade Secrets Act,
# //  18 U.S.C. Section 1905.
# //
# Loading work.tb_rv32_log_preprocess(fast)
# Loading work.rv32_soc_top(fast)
# Loading work.top_rv32_sync(fast)
# Loading work.if_stage_sync(fast)
# Loading work.id_stage(fast)
# Loading work.ex_stage(fast)
# Loading work.mem_stage_sync(fast)
# Loading work.forwarding(fast)
# Loading work.registers_file(fast)
# Loading work.imem_sync(fast)
# Loading work.dmem_ip_wrapper(fast)
# Loading work.DMEM_ip(fast)
# Loading work.apb_huffman_aes_tx_top(fast)
# Loading work.apb_huffman_tx_if(fast)
# Loading work.huffman_aes_tx_top(fast)
# Loading work.dynamic_huffman_encoder(fast)
# Loading work.input_collect_unit(fast)
# Loading work.block_buffer(fast)
# Loading work.frequency_counter(fast)
# Loading work.huffman_builder(fast)
# Loading work.symbol_list_builder(fast)
# Loading work.code_length_builder(fast)
# Loading work.canonical_code_generator(fast)
# Loading work.mode_decision_logic(fast)
# Loading work.emit_backend(fast)
# Loading work.header_formatter(fast)
# Loading work.payload_emitter(fast)
# Loading work.stream_output_interface(fast)
# Loading work.control_fsm(fast)
# Loading work.bit_packer_128(fast)
# Loading work.wrapper(fast)
# Loading work.aes128_cipher_top(fast)
# Loading work.aes128_cipher_core(fast)
# Loading work.aes128_key_expansion(fast)
# Loading work.apb_huffman_aes_rx_top(fast)
# Loading work.wrapper_rx(fast)
# Loading work.aes128_cipher_inv_top(fast)
# Loading work.aes128_cipher_core_inv(fast)
# Loading work.aes128_key_expansion_inv(fast)
# Loading work.bit_depacker_128(fast)
# Loading work.huffman_block_parser(fast)
# Loading work.huffman_block_decoder(fast)
# Loading work.rx_byte_packer_32(fast)
# Loading work.apb_huffman_rx_if(fast)
# Loading work.cpu_mmio_to_apb_bridge(fast)
# Loading work.dma_regfile(fast)
# Loading work.dma_tx_engine(fast)
# Loading work.dma_rx_engine(fast)
# ** Note: (vsim-8716) Reusing existing debug database vsim.dbg.
# log -r /*
# run -all
# INPUT_FILE override: input4.txt
# Sync Istr 0: 00008137
# Sync Istr 1: f0010113
# Sync Istr 2: 0040006f
# Sync Istr 3: fe010113
# Loaded 5990 byte(s) from input4.txt into DMEM @ 0x00000400
# Wrote 924 byte(s) to preprocess/host_preprocessed.bin
# Loaded 924 byte(s) of preprocessed binary into DMEM @ 0x00002000
# DEBUG loader input_len=0x00001766 preproc_len=0x0000039c preproc_word0=0x3152504c
# DEBUG cpu_result_write[0] pc=00000034 addr=00000000 data=11111111 we=1111
# DEBUG cpu_result_write[1] pc=00000040 addr=00000004 data=00001766 we=1111
# DEBUG cpu_result_write[2] pc=00000044 addr=00000008 data=0000039c we=1111
# DEBUG cpu_result_write[3] pc=0000005c addr=0000000c data=22222222 we=1111
# DEBUG mmio_write[0] addr=40000008 data=00000400
# DEBUG mmio_write[1] addr=4000000c data=00004000
# DEBUG mmio_write[2] addr=40000010 data=00001766
# DEBUG mmio_write[3] addr=40000014 data=00000001
# DEBUG mmio_write[4] addr=40000018 data=00000020
# DEBUG mmio_write[5] addr=40000000 data=00000001
# DEBUG cpu_main_entry[0] cycle=72
# DEBUG cpu_main_entry[1] cycle=86
# DEBUG cpu_main_entry[2] cycle=100
# DEBUG cpu_main_entry[3] cycle=114
# DEBUG cpu_main_entry[4] cycle=128
# DEBUG cpu_main_entry[5] cycle=142
# DEBUG cpu_main_entry[6] cycle=156
# DEBUG cpu_main_entry[7] cycle=170
# DEBUG cpu_main_entry[8] cycle=184
# DEBUG cpu_main_entry[9] cycle=198
# DEBUG cpu_main_entry[10] cycle=212
# DEBUG cpu_main_entry[11] cycle=226
# DEBUG cpu_main_entry[12] cycle=240
# DEBUG cpu_main_entry[13] cycle=254
# DEBUG cpu_main_entry[14] cycle=268
# DEBUG cpu_main_entry[15] cycle=282
# ===== RV32I LOG PREPROCESS TX BENCH =====
# input_file=input4.txt input_len=5990 preproc_len=0 records=0
# raw_tx_cipher_bytes=0 pre_tx_cipher_bytes=0 improvement=0.00%
# preprocess_ratio=0.00% raw_storage_ratio=0.00% pre_storage_ratio=0.00%
# raw_tx_cycles=120609 pre_tx_cycles=0 raw_tx_MBps=0.000 pre_tx_MBps=0.000
# FILES summary=preprocess/tb_rv32_log_preprocess_summary.txt src_dump=dmem_dump/tb_rv32_log_preprocess_src.txt preproc_dump=dmem_dump/tb_rv32_log_preprocess_preproc.txt raw_tx_dump=dmem_dump/tb_rv32_log_preprocess_raw_tx.txt pre_tx_dump=dmem_dump/tb_rv32_log_preprocess_pre_tx.txt
# [PASS] mem_err_o_should_be_zero | actual=0 expected=0
# [FAIL] cpu_should_publish_result_signature_before_timeout
# [FAIL] result_signature | actual=0x11111111 expected=0x4c505231
# [FAIL] cpu_error_mask_should_be_zero | actual=0x00001766 expected=0x00000000
# [FAIL] input_len_should_match_loader | actual=0x0000039c expected=0x00001766
# [FAIL] raw_tx_status_before_should_be_idle | actual=0x22222222 expected=0x00000018
# [FAIL] raw_tx_status_after_should_be_done | actual=0x00000000 expected=0x0000001a
# [PASS] raw_tx_cipher_bytes_should_match_bytes_done | actual=0x00000000 expected=0x00000000
# [FAIL] record_count_should_be_nonzero
# [FAIL] preproc_len_should_be_nonzero
# [PASS] preproc_len_should_be_smaller_than_input
# [FAIL] pre_tx_status_before_should_be_idle | actual=0x00000000 expected=0x00000018
# [FAIL] pre_tx_status_after_should_be_done | actual=0x00000000 expected=0x0000001a
# [PASS] pre_tx_cipher_bytes_should_match_bytes_done | actual=0x00000000 expected=0x00000000
# [FAIL] preproc_header_magic | actual=0x00000000 expected=0x3152504c
# [FAIL] preprocessed_tx_should_beat_raw_tx
# [FAIL] raw_tx_region_should_not_be_all_zero
# [FAIL] pre_tx_region_should_not_be_all_zero
# [FAIL] dma_start_pulse_count_should_be_two | actual=0x00000001 expected=0x00000002
# SUMMARY: PASS=4 FAIL=15
# [FAIL] rv32_log_preprocess_tx_bench
# ** Note: $finish    : ../tb/tb_rv32_log_preprocess.v(626)
#    Time: 20391196 ns  Iteration: 0  Instance: /tb_rv32_log_preprocess
# End time: 18:08:06 on Apr 17,2026, Elapsed time: 0:01:25
# Errors: 0, Warnings: 0
