Copyright 1986-2022 Xilinx, Inc. All Rights Reserved. Copyright 2022-2024 Advanced Micro Devices, Inc. All Rights Reserved.
----------------------------------------------------------------------------------------------------------------------------------------------------------------------------------
| Tool Version : Vivado v.2024.2 (win64) Build 5239630 Fri Nov 08 22:35:27 MST 2024
| Date         : Wed May 20 17:11:54 2026
| Host         : An running 64-bit major release  (build 9200)
| Command      : report_timing_summary -file H:/Academic/senior_project/DATN/work/luc/AES_huffman_all6/vivado/build/rv32_soc_synth_full_fpga/reports/post_impl_timing_summary.rpt
| Design       : rv32_soc_fpga_demo_top
| Device       : 7z020-clg484
| Speed File   : -1  PRODUCTION 1.12 2019-11-22
| Design State : Physopt postRoute
----------------------------------------------------------------------------------------------------------------------------------------------------------------------------------

Timing Summary Report

------------------------------------------------------------------------------------------------
| Timer Settings
| --------------
------------------------------------------------------------------------------------------------

  Enable Multi Corner Analysis               :  Yes
  Enable Pessimism Removal                   :  Yes
  Pessimism Removal Resolution               :  Nearest Common Node
  Enable Input Delay Default Clock           :  No
  Enable Preset / Clear Arcs                 :  No
  Disable Flight Delays                      :  No
  Ignore I/O Paths                           :  No
  Timing Early Launch at Borrowing Latches   :  No
  Borrow Time for Max Delay Exceptions       :  Yes
  Merge Timing Exceptions                    :  Yes
  Inter-SLR Compensation                     :  Conservative

  Corner  Analyze    Analyze    
  Name    Max Paths  Min Paths  
  ------  ---------  ---------  
  Slow    Yes        Yes        
  Fast    Yes        Yes        


------------------------------------------------------------------------------------------------
| Report Methodology
| ------------------
------------------------------------------------------------------------------------------------

No report available as report_methodology has not been run prior. Run report_methodology on the current design for the summary of methodology violations.



check_timing report

Table of Contents
-----------------
1. checking no_clock (0)
2. checking constant_clock (0)
3. checking pulse_width_clock (0)
4. checking unconstrained_internal_endpoints (0)
5. checking no_input_delay (1)
6. checking no_output_delay (5)
7. checking multiple_clock (0)
8. checking generated_clocks (0)
9. checking loops (0)
10. checking partial_input_delay (0)
11. checking partial_output_delay (0)
12. checking latch_loops (0)

1. checking no_clock (0)
------------------------
 There are 0 register/latch pins with no clock.


2. checking constant_clock (0)
------------------------------
 There are 0 register/latch pins with constant_clock.


3. checking pulse_width_clock (0)
---------------------------------
 There are 0 register/latch pins which need pulse_width check


4. checking unconstrained_internal_endpoints (0)
------------------------------------------------
 There are 0 pins that are not constrained for maximum delay.

 There are 0 pins that are not constrained for maximum delay due to constant clock.


5. checking no_input_delay (1)
------------------------------
 There is 1 input port with no input delay specified. (HIGH)

 There are 0 input ports with no input delay but user has a false path constraint.


6. checking no_output_delay (5)
-------------------------------
 There are 5 ports with no output delay specified. (HIGH)

 There are 0 ports with no output delay but user has a false path constraint

 There are 0 ports with no output delay but with a timing clock defined on it or propagating through it


7. checking multiple_clock (0)
------------------------------
 There are 0 register/latch pins with multiple clocks.


8. checking generated_clocks (0)
--------------------------------
 There are 0 generated clocks that are not connected to a clock source.


9. checking loops (0)
---------------------
 There are 0 combinational loops in the design.


10. checking partial_input_delay (0)
------------------------------------
 There are 0 input ports with partial input delay specified.


11. checking partial_output_delay (0)
-------------------------------------
 There are 0 ports with partial output delay specified.


12. checking latch_loops (0)
----------------------------
 There are 0 combinational latch loops in the design through latch input



------------------------------------------------------------------------------------------------
| Design Timing Summary
| ---------------------
------------------------------------------------------------------------------------------------

    WNS(ns)      TNS(ns)  TNS Failing Endpoints  TNS Total Endpoints      WHS(ns)      THS(ns)  THS Failing Endpoints  THS Total Endpoints     WPWS(ns)     TPWS(ns)  TPWS Failing Endpoints  TPWS Total Endpoints  
    -------      -------  ---------------------  -------------------      -------      -------  ---------------------  -------------------     --------     --------  ----------------------  --------------------  
      0.811        0.000                      0                60275        0.024        0.000                      0                60275        8.750        0.000                       0                 20057  


All user specified timing constraints are met.


------------------------------------------------------------------------------------------------
| Clock Summary
| -------------
------------------------------------------------------------------------------------------------

Clock  Waveform(ns)       Period(ns)      Frequency(MHz)
-----  ------------       ----------      --------------
clk_i  {0.000 10.000}     20.000          50.000          


------------------------------------------------------------------------------------------------
| Intra Clock Table
| -----------------
------------------------------------------------------------------------------------------------

Clock             WNS(ns)      TNS(ns)  TNS Failing Endpoints  TNS Total Endpoints      WHS(ns)      THS(ns)  THS Failing Endpoints  THS Total Endpoints     WPWS(ns)     TPWS(ns)  TPWS Failing Endpoints  TPWS Total Endpoints  
-----             -------      -------  ---------------------  -------------------      -------      -------  ---------------------  -------------------     --------     --------  ----------------------  --------------------  
clk_i               0.811        0.000                      0                57340        0.024        0.000                      0                57340        8.750        0.000                       0                 20057  


------------------------------------------------------------------------------------------------
| Inter Clock Table
| -----------------
------------------------------------------------------------------------------------------------

From Clock    To Clock          WNS(ns)      TNS(ns)  TNS Failing Endpoints  TNS Total Endpoints      WHS(ns)      THS(ns)  THS Failing Endpoints  THS Total Endpoints  
----------    --------          -------      -------  ---------------------  -------------------      -------      -------  ---------------------  -------------------  


------------------------------------------------------------------------------------------------
| Other Path Groups Table
| -----------------------
------------------------------------------------------------------------------------------------

Path Group         From Clock         To Clock               WNS(ns)      TNS(ns)  TNS Failing Endpoints  TNS Total Endpoints      WHS(ns)      THS(ns)  THS Failing Endpoints  THS Total Endpoints  
----------         ----------         --------               -------      -------  ---------------------  -------------------      -------      -------  ---------------------  -------------------  
**async_default**  clk_i              clk_i                    7.345        0.000                      0                 2935        1.076        0.000                      0                 2935  


------------------------------------------------------------------------------------------------
| Timing Details
| --------------
------------------------------------------------------------------------------------------------


---------------------------------------------------------------------------------------------------
From Clock:  clk_i
  To Clock:  clk_i

Setup :            0  Failing Endpoints,  Worst Slack        0.811ns,  Total Violation        0.000ns
Hold  :            0  Failing Endpoints,  Worst Slack        0.024ns,  Total Violation        0.000ns
PW    :            0  Failing Endpoints,  Worst Slack        8.750ns,  Total Violation        0.000ns
---------------------------------------------------------------------------------------------------


Max Delay Paths
--------------------------------------------------------------------------------------
Slack (MET) :             0.811ns  (required time - arrival time)
  Source:                 u_soc/u_rx_top/u_huffman_block_parser/raw_payload_bits_remaining_r_reg[1]/C
                            (rising edge-triggered cell FDRE clocked by clk_i  {rise@0.000ns fall@10.000ns period=20.000ns})
  Destination:            u_soc/u_rx_top/u_huffman_block_parser/error_r_reg/D
                            (rising edge-triggered cell FDRE clocked by clk_i  {rise@0.000ns fall@10.000ns period=20.000ns})
  Path Group:             clk_i
  Path Type:              Setup (Max at Slow Process Corner)
  Requirement:            20.000ns  (clk_i rise@20.000ns - clk_i rise@0.000ns)
  Data Path Delay:        19.008ns  (logic 6.835ns (35.958%)  route 12.173ns (64.042%))
  Logic Levels:           28  (CARRY4=6 LUT2=3 LUT3=4 LUT4=3 LUT5=8 LUT6=4)
  Clock Path Skew:        -0.176ns (DCD - SCD + CPR)
    Destination Clock Delay (DCD):    4.940ns = ( 24.940 - 20.000 ) 
    Source Clock Delay      (SCD):    5.410ns
    Clock Pessimism Removal (CPR):    0.294ns
  Clock Uncertainty:      0.035ns  ((TSJ^2 + TIJ^2)^1/2 + DJ) / 2 + PE
    Total System Jitter     (TSJ):    0.071ns
    Total Input Jitter      (TIJ):    0.000ns
    Discrete Jitter          (DJ):    0.000ns
    Phase Error              (PE):    0.000ns

    Location             Delay type                Incr(ns)  Path(ns)    Netlist Resource(s)
  -------------------------------------------------------------------    -------------------
                         (clock clk_i rise edge)      0.000     0.000 r  
    Y9                                                0.000     0.000 r  clk_i (IN)
                         net (fo=0)                   0.000     0.000    clk_i
    Y9                   IBUF (Prop_ibuf_I_O)         1.490     1.490 r  clk_i_IBUF_inst/O
                         net (fo=1, routed)           2.171     3.661    clk_i_IBUF
    BUFGCTRL_X0Y0        BUFG (Prop_bufg_I_O)         0.101     3.762 r  clk_i_IBUF_BUFG_inst/O
                         net (fo=20056, routed)       1.648     5.410    u_soc/u_rx_top/u_huffman_block_parser/clk_i
    SLICE_X49Y64         FDRE                                         r  u_soc/u_rx_top/u_huffman_block_parser/raw_payload_bits_remaining_r_reg[1]/C
  -------------------------------------------------------------------    -------------------
    SLICE_X49Y64         FDRE (Prop_fdre_C_Q)         0.456     5.866 r  u_soc/u_rx_top/u_huffman_block_parser/raw_payload_bits_remaining_r_reg[1]/Q
                         net (fo=10, routed)          0.842     6.709    u_soc/u_rx_top/u_huffman_block_parser/raw_payload_bits_remaining_r_reg[3]_0[1]
    SLICE_X48Y65         LUT4 (Prop_lut4_I0_O)        0.124     6.833 r  u_soc/u_rx_top/u_huffman_block_parser/state_r[4]_i_56/O
                         net (fo=1, routed)           0.000     6.833    u_soc/u_rx_top/u_huffman_block_parser/state_r[4]_i_56_n_0
    SLICE_X48Y65         CARRY4 (Prop_carry4_S[0]_CO[3])
                                                      0.532     7.365 r  u_soc/u_rx_top/u_huffman_block_parser/state_r_reg[4]_i_46/CO[3]
                         net (fo=1, routed)           0.000     7.365    u_soc/u_rx_top/u_huffman_block_parser/state_r_reg[4]_i_46_n_0
    SLICE_X48Y66         CARRY4 (Prop_carry4_CI_CO[0])
                                                      0.271     7.636 r  u_soc/u_rx_top/u_huffman_block_parser/state_r_reg[4]_i_44/CO[0]
                         net (fo=7, routed)           0.458     8.094    u_soc/u_rx_top/u_huffman_block_parser/state_r_reg[4]_i_44_n_3
    SLICE_X47Y66         LUT5 (Prop_lut5_I1_O)        0.373     8.467 r  u_soc/u_rx_top/u_huffman_block_parser/state_r[4]_i_33/O
                         net (fo=4, routed)           0.711     9.178    u_soc/u_rx_top/u_huffman_block_parser/state_r[4]_i_33_n_0
    SLICE_X47Y67         LUT4 (Prop_lut4_I0_O)        0.124     9.302 f  u_soc/u_rx_top/u_huffman_block_parser/state_r[4]_i_39/O
                         net (fo=2, routed)           0.409     9.711    u_soc/u_rx_top/u_huffman_block_parser/state_r[4]_i_39_n_0
    SLICE_X45Y67         LUT6 (Prop_lut6_I2_O)        0.124     9.835 r  u_soc/u_rx_top/u_huffman_block_parser/state_r[4]_i_30/O
                         net (fo=12, routed)          0.522    10.357    u_soc/u_rx_top/u_huffman_block_parser/state_r[4]_i_30_n_0
    SLICE_X47Y66         LUT6 (Prop_lut6_I4_O)        0.124    10.481 r  u_soc/u_rx_top/u_huffman_block_parser/entry_code_len_r[4]_i_23/O
                         net (fo=1, routed)           0.323    10.804    u_soc/u_rx_top/u_huffman_block_parser/entry_code_len_r[4]_i_23_n_0
    SLICE_X45Y66         CARRY4 (Prop_carry4_DI[2]_CO[2])
                                                      0.356    11.160 f  u_soc/u_rx_top/u_huffman_block_parser/entry_code_len_r_reg[4]_i_21/CO[2]
                         net (fo=1, routed)           0.304    11.464    u_soc/u_rx_top/u_huffman_block_decoder/CO[0]
    SLICE_X44Y65         LUT5 (Prop_lut5_I2_O)        0.313    11.777 f  u_soc/u_rx_top/u_huffman_block_decoder/entry_code_len_r[4]_i_11/O
                         net (fo=2, routed)           0.324    12.101    u_soc/u_rx_top/u_huffman_block_parser/entry_code_len_r_reg[0]_1
    SLICE_X46Y66         LUT3 (Prop_lut3_I1_O)        0.124    12.225 r  u_soc/u_rx_top/u_huffman_block_parser/entry_code_len_r[4]_i_4/O
                         net (fo=141, routed)         0.659    12.884    u_soc/u_rx_top/u_huffman_block_parser/bit_count_r[3]_i_12_n_0
    SLICE_X49Y65         LUT3 (Prop_lut3_I1_O)        0.124    13.008 r  u_soc/u_rx_top/u_huffman_block_parser/bit_count_r[3]_i_15/O
                         net (fo=1, routed)           0.000    13.008    u_soc/u_rx_top/u_huffman_block_parser/bit_count_r[3]_i_15_n_0
    SLICE_X49Y65         CARRY4 (Prop_carry4_S[1]_CO[3])
                                                      0.550    13.558 r  u_soc/u_rx_top/u_huffman_block_parser/bit_count_r_reg[3]_i_6/CO[3]
                         net (fo=1, routed)           0.000    13.558    u_soc/u_rx_top/u_huffman_block_parser/bit_count_r_reg[3]_i_6_n_0
    SLICE_X49Y66         CARRY4 (Prop_carry4_CI_O[1])
                                                      0.334    13.892 r  u_soc/u_rx_top/u_huffman_block_parser/entry_symbol_r_reg[7]_i_3/O[1]
                         net (fo=104, routed)         0.773    14.665    u_soc/u_rx_top/u_huffman_block_parser/bit_count_r_reg[7]_1[1]
    SLICE_X50Y67         LUT3 (Prop_lut3_I0_O)        0.303    14.968 r  u_soc/u_rx_top/u_huffman_block_parser/bit_count_r[7]_i_7/O
                         net (fo=1, routed)           0.000    14.968    u_soc/u_rx_top/u_huffman_block_parser/bit_count_r[7]_i_7_n_0
    SLICE_X50Y67         CARRY4 (Prop_carry4_S[1]_O[2])
                                                      0.578    15.546 f  u_soc/u_rx_top/u_huffman_block_parser/bit_count_r_reg[7]_i_3/O[2]
                         net (fo=8, routed)           0.882    16.428    u_soc/u_rx_top/u_huffman_block_parser/bit_count_r_reg[7]_i_3_n_5
    SLICE_X51Y66         LUT2 (Prop_lut2_I1_O)        0.301    16.729 f  u_soc/u_rx_top/u_huffman_block_parser/bit_count_r[8]_i_7/O
                         net (fo=4, routed)           0.598    17.327    u_soc/u_rx_top/u_huffman_block_parser/bit_count_r[8]_i_7_n_0
    SLICE_X48Y67         LUT3 (Prop_lut3_I0_O)        0.124    17.451 r  u_soc/u_rx_top/u_huffman_block_parser/state_r[0]_i_7/O
                         net (fo=6, routed)           0.515    17.965    u_soc/u_rx_top/u_huffman_block_parser/state_r[0]_i_7_n_0
    SLICE_X51Y67         LUT2 (Prop_lut2_I0_O)        0.124    18.089 r  u_soc/u_rx_top/u_huffman_block_parser/one_symbol_value_r[7]_i_3/O
                         net (fo=3, routed)           0.830    18.919    u_soc/u_rx_top/u_huffman_block_parser/one_symbol_value_r[7]_i_3_n_0
    SLICE_X51Y67         LUT2 (Prop_lut2_I1_O)        0.152    19.071 r  u_soc/u_rx_top/u_huffman_block_parser/raw_payload_bits_remaining_r[8]_i_5/O
                         net (fo=17, routed)          0.547    19.618    u_soc/u_rx_top/u_huffman_block_parser/raw_payload_bits_remaining_r[8]_i_5_n_0
    SLICE_X47Y67         LUT5 (Prop_lut5_I4_O)        0.332    19.950 f  u_soc/u_rx_top/u_huffman_block_parser/bit_count_r[7]_i_12/O
                         net (fo=1, routed)           0.583    20.533    u_soc/u_rx_top/u_huffman_block_parser/bit_count_r[7]_i_12_n_0
    SLICE_X48Y67         LUT5 (Prop_lut5_I0_O)        0.124    20.657 f  u_soc/u_rx_top/u_huffman_block_parser/bit_count_r[7]_i_10/O
                         net (fo=1, routed)           0.444    21.101    u_soc/u_rx_top/u_huffman_block_parser/bit_count_r[7]_i_10_n_0
    SLICE_X48Y67         LUT5 (Prop_lut5_I2_O)        0.124    21.225 f  u_soc/u_rx_top/u_huffman_block_parser/bit_count_r[7]_i_5/O
                         net (fo=1, routed)           0.548    21.773    u_soc/u_rx_top/u_huffman_block_parser/bit_count_r[7]_i_5_n_0
    SLICE_X51Y67         LUT6 (Prop_lut6_I5_O)        0.124    21.897 f  u_soc/u_rx_top/u_huffman_block_parser/bit_count_r[7]_i_1/O
                         net (fo=2, routed)           0.801    22.698    u_soc/u_rx_top/u_huffman_block_parser/bit_count_r[7]_i_1_n_0
    SLICE_X53Y67         LUT5 (Prop_lut5_I1_O)        0.124    22.822 f  u_soc/u_rx_top/u_huffman_block_parser/error_r_i_14__0/O
                         net (fo=3, routed)           0.305    23.127    u_soc/u_rx_top/u_huffman_block_parser/error_r_i_14__0_n_0
    SLICE_X53Y68         LUT5 (Prop_lut5_I4_O)        0.124    23.251 f  u_soc/u_rx_top/u_huffman_block_parser/error_r_i_17/O
                         net (fo=1, routed)           0.149    23.400    u_soc/u_rx_top/u_huffman_block_parser/error_r_i_17_n_0
    SLICE_X53Y68         LUT5 (Prop_lut5_I4_O)        0.124    23.524 r  u_soc/u_rx_top/u_huffman_block_parser/error_r_i_7__1/O
                         net (fo=1, routed)           0.488    24.012    u_soc/u_rx_top/u_huffman_block_parser/error_r_i_7__1_n_0
    SLICE_X52Y69         LUT6 (Prop_lut6_I1_O)        0.124    24.136 r  u_soc/u_rx_top/u_huffman_block_parser/error_r_i_2__1/O
                         net (fo=1, routed)           0.159    24.295    u_soc/u_rx_top/u_huffman_block_parser/error_r_i_2__1_n_0
    SLICE_X52Y69         LUT4 (Prop_lut4_I0_O)        0.124    24.419 r  u_soc/u_rx_top/u_huffman_block_parser/error_r_i_1__1/O
                         net (fo=1, routed)           0.000    24.419    u_soc/u_rx_top/u_huffman_block_parser/error_r_i_1__1_n_0
    SLICE_X52Y69         FDRE                                         r  u_soc/u_rx_top/u_huffman_block_parser/error_r_reg/D
  -------------------------------------------------------------------    -------------------

                         (clock clk_i rise edge)     20.000    20.000 r  
    Y9                                                0.000    20.000 r  clk_i (IN)
                         net (fo=0)                   0.000    20.000    clk_i
    Y9                   IBUF (Prop_ibuf_I_O)         1.420    21.420 r  clk_i_IBUF_inst/O
                         net (fo=1, routed)           1.972    23.392    clk_i_IBUF
    BUFGCTRL_X0Y0        BUFG (Prop_bufg_I_O)         0.091    23.483 r  clk_i_IBUF_BUFG_inst/O
                         net (fo=20056, routed)       1.458    24.940    u_soc/u_rx_top/u_huffman_block_parser/clk_i
    SLICE_X52Y69         FDRE                                         r  u_soc/u_rx_top/u_huffman_block_parser/error_r_reg/C
                         clock pessimism              0.294    25.234    
                         clock uncertainty           -0.035    25.199    
    SLICE_X52Y69         FDRE (Setup_fdre_C_D)        0.031    25.230    u_soc/u_rx_top/u_huffman_block_parser/error_r_reg
  -------------------------------------------------------------------
                         required time                         25.230    
                         arrival time                         -24.419    
  -------------------------------------------------------------------
                         slack                                  0.811    





Min Delay Paths
--------------------------------------------------------------------------------------
Slack (MET) :             0.024ns  (arrival time - required time)
  Source:                 u_soc/u_tx_top/u_apb_huffman_tx_if/out_wr_ptr_r_reg[0]/C
                            (rising edge-triggered cell FDCE clocked by clk_i  {rise@0.000ns fall@10.000ns period=20.000ns})
  Destination:            u_soc/u_tx_top/u_apb_huffman_tx_if/out_fifo_mem_reg_0_15_24_29/RAMA/WADR0
                            (rising edge-triggered cell RAMD32 clocked by clk_i  {rise@0.000ns fall@10.000ns period=20.000ns})
  Path Group:             clk_i
  Path Type:              Hold (Min at Fast Process Corner)
  Requirement:            0.000ns  (clk_i rise@0.000ns - clk_i rise@0.000ns)
  Data Path Delay:        0.347ns  (logic 0.141ns (40.606%)  route 0.206ns (59.394%))
  Logic Levels:           0  
  Clock Path Skew:        0.013ns (DCD - SCD - CPR)
    Destination Clock Delay (DCD):    2.014ns
    Source Clock Delay      (SCD):    1.502ns
    Clock Pessimism Removal (CPR):    0.499ns

    Location             Delay type                Incr(ns)  Path(ns)    Netlist Resource(s)
  -------------------------------------------------------------------    -------------------
                         (clock clk_i rise edge)      0.000     0.000 r  
    Y9                                                0.000     0.000 r  clk_i (IN)
                         net (fo=0)                   0.000     0.000    clk_i
    Y9                   IBUF (Prop_ibuf_I_O)         0.258     0.258 r  clk_i_IBUF_inst/O
                         net (fo=1, routed)           0.663     0.921    clk_i_IBUF
    BUFGCTRL_X0Y0        BUFG (Prop_bufg_I_O)         0.026     0.947 r  clk_i_IBUF_BUFG_inst/O
                         net (fo=20056, routed)       0.555     1.502    u_soc/u_tx_top/u_apb_huffman_tx_if/clk_i
    SLICE_X43Y33         FDCE                                         r  u_soc/u_tx_top/u_apb_huffman_tx_if/out_wr_ptr_r_reg[0]/C
  -------------------------------------------------------------------    -------------------
    SLICE_X43Y33         FDCE (Prop_fdce_C_Q)         0.141     1.643 r  u_soc/u_tx_top/u_apb_huffman_tx_if/out_wr_ptr_r_reg[0]/Q
                         net (fo=54, routed)          0.206     1.849    u_soc/u_tx_top/u_apb_huffman_tx_if/out_fifo_mem_reg_0_15_24_29/ADDRD0
    SLICE_X42Y33         RAMD32                                       r  u_soc/u_tx_top/u_apb_huffman_tx_if/out_fifo_mem_reg_0_15_24_29/RAMA/WADR0
  -------------------------------------------------------------------    -------------------

                         (clock clk_i rise edge)      0.000     0.000 r  
    Y9                                                0.000     0.000 r  clk_i (IN)
                         net (fo=0)                   0.000     0.000    clk_i
    Y9                   IBUF (Prop_ibuf_I_O)         0.446     0.446 r  clk_i_IBUF_inst/O
                         net (fo=1, routed)           0.719     1.165    clk_i_IBUF
    BUFGCTRL_X0Y0        BUFG (Prop_bufg_I_O)         0.029     1.194 r  clk_i_IBUF_BUFG_inst/O
                         net (fo=20056, routed)       0.820     2.014    u_soc/u_tx_top/u_apb_huffman_tx_if/out_fifo_mem_reg_0_15_24_29/WCLK
    SLICE_X42Y33         RAMD32                                       r  u_soc/u_tx_top/u_apb_huffman_tx_if/out_fifo_mem_reg_0_15_24_29/RAMA/CLK
                         clock pessimism             -0.499     1.515    
    SLICE_X42Y33         RAMD32 (Hold_ramd32_CLK_WADR0)
                                                      0.310     1.825    u_soc/u_tx_top/u_apb_huffman_tx_if/out_fifo_mem_reg_0_15_24_29/RAMA
  -------------------------------------------------------------------
                         required time                         -1.825    
                         arrival time                           1.849    
  -------------------------------------------------------------------
                         slack                                  0.024    





Pulse Width Checks
--------------------------------------------------------------------------------------
Clock Name:         clk_i
Waveform(ns):       { 0.000 10.000 }
Period(ns):         20.000
Sources:            { clk_i }

Check Type        Corner  Lib Pin             Reference Pin  Required(ns)  Actual(ns)  Slack(ns)  Location      Pin
Min Period        n/a     RAMB36E1/CLKARDCLK  n/a            2.944         20.000      17.056     RAMB36_X1Y5   u_soc/u_dmem/u_dmem_ip/mem_reg_0_0/CLKARDCLK
Low Pulse Width   Slow    RAMD32/CLK          n/a            1.250         10.000      8.750      SLICE_X32Y34  u_soc/u_rx_top/u_apb_huffman_rx_if/fifo_data_mem_reg_0_15_0_5/RAMA/CLK
High Pulse Width  Slow    RAMD32/CLK          n/a            1.250         10.000      8.750      SLICE_X32Y34  u_soc/u_rx_top/u_apb_huffman_rx_if/fifo_data_mem_reg_0_15_0_5/RAMA/CLK



---------------------------------------------------------------------------------------------------
Path Group:  **async_default**
From Clock:  clk_i
  To Clock:  clk_i

Setup :            0  Failing Endpoints,  Worst Slack        7.345ns,  Total Violation        0.000ns
Hold  :            0  Failing Endpoints,  Worst Slack        1.076ns,  Total Violation        0.000ns
---------------------------------------------------------------------------------------------------


Max Delay Paths
--------------------------------------------------------------------------------------
Slack (MET) :             7.345ns  (required time - arrival time)
  Source:                 por_shift_r_reg[15]/C
                            (rising edge-triggered cell FDRE clocked by clk_i  {rise@0.000ns fall@10.000ns period=20.000ns})
  Destination:            u_soc/u_tx_top/u_huffman_aes_tx_top/u_file_huffman_builder/u_code_length_builder/node_active_reg[5]/CLR
                            (recovery check against rising-edge clock clk_i  {rise@0.000ns fall@10.000ns period=20.000ns})
  Path Group:             **async_default**
  Path Type:              Recovery (Max at Slow Process Corner)
  Requirement:            20.000ns  (clk_i rise@20.000ns - clk_i rise@0.000ns)
  Data Path Delay:        12.123ns  (logic 1.087ns (8.966%)  route 11.036ns (91.034%))
  Logic Levels:           4  (LUT2=1 LUT4=1 LUT5=1 LUT6=1)
  Clock Path Skew:        -0.092ns (DCD - SCD + CPR)
    Destination Clock Delay (DCD):    5.044ns = ( 25.044 - 20.000 ) 
    Source Clock Delay      (SCD):    5.429ns
    Clock Pessimism Removal (CPR):    0.294ns
  Clock Uncertainty:      0.035ns  ((TSJ^2 + TIJ^2)^1/2 + DJ) / 2 + PE
    Total System Jitter     (TSJ):    0.071ns
    Total Input Jitter      (TIJ):    0.000ns
    Discrete Jitter          (DJ):    0.000ns
    Phase Error              (PE):    0.000ns

    Location             Delay type                Incr(ns)  Path(ns)    Netlist Resource(s)
  -------------------------------------------------------------------    -------------------
                         (clock clk_i rise edge)      0.000     0.000 r  
    Y9                                                0.000     0.000 r  clk_i (IN)
                         net (fo=0)                   0.000     0.000    clk_i
    Y9                   IBUF (Prop_ibuf_I_O)         1.490     1.490 r  clk_i_IBUF_inst/O
                         net (fo=1, routed)           2.171     3.661    clk_i_IBUF
    BUFGCTRL_X0Y0        BUFG (Prop_bufg_I_O)         0.101     3.762 r  clk_i_IBUF_BUFG_inst/O
                         net (fo=20056, routed)       1.667     5.429    clk_i_IBUF_BUFG
    SLICE_X37Y1          FDRE                                         r  por_shift_r_reg[15]/C
  -------------------------------------------------------------------    -------------------
    SLICE_X37Y1          FDRE (Prop_fdre_C_Q)         0.419     5.848 f  por_shift_r_reg[15]/Q
                         net (fo=1, routed)           0.671     6.519    u_uart_dmem_loader/u_uart_rx/Q[15]
    SLICE_X37Y1          LUT4 (Prop_lut4_I2_O)        0.296     6.815 f  u_uart_dmem_loader/u_uart_rx/FSM_sequential_state_r[1]_i_8/O
                         net (fo=1, routed)           0.433     7.248    u_uart_dmem_loader/u_uart_rx/FSM_sequential_state_r[1]_i_8_n_0
    SLICE_X37Y1          LUT5 (Prop_lut5_I4_O)        0.124     7.372 f  u_uart_dmem_loader/u_uart_rx/FSM_sequential_state_r[1]_i_5/O
                         net (fo=1, routed)           0.401     7.773    u_uart_dmem_loader/u_uart_rx/FSM_sequential_state_r[1]_i_5_n_0
    SLICE_X37Y0          LUT6 (Prop_lut6_I5_O)        0.124     7.897 f  u_uart_dmem_loader/u_uart_rx/FSM_sequential_state_r[1]_i_1/O
                         net (fo=395, routed)         1.982     9.879    u_uart_dmem_loader/por_rst_w
    SLICE_X11Y29         LUT2 (Prop_lut2_I0_O)        0.124    10.003 f  u_uart_dmem_loader/u_soc_i_1/O
                         net (fo=5604, routed)        7.549    17.553    u_soc/u_tx_top/u_huffman_aes_tx_top/u_file_huffman_builder/u_code_length_builder/rst_i
    SLICE_X89Y2          FDCE                                         f  u_soc/u_tx_top/u_huffman_aes_tx_top/u_file_huffman_builder/u_code_length_builder/node_active_reg[5]/CLR
  -------------------------------------------------------------------    -------------------

                         (clock clk_i rise edge)     20.000    20.000 r  
    Y9                                                0.000    20.000 r  clk_i (IN)
                         net (fo=0)                   0.000    20.000    clk_i
    Y9                   IBUF (Prop_ibuf_I_O)         1.420    21.420 r  clk_i_IBUF_inst/O
                         net (fo=1, routed)           1.972    23.392    clk_i_IBUF
    BUFGCTRL_X0Y0        BUFG (Prop_bufg_I_O)         0.091    23.483 r  clk_i_IBUF_BUFG_inst/O
                         net (fo=20056, routed)       1.561    25.044    u_soc/u_tx_top/u_huffman_aes_tx_top/u_file_huffman_builder/u_code_length_builder/clk_i
    SLICE_X89Y2          FDCE                                         r  u_soc/u_tx_top/u_huffman_aes_tx_top/u_file_huffman_builder/u_code_length_builder/node_active_reg[5]/C
                         clock pessimism              0.294    25.338    
                         clock uncertainty           -0.035    25.302    
    SLICE_X89Y2          FDCE (Recov_fdce_C_CLR)     -0.405    24.897    u_soc/u_tx_top/u_huffman_aes_tx_top/u_file_huffman_builder/u_code_length_builder/node_active_reg[5]
  -------------------------------------------------------------------
                         required time                         24.897    
                         arrival time                         -17.553    
  -------------------------------------------------------------------
                         slack                                  7.345    





Min Delay Paths
--------------------------------------------------------------------------------------
Slack (MET) :             1.076ns  (arrival time - required time)
  Source:                 u_uart_dmem_loader/done_r_reg/C
                            (rising edge-triggered cell FDRE clocked by clk_i  {rise@0.000ns fall@10.000ns period=20.000ns})
  Destination:            u_soc/u_tx_top/u_huffman_aes_tx_top/u_bit_packer_128/transport_word_r_reg[65]/CLR
                            (removal check against rising-edge clock clk_i  {rise@0.000ns fall@10.000ns period=20.000ns})
  Path Group:             **async_default**
  Path Type:              Removal (Min at Fast Process Corner)
  Requirement:            0.000ns  (clk_i rise@0.000ns - clk_i rise@0.000ns)
  Data Path Delay:        1.245ns  (logic 0.186ns (14.944%)  route 1.059ns (85.056%))
  Logic Levels:           1  (LUT2=1)
  Clock Path Skew:        0.260ns (DCD - SCD - CPR)
    Destination Clock Delay (DCD):    2.044ns
    Source Clock Delay      (SCD):    1.532ns
    Clock Pessimism Removal (CPR):    0.252ns

    Location             Delay type                Incr(ns)  Path(ns)    Netlist Resource(s)
  -------------------------------------------------------------------    -------------------
                         (clock clk_i rise edge)      0.000     0.000 r  
    Y9                                                0.000     0.000 r  clk_i (IN)
                         net (fo=0)                   0.000     0.000    clk_i
    Y9                   IBUF (Prop_ibuf_I_O)         0.258     0.258 r  clk_i_IBUF_inst/O
                         net (fo=1, routed)           0.663     0.921    clk_i_IBUF
    BUFGCTRL_X0Y0        BUFG (Prop_bufg_I_O)         0.026     0.947 r  clk_i_IBUF_BUFG_inst/O
                         net (fo=20056, routed)       0.585     1.532    u_uart_dmem_loader/clk_i
    SLICE_X13Y29         FDRE                                         r  u_uart_dmem_loader/done_r_reg/C
  -------------------------------------------------------------------    -------------------
    SLICE_X13Y29         FDRE (Prop_fdre_C_Q)         0.141     1.673 r  u_uart_dmem_loader/done_r_reg/Q
                         net (fo=3, routed)           0.185     1.858    u_uart_dmem_loader/led_o_OBUF[1]
    SLICE_X11Y29         LUT2 (Prop_lut2_I1_O)        0.045     1.903 f  u_uart_dmem_loader/u_soc_i_1/O
                         net (fo=5604, routed)        0.874     2.776    u_soc/u_tx_top/u_huffman_aes_tx_top/u_bit_packer_128/rst_i
    SLICE_X60Y41         FDCE                                         f  u_soc/u_tx_top/u_huffman_aes_tx_top/u_bit_packer_128/transport_word_r_reg[65]/CLR
  -------------------------------------------------------------------    -------------------

                         (clock clk_i rise edge)      0.000     0.000 r  
    Y9                                                0.000     0.000 r  clk_i (IN)
                         net (fo=0)                   0.000     0.000    clk_i
    Y9                   IBUF (Prop_ibuf_I_O)         0.446     0.446 r  clk_i_IBUF_inst/O
                         net (fo=1, routed)           0.719     1.165    clk_i_IBUF
    BUFGCTRL_X0Y0        BUFG (Prop_bufg_I_O)         0.029     1.194 r  clk_i_IBUF_BUFG_inst/O
                         net (fo=20056, routed)       0.850     2.044    u_soc/u_tx_top/u_huffman_aes_tx_top/u_bit_packer_128/clk_i
    SLICE_X60Y41         FDCE                                         r  u_soc/u_tx_top/u_huffman_aes_tx_top/u_bit_packer_128/transport_word_r_reg[65]/C
                         clock pessimism             -0.252     1.792    
    SLICE_X60Y41         FDCE (Remov_fdce_C_CLR)     -0.092     1.700    u_soc/u_tx_top/u_huffman_aes_tx_top/u_bit_packer_128/transport_word_r_reg[65]
  -------------------------------------------------------------------
                         required time                         -1.700    
                         arrival time                           2.776    
  -------------------------------------------------------------------
                         slack                                  1.076    





