Copyright 1986-2022 Xilinx, Inc. All Rights Reserved. Copyright 2022-2024 Advanced Micro Devices, Inc. All Rights Reserved.
----------------------------------------------------------------------------------------------------------------------------------------------------------------------------
| Tool Version : Vivado v.2024.2 (win64) Build 5239630 Fri Nov 08 22:35:27 MST 2024
| Date         : Thu Apr 23 04:27:20 2026
| Host         : An running 64-bit major release  (build 9200)
| Command      : report_timing_summary -file H:/Academic/senior_project/DATN/work/luc/AES_huffman_all6/vivado/build/rv32_soc_synth_ip/reports/post_synth_timing_summary.rpt
| Design       : rv32_soc_top
| Device       : 7z020-clg484
| Speed File   : -1  PRODUCTION 1.12 2019-11-22
| Design State : Synthesized
----------------------------------------------------------------------------------------------------------------------------------------------------------------------------

Timing Summary Report

------------------------------------------------------------------------------------------------
| Timer Settings
| --------------
------------------------------------------------------------------------------------------------

  Enable Multi Corner Analysis               :  Yes
  Enable Pessimism Removal                   :  Yes
  Pessimism Removal Resolution               :  Nearest Common Node
  Enable Input Delay Default Clock           :  No
  Enable Preset / Clear Arcs                 :  No
  Disable Flight Delays                      :  No
  Ignore I/O Paths                           :  No
  Timing Early Launch at Borrowing Latches   :  No
  Borrow Time for Max Delay Exceptions       :  Yes
  Merge Timing Exceptions                    :  Yes
  Inter-SLR Compensation                     :  Conservative

  Corner  Analyze    Analyze    
  Name    Max Paths  Min Paths  
  ------  ---------  ---------  
  Slow    Yes        Yes        
  Fast    Yes        Yes        


------------------------------------------------------------------------------------------------
| Report Methodology
| ------------------
------------------------------------------------------------------------------------------------

No report available as report_methodology has not been run prior. Run report_methodology on the current design for the summary of methodology violations.



check_timing report

Table of Contents
-----------------
1. checking no_clock (0)
2. checking constant_clock (0)
3. checking pulse_width_clock (0)
4. checking unconstrained_internal_endpoints (0)
5. checking no_input_delay (53)
6. checking no_output_delay (34)
7. checking multiple_clock (0)
8. checking generated_clocks (0)
9. checking loops (0)
10. checking partial_input_delay (0)
11. checking partial_output_delay (0)
12. checking latch_loops (0)

1. checking no_clock (0)
------------------------
 There are 0 register/latch pins with no clock.


2. checking constant_clock (0)
------------------------------
 There are 0 register/latch pins with constant_clock.


3. checking pulse_width_clock (0)
---------------------------------
 There are 0 register/latch pins which need pulse_width check


4. checking unconstrained_internal_endpoints (0)
------------------------------------------------
 There are 0 pins that are not constrained for maximum delay.

 There are 0 pins that are not constrained for maximum delay due to constant clock.


5. checking no_input_delay (53)
-------------------------------
 There are 53 input ports with no input delay specified. (HIGH)

 There are 0 input ports with no input delay but user has a false path constraint.


6. checking no_output_delay (34)
--------------------------------
 There are 34 ports with no output delay specified. (HIGH)

 There are 0 ports with no output delay but user has a false path constraint

 There are 0 ports with no output delay but with a timing clock defined on it or propagating through it


7. checking multiple_clock (0)
------------------------------
 There are 0 register/latch pins with multiple clocks.


8. checking generated_clocks (0)
--------------------------------
 There are 0 generated clocks that are not connected to a clock source.


9. checking loops (0)
---------------------
 There are 0 combinational loops in the design.


10. checking partial_input_delay (0)
------------------------------------
 There are 0 input ports with partial input delay specified.


11. checking partial_output_delay (0)
-------------------------------------
 There are 0 ports with partial output delay specified.


12. checking latch_loops (0)
----------------------------
 There are 0 combinational latch loops in the design through latch input



------------------------------------------------------------------------------------------------
| Design Timing Summary
| ---------------------
------------------------------------------------------------------------------------------------

    WNS(ns)      TNS(ns)  TNS Failing Endpoints  TNS Total Endpoints      WHS(ns)      THS(ns)  THS Failing Endpoints  THS Total Endpoints     WPWS(ns)     TPWS(ns)  TPWS Failing Endpoints  TPWS Total Endpoints  
    -------      -------  ---------------------  -------------------      -------      -------  ---------------------  -------------------     --------     --------  ----------------------  --------------------  
     -0.739       -4.436                      6                38930        0.132        0.000                      0                38930        9.500        0.000                       0                 19335  


Timing constraints are not met.


------------------------------------------------------------------------------------------------
| Clock Summary
| -------------
------------------------------------------------------------------------------------------------

Clock  Waveform(ns)       Period(ns)      Frequency(MHz)
-----  ------------       ----------      --------------
clk_i  {0.000 10.000}     20.000          50.000          


------------------------------------------------------------------------------------------------
| Intra Clock Table
| -----------------
------------------------------------------------------------------------------------------------

Clock             WNS(ns)      TNS(ns)  TNS Failing Endpoints  TNS Total Endpoints      WHS(ns)      THS(ns)  THS Failing Endpoints  THS Total Endpoints     WPWS(ns)     TPWS(ns)  TPWS Failing Endpoints  TPWS Total Endpoints  
-----             -------      -------  ---------------------  -------------------      -------      -------  ---------------------  -------------------     --------     --------  ----------------------  --------------------  
clk_i              -0.739       -4.436                      6                38930        0.132        0.000                      0                38930        9.500        0.000                       0                 19335  


------------------------------------------------------------------------------------------------
| Inter Clock Table
| -----------------
------------------------------------------------------------------------------------------------

From Clock    To Clock          WNS(ns)      TNS(ns)  TNS Failing Endpoints  TNS Total Endpoints      WHS(ns)      THS(ns)  THS Failing Endpoints  THS Total Endpoints  
----------    --------          -------      -------  ---------------------  -------------------      -------      -------  ---------------------  -------------------  


------------------------------------------------------------------------------------------------
| Other Path Groups Table
| -----------------------
------------------------------------------------------------------------------------------------

Path Group    From Clock    To Clock          WNS(ns)      TNS(ns)  TNS Failing Endpoints  TNS Total Endpoints      WHS(ns)      THS(ns)  THS Failing Endpoints  THS Total Endpoints  
----------    ----------    --------          -------      -------  ---------------------  -------------------      -------      -------  ---------------------  -------------------  


------------------------------------------------------------------------------------------------
| Timing Details
| --------------
------------------------------------------------------------------------------------------------


---------------------------------------------------------------------------------------------------
From Clock:  clk_i
  To Clock:  clk_i

Setup :            6  Failing Endpoints,  Worst Slack       -0.739ns,  Total Violation       -4.436ns
Hold  :            0  Failing Endpoints,  Worst Slack        0.132ns,  Total Violation        0.000ns
PW    :            0  Failing Endpoints,  Worst Slack        9.500ns,  Total Violation        0.000ns
---------------------------------------------------------------------------------------------------


Max Delay Paths
--------------------------------------------------------------------------------------
Slack (VIOLATED) :        -0.739ns  (required time - arrival time)
  Source:                 u_rx_top/u_huffman_block_parser/bit_count_r_reg[1]/C
                            (rising edge-triggered cell FDRE clocked by clk_i  {rise@0.000ns fall@10.000ns period=20.000ns})
  Destination:            u_rx_top/u_huffman_block_parser/block_meta_valid_r_reg/R
                            (rising edge-triggered cell FDRE clocked by clk_i  {rise@0.000ns fall@10.000ns period=20.000ns})
  Path Group:             clk_i
  Path Type:              Setup (Max at Slow Process Corner)
  Requirement:            20.000ns  (clk_i rise@20.000ns - clk_i rise@0.000ns)
  Data Path Delay:        20.002ns  (logic 5.851ns (29.252%)  route 14.151ns (70.748%))
  Logic Levels:           23  (CARRY4=5 LUT1=1 LUT2=2 LUT4=3 LUT5=2 LUT6=10)
  Clock Path Skew:        -0.145ns (DCD - SCD + CPR)
    Destination Clock Delay (DCD):    2.078ns = ( 22.078 - 20.000 ) 
    Source Clock Delay      (SCD):    2.406ns
    Clock Pessimism Removal (CPR):    0.183ns
  Clock Uncertainty:      0.035ns  ((TSJ^2 + TIJ^2)^1/2 + DJ) / 2 + PE
    Total System Jitter     (TSJ):    0.071ns
    Total Input Jitter      (TIJ):    0.000ns
    Discrete Jitter          (DJ):    0.000ns
    Phase Error              (PE):    0.000ns

    Location             Delay type                Incr(ns)  Path(ns)    Netlist Resource(s)
  -------------------------------------------------------------------    -------------------
                         (clock clk_i rise edge)      0.000     0.000 r  
                                                      0.000     0.000 r  clk_i (IN)
                         net (fo=0)                   0.000     0.000    clk_i
                         IBUF (Prop_ibuf_I_O)         0.921     0.921 r  clk_i_IBUF_inst/O
                         net (fo=1, unplaced)         0.800     1.721    clk_i_IBUF
                         BUFG (Prop_bufg_I_O)         0.101     1.822 r  clk_i_IBUF_BUFG_inst/O
                         net (fo=19336, unplaced)     0.584     2.406    u_rx_top/u_huffman_block_parser/clk_i_IBUF_BUFG
                         FDRE                                         r  u_rx_top/u_huffman_block_parser/bit_count_r_reg[1]/C
  -------------------------------------------------------------------    -------------------
                         FDRE (Prop_fdre_C_Q)         0.478     2.884 f  u_rx_top/u_huffman_block_parser/bit_count_r_reg[1]/Q
                         net (fo=8, unplaced)         0.779     3.663    u_rx_top/u_huffman_block_parser/bit_count_r[1]
                         LUT4 (Prop_lut4_I1_O)        0.319     3.982 r  u_rx_top/u_huffman_block_parser/i___3_i_15/O
                         net (fo=1, unplaced)         0.000     3.982    u_rx_top/u_huffman_block_parser/i___3_i_15_n_0
                         CARRY4 (Prop_carry4_DI[0]_CO[3])
                                                      0.576     4.558 r  u_rx_top/u_huffman_block_parser/i___3_i_8/CO[3]
                         net (fo=1, unplaced)         0.009     4.567    u_rx_top/u_huffman_block_parser/i___3_i_8_n_0
                         CARRY4 (Prop_carry4_CI_CO[0])
                                                      0.281     4.848 f  u_rx_top/u_huffman_block_parser/i___3_i_6/CO[0]
                         net (fo=14, unplaced)        0.362     5.210    u_rx_top/u_huffman_block_parser/i___3_i_6_n_3
                         LUT2 (Prop_lut2_I1_O)        0.367     5.577 f  u_rx_top/u_huffman_block_parser/i___13_i_11/O
                         net (fo=1, unplaced)         0.902     6.479    u_rx_top/u_huffman_block_parser/i___13_i_11_n_0
                         LUT6 (Prop_lut6_I2_O)        0.124     6.603 f  u_rx_top/u_huffman_block_parser/i___13_i_5/O
                         net (fo=3, unplaced)         0.467     7.070    u_rx_top/u_huffman_block_parser/i___13_i_5_n_0
                         LUT5 (Prop_lut5_I4_O)        0.124     7.194 r  u_rx_top/u_huffman_block_parser/raw_payload_bits_remaining_r[2]_i_29/O
                         net (fo=5, unplaced)         0.477     7.671    u_rx_top/u_huffman_block_parser/raw_payload_bits_remaining_r[2]_i_29_n_0
                         LUT6 (Prop_lut6_I2_O)        0.124     7.795 r  u_rx_top/u_huffman_block_parser/raw_payload_bits_remaining_r[2]_i_24/O
                         net (fo=1, unplaced)         0.639     8.434    u_rx_top/u_huffman_block_parser/raw_payload_bits_remaining_r[2]_i_24_n_0
                         CARRY4 (Prop_carry4_DI[1]_CO[2])
                                                      0.559     8.993 f  u_rx_top/u_huffman_block_parser/raw_payload_bits_remaining_r_reg[2]_i_14/CO[2]
                         net (fo=2, unplaced)         0.463     9.456    u_rx_top/u_huffman_block_parser/CO[0]
                         LUT6 (Prop_lut6_I5_O)        0.310     9.766 f  u_rx_top/u_huffman_block_parser/raw_payload_bits_remaining_r[2]_i_4/O
                         net (fo=167, unplaced)       0.561    10.327    u_rx_top/u_huffman_block_parser/raw_payload_bits_remaining_r[2]_i_4_n_0
                         LUT1 (Prop_lut1_I0_O)        0.124    10.451 r  u_rx_top/u_huffman_block_parser/bit_count_r[0]_i_8/O
                         net (fo=1, unplaced)         0.333    10.784    u_rx_top/u_huffman_block_parser/p_1_in[6]
                         CARRY4 (Prop_carry4_CYINIT_CO[3])
                                                      0.595    11.379 r  u_rx_top/u_huffman_block_parser/bit_count_r_reg[0]_i_3/CO[3]
                         net (fo=1, unplaced)         0.009    11.388    u_rx_top/u_huffman_block_parser/bit_count_r_reg[0]_i_3_n_0
                         CARRY4 (Prop_carry4_CI_O[3])
                                                      0.331    11.719 f  u_rx_top/u_huffman_block_parser/bit_buffer_r_reg[127]_i_4/O[3]
                         net (fo=36, unplaced)        0.495    12.214    u_rx_top/u_huffman_block_parser/bit_buffer_r_reg[127]_i_4_n_4
                         LUT5 (Prop_lut5_I2_O)        0.307    12.521 f  u_rx_top/u_huffman_block_parser/bit_buffer_r[127]_i_19/O
                         net (fo=3, unplaced)         0.920    13.441    u_rx_top/u_huffman_block_parser/bit_buffer_r[127]_i_19_n_0
                         LUT6 (Prop_lut6_I1_O)        0.124    13.565 f  u_rx_top/u_huffman_block_parser/bit_buffer_r[127]_i_13/O
                         net (fo=5, unplaced)         0.477    14.042    u_rx_top/u_huffman_block_parser/bit_buffer_r[127]_i_13_n_0
                         LUT4 (Prop_lut4_I2_O)        0.116    14.158 f  u_rx_top/u_huffman_block_parser/bit_buffer_r[71]_i_7/O
                         net (fo=2, unplaced)         0.460    14.618    u_rx_top/u_huffman_block_parser/bit_buffer_r[71]_i_7_n_0
                         LUT4 (Prop_lut4_I1_O)        0.124    14.742 r  u_rx_top/u_huffman_block_parser/bit_buffer_r[7]_i_8__0/O
                         net (fo=1, unplaced)         0.449    15.191    u_rx_top/u_huffman_block_parser/bit_buffer_r[7]_i_8__0_n_0
                         LUT6 (Prop_lut6_I5_O)        0.124    15.315 f  u_rx_top/u_huffman_block_parser/bit_buffer_r[7]_i_3__0/O
                         net (fo=15, unplaced)        1.164    16.479    u_rx_top/u_huffman_block_parser/bit_buffer_r[7]_i_3__0_n_0
                         LUT6 (Prop_lut6_I1_O)        0.124    16.603 f  u_rx_top/u_huffman_block_parser/raw_payload_bits_remaining_r[8]_i_13/O
                         net (fo=2, unplaced)         1.122    17.725    u_rx_top/u_huffman_block_parser/raw_payload_bits_remaining_r[8]_i_13_n_0
                         LUT6 (Prop_lut6_I0_O)        0.124    17.849 r  u_rx_top/u_huffman_block_parser/raw_payload_bits_remaining_r[8]_i_4/O
                         net (fo=6, unplaced)         0.451    18.300    u_rx_top/u_huffman_block_parser/raw_payload_bits_remaining_r[8]_i_4_n_0
                         LUT6 (Prop_lut6_I2_O)        0.124    18.424 r  u_rx_top/u_huffman_block_parser/state_r[1]_i_2/O
                         net (fo=4, unplaced)         1.135    19.559    u_rx_top/u_huffman_block_parser/state_r[1]_i_2_n_0
                         LUT6 (Prop_lut6_I0_O)        0.124    19.683 f  u_rx_top/u_huffman_block_parser/error_r_i_3/O
                         net (fo=1, unplaced)         1.111    20.794    u_rx_top/u_huffman_block_parser/error_r_i_3_n_0
                         LUT6 (Prop_lut6_I1_O)        0.124    20.918 r  u_rx_top/u_huffman_block_parser/error_r_i_1__2/O
                         net (fo=143, unplaced)       0.558    21.476    u_rx_top/u_huffman_block_parser/error_r_i_1__2_n_0
                         LUT2 (Prop_lut2_I1_O)        0.124    21.600 r  u_rx_top/u_huffman_block_parser/block_meta_valid_r_i_1/O
                         net (fo=6, unplaced)         0.808    22.408    u_rx_top/u_huffman_block_parser/frame_done_r
                         FDRE                                         r  u_rx_top/u_huffman_block_parser/block_meta_valid_r_reg/R
  -------------------------------------------------------------------    -------------------

                         (clock clk_i rise edge)     20.000    20.000 r  
                                                      0.000    20.000 r  clk_i (IN)
                         net (fo=0)                   0.000    20.000    clk_i
                         IBUF (Prop_ibuf_I_O)         0.788    20.788 r  clk_i_IBUF_inst/O
                         net (fo=1, unplaced)         0.760    21.548    clk_i_IBUF
                         BUFG (Prop_bufg_I_O)         0.091    21.639 r  clk_i_IBUF_BUFG_inst/O
                         net (fo=19336, unplaced)     0.439    22.078    u_rx_top/u_huffman_block_parser/clk_i_IBUF_BUFG
                         FDRE                                         r  u_rx_top/u_huffman_block_parser/block_meta_valid_r_reg/C
                         clock pessimism              0.183    22.261    
                         clock uncertainty           -0.035    22.226    
                         FDRE (Setup_fdre_C_R)       -0.557    21.669    u_rx_top/u_huffman_block_parser/block_meta_valid_r_reg
  -------------------------------------------------------------------
                         required time                         21.669    
                         arrival time                         -22.408    
  -------------------------------------------------------------------
                         slack                                 -0.739    





Min Delay Paths
--------------------------------------------------------------------------------------
Slack (MET) :             0.132ns  (arrival time - required time)
  Source:                 u_cpu/u_if_stage/resp_instr_r_reg[0]/C
                            (rising edge-triggered cell FDSE clocked by clk_i  {rise@0.000ns fall@10.000ns period=20.000ns})
  Destination:            u_cpu/u_if_stage/ifid_instruction_r_reg[0]/D
                            (rising edge-triggered cell FDSE clocked by clk_i  {rise@0.000ns fall@10.000ns period=20.000ns})
  Path Group:             clk_i
  Path Type:              Hold (Min at Fast Process Corner)
  Requirement:            0.000ns  (clk_i rise@0.000ns - clk_i rise@0.000ns)
  Data Path Delay:        0.376ns  (logic 0.245ns (65.144%)  route 0.131ns (34.856%))
  Logic Levels:           1  (LUT4=1)
  Clock Path Skew:        0.145ns (DCD - SCD - CPR)
    Destination Clock Delay (DCD):    0.982ns
    Source Clock Delay      (SCD):    0.628ns
    Clock Pessimism Removal (CPR):    0.209ns

    Location             Delay type                Incr(ns)  Path(ns)    Netlist Resource(s)
  -------------------------------------------------------------------    -------------------
                         (clock clk_i rise edge)      0.000     0.000 r  
                                                      0.000     0.000 r  clk_i (IN)
                         net (fo=0)                   0.000     0.000    clk_i
                         IBUF (Prop_ibuf_I_O)         0.151     0.151 r  clk_i_IBUF_inst/O
                         net (fo=1, unplaced)         0.337     0.488    clk_i_IBUF
                         BUFG (Prop_bufg_I_O)         0.026     0.514 r  clk_i_IBUF_BUFG_inst/O
                         net (fo=19336, unplaced)     0.114     0.628    u_cpu/u_if_stage/clk_i_IBUF_BUFG
                         FDSE                                         r  u_cpu/u_if_stage/resp_instr_r_reg[0]/C
  -------------------------------------------------------------------    -------------------
                         FDSE (Prop_fdse_C_Q)         0.147     0.775 r  u_cpu/u_if_stage/resp_instr_r_reg[0]/Q
                         net (fo=1, unplaced)         0.131     0.906    u_cpu/u_if_stage/resp_instr_r[0]
                         LUT4 (Prop_lut4_I3_O)        0.098     1.004 r  u_cpu/u_if_stage/ifid_instruction_r[0]_i_1/O
                         net (fo=1, unplaced)         0.000     1.004    u_cpu/u_if_stage/p_2_in_0[0]
                         FDSE                                         r  u_cpu/u_if_stage/ifid_instruction_r_reg[0]/D
  -------------------------------------------------------------------    -------------------

                         (clock clk_i rise edge)      0.000     0.000 r  
                                                      0.000     0.000 r  clk_i (IN)
                         net (fo=0)                   0.000     0.000    clk_i
                         IBUF (Prop_ibuf_I_O)         0.339     0.339 r  clk_i_IBUF_inst/O
                         net (fo=1, unplaced)         0.355     0.694    clk_i_IBUF
                         BUFG (Prop_bufg_I_O)         0.029     0.723 r  clk_i_IBUF_BUFG_inst/O
                         net (fo=19336, unplaced)     0.259     0.982    u_cpu/u_if_stage/clk_i_IBUF_BUFG
                         FDSE                                         r  u_cpu/u_if_stage/ifid_instruction_r_reg[0]/C
                         clock pessimism             -0.209     0.773    
                         FDSE (Hold_fdse_C_D)         0.099     0.872    u_cpu/u_if_stage/ifid_instruction_r_reg[0]
  -------------------------------------------------------------------
                         required time                         -0.872    
                         arrival time                           1.004    
  -------------------------------------------------------------------
                         slack                                  0.132    





Pulse Width Checks
--------------------------------------------------------------------------------------
Clock Name:         clk_i
Waveform(ns):       { 0.000 10.000 }
Period(ns):         20.000
Sources:            { clk_i }

Check Type        Corner  Lib Pin             Reference Pin  Required(ns)  Actual(ns)  Slack(ns)  Location  Pin
Min Period        n/a     RAMB36E1/CLKARDCLK  n/a            2.944         20.000      17.056               <hidden>
Low Pulse Width   Slow    FDRE/C              n/a            0.500         10.000      9.500                dma_active_dir_r_reg[0]/C
High Pulse Width  Slow    FDRE/C              n/a            0.500         10.000      9.500                dma_active_dir_r_reg[0]/C



