#-----------------------------------------------------------
# Vivado v2024.2 (64-bit)
# SW Build 5239630 on Fri Nov 08 22:35:27 MST 2024
# IP Build 5239520 on Sun Nov 10 16:12:51 MST 2024
# SharedData Build 5239561 on Fri Nov 08 14:39:27 MST 2024
# Start of session at: Fri May 15 01:56:57 2026
# Process ID         : 36404
# Current directory  : H:/Academic/senior_project/DATN/work/luc/AES_huffman_all6
# Command line       : vivado.exe -mode batch -source vivado\run_project_tx.tcl
# Log file           : H:/Academic/senior_project/DATN/work/luc/AES_huffman_all6/vivado.log
# Journal file       : H:/Academic/senior_project/DATN/work/luc/AES_huffman_all6\vivado.jou
# Running On         : An
# Platform           : Windows Server 2016 or Windows 10
# Operating System   : 26200
# Processor Detail   : Intel(R) Core(TM) i7-8565U CPU @ 1.80GHz
# CPU Frequency      : 1992 MHz
# CPU Physical cores : 4
# CPU Logical cores  : 8
# Host memory        : 17024 MB
# Swap memory        : 26843 MB
# Total Virtual      : 43867 MB
# Available Virtual  : 20514 MB
#-----------------------------------------------------------
source {vivado\run_project_tx.tcl}
# set script_dir [file dirname [file normalize [info script]]]
# set repo_root  [file normalize [file join $script_dir ".."]]
# set project_xpr [file join $repo_root "vivado" "build" "rv32_soc_synth_tx" "rv32_soc_synth_tx.xpr"]
# set mem_file    [file join $repo_root "instruction.mem"]
# if {![file exists $project_xpr]} {
#   error "Missing project: $project_xpr. Run make vivado_synth_tx first."
# }
# open_project $project_xpr
INFO: [ProjectBase 1-489] The host OS only allows 260 characters in a normal path. The project is stored in a path with more than 80 characters. If you experience issues with IP, Block Designs, or files not being found, please consider moving the project to a location with a shorter path. Alternately consider using the OS subst command to map part of the path to a drive letter.
Current project path is 'H:/Academic/senior_project/DATN/work/luc/AES_huffman_all6/vivado/build/rv32_soc_synth_tx'
INFO: [filemgmt 56-3] Default IP Output Path : Could not find the directory 'H:/Academic/senior_project/DATN/work/luc/AES_huffman_all6/vivado/build/rv32_soc_synth_tx/rv32_soc_synth_tx.gen/sources_1'.
Scanning sources...
Finished scanning sources
open_project: Time (s): cpu = 00:00:13 ; elapsed = 00:00:14 . Memory (MB): peak = 621.414 ; gain = 191.305
# if {[file exists $mem_file]} {
#   add_files -quiet -fileset sources_1 $mem_file
#   set mem_obj [get_files -quiet $mem_file]
#   if {[llength $mem_obj] > 0} {
#     set_property file_type {Memory Initialization Files} $mem_obj
#     set_property used_in_implementation false $mem_obj
#   }
# } else {
#   puts "WARNING: $mem_file does not exist; project-mode synthesis may use empty IMEM init."
# }
ERROR: [Common 17-54] The object 'file' does not have a property 'used_in_implementation'.
INFO: [Common 17-206] Exiting Vivado at Fri May 15 01:57:19 2026...
