#-----------------------------------------------------------
# Vivado v2024.2 (64-bit)
# SW Build 5239630 on Fri Nov 08 22:35:27 MST 2024
# IP Build 5239520 on Sun Nov 10 16:12:51 MST 2024
# SharedData Build 5239561 on Fri Nov 08 14:39:27 MST 2024
# Start of session at: Tue May  5 20:02:21 2026
# Process ID         : 27272
# Current directory  : H:/Academic/senior_project/DATN/work/luc/AES_huffman_all6
# Command line       : vivado.exe -mode batch -source vivado\synth_soc.tcl
# Log file           : H:/Academic/senior_project/DATN/work/luc/AES_huffman_all6/vivado.log
# Journal file       : H:/Academic/senior_project/DATN/work/luc/AES_huffman_all6\vivado.jou
# Running On         : An
# Platform           : Windows Server 2016 or Windows 10
# Operating System   : 26200
# Processor Detail   : Intel(R) Core(TM) i7-8565U CPU @ 1.80GHz
# CPU Frequency      : 1992 MHz
# CPU Physical cores : 4
# CPU Logical cores  : 8
# Host memory        : 17024 MB
# Swap memory        : 28991 MB
# Total Virtual      : 46015 MB
# Available Virtual  : 24858 MB
#-----------------------------------------------------------
source {vivado\synth_soc.tcl}
# proc env_or_default {name default_value} {
#   if {[info exists ::env($name)] && $::env($name) ne ""} {
#     return $::env($name)
#   }
#   return $default_value
# }
# proc append_unique {list_var item} {
#   upvar $list_var values
#   set norm_item [file normalize $item]
#   if {[lsearch -exact $values $norm_item] < 0} {
#     lappend values $norm_item
#   }
# }
# proc copy_reports_to_sim {report_dir sim_dir project_name} {
#   file mkdir [file join $sim_dir "vivado_reports" $project_name]
#   foreach rpt [glob -nocomplain [file join $report_dir "*"]] {
#     file copy -force $rpt [file join $sim_dir "vivado_reports" $project_name [file tail $rpt]]
#   }
# }
# set script_dir [file dirname [file normalize [info script]]]
# set repo_root  [file normalize [file join $script_dir ".."]]
# set sim_dir    [file join $repo_root "sim"]
# set rtl_dir    [file join $repo_root "rtl"]
# set project_name [env_or_default PROJECT_NAME "rv32_soc_synth_tx"]
# set top_name     [env_or_default TOP_NAME "rv32_soc_fpga_demo_top"]
# set fpga_build   [env_or_default FPGA_BUILD "tx_only"]
# set flow         [env_or_default VIVADO_FLOW "synth"]
# set xdc_path     [env_or_default VIVADO_XDC ""]
# set clock_mhz    [env_or_default VIVADO_CLOCK_MHZ "50"]
# set synth_directive [env_or_default VIVADO_SYNTH_DIRECTIVE "RuntimeOptimized"]
# set part_name    "xc7z020clg484-1"
# set build_dir  [file join $repo_root "vivado" "build" $project_name]
# set report_dir [file join $build_dir "reports"]
# file mkdir $build_dir
# file mkdir $report_dir
# set sim_instruction_mem [file join $sim_dir "instruction.mem"]
# set root_instruction_mem [file join $repo_root "instruction.mem"]
# if {[file exists $sim_instruction_mem]} {
#   file copy -force $sim_instruction_mem $root_instruction_mem
#   puts "INFO: copied $sim_instruction_mem to $root_instruction_mem for IMEM initialization"
# } elseif {![file exists $root_instruction_mem]} {
#   puts "WARNING: no instruction.mem found in sim/ or repo root; IMEM will synthesize with empty/default init if supported"
# }
INFO: copied H:/Academic/senior_project/DATN/work/luc/AES_huffman_all6/sim/instruction.mem to H:/Academic/senior_project/DATN/work/luc/AES_huffman_all6/instruction.mem for IMEM initialization
# puts "INFO: repo_root=$repo_root"
INFO: repo_root=H:/Academic/senior_project/DATN/work/luc/AES_huffman_all6
# puts "INFO: project_name=$project_name"
INFO: project_name=rv32_soc_synth_rx
# puts "INFO: top_name=$top_name"
INFO: top_name=rv32_soc_fpga_demo_top
# puts "INFO: fpga_build=$fpga_build"
INFO: fpga_build=rx_only
# puts "INFO: flow=$flow"
INFO: flow=impl
# puts "INFO: clock_mhz=$clock_mhz"
INFO: clock_mhz=50
# puts "INFO: synth_directive=$synth_directive"
INFO: synth_directive=RuntimeOptimized
# create_project -force $project_name $build_dir -part $part_name
INFO: [ProjectBase 1-489] The host OS only allows 260 characters in a normal path. The project is stored in a path with more than 80 characters. If you experience issues with IP, Block Designs, or files not being found, please consider moving the project to a location with a shorter path. Alternately consider using the OS subst command to map part of the path to a drive letter.
Current project path is 'H:/Academic/senior_project/DATN/work/luc/AES_huffman_all6/vivado/build/rv32_soc_synth_rx'
create_project: Time (s): cpu = 00:00:13 ; elapsed = 00:00:15 . Memory (MB): peak = 619.379 ; gain = 189.367
# set_property target_language Verilog [current_project]
# set_property simulator_language Verilog [current_project]
# set defines {}
# lappend defines SYNTHESIS
# if {$fpga_build eq "tx_only"} {
#   lappend defines FPGA_TX_ONLY
# } elseif {$fpga_build eq "rx_only"} {
#   lappend defines FPGA_RX_ONLY
# } elseif {$fpga_build eq "full"} {
#   puts "INFO: full build selected; TX and RX are both included."
# } else {
#   error "Unsupported FPGA_BUILD=$fpga_build. Use tx_only, rx_only, or full."
# }
# set rtl_files {}
# set rtl_f [file join $sim_dir "rtl.f"]
# if {![file exists $rtl_f]} {
#   error "Missing RTL file list: $rtl_f"
# }
# set fh [open $rtl_f r]
# while {[gets $fh line] >= 0} {
#   set line [string trim $line]
#   if {$line eq ""} {
#     continue
#   }
#   if {[string match "#*" $line]} {
#     continue
#   }
#   if {[string match "-f*" $line]} {
#     continue
#   }
#   append_unique rtl_files [file join $sim_dir $line]
# }
# close $fh
# append_unique rtl_files [file join $rtl_dir "uart_rx.v"]
# append_unique rtl_files [file join $rtl_dir "uart_tx.v"]
# append_unique rtl_files [file join $rtl_dir "uart_dmem_loader.v"]
# append_unique rtl_files [file join $rtl_dir "rv32_soc_fpga_demo_top.v"]
# foreach src $rtl_files {
#   if {![file exists $src]} {
#     error "Missing RTL source: $src"
#   }
# }
# set_property include_dirs $rtl_dir [current_fileset]
# set_property verilog_define $defines [current_fileset]
# set read_cmd [list read_verilog -sv]
# foreach src $rtl_files {
#   lappend read_cmd $src
# }
# puts "INFO: read_verilog defines=$defines files=[llength $rtl_files]"
INFO: read_verilog defines=SYNTHESIS FPGA_RX_ONLY files=52
# eval $read_cmd
# set_property top $top_name [current_fileset]
# if {$xdc_path ne ""} {
#   if {[file pathtype $xdc_path] eq "relative"} {
#     set xdc_path [file normalize [file join $repo_root $xdc_path]]
#   }
#   if {[file exists $xdc_path]} {
#     puts "INFO: read_xdc $xdc_path"
#     read_xdc $xdc_path
#   } else {
#     puts "WARNING: VIVADO_XDC does not exist: $xdc_path"
#   }
# }
INFO: read_xdc H:/Academic/senior_project/DATN/work/luc/AES_huffman_all6/vivado/constraints/zedboard_demo.xdc
# set clk_period_ns [expr {1000.0 / double($clock_mhz)}]
# set auto_clock_xdc [file join $build_dir "auto_clock.xdc"]
# set auto_fh [open $auto_clock_xdc w]
# puts $auto_fh "create_clock -name clk_i -period $clk_period_ns \[get_ports clk_i\]"
# close $auto_fh
# read_xdc $auto_clock_xdc
# puts "INFO: create_clock clk_i period=${clk_period_ns}ns"
INFO: create_clock clk_i period=20.0ns
# update_compile_order -fileset sources_1
# synth_design -top $top_name -part $part_name -flatten_hierarchy rebuilt -directive $synth_directive
Command: synth_design -top rv32_soc_fpga_demo_top -part xc7z020clg484-1 -flatten_hierarchy rebuilt -directive RuntimeOptimized
Starting synth_design
Attempting to get a license for feature 'Synthesis' and/or device 'xc7z020'
INFO: [Common 17-349] Got license for feature 'Synthesis' and/or device 'xc7z020'
INFO: [Device 21-403] Loading part xc7z020clg484-1
INFO: [Synth 8-7079] Multithreading enabled for synth_design using a maximum of 2 processes.
INFO: [Synth 8-7078] Launching helper process for spawning children vivado processes
INFO: [Synth 8-7075] Helper process launched with PID 9116
---------------------------------------------------------------------------------
Starting RTL Elaboration : Time (s): cpu = 00:00:10 ; elapsed = 00:00:10 . Memory (MB): peak = 1317.461 ; gain = 466.176
---------------------------------------------------------------------------------
INFO: [Synth 8-6157] synthesizing module 'rv32_soc_fpga_demo_top' [H:/Academic/senior_project/DATN/work/luc/AES_huffman_all6/rtl/rv32_soc_fpga_demo_top.v:6]
INFO: [Synth 8-6157] synthesizing module 'uart_dmem_loader' [H:/Academic/senior_project/DATN/work/luc/AES_huffman_all6/rtl/uart_dmem_loader.v:1]
	Parameter CLK_HZ bound to: 50000000 - type: integer 
	Parameter BAUD_RATE bound to: 115200 - type: integer 
	Parameter SRC_BASE_ADDR bound to: 1024 - type: integer 
	Parameter INPUT_LEN_ADDR bound to: 64 - type: integer 
	Parameter MAX_INPUT_BYTES bound to: 7168 - type: integer 
INFO: [Synth 8-6157] synthesizing module 'uart_rx' [H:/Academic/senior_project/DATN/work/luc/AES_huffman_all6/rtl/uart_rx.v:1]
INFO: [Synth 8-226] default block is never used [H:/Academic/senior_project/DATN/work/luc/AES_huffman_all6/rtl/uart_rx.v:45]
INFO: [Synth 8-6155] done synthesizing module 'uart_rx' (0#1) [H:/Academic/senior_project/DATN/work/luc/AES_huffman_all6/rtl/uart_rx.v:1]
INFO: [Synth 8-6157] synthesizing module 'uart_tx' [H:/Academic/senior_project/DATN/work/luc/AES_huffman_all6/rtl/uart_tx.v:1]
INFO: [Synth 8-6155] done synthesizing module 'uart_tx' (0#1) [H:/Academic/senior_project/DATN/work/luc/AES_huffman_all6/rtl/uart_tx.v:1]
INFO: [Synth 8-6155] done synthesizing module 'uart_dmem_loader' (0#1) [H:/Academic/senior_project/DATN/work/luc/AES_huffman_all6/rtl/uart_dmem_loader.v:1]
INFO: [Synth 8-6157] synthesizing module 'rv32_soc_top' [H:/Academic/senior_project/DATN/work/luc/AES_huffman_all6/rtl/rv32_soc_top.v:12]
INFO: [Synth 8-6157] synthesizing module 'top_rv32_sync' [H:/Academic/senior_project/DATN/work/luc/AES_huffman_all6/rtl/top_rv32_sync.v:2]
INFO: [Synth 8-6157] synthesizing module 'if_stage_sync' [H:/Academic/senior_project/DATN/work/luc/AES_huffman_all6/rtl/if_stage_sync.v:8]
INFO: [Synth 8-6155] done synthesizing module 'if_stage_sync' (0#1) [H:/Academic/senior_project/DATN/work/luc/AES_huffman_all6/rtl/if_stage_sync.v:8]
INFO: [Synth 8-6157] synthesizing module 'id_stage' [H:/Academic/senior_project/DATN/work/luc/AES_huffman_all6/rtl/id_stage.v:3]
INFO: [Synth 8-6155] done synthesizing module 'id_stage' (0#1) [H:/Academic/senior_project/DATN/work/luc/AES_huffman_all6/rtl/id_stage.v:3]
INFO: [Synth 8-6157] synthesizing module 'ex_stage' [H:/Academic/senior_project/DATN/work/luc/AES_huffman_all6/rtl/ex_stage.v:3]
INFO: [Synth 8-6155] done synthesizing module 'ex_stage' (0#1) [H:/Academic/senior_project/DATN/work/luc/AES_huffman_all6/rtl/ex_stage.v:3]
INFO: [Synth 8-6157] synthesizing module 'mem_stage_sync' [H:/Academic/senior_project/DATN/work/luc/AES_huffman_all6/rtl/mem_stage_sync.v:7]
INFO: [Synth 8-6155] done synthesizing module 'mem_stage_sync' (0#1) [H:/Academic/senior_project/DATN/work/luc/AES_huffman_all6/rtl/mem_stage_sync.v:7]
INFO: [Synth 8-6157] synthesizing module 'forwarding' [H:/Academic/senior_project/DATN/work/luc/AES_huffman_all6/rtl/forwarding.v:1]
INFO: [Synth 8-6155] done synthesizing module 'forwarding' (0#1) [H:/Academic/senior_project/DATN/work/luc/AES_huffman_all6/rtl/forwarding.v:1]
INFO: [Synth 8-6155] done synthesizing module 'top_rv32_sync' (0#1) [H:/Academic/senior_project/DATN/work/luc/AES_huffman_all6/rtl/top_rv32_sync.v:2]
INFO: [Synth 8-6157] synthesizing module 'registers_file' [H:/Academic/senior_project/DATN/work/luc/AES_huffman_all6/rtl/registers_file.v:1]
INFO: [Synth 8-6155] done synthesizing module 'registers_file' (0#1) [H:/Academic/senior_project/DATN/work/luc/AES_huffman_all6/rtl/registers_file.v:1]
INFO: [Synth 8-6157] synthesizing module 'imem_sync' [H:/Academic/senior_project/DATN/work/luc/AES_huffman_all6/rtl/imem_sync.v:3]
INFO: [Synth 8-3876] $readmem data file 'instruction.mem' is read successfully [H:/Academic/senior_project/DATN/work/luc/AES_huffman_all6/rtl/imem_sync.v:28]
INFO: [Synth 8-251] Sync Istr 0: xxxxxxxx [H:/Academic/senior_project/DATN/work/luc/AES_huffman_all6/rtl/imem_sync.v:29]
INFO: [Synth 8-251] Sync Istr 1: xxxxxxxx [H:/Academic/senior_project/DATN/work/luc/AES_huffman_all6/rtl/imem_sync.v:30]
INFO: [Synth 8-251] Sync Istr 2: xxxxxxxx [H:/Academic/senior_project/DATN/work/luc/AES_huffman_all6/rtl/imem_sync.v:31]
INFO: [Synth 8-251] Sync Istr 3: xxxxxxxx [H:/Academic/senior_project/DATN/work/luc/AES_huffman_all6/rtl/imem_sync.v:32]
INFO: [Synth 8-6155] done synthesizing module 'imem_sync' (0#1) [H:/Academic/senior_project/DATN/work/luc/AES_huffman_all6/rtl/imem_sync.v:3]
INFO: [Synth 8-6157] synthesizing module 'dmem_ip_wrapper' [H:/Academic/senior_project/DATN/work/luc/AES_huffman_all6/rtl/dmem_ip_wrapper.v:11]
INFO: [Synth 8-6157] synthesizing module 'DMEM_ip' [H:/Academic/senior_project/DATN/work/luc/AES_huffman_all6/rtl/DMEM_ip.v:13]
INFO: [Synth 8-6155] done synthesizing module 'DMEM_ip' (0#1) [H:/Academic/senior_project/DATN/work/luc/AES_huffman_all6/rtl/DMEM_ip.v:13]
INFO: [Synth 8-6155] done synthesizing module 'dmem_ip_wrapper' (0#1) [H:/Academic/senior_project/DATN/work/luc/AES_huffman_all6/rtl/dmem_ip_wrapper.v:11]
INFO: [Synth 8-6157] synthesizing module 'apb_huffman_aes_rx_top' [H:/Academic/senior_project/DATN/work/luc/AES_huffman_all6/rtl/apb_huffman_aes_rx_top.v:1]
INFO: [Synth 8-6157] synthesizing module 'wrapper_rx' [H:/Academic/senior_project/DATN/work/luc/AES_huffman_all6/rtl/wrapper_rx.v:1]
	Parameter ROUND_KEY_10_FIXED bound to: 128'b00110110110100000010010001000110000111011000010010111000001101110101111111000000111110011100000001001100101110101011011010111011 
INFO: [Synth 8-6155] done synthesizing module 'wrapper_rx' (0#1) [H:/Academic/senior_project/DATN/work/luc/AES_huffman_all6/rtl/wrapper_rx.v:1]
INFO: [Synth 8-6157] synthesizing module 'aes128_cipher_inv_top' [H:/Academic/senior_project/DATN/work/luc/AES_huffman_all6/rtl/aes128_cipher_inv_top.v:13]
INFO: [Synth 8-6157] synthesizing module 'aes128_cipher_core_inv' [H:/Academic/senior_project/DATN/work/luc/AES_huffman_all6/rtl/aes128_cipher_core_inv.v:11]
INFO: [Synth 8-6155] done synthesizing module 'aes128_cipher_core_inv' (0#1) [H:/Academic/senior_project/DATN/work/luc/AES_huffman_all6/rtl/aes128_cipher_core_inv.v:11]
INFO: [Synth 8-6157] synthesizing module 'aes128_key_expansion_inv' [H:/Academic/senior_project/DATN/work/luc/AES_huffman_all6/rtl/aes128_key_expansion_inv.v:11]
INFO: [Synth 8-6155] done synthesizing module 'aes128_key_expansion_inv' (0#1) [H:/Academic/senior_project/DATN/work/luc/AES_huffman_all6/rtl/aes128_key_expansion_inv.v:11]
INFO: [Synth 8-6155] done synthesizing module 'aes128_cipher_inv_top' (0#1) [H:/Academic/senior_project/DATN/work/luc/AES_huffman_all6/rtl/aes128_cipher_inv_top.v:13]
INFO: [Synth 8-6157] synthesizing module 'bit_depacker_128' [H:/Academic/senior_project/DATN/work/luc/AES_huffman_all6/rtl/bit_depacker_128.v:1]
	Parameter CHUNK_DATA_WIDTH bound to: 32 - type: integer 
	Parameter CHUNK_LEN_WIDTH bound to: 6 - type: integer 
	Parameter TRANSPORT_WORD_WIDTH bound to: 128 - type: integer 
	Parameter VALID_BITS_WIDTH bound to: 7 - type: integer 
INFO: [Synth 8-6155] done synthesizing module 'bit_depacker_128' (0#1) [H:/Academic/senior_project/DATN/work/luc/AES_huffman_all6/rtl/bit_depacker_128.v:1]
INFO: [Synth 8-6157] synthesizing module 'huffman_block_parser' [H:/Academic/senior_project/DATN/work/luc/AES_huffman_all6/rtl/huffman_block_parser.v:1]
	Parameter STREAM_DATA_WIDTH bound to: 32 - type: integer 
	Parameter STREAM_LEN_WIDTH bound to: 6 - type: integer 
	Parameter BLOCK_SIZE_WIDTH bound to: 6 - type: integer 
	Parameter SYMBOL_WIDTH bound to: 8 - type: integer 
	Parameter SYMBOL_COUNT_WIDTH bound to: 6 - type: integer 
	Parameter CODE_LEN_WIDTH bound to: 5 - type: integer 
	Parameter ASCII_MIN bound to: 8'b00100000 
	Parameter ASCII_MAX bound to: 8'b01111110 
INFO: [Synth 8-6155] done synthesizing module 'huffman_block_parser' (0#1) [H:/Academic/senior_project/DATN/work/luc/AES_huffman_all6/rtl/huffman_block_parser.v:1]
INFO: [Synth 8-6157] synthesizing module 'huffman_block_decoder' [H:/Academic/senior_project/DATN/work/luc/AES_huffman_all6/rtl/huffman_block_decoder.v:1]
	Parameter STREAM_DATA_WIDTH bound to: 32 - type: integer 
	Parameter STREAM_LEN_WIDTH bound to: 6 - type: integer 
	Parameter BLOCK_SIZE_WIDTH bound to: 6 - type: integer 
	Parameter SYMBOL_WIDTH bound to: 8 - type: integer 
	Parameter SYMBOL_COUNT_WIDTH bound to: 6 - type: integer 
	Parameter CODE_LEN_WIDTH bound to: 5 - type: integer 
	Parameter CODE_WIDTH bound to: 31 - type: integer 
	Parameter MAX_SYMBOLS bound to: 63 - type: integer 
	Parameter ASCII_MIN bound to: 8'b00100000 
	Parameter ASCII_MAX bound to: 8'b01111110 
INFO: [Synth 8-6157] synthesizing module 'HUFFMAN_DECODE_TABLE_IP' [H:/Academic/senior_project/DATN/work/luc/AES_huffman_all6/rtl/HUFFMAN_DECODE_TABLE_IP.v:7]
INFO: [Synth 8-6155] done synthesizing module 'HUFFMAN_DECODE_TABLE_IP' (0#1) [H:/Academic/senior_project/DATN/work/luc/AES_huffman_all6/rtl/HUFFMAN_DECODE_TABLE_IP.v:7]
INFO: [Synth 8-6155] done synthesizing module 'huffman_block_decoder' (0#1) [H:/Academic/senior_project/DATN/work/luc/AES_huffman_all6/rtl/huffman_block_decoder.v:1]
INFO: [Synth 8-6157] synthesizing module 'rx_byte_packer_32' [H:/Academic/senior_project/DATN/work/luc/AES_huffman_all6/rtl/rx_byte_packer_32.v:1]
INFO: [Synth 8-6155] done synthesizing module 'rx_byte_packer_32' (0#1) [H:/Academic/senior_project/DATN/work/luc/AES_huffman_all6/rtl/rx_byte_packer_32.v:1]
INFO: [Synth 8-6157] synthesizing module 'apb_huffman_rx_if' [H:/Academic/senior_project/DATN/work/luc/AES_huffman_all6/rtl/apb_huffman_rx_if.v:1]
INFO: [Synth 8-6155] done synthesizing module 'apb_huffman_rx_if' (0#1) [H:/Academic/senior_project/DATN/work/luc/AES_huffman_all6/rtl/apb_huffman_rx_if.v:1]
INFO: [Synth 8-6155] done synthesizing module 'apb_huffman_aes_rx_top' (0#1) [H:/Academic/senior_project/DATN/work/luc/AES_huffman_all6/rtl/apb_huffman_aes_rx_top.v:1]
INFO: [Synth 8-6157] synthesizing module 'cpu_mmio_to_apb_bridge' [H:/Academic/senior_project/DATN/work/luc/AES_huffman_all6/rtl/cpu_mmio_to_apb_bridge.v:1]
INFO: [Synth 8-6155] done synthesizing module 'cpu_mmio_to_apb_bridge' (0#1) [H:/Academic/senior_project/DATN/work/luc/AES_huffman_all6/rtl/cpu_mmio_to_apb_bridge.v:1]
INFO: [Synth 8-6157] synthesizing module 'dma_regfile' [H:/Academic/senior_project/DATN/work/luc/AES_huffman_all6/rtl/dma_regfile.v:1]
INFO: [Synth 8-6155] done synthesizing module 'dma_regfile' (0#1) [H:/Academic/senior_project/DATN/work/luc/AES_huffman_all6/rtl/dma_regfile.v:1]
INFO: [Synth 8-6157] synthesizing module 'dma_rx_engine' [H:/Academic/senior_project/DATN/work/luc/AES_huffman_all6/rtl/dma_rx_engine.v:1]
INFO: [Synth 8-6155] done synthesizing module 'dma_rx_engine' (0#1) [H:/Academic/senior_project/DATN/work/luc/AES_huffman_all6/rtl/dma_rx_engine.v:1]
INFO: [Synth 8-6155] done synthesizing module 'rv32_soc_top' (0#1) [H:/Academic/senior_project/DATN/work/luc/AES_huffman_all6/rtl/rv32_soc_top.v:12]
INFO: [Synth 8-6155] done synthesizing module 'rv32_soc_fpga_demo_top' (0#1) [H:/Academic/senior_project/DATN/work/luc/AES_huffman_all6/rtl/rv32_soc_fpga_demo_top.v:6]
WARNING: [Synth 8-6014] Unused sequential element candidate_len_v_reg was removed.  [H:/Academic/senior_project/DATN/work/luc/AES_huffman_all6/rtl/uart_dmem_loader.v:229]
WARNING: [Synth 8-6014] Unused sequential element merged_word_v_reg was removed.  [H:/Academic/senior_project/DATN/work/luc/AES_huffman_all6/rtl/uart_dmem_loader.v:248]
WARNING: [Synth 8-6014] Unused sequential element merged_we_v_reg was removed.  [H:/Academic/senior_project/DATN/work/luc/AES_huffman_all6/rtl/uart_dmem_loader.v:249]
WARNING: [Synth 8-6014] Unused sequential element next_rem_v_reg was removed.  [H:/Academic/senior_project/DATN/work/luc/AES_huffman_all6/rtl/uart_dmem_loader.v:250]
WARNING: [Synth 8-6014] Unused sequential element debug_error_code_r_reg was removed.  [H:/Academic/senior_project/DATN/work/luc/AES_huffman_all6/rtl/huffman_block_decoder.v:211]
WARNING: [Synth 8-6014] Unused sequential element debug_error_state_r_reg was removed.  [H:/Academic/senior_project/DATN/work/luc/AES_huffman_all6/rtl/huffman_block_decoder.v:212]
WARNING: [Synth 8-6014] Unused sequential element debug_error_bytes_remaining_r_reg was removed.  [H:/Academic/senior_project/DATN/work/luc/AES_huffman_all6/rtl/huffman_block_decoder.v:213]
WARNING: [Synth 8-6014] Unused sequential element debug_error_payload_len_r_reg was removed.  [H:/Academic/senior_project/DATN/work/luc/AES_huffman_all6/rtl/huffman_block_decoder.v:214]
WARNING: [Synth 8-7129] Port clear_done_i in module dma_rx_engine is either unconnected or has no load
WARNING: [Synth 8-7129] Port block_size_i[5] in module dma_rx_engine is either unconnected or has no load
WARNING: [Synth 8-7129] Port block_size_i[4] in module dma_rx_engine is either unconnected or has no load
WARNING: [Synth 8-7129] Port block_size_i[3] in module dma_rx_engine is either unconnected or has no load
WARNING: [Synth 8-7129] Port block_size_i[2] in module dma_rx_engine is either unconnected or has no load
WARNING: [Synth 8-7129] Port block_size_i[1] in module dma_rx_engine is either unconnected or has no load
WARNING: [Synth 8-7129] Port block_size_i[0] in module dma_rx_engine is either unconnected or has no load
WARNING: [Synth 8-7129] Port payload_window_data[31] in module huffman_block_decoder is either unconnected or has no load
WARNING: [Synth 8-7129] Port rst_n in module aes128_key_expansion_inv is either unconnected or has no load
WARNING: [Synth 8-7129] Port cpu_addr_i[31] in module dmem_ip_wrapper is either unconnected or has no load
WARNING: [Synth 8-7129] Port cpu_addr_i[30] in module dmem_ip_wrapper is either unconnected or has no load
WARNING: [Synth 8-7129] Port cpu_addr_i[29] in module dmem_ip_wrapper is either unconnected or has no load
WARNING: [Synth 8-7129] Port cpu_addr_i[28] in module dmem_ip_wrapper is either unconnected or has no load
WARNING: [Synth 8-7129] Port cpu_addr_i[27] in module dmem_ip_wrapper is either unconnected or has no load
WARNING: [Synth 8-7129] Port cpu_addr_i[26] in module dmem_ip_wrapper is either unconnected or has no load
WARNING: [Synth 8-7129] Port cpu_addr_i[25] in module dmem_ip_wrapper is either unconnected or has no load
WARNING: [Synth 8-7129] Port cpu_addr_i[24] in module dmem_ip_wrapper is either unconnected or has no load
WARNING: [Synth 8-7129] Port cpu_addr_i[23] in module dmem_ip_wrapper is either unconnected or has no load
WARNING: [Synth 8-7129] Port cpu_addr_i[22] in module dmem_ip_wrapper is either unconnected or has no load
WARNING: [Synth 8-7129] Port cpu_addr_i[21] in module dmem_ip_wrapper is either unconnected or has no load
WARNING: [Synth 8-7129] Port cpu_addr_i[20] in module dmem_ip_wrapper is either unconnected or has no load
WARNING: [Synth 8-7129] Port cpu_addr_i[19] in module dmem_ip_wrapper is either unconnected or has no load
WARNING: [Synth 8-7129] Port cpu_addr_i[18] in module dmem_ip_wrapper is either unconnected or has no load
WARNING: [Synth 8-7129] Port cpu_addr_i[17] in module dmem_ip_wrapper is either unconnected or has no load
WARNING: [Synth 8-7129] Port cpu_addr_i[16] in module dmem_ip_wrapper is either unconnected or has no load
WARNING: [Synth 8-7129] Port cpu_addr_i[15] in module dmem_ip_wrapper is either unconnected or has no load
WARNING: [Synth 8-7129] Port cpu_addr_i[1] in module dmem_ip_wrapper is either unconnected or has no load
WARNING: [Synth 8-7129] Port cpu_addr_i[0] in module dmem_ip_wrapper is either unconnected or has no load
WARNING: [Synth 8-7129] Port aux_addr_i[31] in module dmem_ip_wrapper is either unconnected or has no load
WARNING: [Synth 8-7129] Port aux_addr_i[30] in module dmem_ip_wrapper is either unconnected or has no load
WARNING: [Synth 8-7129] Port aux_addr_i[29] in module dmem_ip_wrapper is either unconnected or has no load
WARNING: [Synth 8-7129] Port aux_addr_i[28] in module dmem_ip_wrapper is either unconnected or has no load
WARNING: [Synth 8-7129] Port aux_addr_i[27] in module dmem_ip_wrapper is either unconnected or has no load
WARNING: [Synth 8-7129] Port aux_addr_i[26] in module dmem_ip_wrapper is either unconnected or has no load
WARNING: [Synth 8-7129] Port aux_addr_i[25] in module dmem_ip_wrapper is either unconnected or has no load
WARNING: [Synth 8-7129] Port aux_addr_i[24] in module dmem_ip_wrapper is either unconnected or has no load
WARNING: [Synth 8-7129] Port aux_addr_i[23] in module dmem_ip_wrapper is either unconnected or has no load
WARNING: [Synth 8-7129] Port aux_addr_i[22] in module dmem_ip_wrapper is either unconnected or has no load
WARNING: [Synth 8-7129] Port aux_addr_i[21] in module dmem_ip_wrapper is either unconnected or has no load
WARNING: [Synth 8-7129] Port aux_addr_i[20] in module dmem_ip_wrapper is either unconnected or has no load
WARNING: [Synth 8-7129] Port aux_addr_i[19] in module dmem_ip_wrapper is either unconnected or has no load
WARNING: [Synth 8-7129] Port aux_addr_i[18] in module dmem_ip_wrapper is either unconnected or has no load
WARNING: [Synth 8-7129] Port aux_addr_i[17] in module dmem_ip_wrapper is either unconnected or has no load
WARNING: [Synth 8-7129] Port aux_addr_i[16] in module dmem_ip_wrapper is either unconnected or has no load
WARNING: [Synth 8-7129] Port aux_addr_i[15] in module dmem_ip_wrapper is either unconnected or has no load
WARNING: [Synth 8-7129] Port aux_addr_i[1] in module dmem_ip_wrapper is either unconnected or has no load
WARNING: [Synth 8-7129] Port aux_addr_i[0] in module dmem_ip_wrapper is either unconnected or has no load
---------------------------------------------------------------------------------
Finished RTL Elaboration : Time (s): cpu = 00:00:20 ; elapsed = 00:00:23 . Memory (MB): peak = 1759.848 ; gain = 908.562
---------------------------------------------------------------------------------
---------------------------------------------------------------------------------
Start Handling Custom Attributes
---------------------------------------------------------------------------------
---------------------------------------------------------------------------------
Finished Handling Custom Attributes : Time (s): cpu = 00:00:20 ; elapsed = 00:00:23 . Memory (MB): peak = 1759.848 ; gain = 908.562
---------------------------------------------------------------------------------
---------------------------------------------------------------------------------
Finished RTL Optimization Phase 1 : Time (s): cpu = 00:00:20 ; elapsed = 00:00:23 . Memory (MB): peak = 1759.848 ; gain = 908.562
---------------------------------------------------------------------------------
Netlist sorting complete. Time (s): cpu = 00:00:01 ; elapsed = 00:00:00.431 . Memory (MB): peak = 1759.848 ; gain = 0.000
INFO: [Project 1-570] Preparing netlist for logic optimization

Processing XDC Constraints
Initializing timing engine
Parsing XDC File [H:/Academic/senior_project/DATN/work/luc/AES_huffman_all6/vivado/constraints/zedboard_demo.xdc]
Finished Parsing XDC File [H:/Academic/senior_project/DATN/work/luc/AES_huffman_all6/vivado/constraints/zedboard_demo.xdc]
INFO: [Project 1-236] Implementation specific constraints were found while reading constraint file [H:/Academic/senior_project/DATN/work/luc/AES_huffman_all6/vivado/constraints/zedboard_demo.xdc]. These constraints will be ignored for synthesis but will be used in implementation. Impacted constraints are listed in the file [.Xil/rv32_soc_fpga_demo_top_propImpl.xdc].
Resolution: To avoid this warning, move constraints listed in [.Xil/rv32_soc_fpga_demo_top_propImpl.xdc] to another XDC file and exclude this new file from synthesis with the used_in_synthesis property (File Properties dialog in GUI) and re-run elaboration/synthesis.
Parsing XDC File [H:/Academic/senior_project/DATN/work/luc/AES_huffman_all6/vivado/build/rv32_soc_synth_rx/auto_clock.xdc]
Finished Parsing XDC File [H:/Academic/senior_project/DATN/work/luc/AES_huffman_all6/vivado/build/rv32_soc_synth_rx/auto_clock.xdc]
Completed Processing XDC Constraints

Netlist sorting complete. Time (s): cpu = 00:00:00 ; elapsed = 00:00:00.006 . Memory (MB): peak = 1855.301 ; gain = 0.000
INFO: [Project 1-111] Unisim Transformation Summary:
No Unisim elements were transformed.

Constraint Validation Runtime : Time (s): cpu = 00:00:00 ; elapsed = 00:00:00.094 . Memory (MB): peak = 1855.301 ; gain = 0.000
---------------------------------------------------------------------------------
Finished Constraint Validation : Time (s): cpu = 00:00:37 ; elapsed = 00:00:43 . Memory (MB): peak = 1855.301 ; gain = 1004.016
---------------------------------------------------------------------------------
---------------------------------------------------------------------------------
Start Loading Part and Timing Information
---------------------------------------------------------------------------------
Loading part: xc7z020clg484-1
---------------------------------------------------------------------------------
Finished Loading Part and Timing Information : Time (s): cpu = 00:00:37 ; elapsed = 00:00:43 . Memory (MB): peak = 1855.301 ; gain = 1004.016
---------------------------------------------------------------------------------
---------------------------------------------------------------------------------
Start Applying 'set_property' XDC Constraints
---------------------------------------------------------------------------------
---------------------------------------------------------------------------------
Finished applying 'set_property' XDC Constraints : Time (s): cpu = 00:00:37 ; elapsed = 00:00:43 . Memory (MB): peak = 1855.301 ; gain = 1004.016
---------------------------------------------------------------------------------
INFO: [Synth 8-802] inferred FSM for state register 'state_r_reg' in module 'uart_rx'
INFO: [Synth 8-802] inferred FSM for state register 'state_r_reg' in module 'uart_dmem_loader'
INFO: [Synth 8-802] inferred FSM for state register 'state_r_reg' in module 'huffman_block_decoder'
INFO: [Synth 8-802] inferred FSM for state register 'state_r_reg' in module 'cpu_mmio_to_apb_bridge'
---------------------------------------------------------------------------------------------------
                   State |                     New Encoding |                Previous Encoding 
---------------------------------------------------------------------------------------------------
                 ST_IDLE |                               00 |                               00
                ST_START |                               01 |                               01
                 ST_DATA |                               10 |                               10
                 ST_STOP |                               11 |                               11
---------------------------------------------------------------------------------------------------
INFO: [Synth 8-3354] encoded FSM with state register 'state_r_reg' using encoding 'sequential' in module 'uart_rx'
---------------------------------------------------------------------------------------------------
                   State |                     New Encoding |                Previous Encoding 
---------------------------------------------------------------------------------------------------
               ST_MAGIC0 |                             0000 |                             0000
               ST_MAGIC1 |                             0001 |                             0001
               ST_MAGIC2 |                             0010 |                             0010
               ST_MAGIC3 |                             0011 |                             0011
                 ST_LEN0 |                             0100 |                             0100
                 ST_LEN1 |                             0101 |                             0101
                 ST_LEN2 |                             0110 |                             0110
                 ST_LEN3 |                             0111 |                             0111
             ST_SEND_ERR |                             1000 |                             1100
                ST_ERROR |                             1001 |                             1110
              ST_PAYLOAD |                             1010 |                             1000
        ST_WRITE_PAYLOAD |                             1011 |                             1001
            ST_WRITE_LEN |                             1100 |                             1010
             ST_SEND_ACK |                             1101 |                             1011
                 ST_DONE |                             1110 |                             1101
---------------------------------------------------------------------------------------------------
INFO: [Synth 8-3354] encoded FSM with state register 'state_r_reg' using encoding 'sequential' in module 'uart_dmem_loader'
WARNING: [Synth 8-6841] Block RAM (mem_reg) originally specified as a Byte Wide Write Enable RAM cannot take advantage of ByteWide feature and is implemented with single write enable per RAM due to following reason.
(address width (13) is more than optimal threshold of 12. Implementing using BWWE will require more logic and timing would be suboptimal. Please use attribute ram_decomp = power if BWWE is desired.)
INFO: [Synth 8-3971] The signal "DMEM_ip:/mem_reg" was recognized as a true dual port RAM template.
INFO: [Synth 8-3971] The signal "HUFFMAN_DECODE_TABLE_IP:/mem_reg" was recognized as a true dual port RAM template.
---------------------------------------------------------------------------------------------------
                   State |                     New Encoding |                Previous Encoding 
---------------------------------------------------------------------------------------------------
                 ST_IDLE |               000000000001000000 |                            00000
      ST_EMPTY_WAIT_DONE |               000001000000000000 |                            00001
        ST_ONE_WAIT_DONE |               000000000010000000 |                            00010
              ST_ONE_RUN |               000000000000010000 |                            00011
              ST_RAW_RUN |               000010000000000000 |                            00100
        ST_RAW_WAIT_DONE |               100000000000000000 |                            00101
           ST_COMP_ENTRY |               000100000000000000 |                            00110
            ST_COMP_SORT |               001000000000000000 |                            00111
          ST_COMP_ASSIGN |               010000000000000000 |                            01000
          ST_TABLE_CLEAR |               000000000000001000 |                            01100
           ST_TABLE_PREP |               000000000000000010 |                            01101
           ST_TABLE_FILL |               000000000000000001 |                            01110
          ST_COMP_DECODE |               000000000000000100 |                            01001
     ST_COMP_LOOKUP_WAIT |               000000000100000000 |                            10001
          ST_COMP_LOOKUP |               000000001000000000 |                            10000
        ST_COMP_FALLBACK |               000000100000000000 |                            01111
       ST_COMP_WAIT_DONE |               000000010000000000 |                            01010
            ST_FINAL_OUT |               000000000000100000 |                            01011
---------------------------------------------------------------------------------------------------
INFO: [Synth 8-3354] encoded FSM with state register 'state_r_reg' using encoding 'one-hot' in module 'huffman_block_decoder'
---------------------------------------------------------------------------------------------------
                   State |                     New Encoding |                Previous Encoding 
---------------------------------------------------------------------------------------------------
              STATE_IDLE |                                0 |                               00
            STATE_ACCESS |                                1 |                               10
---------------------------------------------------------------------------------------------------
INFO: [Synth 8-3354] encoded FSM with state register 'state_r_reg' using encoding 'sequential' in module 'cpu_mmio_to_apb_bridge'
---------------------------------------------------------------------------------
Finished RTL Optimization Phase 2 : Time (s): cpu = 00:00:54 ; elapsed = 00:01:03 . Memory (MB): peak = 1855.301 ; gain = 1004.016
---------------------------------------------------------------------------------
---------------------------------------------------------------------------------
Start RTL Component Statistics 
---------------------------------------------------------------------------------
Detailed RTL Component Info : 
+---Adders : 
	   2 Input   32 Bit       Adders := 13    
	   3 Input   32 Bit       Adders := 1     
	   2 Input   31 Bit       Adders := 1     
	   2 Input   19 Bit       Adders := 2     
	   2 Input   16 Bit       Adders := 2     
	   2 Input   15 Bit       Adders := 1     
	   2 Input   13 Bit       Adders := 2     
	   2 Input   11 Bit       Adders := 3     
	   3 Input    9 Bit       Adders := 2     
	   2 Input    9 Bit       Adders := 6     
	   2 Input    8 Bit       Adders := 1     
	   3 Input    6 Bit       Adders := 1     
	   2 Input    6 Bit       Adders := 10    
	   2 Input    5 Bit       Adders := 44    
	   3 Input    5 Bit       Adders := 1     
	   2 Input    4 Bit       Adders := 3     
	   2 Input    3 Bit       Adders := 2     
	   2 Input    2 Bit       Adders := 1     
+---XORs : 
	   2 Input    128 Bit         XORs := 2     
	   2 Input     32 Bit         XORs := 4     
	   3 Input     32 Bit         XORs := 1     
	   2 Input      8 Bit         XORs := 53    
	   4 Input      8 Bit         XORs := 6     
	   7 Input      8 Bit         XORs := 4     
	   5 Input      8 Bit         XORs := 8     
	   3 Input      8 Bit         XORs := 2     
	   6 Input      8 Bit         XORs := 5     
	   2 Input      4 Bit         XORs := 40    
	   2 Input      2 Bit         XORs := 200   
	   4 Input      1 Bit         XORs := 41    
	   2 Input      1 Bit         XORs := 761   
	   3 Input      1 Bit         XORs := 358   
	   5 Input      1 Bit         XORs := 6     
	   6 Input      1 Bit         XORs := 12    
+---XORs : 
	                4 Bit    Wide XORs := 20    
+---Registers : 
	              152 Bit    Registers := 1     
	              128 Bit    Registers := 9     
	               32 Bit    Registers := 107   
	               31 Bit    Registers := 127   
	               19 Bit    Registers := 1     
	               16 Bit    Registers := 2     
	               15 Bit    Registers := 2     
	               13 Bit    Registers := 1     
	               11 Bit    Registers := 4     
	                9 Bit    Registers := 2     
	                8 Bit    Registers := 136   
	                6 Bit    Registers := 14    
	                5 Bit    Registers := 138   
	                4 Bit    Registers := 9     
	                3 Bit    Registers := 25    
	                2 Bit    Registers := 11    
	                1 Bit    Registers := 118   
+---RAMs : 
	             256K Bit	(8192 X 32 bit)          RAMs := 1     
	              30K Bit	(2048 X 15 bit)          RAMs := 1     
+---ROMs : 
	                    ROMs := 1     
+---Muxes : 
	   2 Input  152 Bit        Muxes := 7     
	   2 Input  128 Bit        Muxes := 20    
	   2 Input   32 Bit        Muxes := 62    
	   4 Input   32 Bit        Muxes := 6     
	  13 Input   32 Bit        Muxes := 1     
	   3 Input   32 Bit        Muxes := 2     
	  28 Input   32 Bit        Muxes := 8     
	  15 Input   32 Bit        Muxes := 8     
	   2 Input   31 Bit        Muxes := 2     
	  18 Input   31 Bit        Muxes := 3     
	   2 Input   19 Bit        Muxes := 2     
	  34 Input   18 Bit        Muxes := 1     
	   3 Input   16 Bit        Muxes := 1     
	   2 Input   16 Bit        Muxes := 1     
	   4 Input   16 Bit        Muxes := 1     
	   3 Input   15 Bit        Muxes := 1     
	   2 Input   13 Bit        Muxes := 7     
	   3 Input   11 Bit        Muxes := 1     
	  18 Input   11 Bit        Muxes := 4     
	   2 Input    9 Bit        Muxes := 107   
	  18 Input    8 Bit        Muxes := 66    
	   2 Input    8 Bit        Muxes := 69    
	   6 Input    8 Bit        Muxes := 1     
	   4 Input    8 Bit        Muxes := 2     
	   3 Input    8 Bit        Muxes := 1     
	  15 Input    8 Bit        Muxes := 1     
	  18 Input    6 Bit        Muxes := 8     
	   2 Input    6 Bit        Muxes := 26    
	   6 Input    6 Bit        Muxes := 2     
	   2 Input    5 Bit        Muxes := 14    
	  18 Input    5 Bit        Muxes := 66    
	   7 Input    5 Bit        Muxes := 1     
	  28 Input    5 Bit        Muxes := 1     
	   3 Input    4 Bit        Muxes := 3     
	   2 Input    4 Bit        Muxes := 29    
	   4 Input    4 Bit        Muxes := 2     
	   6 Input    4 Bit        Muxes := 2     
	   7 Input    4 Bit        Muxes := 1     
	  15 Input    4 Bit        Muxes := 3     
	   2 Input    3 Bit        Muxes := 44    
	   3 Input    3 Bit        Muxes := 6     
	   4 Input    3 Bit        Muxes := 2     
	   5 Input    3 Bit        Muxes := 2     
	  28 Input    3 Bit        Muxes := 1     
	   3 Input    2 Bit        Muxes := 4     
	   2 Input    2 Bit        Muxes := 18    
	   6 Input    2 Bit        Muxes := 4     
	   4 Input    2 Bit        Muxes := 2     
	  15 Input    2 Bit        Muxes := 1     
	   2 Input    1 Bit        Muxes := 751   
	   3 Input    1 Bit        Muxes := 32    
	  18 Input    1 Bit        Muxes := 223   
	   4 Input    1 Bit        Muxes := 10    
	   6 Input    1 Bit        Muxes := 5     
	   5 Input    1 Bit        Muxes := 3     
	  12 Input    1 Bit        Muxes := 1     
	   7 Input    1 Bit        Muxes := 1     
	  15 Input    1 Bit        Muxes := 14    
	  28 Input    1 Bit        Muxes := 16    
---------------------------------------------------------------------------------
Finished RTL Component Statistics 
---------------------------------------------------------------------------------
---------------------------------------------------------------------------------
Start Part Resource Summary
---------------------------------------------------------------------------------
Part Resources:
DSPs: 220 (col length:60)
BRAMs: 280 (col length: RAMB18 60 RAMB36 30)
---------------------------------------------------------------------------------
Finished Part Resource Summary
---------------------------------------------------------------------------------
---------------------------------------------------------------------------------
Start Cross Boundary and Area Optimization
---------------------------------------------------------------------------------
WARNING: [Synth 8-7080] Parallel synthesis criteria is not met
WARNING: [Synth 8-6014] Unused sequential element u_main_decode_table/mem_reg was removed. 
WARNING: [Synth 8-6841] Block RAM (u_dmem_ip/mem_reg) originally specified as a Byte Wide Write Enable RAM cannot take advantage of ByteWide feature and is implemented with single write enable per RAM due to following reason.
(address width (13) is more than optimal threshold of 12. Implementing using BWWE will require more logic and timing would be suboptimal. Please use attribute ram_decomp = power if BWWE is desired.)
INFO: [Synth 8-3971] The signal "u_soc/i_0/u_dmem/u_dmem_ip/mem_reg" was recognized as a true dual port RAM template.
---------------------------------------------------------------------------------
Finished Cross Boundary and Area Optimization : Time (s): cpu = 00:05:24 ; elapsed = 00:06:02 . Memory (MB): peak = 2416.199 ; gain = 1564.914
---------------------------------------------------------------------------------
---------------------------------------------------------------------------------
Start ROM, RAM, DSP, Shift Register and Retiming Reporting
---------------------------------------------------------------------------------

Block RAM: Preliminary Mapping Report (see note below)
+-----------------+-----------------------------+------------------------+---+---+------------------------+---+---+------------------+--------+--------+
|Module Name      | RTL Object                  | PORT A (Depth x Width) | W | R | PORT B (Depth x Width) | W | R | Ports driving FF | RAMB18 | RAMB36 | 
+-----------------+-----------------------------+------------------------+---+---+------------------------+---+---+------------------+--------+--------+
|u_soc            | u_main_decode_table/mem_reg | 2 K x 15(READ_FIRST)   | W |   | 2 K x 15(WRITE_FIRST)  |   | R | Port A and B     | 0      | 1      | 
|u_soc/i_0/u_dmem | u_dmem_ip/mem_reg           | 8 K x 32(READ_FIRST)   | W | R | 8 K x 32(READ_FIRST)   | W | R | Port A and B     | 0      | 8      | 
+-----------------+-----------------------------+------------------------+---+---+------------------------+---+---+------------------+--------+--------+

Note: The table above is a preliminary report that shows the Block RAMs at the current stage of the synthesis flow. Some Block RAMs may be reimplemented as non Block RAM primitives later in the synthesis flow. Multiple instantiated Block RAMs are reported only once. 
---------------------------------------------------------------------------------
Finished ROM, RAM, DSP, Shift Register and Retiming Reporting
---------------------------------------------------------------------------------
---------------------------------------------------------------------------------
Start Applying XDC Timing Constraints
---------------------------------------------------------------------------------
---------------------------------------------------------------------------------
Finished Applying XDC Timing Constraints : Time (s): cpu = 00:05:35 ; elapsed = 00:06:14 . Memory (MB): peak = 2416.199 ; gain = 1564.914
---------------------------------------------------------------------------------
---------------------------------------------------------------------------------
Start ROM, RAM, DSP, Shift Register and Retiming Reporting
---------------------------------------------------------------------------------

Block RAM: Final Mapping Report
+-----------------+-----------------------------+------------------------+---+---+------------------------+---+---+------------------+--------+--------+
|Module Name      | RTL Object                  | PORT A (Depth x Width) | W | R | PORT B (Depth x Width) | W | R | Ports driving FF | RAMB18 | RAMB36 | 
+-----------------+-----------------------------+------------------------+---+---+------------------------+---+---+------------------+--------+--------+
|u_soc            | u_main_decode_table/mem_reg | 2 K x 15(READ_FIRST)   | W |   | 2 K x 15(WRITE_FIRST)  |   | R | Port A and B     | 0      | 1      | 
|u_soc/i_0/u_dmem | u_dmem_ip/mem_reg           | 8 K x 32(READ_FIRST)   | W | R | 8 K x 32(READ_FIRST)   | W | R | Port A and B     | 0      | 8      | 
+-----------------+-----------------------------+------------------------+---+---+------------------------+---+---+------------------+--------+--------+

---------------------------------------------------------------------------------
Finished ROM, RAM, DSP, Shift Register and Retiming Reporting
---------------------------------------------------------------------------------
---------------------------------------------------------------------------------
Start Technology Mapping
---------------------------------------------------------------------------------
INFO: [Synth 8-7052] The timing for the instance u_soc/u_rx_top/u_huffman_block_decoder/u_main_decode_table/mem_reg (implemented as a Block RAM) might be sub-optimal as no optional output register could be merged into the ram block. Providing additional output register may help in improving timing.
INFO: [Synth 8-7052] The timing for the instance u_soc/u_imem/instruction_r_reg_0 (implemented as a Block RAM) might be sub-optimal as no optional output register could be merged into the ram block. Providing additional output register may help in improving timing.
INFO: [Synth 8-7052] The timing for the instance u_soc/u_imem/instruction_r_reg_1 (implemented as a Block RAM) might be sub-optimal as no optional output register could be merged into the ram block. Providing additional output register may help in improving timing.
INFO: [Synth 8-7052] The timing for the instance u_soc/u_dmem/u_dmem_ip/mem_reg_0_0 (implemented as a Block RAM) might be sub-optimal as no optional output register could be merged into the ram block. Providing additional output register may help in improving timing.
INFO: [Synth 8-7052] The timing for the instance u_soc/u_dmem/u_dmem_ip/mem_reg_0_0 (implemented as a Block RAM) might be sub-optimal as no optional output register could be merged into the ram block. Providing additional output register may help in improving timing.
INFO: [Synth 8-7052] The timing for the instance u_soc/u_dmem/u_dmem_ip/mem_reg_0_1 (implemented as a Block RAM) might be sub-optimal as no optional output register could be merged into the ram block. Providing additional output register may help in improving timing.
INFO: [Synth 8-7052] The timing for the instance u_soc/u_dmem/u_dmem_ip/mem_reg_0_1 (implemented as a Block RAM) might be sub-optimal as no optional output register could be merged into the ram block. Providing additional output register may help in improving timing.
INFO: [Synth 8-7052] The timing for the instance u_soc/u_dmem/u_dmem_ip/mem_reg_1_0 (implemented as a Block RAM) might be sub-optimal as no optional output register could be merged into the ram block. Providing additional output register may help in improving timing.
INFO: [Synth 8-7052] The timing for the instance u_soc/u_dmem/u_dmem_ip/mem_reg_1_0 (implemented as a Block RAM) might be sub-optimal as no optional output register could be merged into the ram block. Providing additional output register may help in improving timing.
INFO: [Synth 8-7052] The timing for the instance u_soc/u_dmem/u_dmem_ip/mem_reg_1_1 (implemented as a Block RAM) might be sub-optimal as no optional output register could be merged into the ram block. Providing additional output register may help in improving timing.
INFO: [Synth 8-7052] The timing for the instance u_soc/u_dmem/u_dmem_ip/mem_reg_1_1 (implemented as a Block RAM) might be sub-optimal as no optional output register could be merged into the ram block. Providing additional output register may help in improving timing.
INFO: [Synth 8-7052] The timing for the instance u_soc/u_dmem/u_dmem_ip/mem_reg_2_0 (implemented as a Block RAM) might be sub-optimal as no optional output register could be merged into the ram block. Providing additional output register may help in improving timing.
INFO: [Synth 8-7052] The timing for the instance u_soc/u_dmem/u_dmem_ip/mem_reg_2_0 (implemented as a Block RAM) might be sub-optimal as no optional output register could be merged into the ram block. Providing additional output register may help in improving timing.
INFO: [Synth 8-7052] The timing for the instance u_soc/u_dmem/u_dmem_ip/mem_reg_2_1 (implemented as a Block RAM) might be sub-optimal as no optional output register could be merged into the ram block. Providing additional output register may help in improving timing.
INFO: [Synth 8-7052] The timing for the instance u_soc/u_dmem/u_dmem_ip/mem_reg_2_1 (implemented as a Block RAM) might be sub-optimal as no optional output register could be merged into the ram block. Providing additional output register may help in improving timing.
INFO: [Synth 8-7052] The timing for the instance u_soc/u_dmem/u_dmem_ip/mem_reg_3_0 (implemented as a Block RAM) might be sub-optimal as no optional output register could be merged into the ram block. Providing additional output register may help in improving timing.
INFO: [Synth 8-7052] The timing for the instance u_soc/u_dmem/u_dmem_ip/mem_reg_3_0 (implemented as a Block RAM) might be sub-optimal as no optional output register could be merged into the ram block. Providing additional output register may help in improving timing.
INFO: [Synth 8-7052] The timing for the instance u_soc/u_dmem/u_dmem_ip/mem_reg_3_1 (implemented as a Block RAM) might be sub-optimal as no optional output register could be merged into the ram block. Providing additional output register may help in improving timing.
INFO: [Synth 8-7052] The timing for the instance u_soc/u_dmem/u_dmem_ip/mem_reg_3_1 (implemented as a Block RAM) might be sub-optimal as no optional output register could be merged into the ram block. Providing additional output register may help in improving timing.
---------------------------------------------------------------------------------
Finished Technology Mapping : Time (s): cpu = 00:05:57 ; elapsed = 00:06:38 . Memory (MB): peak = 2416.199 ; gain = 1564.914
---------------------------------------------------------------------------------
---------------------------------------------------------------------------------
Start IO Insertion
---------------------------------------------------------------------------------
---------------------------------------------------------------------------------
Start Flattening Before IO Insertion
---------------------------------------------------------------------------------
---------------------------------------------------------------------------------
Finished Flattening Before IO Insertion
---------------------------------------------------------------------------------
---------------------------------------------------------------------------------
Start Final Netlist Cleanup
---------------------------------------------------------------------------------
---------------------------------------------------------------------------------
Finished Final Netlist Cleanup
---------------------------------------------------------------------------------
---------------------------------------------------------------------------------
Finished IO Insertion : Time (s): cpu = 00:06:05 ; elapsed = 00:06:46 . Memory (MB): peak = 2416.199 ; gain = 1564.914
---------------------------------------------------------------------------------
---------------------------------------------------------------------------------
Start Renaming Generated Instances
---------------------------------------------------------------------------------
---------------------------------------------------------------------------------
Finished Renaming Generated Instances : Time (s): cpu = 00:06:05 ; elapsed = 00:06:46 . Memory (MB): peak = 2416.199 ; gain = 1564.914
---------------------------------------------------------------------------------
---------------------------------------------------------------------------------
Start Rebuilding User Hierarchy
---------------------------------------------------------------------------------
---------------------------------------------------------------------------------
Finished Rebuilding User Hierarchy : Time (s): cpu = 00:06:06 ; elapsed = 00:06:47 . Memory (MB): peak = 2416.199 ; gain = 1564.914
---------------------------------------------------------------------------------
---------------------------------------------------------------------------------
Start Renaming Generated Ports
---------------------------------------------------------------------------------
---------------------------------------------------------------------------------
Finished Renaming Generated Ports : Time (s): cpu = 00:06:06 ; elapsed = 00:06:47 . Memory (MB): peak = 2416.199 ; gain = 1564.914
---------------------------------------------------------------------------------
---------------------------------------------------------------------------------
Start Handling Custom Attributes
---------------------------------------------------------------------------------
---------------------------------------------------------------------------------
Finished Handling Custom Attributes : Time (s): cpu = 00:06:06 ; elapsed = 00:06:47 . Memory (MB): peak = 2416.199 ; gain = 1564.914
---------------------------------------------------------------------------------
---------------------------------------------------------------------------------
Start Renaming Generated Nets
---------------------------------------------------------------------------------
---------------------------------------------------------------------------------
Finished Renaming Generated Nets : Time (s): cpu = 00:06:06 ; elapsed = 00:06:47 . Memory (MB): peak = 2416.199 ; gain = 1564.914
---------------------------------------------------------------------------------
---------------------------------------------------------------------------------
Start Writing Synthesis Report
---------------------------------------------------------------------------------

Report BlackBoxes: 
+-+--------------+----------+
| |BlackBox name |Instances |
+-+--------------+----------+
+-+--------------+----------+

Report Cell Usage: 
+------+---------+------+
|      |Cell     |Count |
+------+---------+------+
|1     |BUFG     |     1|
|2     |CARRY4   |   302|
|3     |LUT1     |   145|
|4     |LUT2     |  1484|
|5     |LUT3     |   954|
|6     |LUT4     |  1518|
|7     |LUT5     |  1636|
|8     |LUT6     |  7873|
|9     |MUXF7    |  1158|
|10    |MUXF8    |   158|
|11    |RAMB36E1 |    11|
|15    |FDCE     |  1014|
|16    |FDPE     |     1|
|17    |FDRE     |  9454|
|18    |FDSE     |    16|
|19    |IBUF     |     2|
|20    |OBUF     |     5|
+------+---------+------+
---------------------------------------------------------------------------------
Finished Writing Synthesis Report : Time (s): cpu = 00:06:06 ; elapsed = 00:06:48 . Memory (MB): peak = 2416.199 ; gain = 1564.914
---------------------------------------------------------------------------------
Synthesis finished with 0 errors, 0 critical warnings and 4 warnings.
Synthesis Optimization Runtime : Time (s): cpu = 00:05:39 ; elapsed = 00:06:40 . Memory (MB): peak = 2416.199 ; gain = 1469.461
Synthesis Optimization Complete : Time (s): cpu = 00:06:07 ; elapsed = 00:06:48 . Memory (MB): peak = 2416.199 ; gain = 1564.914
INFO: [Project 1-571] Translating synthesized netlist
Netlist sorting complete. Time (s): cpu = 00:00:00 ; elapsed = 00:00:00.276 . Memory (MB): peak = 2416.199 ; gain = 0.000
INFO: [Netlist 29-17] Analyzing 1629 Unisim elements for replacement
INFO: [Netlist 29-28] Unisim Transformation completed in 1 CPU seconds
INFO: [Project 1-570] Preparing netlist for logic optimization
Parsing XDC File [H:/Academic/senior_project/DATN/work/luc/AES_huffman_all6/vivado/constraints/zedboard_demo.xdc]
Finished Parsing XDC File [H:/Academic/senior_project/DATN/work/luc/AES_huffman_all6/vivado/constraints/zedboard_demo.xdc]
Parsing XDC File [H:/Academic/senior_project/DATN/work/luc/AES_huffman_all6/vivado/build/rv32_soc_synth_rx/auto_clock.xdc]
Finished Parsing XDC File [H:/Academic/senior_project/DATN/work/luc/AES_huffman_all6/vivado/build/rv32_soc_synth_rx/auto_clock.xdc]
INFO: [Opt 31-138] Pushed 0 inverter(s) to 0 load pin(s).
Netlist sorting complete. Time (s): cpu = 00:00:00 ; elapsed = 00:00:00.009 . Memory (MB): peak = 2416.199 ; gain = 0.000
INFO: [Project 1-111] Unisim Transformation Summary:
No Unisim elements were transformed.

Synth Design complete | Checksum: 5d58757
INFO: [Common 17-83] Releasing license: Synthesis
109 Infos, 59 Warnings, 0 Critical Warnings and 0 Errors encountered.
synth_design completed successfully
synth_design: Time (s): cpu = 00:06:18 ; elapsed = 00:07:03 . Memory (MB): peak = 2416.199 ; gain = 1796.820
# report_utilization -file [file join $report_dir "post_synth_utilization.rpt"]
# report_timing_summary -file [file join $report_dir "post_synth_timing_summary.rpt"]
INFO: [Timing 38-35] Done setting XDC timing constraints.
INFO: [Timing 38-91] UpdateTimingParams: Speed grade: -1, Delay Type: min_max.
INFO: [Timing 38-191] Multithreading enabled for timing update using a maximum of 2 CPUs
report_timing_summary: Time (s): cpu = 00:00:18 ; elapsed = 00:00:17 . Memory (MB): peak = 2416.199 ; gain = 0.000
# report_drc -file [file join $report_dir "post_synth_drc.rpt"]
Command: report_drc -file H:/Academic/senior_project/DATN/work/luc/AES_huffman_all6/vivado/build/rv32_soc_synth_rx/reports/post_synth_drc.rpt
INFO: [IP_Flow 19-234] Refreshing IP repositories
INFO: [IP_Flow 19-1704] No user IP repositories specified
INFO: [IP_Flow 19-2313] Loaded Vivado IP repository 'H:/From_software/Vivado/Vivado/Vivado/2024.2/data/ip'.
INFO: [DRC 23-27] Running DRC with 2 threads
INFO: [Vivado_Tcl 2-168] The results of DRC are in file H:/Academic/senior_project/DATN/work/luc/AES_huffman_all6/vivado/build/rv32_soc_synth_rx/reports/post_synth_drc.rpt.
report_drc completed successfully
report_drc: Time (s): cpu = 00:00:09 ; elapsed = 00:00:08 . Memory (MB): peak = 2419.930 ; gain = 3.730
# write_checkpoint -force [file join $build_dir "post_synth.dcp"]
INFO: [Timing 38-480] Writing timing data to binary archive.
Wrote PlaceDB: Time (s): cpu = 00:00:00 ; elapsed = 00:00:00.002 . Memory (MB): peak = 2419.930 ; gain = 0.000
Wrote PulsedLatchDB: Time (s): cpu = 00:00:00 ; elapsed = 00:00:00 . Memory (MB): peak = 2419.930 ; gain = 0.000
Writing XDEF routing.
Write ShapeDB Complete: Time (s): cpu = 00:00:00 ; elapsed = 00:00:00.081 . Memory (MB): peak = 2419.930 ; gain = 0.000
Writing XDEF routing logical nets.
Writing XDEF routing special nets.
Wrote RouteStorage: Time (s): cpu = 00:00:00 ; elapsed = 00:00:00.113 . Memory (MB): peak = 2419.930 ; gain = 0.000
Wrote Netlist Cache: Time (s): cpu = 00:00:00 ; elapsed = 00:00:00.001 . Memory (MB): peak = 2419.930 ; gain = 0.000
Wrote Device Cache: Time (s): cpu = 00:00:00 ; elapsed = 00:00:00.023 . Memory (MB): peak = 2419.930 ; gain = 0.000
Write Physdb Complete: Time (s): cpu = 00:00:00 ; elapsed = 00:00:00.158 . Memory (MB): peak = 2419.930 ; gain = 0.000
INFO: [Common 17-1381] The checkpoint 'H:/Academic/senior_project/DATN/work/luc/AES_huffman_all6/vivado/build/rv32_soc_synth_rx/post_synth.dcp' has been generated.
# if {$flow eq "synth"} {
#   puts "INFO: synth flow completed."
# } elseif {$flow eq "impl" || $flow eq "bit"} {
#   opt_design
#   place_design
#   phys_opt_design
#   route_design
#   phys_opt_design
# 
#   report_route_status -file [file join $report_dir "post_impl_route_status.rpt"]
#   report_utilization -file [file join $report_dir "post_impl_utilization.rpt"]
#   report_timing_summary -file [file join $report_dir "post_impl_timing_summary.rpt"]
#   report_drc -file [file join $report_dir "post_impl_drc.rpt"]
#   report_power -file [file join $report_dir "post_impl_power.rpt"]
#   write_checkpoint -force [file join $build_dir "post_route.dcp"]
#   copy_reports_to_sim $report_dir $sim_dir $project_name
# 
#   set setup_paths [get_timing_paths -max_paths 1 -nworst 1 -setup]
#   if {[llength $setup_paths] > 0} {
#     set wns [get_property SLACK [lindex $setup_paths 0]]
#     puts "INFO: post-route setup WNS=$wns ns"
#     if {$wns < 0.0} {
#       error "Post-route timing failed: WNS=$wns ns"
#     }
#   } else {
#     puts "WARNING: no setup timing path returned by get_timing_paths"
#   }
# 
#   if {$flow eq "bit"} {
#     set bit_file [file join $report_dir "${top_name}.bit"]
#     write_bitstream -force $bit_file
#     file mkdir [file join $sim_dir "vivado_bitstreams"]
#     file copy -force $bit_file [file join $sim_dir "vivado_bitstreams" "${project_name}.bit"]
#     file copy -force $bit_file [file join $sim_dir "vivado_bitstreams" "${project_name}_${top_name}.bit"]
#   }
# } else {
#   error "Unsupported VIVADO_FLOW=$flow. Use synth, impl, or bit."
# }
Command: opt_design
Attempting to get a license for feature 'Implementation' and/or device 'xc7z020'
INFO: [Common 17-349] Got license for feature 'Implementation' and/or device 'xc7z020'
Running DRC as a precondition to command opt_design

Starting DRC Task
INFO: [DRC 23-27] Running DRC with 2 threads
INFO: [Project 1-461] DRC finished with 0 Errors
INFO: [Project 1-462] Please refer to the DRC report (report_drc) for more information.

Time (s): cpu = 00:00:03 ; elapsed = 00:00:02 . Memory (MB): peak = 2436.016 ; gain = 16.086

Starting Cache Timing Information Task
Ending Cache Timing Information Task | Checksum: cc2ca3b7

Time (s): cpu = 00:00:00 ; elapsed = 00:00:00.013 . Memory (MB): peak = 2436.016 ; gain = 0.000

Starting Logic Optimization Task

Phase 1 Initialization

Phase 1.1 Core Generation And Design Setup
Phase 1.1 Core Generation And Design Setup | Checksum: cc2ca3b7

Time (s): cpu = 00:00:00 ; elapsed = 00:00:00.025 . Memory (MB): peak = 2798.910 ; gain = 0.000

Phase 1.2 Setup Constraints And Sort Netlist
Phase 1.2 Setup Constraints And Sort Netlist | Checksum: cc2ca3b7

Time (s): cpu = 00:00:00 ; elapsed = 00:00:00.046 . Memory (MB): peak = 2798.910 ; gain = 0.000
Phase 1 Initialization | Checksum: cc2ca3b7

Time (s): cpu = 00:00:00 ; elapsed = 00:00:00.050 . Memory (MB): peak = 2798.910 ; gain = 0.000

Phase 2 Timer Update And Timing Data Collection

Phase 2.1 Timer Update
Phase 2.1 Timer Update | Checksum: cc2ca3b7

Time (s): cpu = 00:00:01 ; elapsed = 00:00:00.692 . Memory (MB): peak = 2798.910 ; gain = 0.000

Phase 2.2 Timing Data Collection
Phase 2.2 Timing Data Collection | Checksum: cc2ca3b7

Time (s): cpu = 00:00:01 ; elapsed = 00:00:00.732 . Memory (MB): peak = 2798.910 ; gain = 0.000
Phase 2 Timer Update And Timing Data Collection | Checksum: cc2ca3b7

Time (s): cpu = 00:00:01 ; elapsed = 00:00:00.737 . Memory (MB): peak = 2798.910 ; gain = 0.000

Phase 3 Retarget
INFO: [Opt 31-1851] Number of loadless carry chains removed were: 0
INFO: [Opt 31-1834] Total Chains To Be Transformed Were: 0 AND Number of Transformed insts Created are: 0
INFO: [Opt 31-1566] Pulled 13 inverters resulting in an inversion of 251 pins
INFO: [Opt 31-138] Pushed 0 inverter(s) to 0 load pin(s).
INFO: [Opt 31-49] Retargeted 0 cell(s).
Phase 3 Retarget | Checksum: 1ab7444bd

Time (s): cpu = 00:00:01 ; elapsed = 00:00:01 . Memory (MB): peak = 2798.910 ; gain = 0.000
Retarget | Checksum: 1ab7444bd
INFO: [Opt 31-389] Phase Retarget created 41 cells and removed 55 cells

Phase 4 Constant propagation
INFO: [Opt 31-138] Pushed 0 inverter(s) to 0 load pin(s).
Phase 4 Constant propagation | Checksum: 14b656af3

Time (s): cpu = 00:00:01 ; elapsed = 00:00:02 . Memory (MB): peak = 2798.910 ; gain = 0.000
Constant propagation | Checksum: 14b656af3
INFO: [Opt 31-389] Phase Constant propagation created 64 cells and removed 97 cells

Phase 5 Sweep
INFO: [Constraints 18-11670] Building netlist checker database with flags, 0x8
Done building netlist checker database: Time (s): cpu = 00:00:00 ; elapsed = 00:00:00.006 . Memory (MB): peak = 2798.910 ; gain = 0.000
INFO: [Constraints 18-11670] Building netlist checker database with flags, 0x8
Done building netlist checker database: Time (s): cpu = 00:00:00 ; elapsed = 00:00:00.006 . Memory (MB): peak = 2798.910 ; gain = 0.000
Phase 5 Sweep | Checksum: 19adcf521

Time (s): cpu = 00:00:02 ; elapsed = 00:00:02 . Memory (MB): peak = 2798.910 ; gain = 0.000
Sweep | Checksum: 19adcf521
INFO: [Opt 31-389] Phase Sweep created 0 cells and removed 1 cells

Phase 6 BUFG optimization
Phase 6 BUFG optimization | Checksum: 19adcf521

Time (s): cpu = 00:00:02 ; elapsed = 00:00:02 . Memory (MB): peak = 2798.910 ; gain = 0.000
BUFG optimization | Checksum: 19adcf521
INFO: [Opt 31-662] Phase BUFG optimization created 0 cells of which 0 are BUFGs and removed 0 cells.

Phase 7 Shift Register Optimization
INFO: [Opt 31-1064] SRL Remap converted 0 SRLs to 0 registers and converted 0 registers of register chains to 0 SRLs
Phase 7 Shift Register Optimization | Checksum: 19adcf521

Time (s): cpu = 00:00:02 ; elapsed = 00:00:02 . Memory (MB): peak = 2798.910 ; gain = 0.000
Shift Register Optimization | Checksum: 19adcf521
INFO: [Opt 31-389] Phase Shift Register Optimization created 0 cells and removed 0 cells

Phase 8 Post Processing Netlist
Phase 8 Post Processing Netlist | Checksum: 19adcf521

Time (s): cpu = 00:00:02 ; elapsed = 00:00:02 . Memory (MB): peak = 2798.910 ; gain = 0.000
Post Processing Netlist | Checksum: 19adcf521
INFO: [Opt 31-389] Phase Post Processing Netlist created 0 cells and removed 0 cells

Phase 9 Finalization

Phase 9.1 Finalizing Design Cores and Updating Shapes
Phase 9.1 Finalizing Design Cores and Updating Shapes | Checksum: 1e45b4fc1

Time (s): cpu = 00:00:02 ; elapsed = 00:00:03 . Memory (MB): peak = 2798.910 ; gain = 0.000

Phase 9.2 Verifying Netlist Connectivity

Starting Connectivity Check Task

Time (s): cpu = 00:00:01 ; elapsed = 00:00:00.058 . Memory (MB): peak = 2798.910 ; gain = 0.000
Phase 9.2 Verifying Netlist Connectivity | Checksum: 1e45b4fc1

Time (s): cpu = 00:00:03 ; elapsed = 00:00:03 . Memory (MB): peak = 2798.910 ; gain = 0.000
Phase 9 Finalization | Checksum: 1e45b4fc1

Time (s): cpu = 00:00:03 ; elapsed = 00:00:03 . Memory (MB): peak = 2798.910 ; gain = 0.000
Opt_design Change Summary
=========================


-------------------------------------------------------------------------------------------------------------------------
|  Phase                        |  #Cells created  |  #Cells Removed  |  #Constrained objects preventing optimizations  |
-------------------------------------------------------------------------------------------------------------------------
|  Retarget                     |              41  |              55  |                                              0  |
|  Constant propagation         |              64  |              97  |                                              0  |
|  Sweep                        |               0  |               1  |                                              0  |
|  BUFG optimization            |               0  |               0  |                                              0  |
|  Shift Register Optimization  |               0  |               0  |                                              0  |
|  Post Processing Netlist      |               0  |               0  |                                              0  |
-------------------------------------------------------------------------------------------------------------------------


Ending Logic Optimization Task | Checksum: 1e45b4fc1

Time (s): cpu = 00:00:03 ; elapsed = 00:00:03 . Memory (MB): peak = 2798.910 ; gain = 0.000

Starting Power Optimization Task
INFO: [Pwropt 34-132] Skipping clock gating for clocks with a period < 2.00 ns.
INFO: [Timing 38-35] Done setting XDC timing constraints.
INFO: [Pwropt 34-9] Applying IDT optimizations ...
INFO: [Pwropt 34-10] Applying ODC optimizations ...
Running Vector-less Activity Propagation...

Finished Running Vector-less Activity Propagation


Starting PowerOpt Patch Enables Task
INFO: [Pwropt 34-162] WRITE_MODE attribute of 0 BRAM(s) out of a total of 11 has been updated to save power. Run report_power_opt to get a complete listing of the BRAMs updated.
INFO: [Pwropt 34-201] Structural ODC has moved 0 WE to EN ports
Number of BRAM Ports augmented: 0 newly gated: 0 Total Ports: 22
Ending PowerOpt Patch Enables Task | Checksum: 1e45b4fc1

Time (s): cpu = 00:00:00 ; elapsed = 00:00:00.119 . Memory (MB): peak = 2901.539 ; gain = 0.000
Ending Power Optimization Task | Checksum: 1e45b4fc1

Time (s): cpu = 00:00:16 ; elapsed = 00:00:09 . Memory (MB): peak = 2901.539 ; gain = 102.629

Starting Final Cleanup Task
Ending Final Cleanup Task | Checksum: 1e45b4fc1

Time (s): cpu = 00:00:00 ; elapsed = 00:00:00.005 . Memory (MB): peak = 2901.539 ; gain = 0.000

Starting Netlist Obfuscation Task
Netlist sorting complete. Time (s): cpu = 00:00:00 ; elapsed = 00:00:00.009 . Memory (MB): peak = 2901.539 ; gain = 0.000
Ending Netlist Obfuscation Task | Checksum: 1e45b4fc1

Time (s): cpu = 00:00:00 ; elapsed = 00:00:00.017 . Memory (MB): peak = 2901.539 ; gain = 0.000
INFO: [Common 17-83] Releasing license: Implementation
26 Infos, 0 Warnings, 0 Critical Warnings and 0 Errors encountered.
opt_design completed successfully
opt_design: Time (s): cpu = 00:00:27 ; elapsed = 00:00:19 . Memory (MB): peak = 2901.539 ; gain = 481.609
Command: place_design
Attempting to get a license for feature 'Implementation' and/or device 'xc7z020'
INFO: [Common 17-349] Got license for feature 'Implementation' and/or device 'xc7z020'
INFO: [Common 17-83] Releasing license: Implementation
INFO: [DRC 23-27] Running DRC with 2 threads
INFO: [Vivado_Tcl 4-198] DRC finished with 0 Errors
INFO: [Vivado_Tcl 4-199] Please refer to the DRC report (report_drc) for more information.
Running DRC as a precondition to command place_design
INFO: [DRC 23-27] Running DRC with 2 threads
INFO: [Vivado_Tcl 4-198] DRC finished with 0 Errors
INFO: [Vivado_Tcl 4-199] Please refer to the DRC report (report_drc) for more information.
INFO: [Place 30-611] Multithreading enabled for place_design using a maximum of 2 CPUs

Starting Placer Task

Phase 1 Placer Initialization

Phase 1.1 Placer Initialization Netlist Sorting
Netlist sorting complete. Time (s): cpu = 00:00:00 ; elapsed = 00:00:00.008 . Memory (MB): peak = 2901.539 ; gain = 0.000
Phase 1.1 Placer Initialization Netlist Sorting | Checksum: 1760ac545

Time (s): cpu = 00:00:00 ; elapsed = 00:00:00.012 . Memory (MB): peak = 2901.539 ; gain = 0.000
Netlist sorting complete. Time (s): cpu = 00:00:00 ; elapsed = 00:00:00.007 . Memory (MB): peak = 2901.539 ; gain = 0.000

Phase 1.2 IO Placement/ Clock Placement/ Build Placer Device
INFO: [Timing 38-35] Done setting XDC timing constraints.
Phase 1.2 IO Placement/ Clock Placement/ Build Placer Device | Checksum: 1af1e38e3

Time (s): cpu = 00:00:03 ; elapsed = 00:00:02 . Memory (MB): peak = 2901.539 ; gain = 0.000

Phase 1.3 Build Placer Netlist Model
Phase 1.3 Build Placer Netlist Model | Checksum: 2829b7c9c

Time (s): cpu = 00:00:09 ; elapsed = 00:00:07 . Memory (MB): peak = 2901.539 ; gain = 0.000

Phase 1.4 Constrain Clocks/Macros
Phase 1.4 Constrain Clocks/Macros | Checksum: 2829b7c9c

Time (s): cpu = 00:00:09 ; elapsed = 00:00:07 . Memory (MB): peak = 2901.539 ; gain = 0.000
Phase 1 Placer Initialization | Checksum: 2829b7c9c

Time (s): cpu = 00:00:09 ; elapsed = 00:00:07 . Memory (MB): peak = 2901.539 ; gain = 0.000

Phase 2 Global Placement

Phase 2.1 Floorplanning
Phase 2.1 Floorplanning | Checksum: 258f5d270

Time (s): cpu = 00:00:11 ; elapsed = 00:00:08 . Memory (MB): peak = 2901.539 ; gain = 0.000

Phase 2.2 Update Timing before SLR Path Opt
Phase 2.2 Update Timing before SLR Path Opt | Checksum: 2a5274164

Time (s): cpu = 00:00:14 ; elapsed = 00:00:10 . Memory (MB): peak = 2901.539 ; gain = 0.000

Phase 2.3 Post-Processing in Floorplanning
Phase 2.3 Post-Processing in Floorplanning | Checksum: 2a5274164

Time (s): cpu = 00:00:14 ; elapsed = 00:00:10 . Memory (MB): peak = 2901.539 ; gain = 0.000

Phase 2.4 Global Place Phase1
Phase 2.4 Global Place Phase1 | Checksum: 150fc8242

Time (s): cpu = 00:00:41 ; elapsed = 00:00:30 . Memory (MB): peak = 2901.539 ; gain = 0.000

Phase 2.5 Global Place Phase2

Phase 2.5.1 UpdateTiming Before Physical Synthesis
Phase 2.5.1 UpdateTiming Before Physical Synthesis | Checksum: 179f2a1d5

Time (s): cpu = 00:00:45 ; elapsed = 00:00:32 . Memory (MB): peak = 2901.539 ; gain = 0.000

Phase 2.5.2 Physical Synthesis In Placer
INFO: [Physopt 32-1035] Found 0 LUTNM shape to break, 1089 LUT instances to create LUTNM shape
INFO: [Physopt 32-1044] Break lutnm for timing: one critical 0, two critical 0, total 0, new lutff created 0
INFO: [Physopt 32-1138] End 1 Pass. Optimized 424 nets or LUTs. Breaked 0 LUT, combined 424 existing LUTs and moved 0 existing LUT
INFO: [Physopt 32-65] No nets found for high-fanout optimization.
INFO: [Physopt 32-232] Optimized 0 net. Created 0 new instance.
INFO: [Physopt 32-775] End 1 Pass. Optimized 0 net or cell. Created 0 new cell, deleted 0 existing cell and moved 0 existing cell
INFO: [Physopt 32-456] No candidate cells for DSP register optimization found in the design.
INFO: [Physopt 32-775] End 2 Pass. Optimized 0 net or cell. Created 0 new cell, deleted 0 existing cell and moved 0 existing cell
INFO: [Physopt 32-1123] No candidate cells found for Shift Register to Pipeline optimization
INFO: [Physopt 32-775] End 2 Pass. Optimized 0 net or cell. Created 0 new cell, deleted 0 existing cell and moved 0 existing cell
INFO: [Physopt 32-1401] No candidate cells found for Shift Register optimization.
INFO: [Physopt 32-677] No candidate cells for Shift Register optimization found in the design
INFO: [Physopt 32-775] End 1 Pass. Optimized 0 net or cell. Created 0 new cell, deleted 0 existing cell and moved 0 existing cell
INFO: [Physopt 32-526] No candidate cells for BRAM register optimization found in the design
INFO: [Physopt 32-775] End 1 Pass. Optimized 0 net or cell. Created 0 new cell, deleted 0 existing cell and moved 0 existing cell
INFO: [Physopt 32-846] No candidate cells for URAM register optimization found in the design
INFO: [Physopt 32-775] End 1 Pass. Optimized 0 net or cell. Created 0 new cell, deleted 0 existing cell and moved 0 existing cell
INFO: [Physopt 32-846] No candidate cells for URAM register optimization found in the design
INFO: [Physopt 32-775] End 1 Pass. Optimized 0 net or cell. Created 0 new cell, deleted 0 existing cell and moved 0 existing cell
INFO: [Physopt 32-949] No candidate nets found for dynamic/static region interface net replication
INFO: [Physopt 32-775] End 1 Pass. Optimized 0 net or cell. Created 0 new cell, deleted 0 existing cell and moved 0 existing cell
Netlist sorting complete. Time (s): cpu = 00:00:00 ; elapsed = 00:00:00.012 . Memory (MB): peak = 2901.539 ; gain = 0.000

Summary of Physical Synthesis Optimizations
============================================


-----------------------------------------------------------------------------------------------------------------------------------------------------------
|  Optimization                                     |  Added Cells  |  Removed Cells  |  Optimized Cells/Nets  |  Dont Touch  |  Iterations  |  Elapsed   |
-----------------------------------------------------------------------------------------------------------------------------------------------------------
|  LUT Combining                                    |            0  |            424  |                   424  |           0  |           1  |  00:00:02  |
|  Retime                                           |            0  |              0  |                     0  |           0  |           1  |  00:00:00  |
|  Very High Fanout                                 |            0  |              0  |                     0  |           0  |           1  |  00:00:00  |
|  DSP Register                                     |            0  |              0  |                     0  |           0  |           1  |  00:00:00  |
|  Shift Register to Pipeline                       |            0  |              0  |                     0  |           0  |           1  |  00:00:00  |
|  Shift Register                                   |            0  |              0  |                     0  |           0  |           1  |  00:00:00  |
|  BRAM Register                                    |            0  |              0  |                     0  |           0  |           1  |  00:00:00  |
|  URAM Register                                    |            0  |              0  |                     0  |           0  |           1  |  00:00:00  |
|  Dynamic/Static Region Interface Net Replication  |            0  |              0  |                     0  |           0  |           1  |  00:00:00  |
|  Total                                            |            0  |            424  |                   424  |           0  |           9  |  00:00:03  |
-----------------------------------------------------------------------------------------------------------------------------------------------------------


Phase 2.5.2 Physical Synthesis In Placer | Checksum: 1db75b1d7

Time (s): cpu = 00:00:51 ; elapsed = 00:00:38 . Memory (MB): peak = 2901.539 ; gain = 0.000
Phase 2.5 Global Place Phase2 | Checksum: 19a9ab57b

Time (s): cpu = 00:00:52 ; elapsed = 00:00:38 . Memory (MB): peak = 2901.539 ; gain = 0.000
Phase 2 Global Placement | Checksum: 19a9ab57b

Time (s): cpu = 00:00:52 ; elapsed = 00:00:38 . Memory (MB): peak = 2901.539 ; gain = 0.000

Phase 3 Detail Placement

Phase 3.1 Commit Multi Column Macros
Phase 3.1 Commit Multi Column Macros | Checksum: 1d503791b

Time (s): cpu = 00:00:55 ; elapsed = 00:00:40 . Memory (MB): peak = 2901.539 ; gain = 0.000

Phase 3.2 Commit Most Macros & LUTRAMs
Phase 3.2 Commit Most Macros & LUTRAMs | Checksum: 1851b04c8

Time (s): cpu = 00:01:01 ; elapsed = 00:00:44 . Memory (MB): peak = 2901.539 ; gain = 0.000

Phase 3.3 Area Swap Optimization
Phase 3.3 Area Swap Optimization | Checksum: 19537cb91

Time (s): cpu = 00:01:01 ; elapsed = 00:00:45 . Memory (MB): peak = 2901.539 ; gain = 0.000

Phase 3.4 Pipeline Register Optimization
Phase 3.4 Pipeline Register Optimization | Checksum: 1cf58eacf

Time (s): cpu = 00:01:01 ; elapsed = 00:00:45 . Memory (MB): peak = 2901.539 ; gain = 0.000

Phase 3.5 Fast Optimization
Phase 3.5 Fast Optimization | Checksum: 1e2c7dbd6

Time (s): cpu = 00:01:07 ; elapsed = 00:00:50 . Memory (MB): peak = 2901.539 ; gain = 0.000

Phase 3.6 Small Shape Detail Placement
Phase 3.6 Small Shape Detail Placement | Checksum: 1e9692f2f

Time (s): cpu = 00:01:19 ; elapsed = 00:01:07 . Memory (MB): peak = 2901.539 ; gain = 0.000

Phase 3.7 Re-assign LUT pins
Phase 3.7 Re-assign LUT pins | Checksum: 25c23c27e

Time (s): cpu = 00:01:22 ; elapsed = 00:01:10 . Memory (MB): peak = 2901.539 ; gain = 0.000

Phase 3.8 Pipeline Register Optimization
Phase 3.8 Pipeline Register Optimization | Checksum: 225c6a2bc

Time (s): cpu = 00:01:22 ; elapsed = 00:01:10 . Memory (MB): peak = 2901.539 ; gain = 0.000

Phase 3.9 Fast Optimization
Phase 3.9 Fast Optimization | Checksum: 22955c84e

Time (s): cpu = 00:01:38 ; elapsed = 00:01:23 . Memory (MB): peak = 2901.539 ; gain = 0.000
Phase 3 Detail Placement | Checksum: 22955c84e

Time (s): cpu = 00:01:39 ; elapsed = 00:01:24 . Memory (MB): peak = 2901.539 ; gain = 0.000

Phase 4 Post Placement Optimization and Clean-Up

Phase 4.1 Post Commit Optimization
INFO: [Timing 38-35] Done setting XDC timing constraints.

Phase 4.1.1 Post Placement Optimization
Post Placement Optimization Initialization | Checksum: 1c5991413

Phase 4.1.1.1 BUFG Insertion

Starting Physical Synthesis Task

Phase 1 Physical Synthesis Initialization
INFO: [Physopt 32-721] Multithreading enabled for phys_opt_design using a maximum of 2 CPUs
INFO: [Physopt 32-619] Estimated Timing Summary | WNS=-1.754 | TNS=-90.216 |
Phase 1 Physical Synthesis Initialization | Checksum: 121a81900

Time (s): cpu = 00:00:01 ; elapsed = 00:00:00.903 . Memory (MB): peak = 2901.539 ; gain = 0.000
INFO: [Place 46-33] Processed net u_uart_dmem_loader/rst_i, BUFG insertion was skipped due to placement/routing conflicts.
INFO: [Place 46-56] BUFG insertion identified 1 candidate nets. Inserted BUFG: 0, Replicated BUFG Driver: 0, Skipped due to Placement/Routing Conflicts: 1, Skipped due to Timing Degradation: 0, Skipped due to netlist editing failed: 0.
Ending Physical Synthesis Task | Checksum: 1e160a817

Time (s): cpu = 00:00:02 ; elapsed = 00:00:02 . Memory (MB): peak = 2901.539 ; gain = 0.000
Phase 4.1.1.1 BUFG Insertion | Checksum: 1c5991413

Time (s): cpu = 00:01:48 ; elapsed = 00:01:30 . Memory (MB): peak = 2901.539 ; gain = 0.000

Phase 4.1.1.2 Post Placement Timing Optimization
INFO: [Place 30-746] Post Placement Timing Summary WNS=0.567. For the most accurate timing information please run report_timing.
Phase 4.1.1.2 Post Placement Timing Optimization | Checksum: 20b4eae47

Time (s): cpu = 00:01:52 ; elapsed = 00:01:35 . Memory (MB): peak = 2901.539 ; gain = 0.000

Time (s): cpu = 00:01:52 ; elapsed = 00:01:35 . Memory (MB): peak = 2901.539 ; gain = 0.000
Phase 4.1 Post Commit Optimization | Checksum: 20b4eae47

Time (s): cpu = 00:01:52 ; elapsed = 00:01:35 . Memory (MB): peak = 2901.539 ; gain = 0.000

Phase 4.2 Post Placement Cleanup
Phase 4.2 Post Placement Cleanup | Checksum: 20b4eae47

Time (s): cpu = 00:01:53 ; elapsed = 00:01:36 . Memory (MB): peak = 2901.539 ; gain = 0.000

Phase 4.3 Placer Reporting

Phase 4.3.1 Print Estimated Congestion
INFO: [Place 30-612] Post-Placement Estimated Congestion 
 ____________________________________________________
|           | Global Congestion | Short Congestion  |
| Direction | Region Size       | Region Size       |
|___________|___________________|___________________|
|      North|                1x1|                2x2|
|___________|___________________|___________________|
|      South|                1x1|                1x1|
|___________|___________________|___________________|
|       East|                1x1|                1x1|
|___________|___________________|___________________|
|       West|                1x1|                1x1|
|___________|___________________|___________________|

Phase 4.3.1 Print Estimated Congestion | Checksum: 20b4eae47

Time (s): cpu = 00:01:53 ; elapsed = 00:01:36 . Memory (MB): peak = 2901.539 ; gain = 0.000
Phase 4.3 Placer Reporting | Checksum: 20b4eae47

Time (s): cpu = 00:01:53 ; elapsed = 00:01:36 . Memory (MB): peak = 2901.539 ; gain = 0.000

Phase 4.4 Final Placement Cleanup
Netlist sorting complete. Time (s): cpu = 00:00:00 ; elapsed = 00:00:00.011 . Memory (MB): peak = 2901.539 ; gain = 0.000

Time (s): cpu = 00:01:54 ; elapsed = 00:01:36 . Memory (MB): peak = 2901.539 ; gain = 0.000
Phase 4 Post Placement Optimization and Clean-Up | Checksum: 2286b9c82

Time (s): cpu = 00:01:54 ; elapsed = 00:01:36 . Memory (MB): peak = 2901.539 ; gain = 0.000
Ending Placer Task | Checksum: 18420b504

Time (s): cpu = 00:01:54 ; elapsed = 00:01:36 . Memory (MB): peak = 2901.539 ; gain = 0.000
64 Infos, 0 Warnings, 0 Critical Warnings and 0 Errors encountered.
place_design completed successfully
place_design: Time (s): cpu = 00:01:59 ; elapsed = 00:01:39 . Memory (MB): peak = 2901.539 ; gain = 0.000
Command: phys_opt_design
Attempting to get a license for feature 'Implementation' and/or device 'xc7z020'
INFO: [Common 17-349] Got license for feature 'Implementation' and/or device 'xc7z020'

Starting Initial Update Timing Task

Time (s): cpu = 00:00:06 ; elapsed = 00:00:04 . Memory (MB): peak = 2901.539 ; gain = 0.000
INFO: [Vivado_Tcl 4-2279] Estimated Timing Summary | WNS= 0.567 | TNS= 0.000 | 
INFO: [Vivado_Tcl 4-383] Design worst setup slack (WNS) is greater than or equal to 0.000 ns. All physical synthesis setup optimizations will be skipped.
INFO: [Vivado_Tcl 4-232] No setup violation found. The netlist was not modified.
INFO: [Common 17-83] Releasing license: Implementation
69 Infos, 0 Warnings, 0 Critical Warnings and 0 Errors encountered.
phys_opt_design completed successfully
Command: route_design
Attempting to get a license for feature 'Implementation' and/or device 'xc7z020'
INFO: [Common 17-349] Got license for feature 'Implementation' and/or device 'xc7z020'


Starting Routing Task
INFO: [Route 35-254] Multithreading enabled for route_design using a maximum of 2 CPUs

Phase 1 Build RT Design
Checksum: PlaceDB: f03bbbcd ConstDB: 0 ShapeSum: 7deb8647 RouteDB: 15f972f0
Post Restoration Checksum: NetGraph: edfe2a82 | NumContArr: 65f9fdd3 | Constraints: c2a8fa9d | Timing: c2a8fa9d
Phase 1 Build RT Design | Checksum: 2d94a1d8f

Time (s): cpu = 00:00:44 ; elapsed = 00:00:40 . Memory (MB): peak = 2901.539 ; gain = 0.000

Phase 2 Router Initialization

Phase 2.1 Fix Topology Constraints
Phase 2.1 Fix Topology Constraints | Checksum: 2d94a1d8f

Time (s): cpu = 00:00:44 ; elapsed = 00:00:40 . Memory (MB): peak = 2901.539 ; gain = 0.000

Phase 2.2 Pre Route Cleanup
Phase 2.2 Pre Route Cleanup | Checksum: 2d94a1d8f

Time (s): cpu = 00:00:45 ; elapsed = 00:00:40 . Memory (MB): peak = 2901.539 ; gain = 0.000
 Number of Nodes with overlaps = 0

Phase 2.3 Update Timing
Phase 2.3 Update Timing | Checksum: 2040aa11f

Time (s): cpu = 00:00:53 ; elapsed = 00:00:46 . Memory (MB): peak = 2901.539 ; gain = 0.000
INFO: [Route 35-416] Intermediate Timing Summary | WNS=1.067  | TNS=0.000  | WHS=-0.144 | THS=-57.943|


Router Utilization Summary
  Global Vertical Routing Utilization    = 0 %
  Global Horizontal Routing Utilization  = 0 %
  Routable Net Status*
  *Does not include unroutable nets such as driverless and loadless.
  Run report_route_status for detailed report.
  Number of Failed Nets               = 19808
    (Failed Nets is the sum of unrouted and partially routed nets)
  Number of Unrouted Nets             = 19808
  Number of Partially Routed Nets     = 0
  Number of Node Overlaps             = 0

Phase 2 Router Initialization | Checksum: 2341b73b6

Time (s): cpu = 00:00:58 ; elapsed = 00:00:49 . Memory (MB): peak = 2901.539 ; gain = 0.000

Phase 3 Global Routing
Phase 3 Global Routing | Checksum: 2341b73b6

Time (s): cpu = 00:00:58 ; elapsed = 00:00:49 . Memory (MB): peak = 2901.539 ; gain = 0.000

Phase 4 Initial Routing

Phase 4.1 Initial Net Routing Pass
Phase 4.1 Initial Net Routing Pass | Checksum: 2e88f653a

Time (s): cpu = 00:01:07 ; elapsed = 00:00:55 . Memory (MB): peak = 2901.539 ; gain = 0.000
Phase 4 Initial Routing | Checksum: 2e88f653a

Time (s): cpu = 00:01:07 ; elapsed = 00:00:55 . Memory (MB): peak = 2901.539 ; gain = 0.000

Phase 5 Rip-up And Reroute

Phase 5.1 Global Iteration 0
 Number of Nodes with overlaps = 5663
 Number of Nodes with overlaps = 1332
 Number of Nodes with overlaps = 421
 Number of Nodes with overlaps = 151
 Number of Nodes with overlaps = 55
 Number of Nodes with overlaps = 21
 Number of Nodes with overlaps = 12
 Number of Nodes with overlaps = 4
 Number of Nodes with overlaps = 1
 Number of Nodes with overlaps = 0
INFO: [Route 35-416] Intermediate Timing Summary | WNS=0.071  | TNS=0.000  | WHS=N/A    | THS=N/A    |

Phase 5.1 Global Iteration 0 | Checksum: 2e88c3c9e

Time (s): cpu = 00:01:50 ; elapsed = 00:01:32 . Memory (MB): peak = 2901.539 ; gain = 0.000
Phase 5 Rip-up And Reroute | Checksum: 2e88c3c9e

Time (s): cpu = 00:01:50 ; elapsed = 00:01:32 . Memory (MB): peak = 2901.539 ; gain = 0.000

Phase 6 Delay and Skew Optimization

Phase 6.1 Delay CleanUp

Phase 6.1.1 Update Timing
Phase 6.1.1 Update Timing | Checksum: 35574f23a

Time (s): cpu = 00:01:52 ; elapsed = 00:01:33 . Memory (MB): peak = 2901.539 ; gain = 0.000
INFO: [Route 35-416] Intermediate Timing Summary | WNS=0.186  | TNS=0.000  | WHS=N/A    | THS=N/A    |

Phase 6.1 Delay CleanUp | Checksum: 35574f23a

Time (s): cpu = 00:01:52 ; elapsed = 00:01:33 . Memory (MB): peak = 2901.539 ; gain = 0.000

Phase 6.2 Clock Skew Optimization
Phase 6.2 Clock Skew Optimization | Checksum: 35574f23a

Time (s): cpu = 00:01:53 ; elapsed = 00:01:33 . Memory (MB): peak = 2901.539 ; gain = 0.000
Phase 6 Delay and Skew Optimization | Checksum: 35574f23a

Time (s): cpu = 00:01:53 ; elapsed = 00:01:33 . Memory (MB): peak = 2901.539 ; gain = 0.000

Phase 7 Post Hold Fix

Phase 7.1 Hold Fix Iter
INFO: [Route 35-416] Intermediate Timing Summary | WNS=0.186  | TNS=0.000  | WHS=0.034  | THS=0.000  |

Phase 7.1 Hold Fix Iter | Checksum: 2c1767cb6

Time (s): cpu = 00:01:55 ; elapsed = 00:01:34 . Memory (MB): peak = 2901.539 ; gain = 0.000
Phase 7 Post Hold Fix | Checksum: 2c1767cb6

Time (s): cpu = 00:01:55 ; elapsed = 00:01:34 . Memory (MB): peak = 2901.539 ; gain = 0.000

Phase 8 Route finalize

Router Utilization Summary
  Global Vertical Routing Utilization    = 5.36005 %
  Global Horizontal Routing Utilization  = 7.39317 %
  Routable Net Status*
  *Does not include unroutable nets such as driverless and loadless.
  Run report_route_status for detailed report.
  Number of Failed Nets               = 0
    (Failed Nets is the sum of unrouted and partially routed nets)
  Number of Unrouted Nets             = 0
  Number of Partially Routed Nets     = 0
  Number of Node Overlaps             = 0

Phase 8 Route finalize | Checksum: 2c1767cb6

Time (s): cpu = 00:01:55 ; elapsed = 00:01:35 . Memory (MB): peak = 2901.539 ; gain = 0.000

Phase 9 Verifying routed nets

 Verification completed successfully
Phase 9 Verifying routed nets | Checksum: 2c1767cb6

Time (s): cpu = 00:01:55 ; elapsed = 00:01:35 . Memory (MB): peak = 2901.539 ; gain = 0.000

Phase 10 Depositing Routes
Phase 10 Depositing Routes | Checksum: 279b5c18c

Time (s): cpu = 00:01:58 ; elapsed = 00:01:37 . Memory (MB): peak = 2901.539 ; gain = 0.000

Phase 11 Post Process Routing
Phase 11 Post Process Routing | Checksum: 279b5c18c

Time (s): cpu = 00:01:58 ; elapsed = 00:01:37 . Memory (MB): peak = 2901.539 ; gain = 0.000

Phase 12 Post Router Timing
INFO: [Route 35-57] Estimated Timing Summary | WNS=0.186  | TNS=0.000  | WHS=0.034  | THS=0.000  |

INFO: [Route 35-327] The final timing numbers are based on the router estimated timing analysis. For a complete and accurate timing signoff, please run report_timing_summary.
Phase 12 Post Router Timing | Checksum: 279b5c18c

Time (s): cpu = 00:01:58 ; elapsed = 00:01:37 . Memory (MB): peak = 2901.539 ; gain = 0.000
Total Elapsed time in route_design: 97.195 secs

Phase 13 Post-Route Event Processing
Phase 13 Post-Route Event Processing | Checksum: 11b67d296

Time (s): cpu = 00:01:58 ; elapsed = 00:01:37 . Memory (MB): peak = 2901.539 ; gain = 0.000
INFO: [Route 35-16] Router Completed Successfully
Ending Routing Task | Checksum: 11b67d296

Time (s): cpu = 00:01:59 ; elapsed = 00:01:38 . Memory (MB): peak = 2901.539 ; gain = 0.000

Routing Is Done.
INFO: [Common 17-83] Releasing license: Implementation
79 Infos, 0 Warnings, 0 Critical Warnings and 0 Errors encountered.
route_design completed successfully
route_design: Time (s): cpu = 00:01:59 ; elapsed = 00:01:38 . Memory (MB): peak = 2901.539 ; gain = 0.000
Command: phys_opt_design
Attempting to get a license for feature 'Implementation' and/or device 'xc7z020'
INFO: [Common 17-349] Got license for feature 'Implementation' and/or device 'xc7z020'
INFO: [Vivado_Tcl 4-241] Physical synthesis in post route mode 

Starting Initial Update Timing Task

Time (s): cpu = 00:00:08 ; elapsed = 00:00:04 . Memory (MB): peak = 2901.539 ; gain = 0.000
INFO: [Vivado_Tcl 4-2279] Estimated Timing Summary | WNS= 0.230 | TNS= 0.000 | 
INFO: [Vivado_Tcl 4-383] Design worst setup slack (WNS) is greater than or equal to 0.000 ns. All physical synthesis setup optimizations will be skipped.
INFO: [Vivado_Tcl 4-232] No setup violation found. The netlist was not modified.
INFO: [Common 17-83] Releasing license: Implementation
85 Infos, 0 Warnings, 0 Critical Warnings and 0 Errors encountered.
phys_opt_design completed successfully
phys_opt_design: Time (s): cpu = 00:00:10 ; elapsed = 00:00:06 . Memory (MB): peak = 2901.539 ; gain = 0.000
INFO: [Timing 38-91] UpdateTimingParams: Speed grade: -1, Delay Type: min_max.
INFO: [Timing 38-191] Multithreading enabled for timing update using a maximum of 2 CPUs
report_timing_summary: Time (s): cpu = 00:00:09 ; elapsed = 00:00:06 . Memory (MB): peak = 2901.539 ; gain = 0.000
Command: report_drc -file H:/Academic/senior_project/DATN/work/luc/AES_huffman_all6/vivado/build/rv32_soc_synth_rx/reports/post_impl_drc.rpt
INFO: [IP_Flow 19-1839] IP Catalog is up to date.
INFO: [DRC 23-27] Running DRC with 2 threads
INFO: [Vivado_Tcl 2-168] The results of DRC are in file H:/Academic/senior_project/DATN/work/luc/AES_huffman_all6/vivado/build/rv32_soc_synth_rx/reports/post_impl_drc.rpt.
report_drc completed successfully
report_drc: Time (s): cpu = 00:00:12 ; elapsed = 00:00:07 . Memory (MB): peak = 2901.539 ; gain = 0.000
Command: report_power -file H:/Academic/senior_project/DATN/work/luc/AES_huffman_all6/vivado/build/rv32_soc_synth_rx/reports/post_impl_power.rpt
Running Vector-less Activity Propagation...

Finished Running Vector-less Activity Propagation
WARNING: [Power 33-332] Found switching activity that implies high-fanout reset nets being asserted for excessive periods of time which may result in inaccurate power analysis.
Resolution: To review and fix problems, please run Power Constraints Advisor in the GUI from Tools > Power Constraints Advisor or run report_power with the -advisory option to generate a text report.
90 Infos, 1 Warnings, 0 Critical Warnings and 0 Errors encountered.
report_power completed successfully
report_power: Time (s): cpu = 00:00:11 ; elapsed = 00:00:09 . Memory (MB): peak = 2901.539 ; gain = 0.000
INFO: [Timing 38-480] Writing timing data to binary archive.
Write ShapeDB Complete: Time (s): cpu = 00:00:00 ; elapsed = 00:00:00.101 . Memory (MB): peak = 2901.539 ; gain = 0.000
Wrote PlaceDB: Time (s): cpu = 00:00:04 ; elapsed = 00:00:03 . Memory (MB): peak = 2901.539 ; gain = 0.000
Wrote PulsedLatchDB: Time (s): cpu = 00:00:00 ; elapsed = 00:00:00 . Memory (MB): peak = 2901.539 ; gain = 0.000
Writing XDEF routing.
Writing XDEF routing logical nets.
Writing XDEF routing special nets.
Wrote RouteStorage: Time (s): cpu = 00:00:01 ; elapsed = 00:00:00.592 . Memory (MB): peak = 2901.539 ; gain = 0.000
Wrote Netlist Cache: Time (s): cpu = 00:00:00 ; elapsed = 00:00:00.077 . Memory (MB): peak = 2901.539 ; gain = 0.000
Wrote Device Cache: Time (s): cpu = 00:00:00 ; elapsed = 00:00:00.027 . Memory (MB): peak = 2901.539 ; gain = 0.000
Write Physdb Complete: Time (s): cpu = 00:00:05 ; elapsed = 00:00:04 . Memory (MB): peak = 2901.539 ; gain = 0.000
INFO: [Common 17-1381] The checkpoint 'H:/Academic/senior_project/DATN/work/luc/AES_huffman_all6/vivado/build/rv32_soc_synth_rx/post_route.dcp' has been generated.
write_checkpoint: Time (s): cpu = 00:00:07 ; elapsed = 00:00:06 . Memory (MB): peak = 2901.539 ; gain = 0.000
INFO: post-route setup WNS=0.230 ns
# copy_reports_to_sim $report_dir $sim_dir $project_name
# puts "INFO: Vivado flow completed successfully."
INFO: Vivado flow completed successfully.
INFO: [Common 17-206] Exiting Vivado at Tue May  5 20:14:33 2026...
