Copyright 1986-2022 Xilinx, Inc. All Rights Reserved. Copyright 2022-2024 Advanced Micro Devices, Inc. All Rights Reserved.
------------------------------------------------------------------------------------------------------------------------------------------------------------------------------------------------
| Tool Version : Vivado v.2024.2 (win64) Build 5239630 Fri Nov 08 22:35:27 MST 2024
| Date         : Wed May 20 16:58:11 2026
| Host         : An running 64-bit major release  (build 9200)
| Command      : report_utilization -hierarchical -file H:/Academic/senior_project/DATN/work/luc/AES_huffman_all6/vivado/build/rv32_soc_synth_full_fpga/reports/post_synth_utilization_hier.rpt
| Design       : rv32_soc_fpga_demo_top
| Device       : xc7z020clg484-1
| Speed File   : -1
| Design State : Synthesized
------------------------------------------------------------------------------------------------------------------------------------------------------------------------------------------------

Utilization Design Information

Table of Contents
-----------------
1. Utilization by Hierarchy

1. Utilization by Hierarchy
---------------------------

+---------------------------------------+-----------------------------------+------------+------------+---------+------+-------+--------+--------+------------+
|                Instance               |               Module              | Total LUTs | Logic LUTs | LUTRAMs | SRLs |  FFs  | RAMB36 | RAMB18 | DSP Blocks |
+---------------------------------------+-----------------------------------+------------+------------+---------+------+-------+--------+--------+------------+
| rv32_soc_fpga_demo_top                |                             (top) |      28904 |      27834 |    1070 |    0 | 18898 |     11 |      0 |          0 |
|   (rv32_soc_fpga_demo_top)            |                             (top) |          1 |          1 |       0 |    0 |    42 |      0 |      0 |          0 |
|   u_soc                               |                      rv32_soc_top |      28587 |      27517 |    1070 |    0 | 18500 |     11 |      0 |          0 |
|     (u_soc)                           |                      rv32_soc_top |          0 |          0 |       0 |    0 |     2 |      0 |      0 |          0 |
|     u_cpu                             |                     top_rv32_sync |       1770 |       1770 |       0 |    0 |   647 |      0 |      0 |          0 |
|       u_ex_stage                      |                          ex_stage |        556 |        556 |       0 |    0 |   109 |      0 |      0 |          0 |
|       u_id_stage                      |                          id_stage |        775 |        775 |       0 |    0 |   159 |      0 |      0 |          0 |
|       u_if_stage                      |                     if_stage_sync |        177 |        177 |       0 |    0 |   194 |      0 |      0 |          0 |
|       u_mem_stage                     |                    mem_stage_sync |        262 |        262 |       0 |    0 |   185 |      0 |      0 |          0 |
|     u_cpu_mmio_to_apb_bridge          |            cpu_mmio_to_apb_bridge |         22 |         22 |       0 |    0 |   103 |      0 |      0 |          0 |
|     u_dma_regfile                     |                       dma_regfile |         60 |         60 |       0 |    0 |   239 |      0 |      0 |          0 |
|     u_dma_rx_engine                   |                     dma_rx_engine |        233 |        233 |       0 |    0 |   303 |      0 |      0 |          0 |
|     u_dma_tx_engine                   |                     dma_tx_engine |        467 |        467 |       0 |    0 |   321 |      0 |      0 |          0 |
|     u_dmem                            |                   dmem_ip_wrapper |          0 |          0 |       0 |    0 |     0 |      8 |      0 |          0 |
|       u_dmem_ip                       |                           DMEM_ip |          0 |          0 |       0 |    0 |     0 |      8 |      0 |          0 |
|     u_imem                            |                         imem_sync |          0 |          0 |       0 |    0 |     0 |      2 |      0 |          0 |
|     u_reg_file                        |                    registers_file |        576 |        576 |       0 |    0 |   992 |      0 |      0 |          0 |
|     u_rx_top                          |            apb_huffman_aes_rx_top |      16474 |      16206 |     268 |    0 | 13125 |      1 |      0 |          0 |
|       (u_rx_top)                      |            apb_huffman_aes_rx_top |          0 |          0 |       0 |    0 |   518 |      0 |      0 |          0 |
|       u_AES_top_rx                    |             aes128_cipher_inv_top |       1369 |       1369 |       0 |    0 |   261 |      0 |      0 |          0 |
|         u_aes128_cipher_core_inv      |            aes128_cipher_core_inv |       1131 |       1131 |       0 |    0 |   133 |      0 |      0 |          0 |
|         u_aes128_key_expansion_inv    |          aes128_key_expansion_inv |        238 |        238 |       0 |    0 |   128 |      0 |      0 |          0 |
|       u_aes_input_wrapper_rx          |                        wrapper_rx |          1 |          1 |       0 |    0 |   129 |      0 |      0 |          0 |
|       u_apb_huffman_rx_if             |                 apb_huffman_rx_if |         55 |         27 |      28 |    0 |    16 |      0 |      0 |          0 |
|       u_bit_depacker_128              |                  bit_depacker_128 |        719 |        719 |       0 |    0 |   206 |      0 |      0 |          0 |
|       u_huffman_block_decoder         |             huffman_block_decoder |      13147 |      12907 |     240 |    0 | 11724 |      1 |      0 |          0 |
|         (u_huffman_block_decoder)     |             huffman_block_decoder |      10500 |      10260 |     240 |    0 | 11724 |      0 |      0 |          0 |
|         u_main_decode_table           |           HUFFMAN_DECODE_TABLE_IP |       2647 |       2647 |       0 |    0 |     0 |      1 |      0 |          0 |
|       u_huffman_block_parser          |              huffman_block_parser |       1128 |       1128 |       0 |    0 |   204 |      0 |      0 |          0 |
|       u_rx_byte_packer_32             |                 rx_byte_packer_32 |         60 |         60 |       0 |    0 |    67 |      0 |      0 |          0 |
|     u_tx_top                          |            apb_huffman_aes_tx_top |       8985 |       8183 |     802 |    0 |  2768 |      0 |      0 |          0 |
|       (u_tx_top)                      |            apb_huffman_aes_tx_top |          0 |          0 |       0 |    0 |   392 |      0 |      0 |          0 |
|       u_AES_top_tx                    |                 aes128_cipher_top |       1354 |       1354 |       0 |    0 |   261 |      0 |      0 |          0 |
|         u_aes128_cipher_core          |                aes128_cipher_core |       1038 |       1038 |       0 |    0 |   133 |      0 |      0 |          0 |
|         u_aes128_key_expansion        |              aes128_key_expansion |        316 |        316 |       0 |    0 |   128 |      0 |      0 |          0 |
|       u_apb_huffman_tx_if             |                 apb_huffman_tx_if |        282 |        232 |      50 |    0 |    51 |      0 |      0 |          0 |
|       u_huffman_aes_tx_top            |                huffman_aes_tx_top |       7349 |       6597 |     752 |    0 |  2064 |      0 |      0 |          0 |
|         (u_huffman_aes_tx_top)        |                huffman_aes_tx_top |         13 |         13 |       0 |    0 |    65 |      0 |      0 |          0 |
|         u_aes_input_wrapper           |                           wrapper |        130 |        130 |       0 |    0 |   129 |      0 |      0 |          0 |
|         u_bit_packer_128              |                    bit_packer_128 |       2464 |       2464 |       0 |    0 |   311 |      0 |      0 |          0 |
|         u_dynamic_huffman_encoder     |           dynamic_huffman_encoder |       1300 |       1244 |      56 |    0 |   490 |      0 |      0 |          0 |
|           u_control_fsm               |                       control_fsm |         34 |         34 |       0 |    0 |    13 |      0 |      0 |          0 |
|           u_emit_backend              |                      emit_backend |        795 |        795 |       0 |    0 |   207 |      0 |      0 |          0 |
|             (u_emit_backend)          |                      emit_backend |          1 |          1 |       0 |    0 |     7 |      0 |      0 |          0 |
|             u_header_formatter        |                  header_formatter |        181 |        181 |       0 |    0 |   134 |      0 |      0 |          0 |
|             u_payload_emitter         |                   payload_emitter |         91 |         91 |       0 |    0 |    61 |      0 |      0 |          0 |
|             u_stream_output_interface |           stream_output_interface |        522 |        522 |       0 |    0 |     5 |      0 |      0 |          0 |
|           u_input_collect_unit        |                input_collect_unit |        471 |        415 |      56 |    0 |   270 |      0 |      0 |          0 |
|             (u_input_collect_unit)    |                input_collect_unit |         17 |         17 |       0 |    0 |     6 |      0 |      0 |          0 |
|             u_block_buffer            |                      block_buffer |         39 |         31 |       8 |    0 |     7 |      0 |      0 |          0 |
|             u_frequency_counter       | frequency_counter__parameterized0 |        415 |        367 |      48 |    0 |   257 |      0 |      0 |          0 |
|         u_file_frequency_counter      |                 frequency_counter |        614 |        486 |     128 |    0 |   257 |      0 |      0 |          0 |
|         u_file_huffman_builder        |                   huffman_builder |       2828 |       2260 |     568 |    0 |   812 |      0 |      0 |          0 |
|           (u_file_huffman_builder)    |                   huffman_builder |         12 |         12 |       0 |    0 |    10 |      0 |      0 |          0 |
|           u_canonical_code_generator  |          canonical_code_generator |        239 |        119 |     120 |    0 |    59 |      0 |      0 |          0 |
|           u_code_length_builder       |               code_length_builder |       2445 |       2045 |     400 |    0 |   720 |      0 |      0 |          0 |
|           u_symbol_list_builder       |               symbol_list_builder |        152 |        104 |      48 |    0 |    23 |      0 |      0 |          0 |
|   u_uart_dmem_loader                  |                  uart_dmem_loader |        316 |        316 |       0 |    0 |   356 |      0 |      0 |          0 |
|     (u_uart_dmem_loader)              |                  uart_dmem_loader |        116 |        116 |       0 |    0 |   277 |      0 |      0 |          0 |
|     u_uart_rx                         |                           uart_rx |        145 |        145 |       0 |    0 |    40 |      0 |      0 |          0 |
|     u_uart_tx                         |                           uart_tx |         55 |         55 |       0 |    0 |    39 |      0 |      0 |          0 |
+---------------------------------------+-----------------------------------+------------+------------+---------+------+-------+--------+--------+------------+


