Copyright 1986-2022 Xilinx, Inc. All Rights Reserved. Copyright 2022-2024 Advanced Micro Devices, Inc. All Rights Reserved.
-----------------------------------------------------------------------------------------------------------------------------------------------------------------------------------
| Tool Version : Vivado v.2024.2 (win64) Build 5239630 Fri Nov 08 22:35:27 MST 2024
| Date         : Wed May 20 16:58:30 2026
| Host         : An running 64-bit major release  (build 9200)
| Command      : report_timing_summary -file H:/Academic/senior_project/DATN/work/luc/AES_huffman_all6/vivado/build/rv32_soc_synth_full_fpga/reports/post_synth_timing_summary.rpt
| Design       : rv32_soc_fpga_demo_top
| Device       : 7z020-clg484
| Speed File   : -1  PRODUCTION 1.12 2019-11-22
| Design State : Synthesized
-----------------------------------------------------------------------------------------------------------------------------------------------------------------------------------

Timing Summary Report

------------------------------------------------------------------------------------------------
| Timer Settings
| --------------
------------------------------------------------------------------------------------------------

  Enable Multi Corner Analysis               :  Yes
  Enable Pessimism Removal                   :  Yes
  Pessimism Removal Resolution               :  Nearest Common Node
  Enable Input Delay Default Clock           :  No
  Enable Preset / Clear Arcs                 :  No
  Disable Flight Delays                      :  No
  Ignore I/O Paths                           :  No
  Timing Early Launch at Borrowing Latches   :  No
  Borrow Time for Max Delay Exceptions       :  Yes
  Merge Timing Exceptions                    :  Yes
  Inter-SLR Compensation                     :  Conservative

  Corner  Analyze    Analyze    
  Name    Max Paths  Min Paths  
  ------  ---------  ---------  
  Slow    Yes        Yes        
  Fast    Yes        Yes        


------------------------------------------------------------------------------------------------
| Report Methodology
| ------------------
------------------------------------------------------------------------------------------------

No report available as report_methodology has not been run prior. Run report_methodology on the current design for the summary of methodology violations.



check_timing report

Table of Contents
-----------------
1. checking no_clock (0)
2. checking constant_clock (0)
3. checking pulse_width_clock (0)
4. checking unconstrained_internal_endpoints (0)
5. checking no_input_delay (1)
6. checking no_output_delay (5)
7. checking multiple_clock (0)
8. checking generated_clocks (0)
9. checking loops (0)
10. checking partial_input_delay (0)
11. checking partial_output_delay (0)
12. checking latch_loops (0)

1. checking no_clock (0)
------------------------
 There are 0 register/latch pins with no clock.


2. checking constant_clock (0)
------------------------------
 There are 0 register/latch pins with constant_clock.


3. checking pulse_width_clock (0)
---------------------------------
 There are 0 register/latch pins which need pulse_width check


4. checking unconstrained_internal_endpoints (0)
------------------------------------------------
 There are 0 pins that are not constrained for maximum delay.

 There are 0 pins that are not constrained for maximum delay due to constant clock.


5. checking no_input_delay (1)
------------------------------
 There is 1 input port with no input delay specified. (HIGH)

 There are 0 input ports with no input delay but user has a false path constraint.


6. checking no_output_delay (5)
-------------------------------
 There are 5 ports with no output delay specified. (HIGH)

 There are 0 ports with no output delay but user has a false path constraint

 There are 0 ports with no output delay but with a timing clock defined on it or propagating through it


7. checking multiple_clock (0)
------------------------------
 There are 0 register/latch pins with multiple clocks.


8. checking generated_clocks (0)
--------------------------------
 There are 0 generated clocks that are not connected to a clock source.


9. checking loops (0)
---------------------
 There are 0 combinational loops in the design.


10. checking partial_input_delay (0)
------------------------------------
 There are 0 input ports with partial input delay specified.


11. checking partial_output_delay (0)
-------------------------------------
 There are 0 ports with partial output delay specified.


12. checking latch_loops (0)
----------------------------
 There are 0 combinational latch loops in the design through latch input



------------------------------------------------------------------------------------------------
| Design Timing Summary
| ---------------------
------------------------------------------------------------------------------------------------

    WNS(ns)      TNS(ns)  TNS Failing Endpoints  TNS Total Endpoints      WHS(ns)      THS(ns)  THS Failing Endpoints  THS Total Endpoints     WPWS(ns)     TPWS(ns)  TPWS Failing Endpoints  TPWS Total Endpoints  
    -------      -------  ---------------------  -------------------      -------      -------  ---------------------  -------------------     --------     --------  ----------------------  --------------------  
     -0.233       -0.233                      1                60275        0.049        0.000                      0                60275        8.750        0.000                       0                 20057  


Timing constraints are not met.


------------------------------------------------------------------------------------------------
| Clock Summary
| -------------
------------------------------------------------------------------------------------------------

Clock  Waveform(ns)       Period(ns)      Frequency(MHz)
-----  ------------       ----------      --------------
clk_i  {0.000 10.000}     20.000          50.000          


------------------------------------------------------------------------------------------------
| Intra Clock Table
| -----------------
------------------------------------------------------------------------------------------------

Clock             WNS(ns)      TNS(ns)  TNS Failing Endpoints  TNS Total Endpoints      WHS(ns)      THS(ns)  THS Failing Endpoints  THS Total Endpoints     WPWS(ns)     TPWS(ns)  TPWS Failing Endpoints  TPWS Total Endpoints  
-----             -------      -------  ---------------------  -------------------      -------      -------  ---------------------  -------------------     --------     --------  ----------------------  --------------------  
clk_i              -0.233       -0.233                      1                57340        0.049        0.000                      0                57340        8.750        0.000                       0                 20057  


------------------------------------------------------------------------------------------------
| Inter Clock Table
| -----------------
------------------------------------------------------------------------------------------------

From Clock    To Clock          WNS(ns)      TNS(ns)  TNS Failing Endpoints  TNS Total Endpoints      WHS(ns)      THS(ns)  THS Failing Endpoints  THS Total Endpoints  
----------    --------          -------      -------  ---------------------  -------------------      -------      -------  ---------------------  -------------------  


------------------------------------------------------------------------------------------------
| Other Path Groups Table
| -----------------------
------------------------------------------------------------------------------------------------

Path Group         From Clock         To Clock               WNS(ns)      TNS(ns)  TNS Failing Endpoints  TNS Total Endpoints      WHS(ns)      THS(ns)  THS Failing Endpoints  THS Total Endpoints  
----------         ----------         --------               -------      -------  ---------------------  -------------------      -------      -------  ---------------------  -------------------  
**async_default**  clk_i              clk_i                   15.132        0.000                      0                 2935        0.780        0.000                      0                 2935  


------------------------------------------------------------------------------------------------
| Timing Details
| --------------
------------------------------------------------------------------------------------------------


---------------------------------------------------------------------------------------------------
From Clock:  clk_i
  To Clock:  clk_i

Setup :            1  Failing Endpoint ,  Worst Slack       -0.233ns,  Total Violation       -0.233ns
Hold  :            0  Failing Endpoints,  Worst Slack        0.049ns,  Total Violation        0.000ns
PW    :            0  Failing Endpoints,  Worst Slack        8.750ns,  Total Violation        0.000ns
---------------------------------------------------------------------------------------------------


Max Delay Paths
--------------------------------------------------------------------------------------
Slack (VIOLATED) :        -0.233ns  (required time - arrival time)
  Source:                 u_soc/u_rx_top/u_huffman_block_parser/raw_payload_bits_remaining_r_reg[1]/C
                            (rising edge-triggered cell FDRE clocked by clk_i  {rise@0.000ns fall@10.000ns period=20.000ns})
  Destination:            u_soc/u_rx_top/u_huffman_block_parser/error_r_reg/D
                            (rising edge-triggered cell FDRE clocked by clk_i  {rise@0.000ns fall@10.000ns period=20.000ns})
  Path Group:             clk_i
  Path Type:              Setup (Max at Slow Process Corner)
  Requirement:            20.000ns  (clk_i rise@20.000ns - clk_i rise@0.000ns)
  Data Path Delay:        20.097ns  (logic 7.102ns (35.339%)  route 12.995ns (64.661%))
  Logic Levels:           28  (CARRY4=6 LUT1=1 LUT2=6 LUT3=3 LUT4=3 LUT5=4 LUT6=5)
  Clock Path Skew:        -0.145ns (DCD - SCD + CPR)
    Destination Clock Delay (DCD):    2.709ns = ( 22.709 - 20.000 ) 
    Source Clock Delay      (SCD):    2.975ns
    Clock Pessimism Removal (CPR):    0.121ns
  Clock Uncertainty:      0.035ns  ((TSJ^2 + TIJ^2)^1/2 + DJ) / 2 + PE
    Total System Jitter     (TSJ):    0.071ns
    Total Input Jitter      (TIJ):    0.000ns
    Discrete Jitter          (DJ):    0.000ns
    Phase Error              (PE):    0.000ns

    Location             Delay type                Incr(ns)  Path(ns)    Netlist Resource(s)
  -------------------------------------------------------------------    -------------------
                         (clock clk_i rise edge)      0.000     0.000 r  
    Y9                                                0.000     0.000 r  clk_i (IN)
                         net (fo=0)                   0.000     0.000    clk_i
    Y9                   IBUF (Prop_ibuf_I_O)         1.490     1.490 r  clk_i_IBUF_inst/O
                         net (fo=1, unplaced)         0.800     2.290    clk_i_IBUF
                         BUFG (Prop_bufg_I_O)         0.101     2.391 r  clk_i_IBUF_BUFG_inst/O
                         net (fo=20056, unplaced)     0.584     2.975    u_soc/u_rx_top/u_huffman_block_parser/clk_i
                         FDRE                                         r  u_soc/u_rx_top/u_huffman_block_parser/raw_payload_bits_remaining_r_reg[1]/C
  -------------------------------------------------------------------    -------------------
                         FDRE (Prop_fdre_C_Q)         0.478     3.453 r  u_soc/u_rx_top/u_huffman_block_parser/raw_payload_bits_remaining_r_reg[1]/Q
                         net (fo=10, unplaced)        0.784     4.237    u_soc/u_rx_top/u_huffman_block_parser/raw_payload_bits_remaining_r_reg[3]_0[1]
                         LUT4 (Prop_lut4_I1_O)        0.319     4.556 r  u_soc/u_rx_top/u_huffman_block_parser/state_r[4]_i_52/O
                         net (fo=1, unplaced)         0.000     4.556    u_soc/u_rx_top/u_huffman_block_parser/state_r[4]_i_52_n_0
                         CARRY4 (Prop_carry4_DI[0]_CO[3])
                                                      0.576     5.132 r  u_soc/u_rx_top/u_huffman_block_parser/state_r_reg[4]_i_46/CO[3]
                         net (fo=1, unplaced)         0.009     5.141    u_soc/u_rx_top/u_huffman_block_parser/state_r_reg[4]_i_46_n_0
                         CARRY4 (Prop_carry4_CI_CO[0])
                                                      0.281     5.422 r  u_soc/u_rx_top/u_huffman_block_parser/state_r_reg[4]_i_44/CO[0]
                         net (fo=7, unplaced)         0.346     5.768    u_soc/u_rx_top/u_huffman_block_parser/state_r_reg[4]_i_44_n_3
                         LUT5 (Prop_lut5_I1_O)        0.367     6.135 f  u_soc/u_rx_top/u_huffman_block_parser/state_r[4]_i_31/O
                         net (fo=4, unplaced)         0.926     7.061    u_soc/u_rx_top/u_huffman_block_parser/state_r[4]_i_31_n_0
                         LUT4 (Prop_lut4_I1_O)        0.148     7.209 f  u_soc/u_rx_top/u_huffman_block_parser/state_r[4]_i_39/O
                         net (fo=2, unplaced)         0.430     7.639    u_soc/u_rx_top/u_huffman_block_parser/state_r[4]_i_39_n_0
                         LUT6 (Prop_lut6_I2_O)        0.124     7.763 r  u_soc/u_rx_top/u_huffman_block_parser/state_r[4]_i_30/O
                         net (fo=12, unplaced)        0.497     8.260    u_soc/u_rx_top/u_huffman_block_parser/state_r[4]_i_30_n_0
                         LUT6 (Prop_lut6_I4_O)        0.124     8.384 r  u_soc/u_rx_top/u_huffman_block_parser/entry_code_len_r[4]_i_23/O
                         net (fo=1, unplaced)         0.474     8.858    u_soc/u_rx_top/u_huffman_block_parser/entry_code_len_r[4]_i_23_n_0
                         CARRY4 (Prop_carry4_DI[2]_CO[2])
                                                      0.391     9.249 f  u_soc/u_rx_top/u_huffman_block_parser/entry_code_len_r_reg[4]_i_21/CO[2]
                         net (fo=1, unplaced)         0.452     9.701    u_soc/u_rx_top/u_huffman_block_decoder/CO[0]
                         LUT5 (Prop_lut5_I2_O)        0.310    10.011 f  u_soc/u_rx_top/u_huffman_block_decoder/entry_code_len_r[4]_i_11/O
                         net (fo=2, unplaced)         0.460    10.471    u_soc/u_rx_top/u_huffman_block_parser/entry_code_len_r_reg[0]_1
                         LUT3 (Prop_lut3_I1_O)        0.124    10.595 f  u_soc/u_rx_top/u_huffman_block_parser/entry_code_len_r[4]_i_4/O
                         net (fo=141, unplaced)       0.557    11.152    u_soc/u_rx_top/u_huffman_block_parser/entry_code_len_r[4]_i_4_n_0
                         LUT1 (Prop_lut1_I0_O)        0.124    11.276 r  u_soc/u_rx_top/u_huffman_block_parser/bit_count_r[3]_i_12/O
                         net (fo=1, unplaced)         0.333    11.609    u_soc/u_rx_top/u_huffman_block_parser/bit_count_r[3]_i_12_n_0
                         CARRY4 (Prop_carry4_CYINIT_CO[3])
                                                      0.595    12.204 r  u_soc/u_rx_top/u_huffman_block_parser/bit_count_r_reg[3]_i_6/CO[3]
                         net (fo=1, unplaced)         0.009    12.213    u_soc/u_rx_top/u_huffman_block_parser/bit_count_r_reg[3]_i_6_n_0
                         CARRY4 (Prop_carry4_CI_O[1])
                                                      0.337    12.550 r  u_soc/u_rx_top/u_huffman_block_parser/entry_symbol_r_reg[7]_i_3/O[1]
                         net (fo=104, unplaced)       0.712    13.262    u_soc/u_rx_top/u_huffman_block_parser/bit_count_r_reg[7]_1[1]
                         LUT3 (Prop_lut3_I0_O)        0.306    13.568 r  u_soc/u_rx_top/u_huffman_block_parser/bit_count_r[7]_i_7/O
                         net (fo=1, unplaced)         0.000    13.568    u_soc/u_rx_top/u_huffman_block_parser/bit_count_r[7]_i_7_n_0
                         CARRY4 (Prop_carry4_S[1]_O[3])
                                                      0.643    14.211 f  u_soc/u_rx_top/u_huffman_block_parser/bit_count_r_reg[7]_i_3/O[3]
                         net (fo=6, unplaced)         0.453    14.664    u_soc/u_rx_top/u_huffman_block_parser/bit_count_r_reg[7]_i_3_n_4
                         LUT2 (Prop_lut2_I0_O)        0.333    14.997 f  u_soc/u_rx_top/u_huffman_block_parser/bit_count_r[8]_i_7/O
                         net (fo=4, unplaced)         0.926    15.923    u_soc/u_rx_top/u_huffman_block_parser/bit_count_r[8]_i_7_n_0
                         LUT3 (Prop_lut3_I0_O)        0.148    16.071 r  u_soc/u_rx_top/u_huffman_block_parser/state_r[0]_i_7/O
                         net (fo=6, unplaced)         0.481    16.552    u_soc/u_rx_top/u_huffman_block_parser/state_r[0]_i_7_n_0
                         LUT2 (Prop_lut2_I0_O)        0.116    16.668 r  u_soc/u_rx_top/u_huffman_block_parser/one_symbol_value_r[7]_i_3/O
                         net (fo=3, unplaced)         0.467    17.135    u_soc/u_rx_top/u_huffman_block_parser/one_symbol_value_r[7]_i_3_n_0
                         LUT2 (Prop_lut2_I1_O)        0.116    17.251 r  u_soc/u_rx_top/u_huffman_block_parser/raw_payload_bits_remaining_r[8]_i_5/O
                         net (fo=17, unplaced)        0.505    17.756    u_soc/u_rx_top/u_huffman_block_parser/raw_payload_bits_remaining_r[8]_i_5_n_0
                         LUT2 (Prop_lut2_I1_O)        0.124    17.880 r  u_soc/u_rx_top/u_huffman_block_parser/bit_buffer_r[76]_i_2/O
                         net (fo=77, unplaced)        0.512    18.392    u_soc/u_rx_top/u_huffman_block_parser/bit_buffer_r[76]_i_2_n_0
                         LUT2 (Prop_lut2_I0_O)        0.150    18.542 r  u_soc/u_rx_top/u_huffman_block_parser/bit_count_r[1]_i_7/O
                         net (fo=4, unplaced)         0.473    19.015    u_soc/u_rx_top/u_huffman_block_parser/bit_count_r[1]_i_7_n_0
                         LUT6 (Prop_lut6_I4_O)        0.124    19.139 f  u_soc/u_rx_top/u_huffman_block_parser/bit_count_r[1]_i_4/O
                         net (fo=1, unplaced)         0.449    19.588    u_soc/u_rx_top/u_huffman_block_parser/bit_count_r[1]_i_4_n_0
                         LUT6 (Prop_lut6_I3_O)        0.124    19.712 f  u_soc/u_rx_top/u_huffman_block_parser/bit_count_r[1]_i_1/O
                         net (fo=4, unplaced)         0.473    20.185    u_soc/u_rx_top/u_huffman_block_parser/bit_count_r[1]_i_1_n_0
                         LUT2 (Prop_lut2_I0_O)        0.124    20.309 f  u_soc/u_rx_top/u_huffman_block_parser/error_r_i_19/O
                         net (fo=3, unplaced)         0.920    21.229    u_soc/u_rx_top/u_huffman_block_parser/error_r_i_19_n_0
                         LUT5 (Prop_lut5_I0_O)        0.124    21.353 f  u_soc/u_rx_top/u_huffman_block_parser/error_r_i_17/O
                         net (fo=1, unplaced)         0.449    21.802    u_soc/u_rx_top/u_huffman_block_parser/error_r_i_17_n_0
                         LUT5 (Prop_lut5_I4_O)        0.124    21.926 r  u_soc/u_rx_top/u_huffman_block_parser/error_r_i_7__1/O
                         net (fo=1, unplaced)         0.449    22.375    u_soc/u_rx_top/u_huffman_block_parser/error_r_i_7__1_n_0
                         LUT6 (Prop_lut6_I1_O)        0.124    22.499 r  u_soc/u_rx_top/u_huffman_block_parser/error_r_i_2__1/O
                         net (fo=1, unplaced)         0.449    22.948    u_soc/u_rx_top/u_huffman_block_parser/error_r_i_2__1_n_0
                         LUT4 (Prop_lut4_I0_O)        0.124    23.072 r  u_soc/u_rx_top/u_huffman_block_parser/error_r_i_1__1/O
                         net (fo=1, unplaced)         0.000    23.072    u_soc/u_rx_top/u_huffman_block_parser/error_r_i_1__1_n_0
                         FDRE                                         r  u_soc/u_rx_top/u_huffman_block_parser/error_r_reg/D
  -------------------------------------------------------------------    -------------------

                         (clock clk_i rise edge)     20.000    20.000 r  
    Y9                                                0.000    20.000 r  clk_i (IN)
                         net (fo=0)                   0.000    20.000    clk_i
    Y9                   IBUF (Prop_ibuf_I_O)         1.420    21.420 r  clk_i_IBUF_inst/O
                         net (fo=1, unplaced)         0.760    22.179    clk_i_IBUF
                         BUFG (Prop_bufg_I_O)         0.091    22.270 r  clk_i_IBUF_BUFG_inst/O
                         net (fo=20056, unplaced)     0.439    22.709    u_soc/u_rx_top/u_huffman_block_parser/clk_i
                         FDRE                                         r  u_soc/u_rx_top/u_huffman_block_parser/error_r_reg/C
                         clock pessimism              0.121    22.830    
                         clock uncertainty           -0.035    22.795    
                         FDRE (Setup_fdre_C_D)        0.044    22.839    u_soc/u_rx_top/u_huffman_block_parser/error_r_reg
  -------------------------------------------------------------------
                         required time                         22.839    
                         arrival time                         -23.072    
  -------------------------------------------------------------------
                         slack                                 -0.233    





Min Delay Paths
--------------------------------------------------------------------------------------
Slack (MET) :             0.049ns  (arrival time - required time)
  Source:                 u_soc/u_rx_top/u_rx_byte_packer_32/word_data_r_reg[0]/C
                            (rising edge-triggered cell FDCE clocked by clk_i  {rise@0.000ns fall@10.000ns period=20.000ns})
  Destination:            u_soc/u_rx_top/u_apb_huffman_rx_if/fifo_data_mem_reg_0_15_0_5/RAMA/I
                            (rising edge-triggered cell RAMD32 clocked by clk_i  {rise@0.000ns fall@10.000ns period=20.000ns})
  Path Group:             clk_i
  Path Type:              Hold (Min at Fast Process Corner)
  Requirement:            0.000ns  (clk_i rise@0.000ns - clk_i rise@0.000ns)
  Data Path Delay:        0.288ns  (logic 0.147ns (51.079%)  route 0.141ns (48.921%))
  Logic Levels:           0  
  Clock Path Skew:        0.145ns (DCD - SCD - CPR)
    Destination Clock Delay (DCD):    1.089ns
    Source Clock Delay      (SCD):    0.735ns
    Clock Pessimism Removal (CPR):    0.209ns

    Location             Delay type                Incr(ns)  Path(ns)    Netlist Resource(s)
  -------------------------------------------------------------------    -------------------
                         (clock clk_i rise edge)      0.000     0.000 r  
    Y9                                                0.000     0.000 r  clk_i (IN)
                         net (fo=0)                   0.000     0.000    clk_i
    Y9                   IBUF (Prop_ibuf_I_O)         0.258     0.258 r  clk_i_IBUF_inst/O
                         net (fo=1, unplaced)         0.337     0.595    clk_i_IBUF
                         BUFG (Prop_bufg_I_O)         0.026     0.621 r  clk_i_IBUF_BUFG_inst/O
                         net (fo=20056, unplaced)     0.114     0.735    u_soc/u_rx_top/u_rx_byte_packer_32/clk_i
                         FDCE                                         r  u_soc/u_rx_top/u_rx_byte_packer_32/word_data_r_reg[0]/C
  -------------------------------------------------------------------    -------------------
                         FDCE (Prop_fdce_C_Q)         0.147     0.882 r  u_soc/u_rx_top/u_rx_byte_packer_32/word_data_r_reg[0]/Q
                         net (fo=1, unplaced)         0.141     1.023    u_soc/u_rx_top/u_apb_huffman_rx_if/fifo_data_mem_reg_0_15_0_5/DIA0
                         RAMD32                                       r  u_soc/u_rx_top/u_apb_huffman_rx_if/fifo_data_mem_reg_0_15_0_5/RAMA/I
  -------------------------------------------------------------------    -------------------

                         (clock clk_i rise edge)      0.000     0.000 r  
    Y9                                                0.000     0.000 r  clk_i (IN)
                         net (fo=0)                   0.000     0.000    clk_i
    Y9                   IBUF (Prop_ibuf_I_O)         0.446     0.446 r  clk_i_IBUF_inst/O
                         net (fo=1, unplaced)         0.355     0.801    clk_i_IBUF
                         BUFG (Prop_bufg_I_O)         0.029     0.830 r  clk_i_IBUF_BUFG_inst/O
                         net (fo=20056, unplaced)     0.259     1.089    u_soc/u_rx_top/u_apb_huffman_rx_if/fifo_data_mem_reg_0_15_0_5/WCLK
                         RAMD32                                       r  u_soc/u_rx_top/u_apb_huffman_rx_if/fifo_data_mem_reg_0_15_0_5/RAMA/CLK
                         clock pessimism             -0.209     0.880    
                         RAMD32 (Hold_ramd32_CLK_I)
                                                      0.094     0.974    u_soc/u_rx_top/u_apb_huffman_rx_if/fifo_data_mem_reg_0_15_0_5/RAMA
  -------------------------------------------------------------------
                         required time                         -0.974    
                         arrival time                           1.023    
  -------------------------------------------------------------------
                         slack                                  0.049    





Pulse Width Checks
--------------------------------------------------------------------------------------
Clock Name:         clk_i
Waveform(ns):       { 0.000 10.000 }
Period(ns):         20.000
Sources:            { clk_i }

Check Type        Corner  Lib Pin             Reference Pin  Required(ns)  Actual(ns)  Slack(ns)  Location  Pin
Min Period        n/a     RAMB36E1/CLKARDCLK  n/a            2.944         20.000      17.056               u_soc/u_dmem/u_dmem_ip/mem_reg_0_0/CLKARDCLK
Low Pulse Width   Slow    RAMD32/CLK          n/a            1.250         10.000      8.750                u_soc/u_rx_top/u_apb_huffman_rx_if/fifo_data_mem_reg_0_15_0_5/RAMA/CLK
High Pulse Width  Slow    RAMD32/CLK          n/a            1.250         10.000      8.750                u_soc/u_rx_top/u_apb_huffman_rx_if/fifo_data_mem_reg_0_15_0_5/RAMA/CLK



---------------------------------------------------------------------------------------------------
Path Group:  **async_default**
From Clock:  clk_i
  To Clock:  clk_i

Setup :            0  Failing Endpoints,  Worst Slack       15.132ns,  Total Violation        0.000ns
Hold  :            0  Failing Endpoints,  Worst Slack        0.780ns,  Total Violation        0.000ns
---------------------------------------------------------------------------------------------------


Max Delay Paths
--------------------------------------------------------------------------------------
Slack (MET) :             15.132ns  (required time - arrival time)
  Source:                 por_shift_r_reg[12]/C
                            (rising edge-triggered cell FDRE clocked by clk_i  {rise@0.000ns fall@10.000ns period=20.000ns})
  Destination:            u_soc/u_rx_top/u_AES_top_rx/u_aes128_cipher_core_inv/decipher_ready_reg/PRE
                            (recovery check against rising-edge clock clk_i  {rise@0.000ns fall@10.000ns period=20.000ns})
  Path Group:             **async_default**
  Path Type:              Recovery (Max at Slow Process Corner)
  Requirement:            20.000ns  (clk_i rise@20.000ns - clk_i rise@0.000ns)
  Data Path Delay:        4.294ns  (logic 1.145ns (26.665%)  route 3.149ns (73.335%))
  Logic Levels:           4  (LUT2=1 LUT4=1 LUT5=1 LUT6=1)
  Clock Path Skew:        -0.145ns (DCD - SCD + CPR)
    Destination Clock Delay (DCD):    2.709ns = ( 22.709 - 20.000 ) 
    Source Clock Delay      (SCD):    2.975ns
    Clock Pessimism Removal (CPR):    0.121ns
  Clock Uncertainty:      0.035ns  ((TSJ^2 + TIJ^2)^1/2 + DJ) / 2 + PE
    Total System Jitter     (TSJ):    0.071ns
    Total Input Jitter      (TIJ):    0.000ns
    Discrete Jitter          (DJ):    0.000ns
    Phase Error              (PE):    0.000ns

    Location             Delay type                Incr(ns)  Path(ns)    Netlist Resource(s)
  -------------------------------------------------------------------    -------------------
                         (clock clk_i rise edge)      0.000     0.000 r  
    Y9                                                0.000     0.000 r  clk_i (IN)
                         net (fo=0)                   0.000     0.000    clk_i
    Y9                   IBUF (Prop_ibuf_I_O)         1.490     1.490 r  clk_i_IBUF_inst/O
                         net (fo=1, unplaced)         0.800     2.290    clk_i_IBUF
                         BUFG (Prop_bufg_I_O)         0.101     2.391 r  clk_i_IBUF_BUFG_inst/O
                         net (fo=20056, unplaced)     0.584     2.975    clk_i_IBUF_BUFG
                         FDRE                                         r  por_shift_r_reg[12]/C
  -------------------------------------------------------------------    -------------------
                         FDRE (Prop_fdre_C_Q)         0.478     3.453 f  por_shift_r_reg[12]/Q
                         net (fo=2, unplaced)         0.752     4.205    u_uart_dmem_loader/u_uart_rx/Q[12]
                         LUT4 (Prop_lut4_I1_O)        0.295     4.500 f  u_uart_dmem_loader/u_uart_rx/FSM_sequential_state_r[1]_i_8/O
                         net (fo=1, unplaced)         0.449     4.949    u_uart_dmem_loader/u_uart_rx/FSM_sequential_state_r[1]_i_8_n_0
                         LUT5 (Prop_lut5_I4_O)        0.124     5.073 f  u_uart_dmem_loader/u_uart_rx/FSM_sequential_state_r[1]_i_5/O
                         net (fo=1, unplaced)         0.449     5.522    u_uart_dmem_loader/u_uart_rx/FSM_sequential_state_r[1]_i_5_n_0
                         LUT6 (Prop_lut6_I5_O)        0.124     5.646 f  u_uart_dmem_loader/u_uart_rx/FSM_sequential_state_r[1]_i_1/O
                         net (fo=395, unplaced)       0.583     6.229    u_uart_dmem_loader/por_rst_w
                         LUT2 (Prop_lut2_I0_O)        0.124     6.353 f  u_uart_dmem_loader/u_soc_i_1/O
                         net (fo=5604, unplaced)      0.916     7.269    u_soc/u_rx_top/u_AES_top_rx/u_aes128_cipher_core_inv/rst_i
                         FDPE                                         f  u_soc/u_rx_top/u_AES_top_rx/u_aes128_cipher_core_inv/decipher_ready_reg/PRE
  -------------------------------------------------------------------    -------------------

                         (clock clk_i rise edge)     20.000    20.000 r  
    Y9                                                0.000    20.000 r  clk_i (IN)
                         net (fo=0)                   0.000    20.000    clk_i
    Y9                   IBUF (Prop_ibuf_I_O)         1.420    21.420 r  clk_i_IBUF_inst/O
                         net (fo=1, unplaced)         0.760    22.179    clk_i_IBUF
                         BUFG (Prop_bufg_I_O)         0.091    22.270 r  clk_i_IBUF_BUFG_inst/O
                         net (fo=20056, unplaced)     0.439    22.709    u_soc/u_rx_top/u_AES_top_rx/u_aes128_cipher_core_inv/clk_i
                         FDPE                                         r  u_soc/u_rx_top/u_AES_top_rx/u_aes128_cipher_core_inv/decipher_ready_reg/C
                         clock pessimism              0.121    22.830    
                         clock uncertainty           -0.035    22.795    
                         FDPE (Recov_fdpe_C_PRE)     -0.394    22.401    u_soc/u_rx_top/u_AES_top_rx/u_aes128_cipher_core_inv/decipher_ready_reg
  -------------------------------------------------------------------
                         required time                         22.401    
                         arrival time                          -7.269    
  -------------------------------------------------------------------
                         slack                                 15.132    





Min Delay Paths
--------------------------------------------------------------------------------------
Slack (MET) :             0.780ns  (arrival time - required time)
  Source:                 u_uart_dmem_loader/done_r_reg/C
                            (rising edge-triggered cell FDRE clocked by clk_i  {rise@0.000ns fall@10.000ns period=20.000ns})
  Destination:            u_soc/u_rx_top/u_AES_top_rx/u_aes128_cipher_core_inv/decipher_counter_reg[0]/CLR
                            (removal check against rising-edge clock clk_i  {rise@0.000ns fall@10.000ns period=20.000ns})
  Path Group:             **async_default**
  Path Type:              Removal (Min at Fast Process Corner)
  Requirement:            0.000ns  (clk_i rise@0.000ns - clk_i rise@0.000ns)
  Data Path Delay:        0.837ns  (logic 0.245ns (29.278%)  route 0.592ns (70.722%))
  Logic Levels:           1  (LUT2=1)
  Clock Path Skew:        0.145ns (DCD - SCD - CPR)
    Destination Clock Delay (DCD):    1.089ns
    Source Clock Delay      (SCD):    0.735ns
    Clock Pessimism Removal (CPR):    0.209ns

    Location             Delay type                Incr(ns)  Path(ns)    Netlist Resource(s)
  -------------------------------------------------------------------    -------------------
                         (clock clk_i rise edge)      0.000     0.000 r  
    Y9                                                0.000     0.000 r  clk_i (IN)
                         net (fo=0)                   0.000     0.000    clk_i
    Y9                   IBUF (Prop_ibuf_I_O)         0.258     0.258 r  clk_i_IBUF_inst/O
                         net (fo=1, unplaced)         0.337     0.595    clk_i_IBUF
                         BUFG (Prop_bufg_I_O)         0.026     0.621 r  clk_i_IBUF_BUFG_inst/O
                         net (fo=20056, unplaced)     0.114     0.735    u_uart_dmem_loader/clk_i
                         FDRE                                         r  u_uart_dmem_loader/done_r_reg/C
  -------------------------------------------------------------------    -------------------
                         FDRE (Prop_fdre_C_Q)         0.147     0.882 r  u_uart_dmem_loader/done_r_reg/Q
                         net (fo=3, unplaced)         0.206     1.088    u_uart_dmem_loader/led_o_OBUF[1]
                         LUT2 (Prop_lut2_I1_O)        0.098     1.186 f  u_uart_dmem_loader/u_soc_i_1/O
                         net (fo=5604, unplaced)      0.386     1.572    u_soc/u_rx_top/u_AES_top_rx/u_aes128_cipher_core_inv/rst_i
                         FDCE                                         f  u_soc/u_rx_top/u_AES_top_rx/u_aes128_cipher_core_inv/decipher_counter_reg[0]/CLR
  -------------------------------------------------------------------    -------------------

                         (clock clk_i rise edge)      0.000     0.000 r  
    Y9                                                0.000     0.000 r  clk_i (IN)
                         net (fo=0)                   0.000     0.000    clk_i
    Y9                   IBUF (Prop_ibuf_I_O)         0.446     0.446 r  clk_i_IBUF_inst/O
                         net (fo=1, unplaced)         0.355     0.801    clk_i_IBUF
                         BUFG (Prop_bufg_I_O)         0.029     0.830 r  clk_i_IBUF_BUFG_inst/O
                         net (fo=20056, unplaced)     0.259     1.089    u_soc/u_rx_top/u_AES_top_rx/u_aes128_cipher_core_inv/clk_i
                         FDCE                                         r  u_soc/u_rx_top/u_AES_top_rx/u_aes128_cipher_core_inv/decipher_counter_reg[0]/C
                         clock pessimism             -0.209     0.880    
                         FDCE (Remov_fdce_C_CLR)     -0.088     0.792    u_soc/u_rx_top/u_AES_top_rx/u_aes128_cipher_core_inv/decipher_counter_reg[0]
  -------------------------------------------------------------------
                         required time                         -0.792    
                         arrival time                           1.572    
  -------------------------------------------------------------------
                         slack                                  0.780    





