# vsim -coverage -l dma_compress_aes_input3.log -c test_bench "+CASE_NAME=dma_compress_aes_input3" "+INPUT_FILE=input3.txt" -voptargs="+cover=bcesft" -assertdebug -do "coverage save -onexit dma_compress_aes_input3.ucdb; run -all; quit -f" 
# Start time: 04:47:09 on May 10,2026
# ** Note: (vsim-8009) Loading existing optimized design _opt
# //  Questa Sim-64
# //  Version 2021.2_1 linux_x86_64 May 15 2021
# //
# //  Copyright 1991-2021 Mentor Graphics Corporation
# //  All Rights Reserved.
# //
# //  QuestaSim and its associated documentation contain trade
# //  secrets and commercial or financial information that are the property of
# //  Mentor Graphics Corporation and are privileged, confidential,
# //  and exempt from disclosure under the Freedom of Information Act,
# //  5 U.S.C. Section 552. Furthermore, this information
# //  is prohibited from disclosure under the Trade Secrets Act,
# //  18 U.S.C. Section 1905.
# //
# Loading work.test_bench(fast)
# coverage save -onexit dma_compress_aes_input3.ucdb
#  run -all
# INPUT_FILE override: input3.txt
# Sync Istr 0: 00008137
# Sync Istr 1: f0010113
# Sync Istr 2: 0040006f
# Sync Istr 3: ff010113
# Test_result STARTED dma_compress_aes_input3
# Loaded 242 byte(s) from input3.txt into DMEM @ 0x00002000
# ===== RV32I SOC DMA TX->RX CHECK =====
# input_file=input3.txt input_len=242
# dma_active_dir=2 busy=0 done_sticky=1 error_sticky=0
# dma_cfg src=0x00004000 dst=0x00006000 len=0x00000070 dir=0x2 block=0x20
# tx_dma state=0 busy=0 done=0 err=0 bytes=0x00000070 last_err=0x00
# rx_dma state=0 busy=0 done=0 err=0 bytes=0x000000f2 last_err=0x00
# tx_dst_head = 8e0fb233 afa98090 a2424a12 3229d879
# rx_dst_head = 61616169 61616161 61616161 61616161
# DEBUG first_tx_transport_valid=1 count=7 word=7801f1bb15a48d03671b10584a140782
# DEBUG first_tx_word_in_valid=1 count=122 data=61616169
# DEBUG first_tx_dma_word_write=1 count=122 data=61616169
# DEBUG first_tx_dma_read=1 count=122 addr=00002000 data=61616169
# DEBUG first_tx_start=1 src=00002000 dst=00004000 len=000000f2 dir=1 blk=32
# DEBUG mmio_write[0] addr=40000028 data=43424331
# DEBUG mmio_write[1] addr=4000002c data=562299b0
# DEBUG mmio_write[2] addr=40000030 data=0af004e4
# DEBUG mmio_write[3] addr=40000034 data=f0ac8ebd
# DEBUG mmio_write[4] addr=40000008 data=00002000
# DEBUG mmio_write[5] addr=4000000c data=00004000
# DEBUG mmio_write[6] addr=40000010 data=000000f2
# DEBUG mmio_write[7] addr=40000014 data=00000009
# DEBUG first_tx_ciphertext_dmem_valid=1 word=3229d879a2424a12afa980908e0fb233
# DEBUG first_rx_ciphertext_feed_valid=1 count=7 word=3229d879a2424a12afa980908e0fb233
# DEBUG first_rx_transport_valid=1 count=4781 word=7801f1bb15a48d03671b10584a140782
# DEBUG first_rx_word_valid=1 count=61 data=61616169 bytes=4 last_blk=0 last_frm=0
# DEBUG rx_stage_error depacker=0 parser=0 decoder=0 packer=0 aes_path=0
# DEBUG rx_stage_state parser=0 decoder=0 packer_busy=0 fifo_count=0 block_done=1 frame_done=1
# DEBUG rx_decoder_error code=0x00 state=0 bytes_left=0 payload_len=0
# DEBUG rx_decoder_meta mode=2 block_size=0 symbol_count=7 one_symbol=0x00 parser_mode=2 parser_block_size=18 parser_symbol_count=0
# BENCHMARK tx_cycles=10805 rx_cycles=5206 tx_cipher_bytes=112 rx_plain_bytes=242
# THROUGHPUT tx_in=2.240 MB/s tx_out=1.037 MB/s rx_in=2.151 MB/s rx_out=4.648 MB/s
# PAYLOAD compressed_bits=814 compressed_bytes_ceil=102 ratio=42.05% space_saving=57.95%
# STORAGE ratio=46.28% space_saving=53.72%
# LOOPBACK src_mismatch=0 rx_mismatch=0 tx_nonzero_bytes=112
# FILES summary=loopback/tb_rv32_soc_mmio_dma_summary.txt compare=loopback/tb_rv32_soc_mmio_dma_compare.txt src_dump=dmem_dump/tb_rv32_soc_mmio_dma_src.txt tx_dump=dmem_dump/tb_rv32_soc_mmio_dma_tx.txt rx_dump=dmem_dump/tb_rv32_soc_mmio_dma_rx.txt
# [PASS] mem_err_o_should_be_zero | actual=0 expected=0
# [PASS] cpu_should_publish_known_signature
# [PASS] result_signature | actual=0x44525831 expected=0x44525831
# [PASS] cpu_error_mask_should_be_zero | actual=0x00000000 expected=0x00000000
# [PASS] tx_status_before_start | actual=0x00000098 expected=0x00000098
# [PASS] tx_status_after_done | actual=0x0000009a expected=0x0000009a
# [PASS] tx_bytes_done_should_be_transport_aligned
# [PASS] tx_ciphertext_bytes_produced_should_match_tx_bytes_done | actual=0x00000070 expected=0x00000070
# [PASS] tx_poll_count_should_be_nonzero
# [PASS] rx_status_before_start_should_be_idle_or_done_sticky
# [PASS] rx_status_after_done | actual=0x0000002a expected=0x0000002a
# [PASS] rx_bytes_done_should_match_input_len | actual=0x000000f2 expected=0x000000f2
# [PASS] rx_debug_after_done | actual=0x00000000 expected=0x00000000
# [PASS] rx_poll_count_should_be_nonzero
# [PASS] source_dmem_should_match_input_file | actual=0x00000000 expected=0x00000000
# [PASS] loopback_rx_should_match_input_file | actual=0x00000000 expected=0x00000000
# [PASS] tx_ciphertext_region_should_not_be_all_zero
# [PASS] dma_start_pulse_count | actual=0x00000002 expected=0x00000002
# SUMMARY: PASS=18 FAIL=0
# [PASS] rv32_soc_unified_test
# ** Note: $finish    : ../tb/tb_rv32_soc_mmio_dma.v(5734)
#    Time: 180316 ns  Iteration: 0  Instance: /test_bench
# Saving coverage database on exit...
# End time: 04:47:37 on May 10,2026, Elapsed time: 0:00:28
# Errors: 0, Warnings: 0
