# vsim -batch -wlf dma_compress_aes_input1.wlf -l dma_compress_aes_input1.log -voptargs="+acc" -assertdebug test_bench "+CASE_NAME=dma_compress_aes_input1" "+INPUT_FILE=input1.txt" -do "log -r /*; run -all; quit -f" 
# Start time: 13:14:32 on May 11,2026
# ** Note: (vsim-3813) Design is being optimized due to module recompilation...
# //  Questa Sim-64
# //  Version 2021.2_1 linux_x86_64 May 15 2021
# //
# //  Copyright 1991-2021 Mentor Graphics Corporation
# //  All Rights Reserved.
# //
# //  QuestaSim and its associated documentation contain trade
# //  secrets and commercial or financial information that are the property of
# //  Mentor Graphics Corporation and are privileged, confidential,
# //  and exempt from disclosure under the Freedom of Information Act,
# //  5 U.S.C. Section 552. Furthermore, this information
# //  is prohibited from disclosure under the Trade Secrets Act,
# //  18 U.S.C. Section 1905.
# //
# Loading work.test_bench(fast)
# Loading work.rv32_soc_top(fast)
# Loading work.top_rv32_sync(fast)
# Loading work.if_stage_sync(fast)
# Loading work.id_stage(fast)
# Loading work.ex_stage(fast)
# Loading work.mem_stage_sync(fast)
# Loading work.forwarding(fast)
# Loading work.registers_file(fast)
# Loading work.imem_sync(fast)
# Loading work.dmem_ip_wrapper(fast)
# Loading work.DMEM_ip(fast)
# Loading work.apb_huffman_aes_tx_top(fast)
# Loading work.apb_huffman_tx_if(fast)
# Loading work.huffman_aes_tx_top(fast)
# Loading work.frequency_counter(fast)
# Loading work.huffman_builder(fast)
# Loading work.symbol_list_builder(fast)
# Loading work.code_length_builder(fast)
# Loading work.canonical_code_generator(fast)
# Loading work.dynamic_huffman_encoder(fast)
# Loading work.input_collect_unit(fast)
# Loading work.block_buffer(fast)
# Loading work.frequency_counter(fast__1)
# Loading work.huffman_builder(fast__1)
# Loading work.symbol_list_builder(fast__1)
# Loading work.code_length_builder(fast__1)
# Loading work.canonical_code_generator(fast__1)
# Loading work.mode_decision_logic(fast)
# Loading work.emit_backend(fast)
# Loading work.header_formatter(fast)
# Loading work.payload_emitter(fast)
# Loading work.stream_output_interface(fast)
# Loading work.control_fsm(fast)
# Loading work.bit_packer_128(fast)
# Loading work.wrapper(fast)
# Loading work.aes128_cipher_top(fast)
# Loading work.aes128_cipher_core(fast)
# Loading work.aes128_key_expansion(fast)
# Loading work.apb_huffman_aes_rx_top(fast)
# Loading work.wrapper_rx(fast)
# Loading work.aes128_cipher_inv_top(fast)
# Loading work.aes128_cipher_core_inv(fast)
# Loading work.aes128_key_expansion_inv(fast)
# Loading work.bit_depacker_128(fast)
# Loading work.huffman_block_parser(fast)
# Loading work.huffman_block_decoder(fast)
# Loading work.HUFFMAN_DECODE_TABLE_IP(fast)
# Loading work.rx_byte_packer_32(fast)
# Loading work.apb_huffman_rx_if(fast)
# Loading work.cpu_mmio_to_apb_bridge(fast)
# Loading work.dma_regfile(fast)
# Loading work.dma_tx_engine(fast)
# Loading work.dma_rx_engine(fast)
# 
# log -r /*
# run -all
# INPUT_FILE override: input1.txt
# Sync Istr 0: 00008137
# Sync Istr 1: f0010113
# Sync Istr 2: 0040006f
# Sync Istr 3: ff010113
# Test_result STARTED dma_compress_aes_input1
# Loaded 2551 byte(s) from input1.txt into DMEM @ 0x00002000
# ===== RV32I SOC DMA TX->RX CHECK =====
# input_file=input1.txt input_len=2551
# dma_active_dir=2 busy=0 done_sticky=1 error_sticky=0
# dma_cfg src=0x00004000 dst=0x00006000 len=0x00000400 dir=0x2 block=0x20
# tx_dma state=0 busy=0 done=0 err=0 bytes=0x00000400 last_err=0x00
# rx_dma state=0 busy=0 done=0 err=0 bytes=0x000009f7 last_err=0x00
# tx_dst_head = 3d5e9369 87fd4f6d af01399b f615e2b5
# rx_dst_head = 324f7053 20202020 72616548 61522074
# INPUT1 TRACE mmio[0..7]:
#   mmio_write[0] addr=40000028 data=43424331
#   mmio_write[1] addr=4000002c data=73170285
#   mmio_write[2] addr=40000030 data=903d9e76
#   mmio_write[3] addr=40000034 data=23d19959
#   mmio_write[4] addr=40000008 data=00002000
#   mmio_write[5] addr=4000000c data=00004000
#   mmio_write[6] addr=40000010 data=000009f7
#   mmio_write[7] addr=40000014 data=00000009
# INPUT1 TRACE dma_cfg src=00004000 dst=00006000 len=00000400 dir=2 block=32
# INPUT1 TRACE tx state=0 busy=0 done=0 bytes=00000400 err=00
# INPUT1 TRACE rx state=0 busy=0 done=0 bytes=000009f7 err=00
# INPUT1 TRACE result sig=44525831 error_mask=00000000 src_mismatch=0 rx_mismatch=0
# BENCHMARK tx_cycles=45441 rx_cycles=14931 tx_cipher_bytes=1024 rx_plain_bytes=2551
# THROUGHPUT tx_in=5.614 MB/s tx_out=2.253 MB/s rx_in=6.858 MB/s rx_out=17.085 MB/s
# PAYLOAD compressed_bits=7652 compressed_bytes_ceil=957 ratio=37.50% space_saving=62.50%
# STORAGE ratio=40.14% space_saving=59.86%
# LOOPBACK src_mismatch=0 rx_mismatch=0 tx_nonzero_bytes=1015
# FILES summary=loopback/tb_rv32_soc_mmio_dma_summary.txt compare=loopback/tb_rv32_soc_mmio_dma_compare.txt src_dump=dmem_dump/tb_rv32_soc_mmio_dma_src.txt tx_dump=dmem_dump/tb_rv32_soc_mmio_dma_tx.txt rx_dump=dmem_dump/tb_rv32_soc_mmio_dma_rx.txt
# [PASS] mem_err_o_should_be_zero | actual=0 expected=0
# [PASS] cpu_should_publish_known_signature
# [PASS] result_signature | actual=0x44525831 expected=0x44525831
# [PASS] cpu_error_mask_should_be_zero | actual=0x00000000 expected=0x00000000
# [PASS] tx_status_before_start | actual=0x00000098 expected=0x00000098
# [PASS] tx_status_after_done | actual=0x0000009a expected=0x0000009a
# [PASS] tx_bytes_done_should_be_transport_aligned
# [PASS] tx_ciphertext_bytes_produced_should_match_tx_bytes_done | actual=0x00000400 expected=0x00000400
# [PASS] tx_poll_count_should_be_nonzero
# [PASS] rx_status_before_start_should_be_idle_or_done_sticky
# [PASS] rx_status_after_done | actual=0x0000002a expected=0x0000002a
# [PASS] rx_bytes_done_should_match_input_len | actual=0x000009f7 expected=0x000009f7
# [PASS] rx_debug_after_done | actual=0x00000000 expected=0x00000000
# [PASS] rx_poll_count_should_be_nonzero
# [PASS] source_dmem_should_match_input_file | actual=0x00000000 expected=0x00000000
# [PASS] loopback_rx_should_match_input_file | actual=0x00000000 expected=0x00000000
# [PASS] tx_ciphertext_region_should_not_be_all_zero
# [PASS] dma_start_pulse_count | actual=0x00000002 expected=0x00000002
# SUMMARY: PASS=18 FAIL=0
# [PASS] rv32_soc_unified_test
# ** Note: $finish    : ../tb/tb_rv32_soc_mmio_dma.v(5831)
#    Time: 740226 ns  Iteration: 0  Instance: /test_bench
# End time: 13:15:01 on May 11,2026, Elapsed time: 0:00:29
# Errors: 0, Warnings: 0
