# vsim -coverage -l dma_compress_aes_alnum63_cov.log -c test_bench "+CASE_NAME=dma_compress_aes_alnum63_cov" "+INPUT_FILE=input_cov_alnum63.txt" -voptargs="+cover=bcesft" -assertdebug -do "coverage save -onexit dma_compress_aes_alnum63_cov.ucdb; run -all; quit -f" 
# Start time: 10:59:07 on May 07,2026
# ** Note: (vsim-8009) Loading existing optimized design _opt
# //  Questa Sim-64
# //  Version 2021.2_1 linux_x86_64 May 15 2021
# //
# //  Copyright 1991-2021 Mentor Graphics Corporation
# //  All Rights Reserved.
# //
# //  QuestaSim and its associated documentation contain trade
# //  secrets and commercial or financial information that are the property of
# //  Mentor Graphics Corporation and are privileged, confidential,
# //  and exempt from disclosure under the Freedom of Information Act,
# //  5 U.S.C. Section 552. Furthermore, this information
# //  is prohibited from disclosure under the Trade Secrets Act,
# //  18 U.S.C. Section 1905.
# //
# Loading work.test_bench(fast)
# coverage save -onexit dma_compress_aes_alnum63_cov.ucdb
#  run -all
# INPUT_FILE override: input_cov_alnum63.txt
# Sync Istr 0: 00008137
# Sync Istr 1: f0010113
# Sync Istr 2: 0040006f
# Sync Istr 3: ff010113
# Test_result STARTED dma_compress_aes_alnum63_cov
# Loaded 504 byte(s) from input_cov_alnum63.txt into DMEM @ 0x00002000
# ===== RV32I SOC DMA TX->RX CHECK =====
# input_file=input_cov_alnum63.txt input_len=504
# dma_active_dir=2 busy=0 done_sticky=1 error_sticky=0
# dma_cfg src=0x00004000 dst=0x00006000 len=0x00000220 dir=0x2 block=0x20
# tx_dma state=0 busy=0 done=0 err=0 bytes=0x00000220 last_err=0x00
# rx_dma state=0 busy=0 done=0 err=0 bytes=0x000001f8 last_err=0x00
# tx_dst_head = a99e1608 ec598e99 4c3acd8b aaeae592
# rx_dst_head = 33323130 37363534 42413938 46454443
# DEBUG first_tx_transport_valid=1 count=34 word=78cc6c63531a18ccc64631318182bf82
# DEBUG first_tx_word_in_valid=1 count=252 data=33323130
# DEBUG first_tx_dma_word_write=1 count=252 data=33323130
# DEBUG first_tx_dma_read=1 count=252 addr=00002000 data=33323130
# DEBUG first_tx_start=1 src=00002000 dst=00004000 len=000001f8 dir=1 blk=32
# DEBUG mmio_write[0] addr=40000028 data=43424331
# DEBUG mmio_write[1] addr=4000002c data=522bfbea
# DEBUG mmio_write[2] addr=40000030 data=0e4129e6
# DEBUG mmio_write[3] addr=40000034 data=3ab09560
# DEBUG mmio_write[4] addr=40000008 data=00002000
# DEBUG mmio_write[5] addr=4000000c data=00004000
# DEBUG mmio_write[6] addr=40000010 data=000001f8
# DEBUG mmio_write[7] addr=40000014 data=00000009
# DEBUG first_tx_ciphertext_dmem_valid=1 word=aaeae5924c3acd8bec598e99a99e1608
# DEBUG first_rx_ciphertext_feed_valid=1 count=34 word=aaeae5924c3acd8bec598e99a99e1608
# DEBUG first_rx_transport_valid=1 count=7325 word=78cc6c63531a18ccc64631318182bf82
# DEBUG first_rx_word_valid=1 count=126 data=33323130 bytes=4 last_blk=0 last_frm=0
# DEBUG rx_stage_error depacker=0 parser=0 decoder=0 packer=0 aes_path=0
# DEBUG rx_stage_state parser=0 decoder=0 packer_busy=0 fifo_count=0 block_done=1 frame_done=1
# DEBUG rx_decoder_error code=0x00 state=0 bytes_left=0 payload_len=0
# DEBUG rx_decoder_meta mode=2 block_size=0 symbol_count=63 one_symbol=0x00 parser_mode=2 parser_block_size=24 parser_symbol_count=0
# BENCHMARK tx_cycles=18129 rx_cycles=8475 tx_cipher_bytes=544 rx_plain_bytes=504
# THROUGHPUT tx_in=2.780 MB/s tx_out=3.001 MB/s rx_in=6.419 MB/s rx_out=5.947 MB/s
# PAYLOAD compressed_bits=4059 compressed_bytes_ceil=508 ratio=100.67% space_saving=-0.67%
# STORAGE ratio=107.94% space_saving=-7.94%
# LOOPBACK src_mismatch=0 rx_mismatch=0 tx_nonzero_bytes=541
# FILES summary=loopback/tb_rv32_soc_mmio_dma_summary.txt compare=loopback/tb_rv32_soc_mmio_dma_compare.txt src_dump=dmem_dump/tb_rv32_soc_mmio_dma_src.txt tx_dump=dmem_dump/tb_rv32_soc_mmio_dma_tx.txt rx_dump=dmem_dump/tb_rv32_soc_mmio_dma_rx.txt
# [PASS] mem_err_o_should_be_zero | actual=0 expected=0
# [PASS] cpu_should_publish_known_signature
# [PASS] result_signature | actual=0x44525831 expected=0x44525831
# [PASS] cpu_error_mask_should_be_zero | actual=0x00000000 expected=0x00000000
# [PASS] tx_status_before_start | actual=0x00000098 expected=0x00000098
# [PASS] tx_status_after_done | actual=0x0000009a expected=0x0000009a
# [PASS] tx_bytes_done_should_be_transport_aligned
# [PASS] tx_ciphertext_bytes_produced_should_match_tx_bytes_done | actual=0x00000220 expected=0x00000220
# [PASS] tx_poll_count_should_be_nonzero
# [PASS] rx_status_before_start_should_be_idle_or_done_sticky
# [PASS] rx_status_after_done | actual=0x0000002a expected=0x0000002a
# [PASS] rx_bytes_done_should_match_input_len | actual=0x000001f8 expected=0x000001f8
# [PASS] rx_debug_after_done | actual=0x00000000 expected=0x00000000
# [PASS] rx_poll_count_should_be_nonzero
# [PASS] source_dmem_should_match_input_file | actual=0x00000000 expected=0x00000000
# [PASS] loopback_rx_should_match_input_file | actual=0x00000000 expected=0x00000000
# [PASS] tx_ciphertext_region_should_not_be_all_zero
# [PASS] dma_start_pulse_count | actual=0x00000002 expected=0x00000002
# SUMMARY: PASS=18 FAIL=0
# [PASS] rv32_soc_unified_test
# ** Note: $finish    : ../tb/tb_rv32_soc_mmio_dma.v(5710)
#    Time: 306006 ns  Iteration: 0  Instance: /test_bench
# Saving coverage database on exit...
# End time: 10:59:39 on May 07,2026, Elapsed time: 0:00:32
# Errors: 0, Warnings: 0
