# vsim -debugDB -coverage -l dma_compress_aes_one_symbol_cov.log -c test_bench "+CASE_NAME=dma_compress_aes_one_symbol_cov" "+INPUT_FILE=input_cov_one_symbol.txt" -voptargs="+access+cover=bcesft" -assertdebug -do "coverage save -onexit dma_compress_aes_one_symbol_cov.ucdb; log -r /*; run -all" 
# Start time: 17:43:59 on Apr 29,2026
# ** Note: (vsim-8009) Loading existing optimized design _opt
# //  Questa Sim-64
# //  Version 2021.2_1 linux_x86_64 May 15 2021
# //
# //  Copyright 1991-2021 Mentor Graphics Corporation
# //  All Rights Reserved.
# //
# //  QuestaSim and its associated documentation contain trade
# //  secrets and commercial or financial information that are the property of
# //  Mentor Graphics Corporation and are privileged, confidential,
# //  and exempt from disclosure under the Freedom of Information Act,
# //  5 U.S.C. Section 552. Furthermore, this information
# //  is prohibited from disclosure under the Trade Secrets Act,
# //  18 U.S.C. Section 1905.
# //
# Loading work.test_bench(fast)
# Loading work.rv32_soc_top(fast)
# Loading work.top_rv32_sync(fast)
# Loading work.if_stage_sync(fast)
# Loading work.id_stage(fast)
# Loading work.ex_stage(fast)
# Loading work.mem_stage_sync(fast)
# Loading work.forwarding(fast)
# Loading work.registers_file(fast)
# Loading work.imem_sync(fast)
# Loading work.dmem_ip_wrapper(fast)
# Loading work.DMEM_ip(fast)
# Loading work.apb_huffman_aes_tx_top(fast)
# Loading work.apb_huffman_tx_if(fast)
# Loading work.huffman_aes_tx_top(fast)
# Loading work.frequency_counter(fast)
# Loading work.huffman_builder(fast)
# Loading work.symbol_list_builder(fast)
# Loading work.code_length_builder(fast)
# Loading work.canonical_code_generator(fast)
# Loading work.dynamic_huffman_encoder(fast)
# Loading work.input_collect_unit(fast)
# Loading work.block_buffer(fast)
# Loading work.frequency_counter(fast__1)
# Loading work.huffman_builder(fast__1)
# Loading work.symbol_list_builder(fast__1)
# Loading work.code_length_builder(fast__1)
# Loading work.canonical_code_generator(fast__1)
# Loading work.mode_decision_logic(fast)
# Loading work.emit_backend(fast)
# Loading work.header_formatter(fast)
# Loading work.payload_emitter(fast)
# Loading work.stream_output_interface(fast)
# Loading work.control_fsm(fast)
# Loading work.bit_packer_128(fast)
# Loading work.wrapper(fast)
# Loading work.aes128_cipher_top(fast)
# Loading work.aes128_cipher_core(fast)
# Loading work.aes128_key_expansion(fast)
# Loading work.apb_huffman_aes_rx_top(fast)
# Loading work.wrapper_rx(fast)
# Loading work.aes128_cipher_inv_top(fast)
# Loading work.aes128_cipher_core_inv(fast)
# Loading work.aes128_key_expansion_inv(fast)
# Loading work.bit_depacker_128(fast)
# Loading work.huffman_block_parser(fast)
# Loading work.huffman_block_decoder(fast)
# Loading work.HUFFMAN_DECODE_TABLE_IP(fast)
# Loading work.rx_byte_packer_32(fast)
# Loading work.apb_huffman_rx_if(fast)
# Loading work.cpu_mmio_to_apb_bridge(fast)
# Loading work.dma_regfile(fast)
# Loading work.dma_tx_engine(fast)
# Loading work.dma_rx_engine(fast)
# ** Note: (vsim-8716) Reusing existing debug database vsim.dbg.
# coverage save -onexit dma_compress_aes_one_symbol_cov.ucdb
#  log -r /*
#  run -all
# INPUT_FILE override: input_cov_one_symbol.txt
# Sync Istr 0: 00008137
# Sync Istr 1: f0010113
# Sync Istr 2: 0040006f
# Sync Istr 3: ff010113
# Test_result STARTED dma_compress_aes_one_symbol_cov
# Loaded 260 byte(s) from input_cov_one_symbol.txt into DMEM @ 0x00000400
# ===== RV32I SOC DMA TX->RX CHECK =====
# input_file=input_cov_one_symbol.txt input_len=260
# dma_active_dir=2 busy=0 done_sticky=1 error_sticky=0
# dma_cfg src=0x00002000 dst=0x00004000 len=0x00000040 dir=0x2 block=0x20
# tx_dma state=0 busy=0 done=0 err=0 bytes=0x00000040 last_err=0x00
# rx_dma state=0 busy=0 done=0 err=0 bytes=0x00000104 last_err=0x00
# tx_dst_head = e65452b0 817b45da f4a423dc ca2d6528
# rx_dst_head = 41414141 41414141 41414141 41414141
# DEBUG first_tx_transport_valid=1 count=4 word=78bfffffffc082ffffffff0a08428282
# DEBUG first_tx_word_in_valid=1 count=130 data=41414141
# DEBUG first_tx_dma_word_write=1 count=130 data=41414141
# DEBUG first_tx_dma_read=1 count=130 addr=00000400 data=41414141
# DEBUG first_tx_start=1 src=00000400 dst=00002000 len=00000104 dir=1 blk=32
# DEBUG mmio_write[0] addr=40000028 data=43424331
# DEBUG mmio_write[1] addr=4000002c data=cd484f39
# DEBUG mmio_write[2] addr=40000030 data=bf9b4029
# DEBUG mmio_write[3] addr=40000034 data=6737f814
# DEBUG mmio_write[4] addr=40000008 data=00000400
# DEBUG mmio_write[5] addr=4000000c data=00002000
# DEBUG mmio_write[6] addr=40000010 data=00000104
# DEBUG mmio_write[7] addr=40000014 data=00000009
# DEBUG first_tx_ciphertext_dmem_valid=1 word=ca2d6528f4a423dc817b45dae65452b0
# DEBUG first_rx_ciphertext_feed_valid=1 count=4 word=ca2d6528f4a423dc817b45dae65452b0
# DEBUG first_rx_transport_valid=1 count=4590 word=78bfffffffc082ffffffff0a08428282
# DEBUG first_rx_word_valid=1 count=65 data=41414141 bytes=4 last_blk=0 last_frm=0
# DEBUG rx_stage_error depacker=0 parser=0 decoder=0 packer=0 aes_path=0
# DEBUG rx_stage_state parser=0 decoder=0 packer_busy=0 fifo_count=0 block_done=1 frame_done=1
# DEBUG rx_decoder_error code=0x00 state=0 bytes_left=0 payload_len=0
# DEBUG rx_decoder_meta mode=2 block_size=0 symbol_count=2 one_symbol=0x00 parser_mode=2 parser_block_size=4 parser_symbol_count=0
# BENCHMARK tx_cycles=3741 rx_cycles=5226 tx_cipher_bytes=64 rx_plain_bytes=260
# THROUGHPUT tx_in=6.950 MB/s tx_out=1.711 MB/s rx_in=1.225 MB/s rx_out=4.975 MB/s
# PAYLOAD compressed_bits=412 compressed_bytes_ceil=52 ratio=19.81% space_saving=80.19%
# STORAGE ratio=24.62% space_saving=75.38%
# LOOPBACK src_mismatch=0 rx_mismatch=0 tx_nonzero_bytes=63
# FILES summary=loopback/tb_rv32_soc_mmio_dma_summary.txt compare=loopback/tb_rv32_soc_mmio_dma_compare.txt src_dump=dmem_dump/tb_rv32_soc_mmio_dma_src.txt tx_dump=dmem_dump/tb_rv32_soc_mmio_dma_tx.txt rx_dump=dmem_dump/tb_rv32_soc_mmio_dma_rx.txt
# [PASS] mem_err_o_should_be_zero | actual=0 expected=0
# [PASS] cpu_should_publish_known_signature
# [PASS] result_signature | actual=0x44525831 expected=0x44525831
# [PASS] cpu_error_mask_should_be_zero | actual=0x00000000 expected=0x00000000
# [PASS] tx_status_before_start | actual=0x00000098 expected=0x00000098
# [PASS] tx_status_after_done | actual=0x0000009a expected=0x0000009a
# [PASS] tx_bytes_done_should_be_transport_aligned
# [PASS] tx_ciphertext_bytes_produced_should_match_tx_bytes_done | actual=0x00000040 expected=0x00000040
# [PASS] tx_poll_count_should_be_nonzero
# [PASS] rx_status_before_start_should_be_idle_or_done_sticky
# [PASS] rx_status_after_done | actual=0x0000002a expected=0x0000002a
# [PASS] rx_bytes_done_should_match_input_len | actual=0x00000104 expected=0x00000104
# [PASS] rx_debug_after_done | actual=0x00000000 expected=0x00000000
# [PASS] rx_poll_count_should_be_nonzero
# [PASS] source_dmem_should_match_input_file | actual=0x00000000 expected=0x00000000
# [PASS] loopback_rx_should_match_input_file | actual=0x00000000 expected=0x00000000
# [PASS] tx_ciphertext_region_should_not_be_all_zero
# [PASS] dma_start_pulse_count | actual=0x00000002 expected=0x00000002
# SUMMARY: PASS=18 FAIL=0
# [PASS] rv32_soc_unified_test
# ** Note: $finish    : ../tb/tb_rv32_soc_mmio_dma.v(1412)
#    Time: 109726 ns  Iteration: 0  Instance: /test_bench
# Saving coverage database on exit...
# End time: 17:44:31 on Apr 29,2026, Elapsed time: 0:00:32
# Errors: 0, Warnings: 0
