# vsim -batch -l dma_storage_table_input1_then_input3.log -voptargs="+acc" -assertdebug test_bench "+CASE_NAME=dma_storage_table_input1_then_input3" "+INPUT_FILE=input1.txt" "+INPUT_FILE2=input3.txt" -do "run -all; quit -f" 
# Start time: 09:29:12 on May 06,2026
# ** Note: (vsim-8009) Loading existing optimized design _opt1
# //  Questa Sim-64
# //  Version 2021.2_1 linux_x86_64 May 15 2021
# //
# //  Copyright 1991-2021 Mentor Graphics Corporation
# //  All Rights Reserved.
# //
# //  QuestaSim and its associated documentation contain trade
# //  secrets and commercial or financial information that are the property of
# //  Mentor Graphics Corporation and are privileged, confidential,
# //  and exempt from disclosure under the Freedom of Information Act,
# //  5 U.S.C. Section 552. Furthermore, this information
# //  is prohibited from disclosure under the Trade Secrets Act,
# //  18 U.S.C. Section 1905.
# //
# Loading work.test_bench(fast)
# Loading work.rv32_soc_top(fast)
# Loading work.top_rv32_sync(fast)
# Loading work.if_stage_sync(fast)
# Loading work.id_stage(fast)
# Loading work.ex_stage(fast)
# Loading work.mem_stage_sync(fast)
# Loading work.forwarding(fast)
# Loading work.registers_file(fast)
# Loading work.imem_sync(fast)
# Loading work.dmem_ip_wrapper(fast)
# Loading work.DMEM_ip(fast)
# Loading work.apb_huffman_aes_tx_top(fast)
# Loading work.apb_huffman_tx_if(fast)
# Loading work.huffman_aes_tx_top(fast)
# Loading work.frequency_counter(fast)
# Loading work.huffman_builder(fast)
# Loading work.symbol_list_builder(fast)
# Loading work.code_length_builder(fast)
# Loading work.canonical_code_generator(fast)
# Loading work.dynamic_huffman_encoder(fast)
# Loading work.input_collect_unit(fast)
# Loading work.block_buffer(fast)
# Loading work.frequency_counter(fast__1)
# Loading work.huffman_builder(fast__1)
# Loading work.symbol_list_builder(fast__1)
# Loading work.code_length_builder(fast__1)
# Loading work.canonical_code_generator(fast__1)
# Loading work.mode_decision_logic(fast)
# Loading work.emit_backend(fast)
# Loading work.header_formatter(fast)
# Loading work.payload_emitter(fast)
# Loading work.stream_output_interface(fast)
# Loading work.control_fsm(fast)
# Loading work.bit_packer_128(fast)
# Loading work.wrapper(fast)
# Loading work.aes128_cipher_top(fast)
# Loading work.aes128_cipher_core(fast)
# Loading work.aes128_key_expansion(fast)
# Loading work.apb_huffman_aes_rx_top(fast)
# Loading work.wrapper_rx(fast)
# Loading work.aes128_cipher_inv_top(fast)
# Loading work.aes128_cipher_core_inv(fast)
# Loading work.aes128_key_expansion_inv(fast)
# Loading work.bit_depacker_128(fast)
# Loading work.huffman_block_parser(fast)
# Loading work.huffman_block_decoder(fast)
# Loading work.HUFFMAN_DECODE_TABLE_IP(fast)
# Loading work.rx_byte_packer_32(fast)
# Loading work.apb_huffman_rx_if(fast)
# Loading work.cpu_mmio_to_apb_bridge(fast)
# Loading work.dma_regfile(fast)
# Loading work.dma_tx_engine(fast)
# Loading work.dma_rx_engine(fast)
# ** Warning: (vsim-12070) Force of a variable select from a non-constant rhs may produce unexpected results.
#    Time: 0 ps  Iteration: 0  Instance: /test_bench File: ../tb/tb_rv32_soc_mmio_dma.v Line: 4322
# ** Warning: (vsim-12070) Force of a variable select from a non-constant rhs may produce unexpected results.
#    Time: 0 ps  Iteration: 0  Instance: /test_bench File: ../tb/tb_rv32_soc_mmio_dma.v Line: 4320
# ** Warning: (vsim-12070) Force of a variable select from a non-constant rhs may produce unexpected results.
#    Time: 0 ps  Iteration: 0  Instance: /test_bench File: ../tb/tb_rv32_soc_mmio_dma.v Line: 4318
# ** Warning: (vsim-12070) Force of a variable select from a non-constant rhs may produce unexpected results.
#    Time: 0 ps  Iteration: 0  Instance: /test_bench File: ../tb/tb_rv32_soc_mmio_dma.v Line: 4316
# ** Warning: (vsim-12070) Force of a variable select from a non-constant rhs may produce unexpected results.
#    Time: 0 ps  Iteration: 0  Instance: /test_bench File: ../tb/tb_rv32_soc_mmio_dma.v Line: 4314
# ** Warning: (vsim-12070) Force of a variable select from a non-constant rhs may produce unexpected results.
#    Time: 0 ps  Iteration: 0  Instance: /test_bench File: ../tb/tb_rv32_soc_mmio_dma.v Line: 4312
# ** Warning: (vsim-12070) Force of a variable select from a non-constant rhs may produce unexpected results.
#    Time: 0 ps  Iteration: 0  Instance: /test_bench File: ../tb/tb_rv32_soc_mmio_dma.v Line: 4308
# ** Warning: (vsim-12070) Force of a variable select from a non-constant rhs may produce unexpected results.
#    Time: 0 ps  Iteration: 0  Instance: /test_bench File: ../tb/tb_rv32_soc_mmio_dma.v Line: 4306
# ** Warning: (vsim-12070) Force of a variable select from a non-constant rhs may produce unexpected results.
#    Time: 0 ps  Iteration: 0  Instance: /test_bench File: ../tb/tb_rv32_soc_mmio_dma.v Line: 4304
# ** Warning: (vsim-12070) Force of a variable select from a non-constant rhs may produce unexpected results.
#    Time: 0 ps  Iteration: 0  Instance: /test_bench File: ../tb/tb_rv32_soc_mmio_dma.v Line: 4302
# ** Warning: (vsim-12070) Force of a variable select from a non-constant rhs may produce unexpected results.
#    Time: 0 ps  Iteration: 0  Instance: /test_bench File: ../tb/tb_rv32_soc_mmio_dma.v Line: 4300
# ** Warning: (vsim-12070) Force of a variable select from a non-constant rhs may produce unexpected results.
#    Time: 0 ps  Iteration: 0  Instance: /test_bench File: ../tb/tb_rv32_soc_mmio_dma.v Line: 4298
# ** Warning: (vsim-12070) Force of a variable select from a non-constant rhs may produce unexpected results.
#    Time: 0 ps  Iteration: 0  Instance: /test_bench File: ../tb/tb_rv32_soc_mmio_dma.v Line: 4243
# ** Warning: (vsim-12070) Force of a variable select from a non-constant rhs may produce unexpected results.
#    Time: 0 ps  Iteration: 0  Instance: /test_bench File: ../tb/tb_rv32_soc_mmio_dma.v Line: 4241
# ** Warning: (vsim-12070) Force of a variable select from a non-constant rhs may produce unexpected results.
#    Time: 0 ps  Iteration: 0  Instance: /test_bench File: ../tb/tb_rv32_soc_mmio_dma.v Line: 4239
# ** Warning: (vsim-12070) Force of a variable select from a non-constant rhs may produce unexpected results.
#    Time: 0 ps  Iteration: 0  Instance: /test_bench File: ../tb/tb_rv32_soc_mmio_dma.v Line: 4237
# ** Warning: (vsim-12070) Force of a variable select from a non-constant rhs may produce unexpected results.
#    Time: 0 ps  Iteration: 0  Instance: /test_bench File: ../tb/tb_rv32_soc_mmio_dma.v Line: 4235
# ** Warning: (vsim-12070) Force of a variable select from a non-constant rhs may produce unexpected results.
#    Time: 0 ps  Iteration: 0  Instance: /test_bench File: ../tb/tb_rv32_soc_mmio_dma.v Line: 4233
# ** Warning: (vsim-12070) Force of a variable select from a non-constant rhs may produce unexpected results.
#    Time: 0 ps  Iteration: 0  Instance: /test_bench File: ../tb/tb_rv32_soc_mmio_dma.v Line: 4231
# ** Warning: (vsim-12070) Force of a variable select from a non-constant rhs may produce unexpected results.
#    Time: 0 ps  Iteration: 0  Instance: /test_bench File: ../tb/tb_rv32_soc_mmio_dma.v Line: 4229
# ** Warning: (vsim-12070) Force of a variable select from a non-constant rhs may produce unexpected results.
#    Time: 0 ps  Iteration: 0  Instance: /test_bench File: ../tb/tb_rv32_soc_mmio_dma.v Line: 4227
# ** Warning: (vsim-12070) Force of a variable select from a non-constant rhs may produce unexpected results.
#    Time: 0 ps  Iteration: 0  Instance: /test_bench File: ../tb/tb_rv32_soc_mmio_dma.v Line: 4225
# ** Warning: (vsim-12070) Force of a variable select from a non-constant rhs may produce unexpected results.
#    Time: 0 ps  Iteration: 0  Instance: /test_bench File: ../tb/tb_rv32_soc_mmio_dma.v Line: 4223
# ** Warning: (vsim-12070) Force of a variable select from a non-constant rhs may produce unexpected results.
#    Time: 0 ps  Iteration: 0  Instance: /test_bench File: ../tb/tb_rv32_soc_mmio_dma.v Line: 4221
# ** Warning: (vsim-12070) Force of a variable select from a non-constant rhs may produce unexpected results.
#    Time: 0 ps  Iteration: 0  Instance: /test_bench File: ../tb/tb_rv32_soc_mmio_dma.v Line: 4216
# ** Warning: (vsim-12070) Force of a variable select from a non-constant rhs may produce unexpected results.
#    Time: 0 ps  Iteration: 0  Instance: /test_bench File: ../tb/tb_rv32_soc_mmio_dma.v Line: 4214
# ** Warning: (vsim-12070) Force of a variable select from a non-constant rhs may produce unexpected results.
#    Time: 0 ps  Iteration: 0  Instance: /test_bench File: ../tb/tb_rv32_soc_mmio_dma.v Line: 4212
# ** Warning: (vsim-12070) Force of a variable select from a non-constant rhs may produce unexpected results.
#    Time: 0 ps  Iteration: 0  Instance: /test_bench File: ../tb/tb_rv32_soc_mmio_dma.v Line: 4210
# ** Warning: (vsim-12070) Force of a variable select from a non-constant rhs may produce unexpected results.
#    Time: 0 ps  Iteration: 0  Instance: /test_bench File: ../tb/tb_rv32_soc_mmio_dma.v Line: 4208
# ** Warning: (vsim-12070) Force of a variable select from a non-constant rhs may produce unexpected results.
#    Time: 0 ps  Iteration: 0  Instance: /test_bench File: ../tb/tb_rv32_soc_mmio_dma.v Line: 4206
# ** Warning: (vsim-12070) Force of a variable select from a non-constant rhs may produce unexpected results.
#    Time: 0 ps  Iteration: 0  Instance: /test_bench File: ../tb/tb_rv32_soc_mmio_dma.v Line: 4204
# ** Warning: (vsim-12070) Force of a variable select from a non-constant rhs may produce unexpected results.
#    Time: 0 ps  Iteration: 0  Instance: /test_bench File: ../tb/tb_rv32_soc_mmio_dma.v Line: 4202
# ** Warning: (vsim-12070) Force of a variable select from a non-constant rhs may produce unexpected results.
#    Time: 0 ps  Iteration: 0  Instance: /test_bench File: ../tb/tb_rv32_soc_mmio_dma.v Line: 4200
# ** Warning: (vsim-12070) Force of a variable select from a non-constant rhs may produce unexpected results.
#    Time: 0 ps  Iteration: 0  Instance: /test_bench File: ../tb/tb_rv32_soc_mmio_dma.v Line: 4198
# ** Warning: (vsim-12070) Force of a variable select from a non-constant rhs may produce unexpected results.
#    Time: 0 ps  Iteration: 0  Instance: /test_bench File: ../tb/tb_rv32_soc_mmio_dma.v Line: 4196
# ** Warning: (vsim-12070) Force of a variable select from a non-constant rhs may produce unexpected results.
#    Time: 0 ps  Iteration: 0  Instance: /test_bench File: ../tb/tb_rv32_soc_mmio_dma.v Line: 4192
# ** Warning: (vsim-12070) Force of a variable select from a non-constant rhs may produce unexpected results.
#    Time: 0 ps  Iteration: 0  Instance: /test_bench File: ../tb/tb_rv32_soc_mmio_dma.v Line: 4190
# ** Warning: (vsim-12070) Force of a variable select from a non-constant rhs may produce unexpected results.
#    Time: 0 ps  Iteration: 0  Instance: /test_bench File: ../tb/tb_rv32_soc_mmio_dma.v Line: 4188
# ** Warning: (vsim-12070) Force of a variable select from a non-constant rhs may produce unexpected results.
#    Time: 0 ps  Iteration: 0  Instance: /test_bench File: ../tb/tb_rv32_soc_mmio_dma.v Line: 4186
# ** Warning: (vsim-12070) Force of a variable select from a non-constant rhs may produce unexpected results.
#    Time: 0 ps  Iteration: 0  Instance: /test_bench File: ../tb/tb_rv32_soc_mmio_dma.v Line: 4184
# ** Warning: (vsim-12070) Force of a variable select from a non-constant rhs may produce unexpected results.
#    Time: 0 ps  Iteration: 0  Instance: /test_bench File: ../tb/tb_rv32_soc_mmio_dma.v Line: 4182
# ** Warning: (vsim-12070) Force of a variable select from a non-constant rhs may produce unexpected results.
#    Time: 0 ps  Iteration: 0  Instance: /test_bench File: ../tb/tb_rv32_soc_mmio_dma.v Line: 4180
# ** Warning: (vsim-12070) Force of a variable select from a non-constant rhs may produce unexpected results.
#    Time: 0 ps  Iteration: 0  Instance: /test_bench File: ../tb/tb_rv32_soc_mmio_dma.v Line: 4166
# ** Warning: (vsim-12070) Force of a variable select from a non-constant rhs may produce unexpected results.
#    Time: 0 ps  Iteration: 0  Instance: /test_bench File: ../tb/tb_rv32_soc_mmio_dma.v Line: 4164
# ** Warning: (vsim-12070) Force of a variable select from a non-constant rhs may produce unexpected results.
#    Time: 0 ps  Iteration: 0  Instance: /test_bench File: ../tb/tb_rv32_soc_mmio_dma.v Line: 4162
# ** Warning: (vsim-12070) Force of a variable select from a non-constant rhs may produce unexpected results.
#    Time: 0 ps  Iteration: 0  Instance: /test_bench File: ../tb/tb_rv32_soc_mmio_dma.v Line: 4160
# ** Warning: (vsim-12070) Force of a variable select from a non-constant rhs may produce unexpected results.
#    Time: 0 ps  Iteration: 0  Instance: /test_bench File: ../tb/tb_rv32_soc_mmio_dma.v Line: 4158
# ** Warning: (vsim-12070) Force of a variable select from a non-constant rhs may produce unexpected results.
#    Time: 0 ps  Iteration: 0  Instance: /test_bench File: ../tb/tb_rv32_soc_mmio_dma.v Line: 4156
# ** Warning: (vsim-12070) Force of a variable select from a non-constant rhs may produce unexpected results.
#    Time: 0 ps  Iteration: 0  Instance: /test_bench File: ../tb/tb_rv32_soc_mmio_dma.v Line: 4154
# ** Warning: (vsim-12070) Force of a variable select from a non-constant rhs may produce unexpected results.
#    Time: 0 ps  Iteration: 0  Instance: /test_bench File: ../tb/tb_rv32_soc_mmio_dma.v Line: 4152
# ** Warning: (vsim-12070) Force of a variable select from a non-constant rhs may produce unexpected results.
#    Time: 0 ps  Iteration: 0  Instance: /test_bench File: ../tb/tb_rv32_soc_mmio_dma.v Line: 4150
# ** Warning: (vsim-12070) Force of a variable select from a non-constant rhs may produce unexpected results.
#    Time: 0 ps  Iteration: 0  Instance: /test_bench File: ../tb/tb_rv32_soc_mmio_dma.v Line: 4148
# ** Warning: (vsim-12070) Force of a variable select from a non-constant rhs may produce unexpected results.
#    Time: 0 ps  Iteration: 0  Instance: /test_bench File: ../tb/tb_rv32_soc_mmio_dma.v Line: 4146
# ** Warning: (vsim-12070) Force of a variable select from a non-constant rhs may produce unexpected results.
#    Time: 0 ps  Iteration: 0  Instance: /test_bench File: ../tb/tb_rv32_soc_mmio_dma.v Line: 4144
# ** Warning: (vsim-12070) Force of a variable select from a non-constant rhs may produce unexpected results.
#    Time: 0 ps  Iteration: 0  Instance: /test_bench File: ../tb/tb_rv32_soc_mmio_dma.v Line: 4139
# ** Warning: (vsim-12070) Force of a variable select from a non-constant rhs may produce unexpected results.
#    Time: 0 ps  Iteration: 0  Instance: /test_bench File: ../tb/tb_rv32_soc_mmio_dma.v Line: 4137
# ** Warning: (vsim-12070) Force of a variable select from a non-constant rhs may produce unexpected results.
#    Time: 0 ps  Iteration: 0  Instance: /test_bench File: ../tb/tb_rv32_soc_mmio_dma.v Line: 4135
# ** Warning: (vsim-12070) Force of a variable select from a non-constant rhs may produce unexpected results.
#    Time: 0 ps  Iteration: 0  Instance: /test_bench File: ../tb/tb_rv32_soc_mmio_dma.v Line: 4133
# ** Warning: (vsim-12070) Force of a variable select from a non-constant rhs may produce unexpected results.
#    Time: 0 ps  Iteration: 0  Instance: /test_bench File: ../tb/tb_rv32_soc_mmio_dma.v Line: 4131
# ** Warning: (vsim-12070) Force of a variable select from a non-constant rhs may produce unexpected results.
#    Time: 0 ps  Iteration: 0  Instance: /test_bench File: ../tb/tb_rv32_soc_mmio_dma.v Line: 4129
# ** Warning: (vsim-12070) Force of a variable select from a non-constant rhs may produce unexpected results.
#    Time: 0 ps  Iteration: 0  Instance: /test_bench File: ../tb/tb_rv32_soc_mmio_dma.v Line: 4127
# ** Warning: (vsim-12070) Force of a variable select from a non-constant rhs may produce unexpected results.
#    Time: 0 ps  Iteration: 0  Instance: /test_bench File: ../tb/tb_rv32_soc_mmio_dma.v Line: 4125
# ** Warning: (vsim-12070) Force of a variable select from a non-constant rhs may produce unexpected results.
#    Time: 0 ps  Iteration: 0  Instance: /test_bench File: ../tb/tb_rv32_soc_mmio_dma.v Line: 4123
# ** Warning: (vsim-12070) Force of a variable select from a non-constant rhs may produce unexpected results.
#    Time: 0 ps  Iteration: 0  Instance: /test_bench File: ../tb/tb_rv32_soc_mmio_dma.v Line: 4121
# ** Warning: (vsim-12070) Force of a variable select from a non-constant rhs may produce unexpected results.
#    Time: 0 ps  Iteration: 0  Instance: /test_bench File: ../tb/tb_rv32_soc_mmio_dma.v Line: 4119
# ** Warning: (vsim-12070) Force of a variable select from a non-constant rhs may produce unexpected results.
#    Time: 0 ps  Iteration: 0  Instance: /test_bench File: ../tb/tb_rv32_soc_mmio_dma.v Line: 4115
# ** Warning: (vsim-12070) Force of a variable select from a non-constant rhs may produce unexpected results.
#    Time: 0 ps  Iteration: 0  Instance: /test_bench File: ../tb/tb_rv32_soc_mmio_dma.v Line: 4113
# ** Warning: (vsim-12070) Force of a variable select from a non-constant rhs may produce unexpected results.
#    Time: 0 ps  Iteration: 0  Instance: /test_bench File: ../tb/tb_rv32_soc_mmio_dma.v Line: 4111
# ** Warning: (vsim-12070) Force of a variable select from a non-constant rhs may produce unexpected results.
#    Time: 0 ps  Iteration: 0  Instance: /test_bench File: ../tb/tb_rv32_soc_mmio_dma.v Line: 4108
# ** Warning: (vsim-12070) Force of a variable select from a non-constant rhs may produce unexpected results.
#    Time: 0 ps  Iteration: 0  Instance: /test_bench File: ../tb/tb_rv32_soc_mmio_dma.v Line: 4106
# ** Warning: (vsim-12070) Force of a variable select from a non-constant rhs may produce unexpected results.
#    Time: 0 ps  Iteration: 0  Instance: /test_bench File: ../tb/tb_rv32_soc_mmio_dma.v Line: 4104
# ** Warning: (vsim-12070) Force of a variable select from a non-constant rhs may produce unexpected results.
#    Time: 0 ps  Iteration: 0  Instance: /test_bench File: ../tb/tb_rv32_soc_mmio_dma.v Line: 4102
# 
# run -all
# INPUT_FILE override: input1.txt
# INPUT_FILE2 override: input3.txt
# Sync Istr 0: 00008137
# Sync Istr 1: f0010113
# Sync Istr 2: 0040006f
# Sync Istr 3: fe010113
# Test_result STARTED dma_storage_table_input1_then_input3
# Loaded 2551 byte(s) from input1.txt into DMEM @ 0x00002000
# Loaded 242 byte(s) from input3.txt into DMEM @ 0x00003000
# ===== RV32I SOC STORAGE TABLE TX1/TX2/RX1 CHECK =====
# input_file=input1.txt input_len=2551
# input2_file=input3.txt input2_len=242 src2=0x00003000
# dma_active_dir=2 busy=0 done_sticky=1 error_sticky=0
# dma_cfg src=0x00004000 dst=0x00006000 len=0x000003e0 dir=0x2 block=0x20
# tx_dma state=0 busy=0 done=0 err=0 bytes=0x00000070 last_err=0x00
# rx_dma state=0 busy=0 done=0 err=0 bytes=0x000009f7 last_err=0x00
# tx_dst_head = 8483f82a 5c4ab86f aa70c00a 4625ba2c
# rx_dst_head = 324f7053 20202020 72616548 61522074
# DEBUG first_tx_transport_valid=1 count=69 word=788c6a634399a0c8e627300900c29582
# DEBUG first_tx_word_in_valid=1 count=1398 data=324f7053
# DEBUG first_tx_dma_word_write=1 count=1398 data=324f7053
# DEBUG first_tx_dma_read=1 count=1398 addr=00002000 data=324f7053
# DEBUG first_tx_start=1 src=00002000 dst=00004000 len=000009f7 dir=1 blk=32
# DEBUG mmio_write[0] addr=40000028 data=43424330
# DEBUG mmio_write[1] addr=4000002c data=ff1f84a4
# DEBUG mmio_write[2] addr=40000030 data=947e8eb0
# DEBUG mmio_write[3] addr=40000034 data=0445a1db
# DEBUG mmio_write[4] addr=40000008 data=00002000
# DEBUG mmio_write[5] addr=4000000c data=00004000
# DEBUG mmio_write[6] addr=40000010 data=000009f7
# DEBUG mmio_write[7] addr=40000014 data=00000009
# DEBUG first_tx_ciphertext_dmem_valid=1 word=4625ba2caa70c00a5c4ab86f8483f82a
# DEBUG first_rx_ciphertext_feed_valid=1 count=62 word=4625ba2caa70c00a5c4ab86f8483f82a
# DEBUG first_rx_transport_valid=1 count=13691 word=788c6a634399a0c8e627300900c29582
# DEBUG first_rx_word_valid=1 count=638 data=324f7053 bytes=4 last_blk=0 last_frm=0
# DEBUG rx_stage_error depacker=0 parser=0 decoder=0 packer=0 aes_path=0
# DEBUG rx_stage_state parser=0 decoder=0 packer_busy=0 fifo_count=0 block_done=1 frame_done=1
# DEBUG rx_decoder_error code=0x00 state=0 bytes_left=0 payload_len=0
# DEBUG rx_decoder_meta mode=2 block_size=0 symbol_count=21 one_symbol=0x00 parser_mode=2 parser_block_size=23 parser_symbol_count=0
# BENCHMARK tx_cycles=38594 rx_cycles=14904 tx_cipher_bytes=992 rx_plain_bytes=2551
# THROUGHPUT tx_in=6.610 MB/s tx_out=2.570 MB/s rx_in=6.656 MB/s rx_out=17.116 MB/s
# PAYLOAD compressed_bits=8202 compressed_bytes_ceil=1026 ratio=40.19% space_saving=59.81%
# STORAGE ratio=38.89% space_saving=61.11%
# LOOPBACK src_mismatch=0 rx_mismatch=0 tx_nonzero_bytes=990
# FILES summary=loopback/tb_rv32_soc_mmio_dma_summary.txt compare=loopback/tb_rv32_soc_mmio_dma_compare.txt src_dump=dmem_dump/tb_rv32_soc_mmio_dma_src.txt tx_dump=dmem_dump/tb_rv32_soc_mmio_dma_tx.txt rx_dump=dmem_dump/tb_rv32_soc_mmio_dma_rx.txt
# [PASS] mem_err_o_should_be_zero | actual=0 expected=0
# [PASS] cpu_should_publish_known_signature
# [PASS] storage_result_signature | actual=0x53544f52 expected=0x53544f52
# [PASS] storage_cpu_error_mask_should_be_zero | actual=0x00000000 expected=0x00000000
# [PASS] storage_tx1_status_before_start | actual=0x00000098 expected=0x00000098
# [PASS] storage_tx1_status_after_done | actual=0x0000009a expected=0x0000009a
# [PASS] storage_tx1_bytes_done_should_be_transport_aligned
# [PASS] storage_tx1_ciphertext_bytes_match_bytes_done | actual=0x000003e0 expected=0x000003e0
# [PASS] storage_tx1_poll_count_should_be_nonzero
# [PASS] storage_rx1_status_before_start_should_be_idle_or_done_sticky
# [PASS] storage_rx1_status_after_done | actual=0x0000002a expected=0x0000002a
# [PASS] storage_rx1_bytes_done_should_match_input1_len | actual=0x000009f7 expected=0x000009f7
# [PASS] storage_rx1_debug_after_done | actual=0x00000000 expected=0x00000000
# [PASS] storage_rx1_poll_count_should_be_nonzero
# [PASS] storage_tx2_ciphertext_should_be_nonzero_aligned
# [PASS] storage_input2_len_echo | actual=0x000000f2 expected=0x000000f2
# [PASS] storage_selected_file_id | actual=0x00000001 expected=0x00000001
# [PASS] storage_total_records | actual=0x00000002 expected=0x00000002
# [PASS] source_dmem_should_match_input1_file | actual=0x00000000 expected=0x00000000
# [PASS] loopback_rx_should_match_input1_file | actual=0x00000000 expected=0x00000000
# [PASS] storage_tx1_ciphertext_region_should_not_be_all_zero
# [PASS] storage_dma_start_pulse_count | actual=0x00000003 expected=0x00000003
# SUMMARY: PASS=22 FAIL=0
# [PASS] rv32_soc_unified_test
# ** Note: $finish    : ../tb/tb_rv32_soc_mmio_dma.v(4854)
#    Time: 674186 ns  Iteration: 0  Instance: /test_bench
# End time: 09:29:38 on May 06,2026, Elapsed time: 0:00:26
# Errors: 0, Warnings: 72
