# vsim -debugDB -coverage -l mmio_regfile_basic.log -c tb_rv32_soc_mmio_regfile "+CASE_NAME=mmio_regfile_basic" -voptargs="+access+cover=bcesft" -assertdebug -do "coverage save -onexit mmio_regfile_basic.ucdb; log -r /*; run -all" 
# Start time: 05:41:29 on Apr 29,2026
# ** Note: (vsim-3812) Design is being optimized...
# ** Note: (vsim-8611) Generating debug db.
# ** Warning: (vopt-4308) Enabling visibility using +acc is recommended with debug flow.
# ** Note: (vopt-143) Recognized 1 FSM in module "control_fsm(fast)".
# ** Note: (vopt-143) Recognized 1 FSM in module "stream_output_interface(fast)".
# ** Note: (vopt-4301) Memory core inferred for signal 'block_mem' width=8, depth=32, type=RAM at location ../rtl/block_buffer.v:23
# ** Note: (vopt-4301) Memory core inferred for signal 'fallback_symbol' width=8, depth=63, type=RAM at location ../rtl/huffman_block_decoder.v:136
# ** Note: (vopt-143) Recognized 1 FSM in module "huffman_block_decoder(fast)".
# ** Note: (vopt-143) Recognized 1 FSM in module "huffman_block_parser(fast)".
# ** Note: (vopt-143) Recognized 1 FSM in module "code_length_builder(fast)".
# ** Note: (vopt-4301) Memory core inferred for signal 'code_len_mem' width=5, depth=96, type=RAM at location ../rtl/code_length_builder.v:62
# ** Note: (vopt-4301) Memory core inferred for signal 'node_order' width=6, depth=63, type=RAM at location ../rtl/code_length_builder.v:60
# ** Note: (vopt-4301) Memory core inferred for signal 'node_symbol' width=8, depth=63, type=RAM at location ../rtl/code_length_builder.v:59
# ** Note: (vopt-4301) Memory core inferred for signal 'node_mask' width=32, depth=63, type=RAM at location ../rtl/code_length_builder.v:56
# ** Note: (vopt-4301) Memory core inferred for signal 'node_weight' width=6, depth=63, type=RAM at location ../rtl/code_length_builder.v:55
# ** Note: (vopt-4301) Memory core inferred for signal 'leaf_code_len' width=5, depth=32, type=RAM at location ../rtl/code_length_builder.v:53
# ** Note: (vopt-4301) Memory core inferred for signal 'leaf_symbol' width=8, depth=32, type=RAM at location ../rtl/code_length_builder.v:52
# ** Note: (vopt-143) Recognized 1 FSM in module "code_length_builder(fast__1)".
# ** Note: (vopt-4301) Memory core inferred for signal 'out_fifo_mem' width=32, depth=16, type=RAM at location ../rtl/apb_huffman_tx_if.v:85
# ** Note: (vopt-4301) Memory core inferred for signal 'fifo_mem' width=32, depth=8, type=RAM at location ../rtl/apb_huffman_tx_if.v:80
# ** Note: (vopt-143) Recognized 1 FSM in module "header_formatter(fast)".
# ** Note: (vopt-4301) Memory core inferred for signal 'code_mem' width=31, depth=96, type=RAM at location ../rtl/canonical_code_generator.v:58
# ** Note: (vopt-4301) Memory core inferred for signal 'code_len_mem' width=5, depth=96, type=RAM at location ../rtl/canonical_code_generator.v:57
# ** Note: (vopt-4301) Memory core inferred for signal 'symbol_local' width=8, depth=63, type=RAM at location ../rtl/canonical_code_generator.v:54
# ** Note: (vopt-143) Recognized 1 FSM in module "canonical_code_generator(fast)".
# ** Note: (vopt-4301) Memory core inferred for signal 'code_mem' width=31, depth=96, type=RAM at location ../rtl/canonical_code_generator.v:58
# ** Note: (vopt-4301) Memory core inferred for signal 'code_len_mem' width=5, depth=96, type=RAM at location ../rtl/canonical_code_generator.v:57
# ** Note: (vopt-4301) Memory core inferred for signal 'symbol_local' width=8, depth=32, type=RAM at location ../rtl/canonical_code_generator.v:54
# ** Note: (vopt-143) Recognized 1 FSM in module "canonical_code_generator(fast__1)".
# ** Note: (vopt-143) Recognized 1 FSM in module "dma_tx_engine(fast)".
# ** Note: (vopt-143) Recognized 1 FSM in module "mode_decision_logic(fast)".
# ** Note: (vopt-4301) Memory core inferred for signal 'fifo_data_mem' width=32, depth=16, type=RAM at location ../rtl/apb_huffman_rx_if.v:46
# ** Note: (vopt-143) Recognized 1 FSM in module "payload_emitter(fast)".
# ** Warning: ../rtl/rv32_soc_top.v(232): (vopt-2704) Ignoring expression from FEC analysis: FecUdpEffort higher than 1 is needed to evaluate this expression.
# ** Note: (vopt-143) Recognized 1 FSM in module "dma_rx_engine(fast)".
# ** Note: (vopt-4301) Memory core inferred for signal 'symbol_list_mem' width=8, depth=63, type=RAM at location ../rtl/symbol_list_builder.v:42
# ** Note: (vopt-143) Recognized 1 FSM in module "symbol_list_builder(fast)".
# ** Note: (vopt-4301) Memory core inferred for signal 'symbol_list_mem' width=8, depth=32, type=RAM at location ../rtl/symbol_list_builder.v:42
# ** Note: (vopt-143) Recognized 1 FSM in module "symbol_list_builder(fast__1)".
# ** Note: (vopt-143) Recognized 1 FSM in module "huffman_builder(fast)".
# ** Note: (vopt-143) Recognized 1 FSM in module "huffman_builder(fast__1)".
# ** Note: (vopt-143) Recognized 1 FSM in module "emit_backend(fast)".
# ** Note: (vopt-143) Recognized 1 FSM in module "input_collect_unit(fast)".
# ** Note: (vopt-143) Recognized 1 FSM in module "cpu_mmio_to_apb_bridge(fast)".
# ** Note: (vsim-12126) Error and warning message counts have been restored: Errors=0, Warnings=2.
# //  Questa Sim-64
# //  Version 2021.2_1 linux_x86_64 May 15 2021
# //
# //  Copyright 1991-2021 Mentor Graphics Corporation
# //  All Rights Reserved.
# //
# //  QuestaSim and its associated documentation contain trade
# //  secrets and commercial or financial information that are the property of
# //  Mentor Graphics Corporation and are privileged, confidential,
# //  and exempt from disclosure under the Freedom of Information Act,
# //  5 U.S.C. Section 552. Furthermore, this information
# //  is prohibited from disclosure under the Trade Secrets Act,
# //  18 U.S.C. Section 1905.
# //
# Loading work.tb_rv32_soc_mmio_regfile(fast)
# Loading work.rv32_soc_top(fast)
# Loading work.top_rv32_sync(fast)
# Loading work.if_stage_sync(fast)
# Loading work.id_stage(fast)
# Loading work.ex_stage(fast)
# Loading work.mem_stage_sync(fast)
# Loading work.forwarding(fast)
# Loading work.registers_file(fast)
# Loading work.imem_sync(fast)
# Loading work.dmem_ip_wrapper(fast)
# Loading work.DMEM_ip(fast)
# Loading work.apb_huffman_aes_tx_top(fast)
# Loading work.apb_huffman_tx_if(fast)
# Loading work.huffman_aes_tx_top(fast)
# Loading work.frequency_counter(fast)
# Loading work.huffman_builder(fast)
# Loading work.symbol_list_builder(fast)
# Loading work.code_length_builder(fast)
# Loading work.canonical_code_generator(fast)
# Loading work.dynamic_huffman_encoder(fast)
# Loading work.input_collect_unit(fast)
# Loading work.block_buffer(fast)
# Loading work.frequency_counter(fast__1)
# Loading work.huffman_builder(fast__1)
# Loading work.symbol_list_builder(fast__1)
# Loading work.code_length_builder(fast__1)
# Loading work.canonical_code_generator(fast__1)
# Loading work.mode_decision_logic(fast)
# Loading work.emit_backend(fast)
# Loading work.header_formatter(fast)
# Loading work.payload_emitter(fast)
# Loading work.stream_output_interface(fast)
# Loading work.control_fsm(fast)
# Loading work.bit_packer_128(fast)
# Loading work.wrapper(fast)
# Loading work.aes128_cipher_top(fast)
# Loading work.aes128_cipher_core(fast)
# Loading work.aes128_key_expansion(fast)
# Loading work.apb_huffman_aes_rx_top(fast)
# Loading work.wrapper_rx(fast)
# Loading work.aes128_cipher_inv_top(fast)
# Loading work.aes128_cipher_core_inv(fast)
# Loading work.aes128_key_expansion_inv(fast)
# Loading work.bit_depacker_128(fast)
# Loading work.huffman_block_parser(fast)
# Loading work.huffman_block_decoder(fast)
# Loading work.HUFFMAN_DECODE_TABLE_IP(fast)
# Loading work.rx_byte_packer_32(fast)
# Loading work.apb_huffman_rx_if(fast)
# Loading work.cpu_mmio_to_apb_bridge(fast)
# Loading work.dma_regfile(fast)
# Loading work.dma_tx_engine(fast)
# Loading work.dma_rx_engine(fast)
# ** Note: (vsim-8900) Creating design debug database vsim.dbg.
# coverage save -onexit mmio_regfile_basic.ucdb
#  log -r /*
#  run -all
# Sync Istr 0: 00008137
# Sync Istr 1: f0010113
# Sync Istr 2: 0040006f
# Sync Istr 3: 40000837
# Test_result STARTED mmio_regfile_basic
# ===== RV32I SOC MMIO REGFILE CHECK =====
# case=mmio_regfile_basic signature=0x52454731 error_mask=0x00000000
# status0=0x00000000 status1=0x000000d8 status2=0x00000000 mode=0x0000000d block=0x00000020
# iv0=0x11223344 iv1=0x55667788 iv2=0x99aabbcc iv3=0xddeeff00
# pulses start=0 soft_reset=1 clear_done=1 clear_error=1 apb_err=0 bridge_err=0
# [PASS] cpu_should_publish_known_signature
# [PASS] mem_err_o_should_be_zero | actual=0 expected=0
# [PASS] cpu_error_mask_should_be_zero | actual=0x00000000 expected=0x00000000
# [PASS] basic_status_after_config | actual=0x000000d8 expected=0x000000d8
# [PASS] basic_mode_readback | actual=0x0000000d expected=0x0000000d
# [PASS] basic_block_readback | actual=0x00000020 expected=0x00000020
# [PASS] basic_soft_reset_pulse_seen
# [PASS] basic_status_after_soft_reset | actual=0x00000000 expected=0x00000000
# [PASS] basic_no_dma_start | actual=0x00000000 expected=0x00000000
# SUMMARY: PASS=9 FAIL=0
# [PASS] rv32_soc_mmio_regfile_test
# ** Note: $finish    : ../tb/tb_rv32_soc_mmio_regfile.v(225)
#    Time: 2606 ns  Iteration: 0  Instance: /tb_rv32_soc_mmio_regfile
# Saving coverage database on exit...
# End time: 05:42:15 on Apr 29,2026, Elapsed time: 0:00:46
# Errors: 0, Warnings: 2
