# vsim -batch -l mmio_regfile_negative.log -voptargs="+acc" -assertdebug test_bench -do "run -all; quit -f" 
# Start time: 08:05:12 on Apr 29,2026
# ** Note: (vsim-8009) Loading existing optimized design _opt
# //  Questa Sim-64
# //  Version 2021.2_1 linux_x86_64 May 15 2021
# //
# //  Copyright 1991-2021 Mentor Graphics Corporation
# //  All Rights Reserved.
# //
# //  QuestaSim and its associated documentation contain trade
# //  secrets and commercial or financial information that are the property of
# //  Mentor Graphics Corporation and are privileged, confidential,
# //  and exempt from disclosure under the Freedom of Information Act,
# //  5 U.S.C. Section 552. Furthermore, this information
# //  is prohibited from disclosure under the Trade Secrets Act,
# //  18 U.S.C. Section 1905.
# //
# Loading work.test_bench(fast)
# Loading work.rv32_soc_top(fast)
# Loading work.top_rv32_sync(fast)
# Loading work.if_stage_sync(fast)
# Loading work.id_stage(fast)
# Loading work.ex_stage(fast)
# Loading work.mem_stage_sync(fast)
# Loading work.forwarding(fast)
# Loading work.registers_file(fast)
# Loading work.imem_sync(fast)
# Loading work.dmem_ip_wrapper(fast)
# Loading work.DMEM_ip(fast)
# Loading work.apb_huffman_aes_tx_top(fast)
# Loading work.apb_huffman_tx_if(fast)
# Loading work.huffman_aes_tx_top(fast)
# Loading work.frequency_counter(fast)
# Loading work.huffman_builder(fast)
# Loading work.symbol_list_builder(fast)
# Loading work.code_length_builder(fast)
# Loading work.canonical_code_generator(fast)
# Loading work.dynamic_huffman_encoder(fast)
# Loading work.input_collect_unit(fast)
# Loading work.block_buffer(fast)
# Loading work.frequency_counter(fast__1)
# Loading work.huffman_builder(fast__1)
# Loading work.symbol_list_builder(fast__1)
# Loading work.code_length_builder(fast__1)
# Loading work.canonical_code_generator(fast__1)
# Loading work.mode_decision_logic(fast)
# Loading work.emit_backend(fast)
# Loading work.header_formatter(fast)
# Loading work.payload_emitter(fast)
# Loading work.stream_output_interface(fast)
# Loading work.control_fsm(fast)
# Loading work.bit_packer_128(fast)
# Loading work.wrapper(fast)
# Loading work.aes128_cipher_top(fast)
# Loading work.aes128_cipher_core(fast)
# Loading work.aes128_key_expansion(fast)
# Loading work.apb_huffman_aes_rx_top(fast)
# Loading work.wrapper_rx(fast)
# Loading work.aes128_cipher_inv_top(fast)
# Loading work.aes128_cipher_core_inv(fast)
# Loading work.aes128_key_expansion_inv(fast)
# Loading work.bit_depacker_128(fast)
# Loading work.huffman_block_parser(fast)
# Loading work.huffman_block_decoder(fast)
# Loading work.HUFFMAN_DECODE_TABLE_IP(fast)
# Loading work.rx_byte_packer_32(fast)
# Loading work.apb_huffman_rx_if(fast)
# Loading work.cpu_mmio_to_apb_bridge(fast)
# Loading work.dma_regfile(fast)
# Loading work.dma_tx_engine(fast)
# Loading work.dma_rx_engine(fast)
# 
# run -all
# Sync Istr 0: 00008137
# Sync Istr 1: f0010113
# Sync Istr 2: 0040006f
# Sync Istr 3: 400006b7
# Loaded 2551 byte(s) from input1.txt into DMEM @ 0x00000400
# ===== RV32I SOC DMA TX->RX CHECK =====
# input_file=input1.txt input_len=2551
# dma_active_dir=0 busy=0 done_sticky=0 error_sticky=1
# dma_cfg src=0x00000400 dst=0x00002000 len=0x00000040 dir=0x1 block=0x20
# tx_dma state=0 busy=0 done=0 err=0 bytes=0x00000000 last_err=0x00
# rx_dma state=0 busy=0 done=0 err=0 bytes=0x00000000 last_err=0x00
# tx_dst_head = 00000000 00000000 00000000 00000000
# rx_dst_head = 00000000 00000000 00000000 00000000
# DEBUG first_tx_transport_valid=0 count=0 word=00000000000000000000000000000000
# DEBUG first_tx_word_in_valid=0 count=0 data=00000000
# DEBUG first_tx_dma_word_write=0 count=0 data=00000000
# DEBUG first_tx_dma_read=0 count=0 addr=00000000 data=00000000
# DEBUG first_tx_start=0 src=00000000 dst=00000000 len=00000000 dir=0 blk=0
# DEBUG mmio_write[0] addr=40000000 data=00000001
# DEBUG mmio_write[1] addr=40000000 data=00000008
# DEBUG mmio_write[2] addr=40000004 data=ffffffff
# DEBUG mmio_write[3] addr=40000000 data=00000008
# DEBUG mmio_write[4] addr=400000fc data=12345678
# DEBUG mmio_write[5] addr=40000000 data=00000008
# DEBUG mmio_write[6] addr=40000014 data=00000010
# DEBUG mmio_write[7] addr=40000000 data=00000008
# DEBUG first_tx_ciphertext_dmem_valid=0 word=00000000000000000000000000000000
# DEBUG first_rx_ciphertext_feed_valid=0 count=0 word=00000000000000000000000000000000
# DEBUG first_rx_transport_valid=0 count=0 word=00000000000000000000000000000000
# DEBUG first_rx_word_valid=0 count=0 data=00000000 bytes=0 last_blk=0 last_frm=0
# DEBUG rx_stage_error depacker=0 parser=0 decoder=0 packer=0 aes_path=0
# DEBUG rx_stage_state parser=0 decoder=0 packer_busy=0 fifo_count=0 block_done=0 frame_done=0
# DEBUG rx_decoder_error code=0x00 state=0 bytes_left=0 payload_len=0
# DEBUG rx_decoder_meta mode=0 block_size=0 symbol_count=0 one_symbol=0x00 parser_mode=0 parser_block_size=0 parser_symbol_count=0
# BENCHMARK tx_cycles=0 rx_cycles=0 tx_cipher_bytes=4 rx_plain_bytes=0
# THROUGHPUT tx_in=0.000 MB/s tx_out=0.000 MB/s rx_in=0.000 MB/s rx_out=0.000 MB/s
# PAYLOAD compressed_bits=0 compressed_bytes_ceil=0 ratio=0.00% space_saving=100.00%
# STORAGE ratio=0.16% space_saving=99.84%
# LOOPBACK src_mismatch=0 rx_mismatch=2551 tx_nonzero_bytes=0
# FILES summary=loopback/tb_rv32_soc_mmio_dma_summary.txt compare=loopback/tb_rv32_soc_mmio_dma_compare.txt src_dump=dmem_dump/tb_rv32_soc_mmio_dma_src.txt tx_dump=dmem_dump/tb_rv32_soc_mmio_dma_tx.txt rx_dump=dmem_dump/tb_rv32_soc_mmio_dma_rx.txt
# [PASS] mem_err_o_should_be_zero | actual=0 expected=0
# [FAIL] cpu_should_publish_result_signature_before_timeout
# [FAIL] result_signature | actual=0x4e454731 expected=0x44525831
# [FAIL] cpu_error_mask_should_be_zero | actual=0x000003af expected=0x00000000
# [FAIL] tx_status_before_start | actual=0x00000004 expected=0x00000098
# [FAIL] tx_status_after_done | actual=0x00000004 expected=0x0000009a
# [FAIL] tx_bytes_done_should_be_transport_aligned
# [PASS] tx_ciphertext_bytes_produced_should_match_tx_bytes_done | actual=0x00000004 expected=0x00000004
# [FAIL] tx_poll_count_should_be_nonzero
# [FAIL] rx_status_before_start_should_be_idle_or_done_sticky
# [FAIL] rx_status_after_done | actual=0x000000d4 expected=0x0000002a
# [FAIL] rx_bytes_done_should_match_input_len | actual=0x00000000 expected=0x000009f7
# [PASS] rx_debug_after_done | actual=0x00000000 expected=0x00000000
# [FAIL] rx_poll_count_should_be_nonzero
# [PASS] source_dmem_should_match_input_file | actual=0x00000000 expected=0x00000000
# [FAIL] loopback_rx_should_match_input_file | actual=0x000009f7 expected=0x00000000
# [FAIL] tx_ciphertext_region_should_not_be_all_zero
# [FAIL] dma_start_pulse_count | actual=0x00000000 expected=0x00000002
# SUMMARY: PASS=4 FAIL=14
# [FAIL] rv32_soc_dma_tx_rx_test
# ** Note: $finish    : ../tb/tb_rv32_soc_mmio_dma.v(894)
#    Time: 10587096 ns  Iteration: 0  Instance: /test_bench
# End time: 08:05:49 on Apr 29,2026, Elapsed time: 0:00:37
# Errors: 0, Warnings: 0
