# vsim -coverage -l raw_dut_stress_cov.log -c test_bench "+CASE_NAME=raw_dut_stress_cov" "+INPUT_FILE=input1.txt" "+SIDEBAND_COV" "+TX_IF_DIRECT_COV" "+TX_ENCODER_DIRECT_COV" "+TX_BUILDER_PACKER_DIRECT_COV" "+RX_IF_DIRECT_COV" "+RX_PARSE_DECODE_COV" "+RX_DECODER_DIRECT_COV" "+RX_DEPACKER_PACKER_DIRECT_COV" "+RX_PARSE_DECODE_ERROR_DIRECT_COV" "+CPU_FORWARD_DIRECT_COV" "+DMA_BRIDGE_DIRECT_COV" "+RAW_DUT_STRESS_COV" -voptargs="+cover=bcesft" -assertdebug -do "coverage save -onexit raw_dut_stress_cov.ucdb; run -all; quit -f" 
# Start time: 05:12:32 on May 10,2026
# ** Note: (vsim-8009) Loading existing optimized design _opt
# //  Questa Sim-64
# //  Version 2021.2_1 linux_x86_64 May 15 2021
# //
# //  Copyright 1991-2021 Mentor Graphics Corporation
# //  All Rights Reserved.
# //
# //  QuestaSim and its associated documentation contain trade
# //  secrets and commercial or financial information that are the property of
# //  Mentor Graphics Corporation and are privileged, confidential,
# //  and exempt from disclosure under the Freedom of Information Act,
# //  5 U.S.C. Section 552. Furthermore, this information
# //  is prohibited from disclosure under the Trade Secrets Act,
# //  18 U.S.C. Section 1905.
# //
# Loading work.test_bench(fast)
# coverage save -onexit raw_dut_stress_cov.ucdb
#  run -all
# INPUT_FILE override: input1.txt
# Sync Istr 0: 00008137
# Sync Istr 1: f0010113
# Sync Istr 2: 0040006f
# Sync Istr 3: 40000837
# Test_result STARTED raw_dut_stress_cov
# Loaded 2551 byte(s) from input1.txt into DMEM @ 0x00002000
# SIDEBAND_COV: pulse cpu_stall/cpu_if_flush and aux high-bit activity
# SIDEBAND_COV: scratch_read=0xffffffff
# RX_IF_DIRECT_COV: exercise APB RX IF empty/full/error/wait-state branches
# RX_IF_DIRECT_COV: done scratch=0x00000000
# ===== RV32I SOC MMIO REGFILE CHECK =====
# input_file=input1.txt input_len=2551
# dma_active_dir=0 busy=0 done_sticky=0 error_sticky=0
# dma_cfg src=0x00000000 dst=0x00000000 len=0x00000000 dir=0x0 block=0x20
# tx_dma state=0 busy=0 done=0 err=0 bytes=0x00000000 last_err=0x00
# rx_dma state=0 busy=0 done=0 err=0 bytes=0x00000000 last_err=0x00
# tx_dst_head = 00000000 00000000 00000000 00000000
# rx_dst_head = 00000000 00000000 00000000 00000000
# DEBUG first_tx_transport_valid=0 count=0 word=00000000000000000000000000000000
# DEBUG first_tx_word_in_valid=0 count=0 data=00000000
# DEBUG first_tx_dma_word_write=0 count=0 data=00000000
# DEBUG first_tx_dma_read=0 count=0 addr=00000000 data=00000000
# DEBUG first_tx_start=0 src=00000000 dst=00000000 len=00000000 dir=0 blk=0
# DEBUG mmio_write[0] addr=40000008 data=00002000
# DEBUG mmio_write[1] addr=4000000c data=00004000
# DEBUG mmio_write[2] addr=40000010 data=00000040
# DEBUG mmio_write[3] addr=40000014 data=0000000d
# DEBUG mmio_write[4] addr=40000018 data=00000020
# DEBUG mmio_write[5] addr=40000028 data=11223344
# DEBUG mmio_write[6] addr=4000002c data=55667788
# DEBUG mmio_write[7] addr=40000030 data=99aabbcc
# DEBUG first_tx_ciphertext_dmem_valid=0 word=00000000000000000000000000000000
# DEBUG first_rx_ciphertext_feed_valid=0 count=0 word=00000000000000000000000000000000
# DEBUG first_rx_transport_valid=1 count=1 word=f630ce9114a283104277893e5cb66f42
# DEBUG first_rx_word_valid=1 count=20 data=deadbeef bytes=0 last_blk=0 last_frm=0
# DEBUG rx_stage_error depacker=0 parser=1 decoder=0 packer=0 aes_path=0
# DEBUG rx_stage_state parser=0 decoder=6 packer_busy=0 fifo_count=0 block_done=0 frame_done=0
# DEBUG rx_decoder_error code=0x00 state=0 bytes_left=0 payload_len=0
# DEBUG rx_decoder_meta mode=0 block_size=16 symbol_count=111 one_symbol=0x00 parser_mode=0 parser_block_size=0 parser_symbol_count=0
# BENCHMARK tx_cycles=0 rx_cycles=0 tx_cipher_bytes=13 rx_plain_bytes=-1716864052
# THROUGHPUT tx_in=0.000 MB/s tx_out=0.000 MB/s rx_in=0.000 MB/s rx_out=0.000 MB/s
# PAYLOAD compressed_bits=0 compressed_bytes_ceil=0 ratio=0.00% space_saving=100.00%
# STORAGE ratio=0.51% space_saving=99.49%
# LOOPBACK src_mismatch=0 rx_mismatch=0 tx_nonzero_bytes=0
# FILES summary=loopback/tb_rv32_soc_mmio_dma_summary.txt compare=loopback/tb_rv32_soc_mmio_dma_compare.txt src_dump=dmem_dump/tb_rv32_soc_mmio_dma_src.txt tx_dump=dmem_dump/tb_rv32_soc_mmio_dma_tx.txt rx_dump=dmem_dump/tb_rv32_soc_mmio_dma_rx.txt
# [PASS] mem_err_o_should_be_zero | actual=0 expected=0
# [PASS] cpu_should_publish_known_signature
# [PASS] cpu_error_mask_should_be_zero | actual=0x00000000 expected=0x00000000
# [PASS] basic_status_after_config | actual=0x000000d8 expected=0x000000d8
# [PASS] basic_mode_readback | actual=0x0000000d expected=0x0000000d
# [PASS] basic_block_readback | actual=0x00000020 expected=0x00000020
# [PASS] basic_soft_reset_pulse_seen
# [PASS] basic_status_after_soft_reset | actual=0x00000000 expected=0x00000000
# [PASS] basic_no_dma_start | actual=0x00000000 expected=0x00000000
# RX_PARSE_DECODE_COV: exercise parser/decoder raw/one-symbol/compressed/malformed frames
# RX_PARSE_DECODE_COV: done
# RX_DECODER_DIRECT_COV: exercise decoder fallback and entry-error paths
# RX_DECODER_DIRECT_COV: done
# RX_DEPACKER_PACKER_DIRECT_COV: exercise malformed transport and packer backpressure/error branches
# RX_DEPACKER_PACKER_DIRECT_COV: done
# RX_PARSE_DECODE_ERROR_DIRECT_COV: exercise parser/decoder defensive branches
# RX_PARSE_DECODE_ERROR_DIRECT_COV: done append_dummy=11111111111111111111111111111111
# TX_IF_DIRECT_COV: exercise APB TX IF empty/full/error/status branches
# TX_IF_DIRECT_COV: done scratch=0x00000204
# TX_ENCODER_DIRECT_COV: exercise TX dynamic-Huffman mode/header/payload defensive branches
# TX_ENCODER_DIRECT_COV: done tx_words_dummy=0x001 reversed_dummy=0x555XX55X
# TX_BUILDER_PACKER_DIRECT_COV: exercise TX builder, packer, and control-FSM defensive branches
# TX_BUILDER_PACKER_DIRECT_COV: done symbol_dummy=0x5f index_dummy=0x4b code_dummy=0x00000009 better=0
# CPU_FORWARD_DIRECT_COV: exercise forwarding mux rs1/rs2 exmem/memwb paths
# [PASS] cpu_forward_direct_mix_nonzero
# CPU_FORWARD_DIRECT_COV: done mix=0xffff3337
# DMA_BRIDGE_DIRECT_COV: exercise DMA regfile, bridge, and DMA engine defensive branches
# APB_IF_WRAPPER_DIRECT_COV: done words_dummy=0x9 scratch=0x0000001c
# DMA_BRIDGE_DIRECT_COV: done scratch=0x00000eea
# RAW_DUT_STRESS_COV: begin targeted FSM/toggle sweep
# RAW_DUT_STRESS_COV: done
# SUMMARY: PASS=10 FAIL=0
# [PASS] rv32_soc_unified_test
# ** Note: $finish    : ../tb/tb_rv32_soc_mmio_dma.v(5734)
#    Time: 120405 ns  Iteration: 1  Instance: /test_bench
# Saving coverage database on exit...
# End time: 05:13:03 on May 10,2026, Elapsed time: 0:00:31
# Errors: 0, Warnings: 0
