# vsim -coverage -l rx_backpressure_cov.log -c test_bench "+CASE_NAME=rx_backpressure_cov" "+INPUT_FILE=input1.txt" "+RX_APB_WAIT_COV" "+RX_STREAM_BACKPRESSURE_COV" -voptargs="+cover=bcesft" -assertdebug -do "coverage save -onexit rx_backpressure_cov.ucdb; run -all; quit -f" 
# Start time: 11:16:26 on May 07,2026
# ** Note: (vsim-8009) Loading existing optimized design _opt
# //  Questa Sim-64
# //  Version 2021.2_1 linux_x86_64 May 15 2021
# //
# //  Copyright 1991-2021 Mentor Graphics Corporation
# //  All Rights Reserved.
# //
# //  QuestaSim and its associated documentation contain trade
# //  secrets and commercial or financial information that are the property of
# //  Mentor Graphics Corporation and are privileged, confidential,
# //  and exempt from disclosure under the Freedom of Information Act,
# //  5 U.S.C. Section 552. Furthermore, this information
# //  is prohibited from disclosure under the Trade Secrets Act,
# //  18 U.S.C. Section 1905.
# //
# Loading work.test_bench(fast)
# coverage save -onexit rx_backpressure_cov.ucdb
#  run -all
# INPUT_FILE override: input1.txt
# Sync Istr 0: 00008137
# Sync Istr 1: f0010113
# Sync Istr 2: 0040006f
# Sync Istr 3: ff010113
# Test_result STARTED rx_backpressure_cov
# Loaded 2551 byte(s) from input1.txt into DMEM @ 0x00002000
# COV inject RX APB wait-state
# COV inject RX ciphertext stream backpressure
# ===== RV32I SOC DMA TX->RX CHECK =====
# input_file=input1.txt input_len=2551
# dma_active_dir=2 busy=0 done_sticky=1 error_sticky=0
# dma_cfg src=0x00004000 dst=0x00006000 len=0x000003e0 dir=0x2 block=0x20
# tx_dma state=0 busy=0 done=0 err=0 bytes=0x000003e0 last_err=0x00
# rx_dma state=0 busy=0 done=0 err=0 bytes=0x000009f7 last_err=0x00
# tx_dst_head = d8c006fe 3e05b76e d2924115 2c9ccb8d
# rx_dst_head = 324f7053 20202020 72616548 61522074
# DEBUG first_tx_transport_valid=1 count=62 word=788c6a634399a0c8e627300900c29582
# DEBUG first_tx_word_in_valid=1 count=1276 data=324f7053
# DEBUG first_tx_dma_word_write=1 count=1276 data=324f7053
# DEBUG first_tx_dma_read=1 count=1276 addr=00002000 data=324f7053
# DEBUG first_tx_start=1 src=00002000 dst=00004000 len=000009f7 dir=1 blk=32
# DEBUG mmio_write[0] addr=40000028 data=43424331
# DEBUG mmio_write[1] addr=4000002c data=73170285
# DEBUG mmio_write[2] addr=40000030 data=903d9e76
# DEBUG mmio_write[3] addr=40000034 data=23d19959
# DEBUG mmio_write[4] addr=40000008 data=00002000
# DEBUG mmio_write[5] addr=4000000c data=00004000
# DEBUG mmio_write[6] addr=40000010 data=000009f7
# DEBUG mmio_write[7] addr=40000014 data=00000009
# DEBUG first_tx_ciphertext_dmem_valid=1 word=2c9ccb8dd29241153e05b76ed8c006fe
# DEBUG first_rx_ciphertext_feed_valid=1 count=62 word=2c9ccb8dd29241153e05b76ed8c006fe
# DEBUG first_rx_transport_valid=1 count=13691 word=788c6a634399a0c8e627300900c29582
# DEBUG first_rx_word_valid=1 count=638 data=324f7053 bytes=4 last_blk=0 last_frm=0
# DEBUG rx_stage_error depacker=0 parser=0 decoder=0 packer=0 aes_path=0
# DEBUG rx_stage_state parser=0 decoder=0 packer_busy=0 fifo_count=0 block_done=1 frame_done=1
# DEBUG rx_decoder_error code=0x00 state=0 bytes_left=0 payload_len=0
# DEBUG rx_decoder_meta mode=2 block_size=0 symbol_count=21 one_symbol=0x00 parser_mode=2 parser_block_size=23 parser_symbol_count=0
# BENCHMARK tx_cycles=34045 rx_cycles=14912 tx_cipher_bytes=992 rx_plain_bytes=2551
# THROUGHPUT tx_in=7.493 MB/s tx_out=2.914 MB/s rx_in=6.652 MB/s rx_out=17.107 MB/s
# PAYLOAD compressed_bits=7412 compressed_bytes_ceil=927 ratio=36.32% space_saving=63.68%
# STORAGE ratio=38.89% space_saving=61.11%
# LOOPBACK src_mismatch=0 rx_mismatch=0 tx_nonzero_bytes=989
# FILES summary=loopback/tb_rv32_soc_mmio_dma_summary.txt compare=loopback/tb_rv32_soc_mmio_dma_compare.txt src_dump=dmem_dump/tb_rv32_soc_mmio_dma_src.txt tx_dump=dmem_dump/tb_rv32_soc_mmio_dma_tx.txt rx_dump=dmem_dump/tb_rv32_soc_mmio_dma_rx.txt
# [PASS] mem_err_o_should_be_zero | actual=0 expected=0
# [PASS] cpu_should_publish_known_signature
# [PASS] result_signature | actual=0x44525831 expected=0x44525831
# [PASS] cpu_error_mask_should_be_zero | actual=0x00000000 expected=0x00000000
# [PASS] tx_status_before_start | actual=0x00000098 expected=0x00000098
# [PASS] tx_status_after_done | actual=0x0000009a expected=0x0000009a
# [PASS] tx_bytes_done_should_be_transport_aligned
# [PASS] tx_ciphertext_bytes_produced_should_match_tx_bytes_done | actual=0x000003e0 expected=0x000003e0
# [PASS] tx_poll_count_should_be_nonzero
# [PASS] rx_status_before_start_should_be_idle_or_done_sticky
# [PASS] rx_status_after_done | actual=0x0000002a expected=0x0000002a
# [PASS] rx_bytes_done_should_match_input_len | actual=0x000009f7 expected=0x000009f7
# [PASS] rx_debug_after_done | actual=0x00000000 expected=0x00000000
# [PASS] rx_poll_count_should_be_nonzero
# [PASS] source_dmem_should_match_input_file | actual=0x00000000 expected=0x00000000
# [PASS] loopback_rx_should_match_input_file | actual=0x00000000 expected=0x00000000
# [PASS] tx_ciphertext_region_should_not_be_all_zero
# [PASS] dma_start_pulse_count | actual=0x00000002 expected=0x00000002
# SUMMARY: PASS=18 FAIL=0
# [PASS] rv32_soc_unified_test
# ** Note: $finish    : ../tb/tb_rv32_soc_mmio_dma.v(5710)
#    Time: 625446 ns  Iteration: 0  Instance: /test_bench
# Saving coverage database on exit...
# End time: 11:17:02 on May 07,2026, Elapsed time: 0:00:36
# Errors: 0, Warnings: 0
