# vsim -debugDB -coverage -l tx_compress_aes_block_input3.log -c tb_rv32_soc_tx_only "+CASE_NAME=tx_compress_aes_block_input3" "+INPUT_FILE=input3.txt" -voptargs="+access+cover=bcesft" -assertdebug -do "coverage save -onexit tx_compress_aes_block_input3.ucdb; log -r /*; run -all" 
# Start time: 05:39:50 on Apr 29,2026
# ** Note: (vsim-8009) Loading existing optimized design _opt1
# //  Questa Sim-64
# //  Version 2021.2_1 linux_x86_64 May 15 2021
# //
# //  Copyright 1991-2021 Mentor Graphics Corporation
# //  All Rights Reserved.
# //
# //  QuestaSim and its associated documentation contain trade
# //  secrets and commercial or financial information that are the property of
# //  Mentor Graphics Corporation and are privileged, confidential,
# //  and exempt from disclosure under the Freedom of Information Act,
# //  5 U.S.C. Section 552. Furthermore, this information
# //  is prohibited from disclosure under the Trade Secrets Act,
# //  18 U.S.C. Section 1905.
# //
# Loading work.tb_rv32_soc_tx_only(fast)
# Loading work.rv32_soc_top(fast)
# Loading work.top_rv32_sync(fast)
# Loading work.if_stage_sync(fast)
# Loading work.id_stage(fast)
# Loading work.ex_stage(fast)
# Loading work.mem_stage_sync(fast)
# Loading work.forwarding(fast)
# Loading work.registers_file(fast)
# Loading work.imem_sync(fast)
# Loading work.dmem_ip_wrapper(fast)
# Loading work.DMEM_ip(fast)
# Loading work.apb_huffman_aes_tx_top(fast)
# Loading work.apb_huffman_tx_if(fast)
# Loading work.huffman_aes_tx_top(fast)
# Loading work.frequency_counter(fast)
# Loading work.huffman_builder(fast)
# Loading work.symbol_list_builder(fast)
# Loading work.code_length_builder(fast)
# Loading work.canonical_code_generator(fast)
# Loading work.dynamic_huffman_encoder(fast)
# Loading work.input_collect_unit(fast)
# Loading work.block_buffer(fast)
# Loading work.frequency_counter(fast__1)
# Loading work.huffman_builder(fast__1)
# Loading work.symbol_list_builder(fast__1)
# Loading work.code_length_builder(fast__1)
# Loading work.canonical_code_generator(fast__1)
# Loading work.mode_decision_logic(fast)
# Loading work.emit_backend(fast)
# Loading work.header_formatter(fast)
# Loading work.payload_emitter(fast)
# Loading work.stream_output_interface(fast)
# Loading work.control_fsm(fast)
# Loading work.bit_packer_128(fast)
# Loading work.wrapper(fast)
# Loading work.aes128_cipher_top(fast)
# Loading work.aes128_cipher_core(fast)
# Loading work.aes128_key_expansion(fast)
# Loading work.apb_huffman_aes_rx_top(fast)
# Loading work.wrapper_rx(fast)
# Loading work.aes128_cipher_inv_top(fast)
# Loading work.aes128_cipher_core_inv(fast)
# Loading work.aes128_key_expansion_inv(fast)
# Loading work.bit_depacker_128(fast)
# Loading work.huffman_block_parser(fast)
# Loading work.huffman_block_decoder(fast)
# Loading work.HUFFMAN_DECODE_TABLE_IP(fast)
# Loading work.rx_byte_packer_32(fast)
# Loading work.apb_huffman_rx_if(fast)
# Loading work.cpu_mmio_to_apb_bridge(fast)
# Loading work.dma_regfile(fast)
# Loading work.dma_tx_engine(fast)
# Loading work.dma_rx_engine(fast)
# ** Note: (vsim-8716) Reusing existing debug database vsim.dbg.
# coverage save -onexit tx_compress_aes_block_input3.ucdb
#  log -r /*
#  run -all
# INPUT_FILE override: input3.txt
# Sync Istr 0: 00008137
# Sync Istr 1: f0010113
# Sync Istr 2: 0040006f
# Sync Istr 3: 04002303
# Test_result STARTED tx_compress_aes_block_input3
# TEST_INPUT=input3.txt
# Loaded 242 byte(s) from input3.txt into DMEM @ 0x00000400
# ===== RV32I SOC DMA TX-ONLY CHECK =====
# input_file=input3.txt input_len=242
# dma_cfg src=0x00000400 dst=0x00002000 len=0x000000f2 dir=0x1 compress_only=0 block=0x20
# tx_dma state=0 busy=0 done=0 err=0 bytes=0x00000050 last_err=0x00
# DEBUG tx_if cfg=0 block_inflight=0 stream_active=0 fifo_count=0 done_sticky=1 count_mode=0 count_done=0 tx_busy_i=0
# DEBUG tx_core block_active=0 word_buf_valid=0 start_pending=0 count_mode_active=0 count_done=0 bytes_total=18 queued=18 sent=18 file_busy=0 file_done=0 file_err=0 table_valid=0 flush=1 packer_busy=0 packer_valid=0 encoder_busy=0 encoder_done=0
# tx_dst_head = cbb77b98 f2bfe70f b4d20126 32182020
# BENCHMARK tx_cycles=4277 tx_cipher_bytes=80
# THROUGHPUT tx_in=5.658 MB/s tx_out=1.870 MB/s
# PAYLOAD compressed_bits=553 compressed_bytes_ceil=70 ratio=28.56% space_saving=71.44%
# STORAGE ratio=33.06% space_saving=66.94%
# TX_ONLY src_mismatch=0 tx_nonzero_bytes=80
# FILES summary=tx_only/tb_rv32_soc_tx_only_summary.txt src_dump=dmem_dump/tb_rv32_soc_tx_only_src.txt tx_dump=dmem_dump/tb_rv32_soc_tx_only_tx.txt
# [PASS] mem_err_o_should_be_zero | actual=0 expected=0
# [PASS] cpu_should_publish_result_signature_before_timeout
# [PASS] result_signature | actual=0x44545843 expected=0x44545843
# [PASS] cpu_error_mask_should_be_zero | actual=0x00000000 expected=0x00000000
# [PASS] tx_mode_should_be_known
# [PASS] tx_status_before_start | actual=0x00000018 expected=0x00000018
# [PASS] tx_status_after_done | actual=0x0000001a expected=0x0000001a
# [PASS] tx_bytes_done_should_be_transport_aligned
# [PASS] tx_ciphertext_bytes_produced_should_match_tx_bytes_done | actual=0x00000050 expected=0x00000050
# [PASS] tx_poll_count_should_be_nonzero
# [PASS] tx_debug_after_done | actual=0x00000000 expected=0x00000000
# [PASS] input_len_echo | actual=0x000000f2 expected=0x000000f2
# [PASS] source_dmem_should_match_input_file | actual=0x00000000 expected=0x00000000
# [PASS] tx_region_should_not_be_all_zero
# [PASS] dma_start_pulse_count | actual=0x00000001 expected=0x00000001
# SUMMARY: PASS=15 FAIL=0
# [PASS] rv32_soc_dma_tx_only_test
# ** Note: $finish    : ../tb/tb_rv32_soc_tx_only.v(598)
#    Time: 52686 ns  Iteration: 0  Instance: /tb_rv32_soc_tx_only
# Saving coverage database on exit...
# End time: 05:40:19 on Apr 29,2026, Elapsed time: 0:00:29
# Errors: 0, Warnings: 0
