# vsim -coverage -l tx_compress_only_ascii_sweep_cov.log -c test_bench "+CASE_NAME=tx_compress_only_ascii_sweep_cov" "+INPUT_FILE=input_cov_ascii_sweep.txt" -voptargs="+cover=bcesft" -assertdebug -do "coverage save -onexit tx_compress_only_ascii_sweep_cov.ucdb; run -all; quit -f" 
# Start time: 04:52:49 on May 10,2026
# ** Note: (vsim-8009) Loading existing optimized design _opt
# //  Questa Sim-64
# //  Version 2021.2_1 linux_x86_64 May 15 2021
# //
# //  Copyright 1991-2021 Mentor Graphics Corporation
# //  All Rights Reserved.
# //
# //  QuestaSim and its associated documentation contain trade
# //  secrets and commercial or financial information that are the property of
# //  Mentor Graphics Corporation and are privileged, confidential,
# //  and exempt from disclosure under the Freedom of Information Act,
# //  5 U.S.C. Section 552. Furthermore, this information
# //  is prohibited from disclosure under the Trade Secrets Act,
# //  18 U.S.C. Section 1905.
# //
# Loading work.test_bench(fast)
# coverage save -onexit tx_compress_only_ascii_sweep_cov.ucdb
#  run -all
# INPUT_FILE override: input_cov_ascii_sweep.txt
# Sync Istr 0: 00008137
# Sync Istr 1: f0010113
# Sync Istr 2: 0040006f
# Sync Istr 3: 04002303
# Test_result STARTED tx_compress_only_ascii_sweep_cov
# Loaded 576 byte(s) from input_cov_ascii_sweep.txt into DMEM @ 0x00002000
# ===== RV32I SOC DMA TX-ONLY CHECK =====
# input_file=input_cov_ascii_sweep.txt input_len=576
# dma_active_dir=1 busy=0 done_sticky=1 error_sticky=0
# dma_cfg src=0x00002000 dst=0x00004000 len=0x00000240 dir=0x1 block=0x20
# tx_dma state=0 busy=0 done=0 err=0 bytes=0x000002d0 last_err=0x00
# rx_dma state=0 busy=0 done=0 err=0 bytes=0x00000000 last_err=0x00
# tx_dst_head = 0e146082 223909c8 9c90e467 78726392
# rx_dst_head = 00000000 00000000 00000000 00000000
# DEBUG first_tx_transport_valid=1 count=45 word=787263929c90e467223909c80e146082
# DEBUG first_tx_word_in_valid=1 count=288 data=23222120
# DEBUG first_tx_dma_word_write=1 count=288 data=23222120
# DEBUG first_tx_dma_read=1 count=288 addr=00002000 data=23222120
# DEBUG first_tx_start=1 src=00002000 dst=00004000 len=00000240 dir=1 blk=32
# DEBUG mmio_write[0] addr=40000008 data=00002000
# DEBUG mmio_write[1] addr=4000000c data=00004000
# DEBUG mmio_write[2] addr=40000010 data=00000240
# DEBUG mmio_write[3] addr=40000014 data=0000000d
# DEBUG mmio_write[4] addr=40000018 data=00000020
# DEBUG mmio_write[5] addr=40000000 data=00000001
# DEBUG mmio_write[6] addr=00000000 data=00000000
# DEBUG mmio_write[7] addr=00000000 data=00000000
# DEBUG first_tx_ciphertext_dmem_valid=1 word=787263929c90e467223909c80e146082
# DEBUG first_rx_ciphertext_feed_valid=0 count=0 word=00000000000000000000000000000000
# DEBUG first_rx_transport_valid=0 count=0 word=00000000000000000000000000000000
# DEBUG first_rx_word_valid=0 count=0 data=00000000 bytes=0 last_blk=0 last_frm=0
# DEBUG rx_stage_error depacker=0 parser=0 decoder=0 packer=0 aes_path=0
# DEBUG rx_stage_state parser=0 decoder=0 packer_busy=0 fifo_count=0 block_done=0 frame_done=0
# DEBUG rx_decoder_error code=0x00 state=0 bytes_left=0 payload_len=0
# DEBUG rx_decoder_meta mode=0 block_size=0 symbol_count=0 one_symbol=0x00 parser_mode=0 parser_block_size=0 parser_symbol_count=0
# BENCHMARK tx_cycles=63301 rx_cycles=0 tx_cipher_bytes=720 rx_plain_bytes=576
# THROUGHPUT tx_in=0.910 MB/s tx_out=1.137 MB/s rx_in=0.000 MB/s rx_out=0.000 MB/s
# PAYLOAD compressed_bits=5394 compressed_bytes_ceil=675 ratio=117.06% space_saving=-17.06%
# STORAGE ratio=125.00% space_saving=-25.00%
# LOOPBACK src_mismatch=0 rx_mismatch=0 tx_nonzero_bytes=711
# FILES summary=loopback/tb_rv32_soc_mmio_dma_summary.txt compare=loopback/tb_rv32_soc_mmio_dma_compare.txt src_dump=dmem_dump/tb_rv32_soc_mmio_dma_src.txt tx_dump=dmem_dump/tb_rv32_soc_mmio_dma_tx.txt rx_dump=dmem_dump/tb_rv32_soc_mmio_dma_rx.txt
# [PASS] mem_err_o_should_be_zero | actual=0 expected=0
# [PASS] cpu_should_publish_known_signature
# [PASS] result_signature | actual=0x44545843 expected=0x44545843
# [PASS] cpu_error_mask_should_be_zero | actual=0x00000000 expected=0x00000000
# [PASS] tx_mode_should_be_known
# [PASS] tx_status_before_start | actual=0x000000d8 expected=0x000000d8
# [PASS] tx_status_after_done | actual=0x000000da expected=0x000000da
# [PASS] tx_bytes_done_should_be_transport_aligned
# [PASS] tx_ciphertext_bytes_produced_should_match_tx_bytes_done | actual=0x000002d0 expected=0x000002d0
# [PASS] tx_poll_count_should_be_nonzero
# [PASS] tx_debug_after_done | actual=0x00000000 expected=0x00000000
# [PASS] input_len_echo | actual=0x00000240 expected=0x00000240
# [PASS] source_dmem_should_match_input_file | actual=0x00000000 expected=0x00000000
# [PASS] tx_region_should_not_be_all_zero
# [PASS] dma_start_pulse_count | actual=0x00000001 expected=0x00000001
# SUMMARY: PASS=15 FAIL=0
# [PASS] rv32_soc_unified_test
# ** Note: $finish    : ../tb/tb_rv32_soc_mmio_dma.v(5734)
#    Time: 663266 ns  Iteration: 0  Instance: /test_bench
# Saving coverage database on exit...
# End time: 04:53:20 on May 10,2026, Elapsed time: 0:00:31
# Errors: 0, Warnings: 0
