# vsim -debugDB -coverage -l tx_if_direct_cov.log -c test_bench "+CASE_NAME=tx_if_direct_cov" "+INPUT_FILE=input1.txt" "+TX_IF_DIRECT_COV" -voptargs="+access+cover=bcesft" -assertdebug -do "coverage save -onexit tx_if_direct_cov.ucdb; log -r /*; run -all" 
# Start time: 14:54:09 on Apr 30,2026
# ** Note: (vsim-8009) Loading existing optimized design _opt
# //  Questa Sim-64
# //  Version 2021.2_1 linux_x86_64 May 15 2021
# //
# //  Copyright 1991-2021 Mentor Graphics Corporation
# //  All Rights Reserved.
# //
# //  QuestaSim and its associated documentation contain trade
# //  secrets and commercial or financial information that are the property of
# //  Mentor Graphics Corporation and are privileged, confidential,
# //  and exempt from disclosure under the Freedom of Information Act,
# //  5 U.S.C. Section 552. Furthermore, this information
# //  is prohibited from disclosure under the Trade Secrets Act,
# //  18 U.S.C. Section 1905.
# //
# Loading work.test_bench(fast)
# Loading work.rv32_soc_top(fast)
# Loading work.top_rv32_sync(fast)
# Loading work.if_stage_sync(fast)
# Loading work.id_stage(fast)
# Loading work.ex_stage(fast)
# Loading work.mem_stage_sync(fast)
# Loading work.forwarding(fast)
# Loading work.registers_file(fast)
# Loading work.imem_sync(fast)
# Loading work.dmem_ip_wrapper(fast)
# Loading work.DMEM_ip(fast)
# Loading work.apb_huffman_aes_tx_top(fast)
# Loading work.apb_huffman_tx_if(fast)
# Loading work.huffman_aes_tx_top(fast)
# Loading work.frequency_counter(fast)
# Loading work.huffman_builder(fast)
# Loading work.symbol_list_builder(fast)
# Loading work.code_length_builder(fast)
# Loading work.canonical_code_generator(fast)
# Loading work.dynamic_huffman_encoder(fast)
# Loading work.input_collect_unit(fast)
# Loading work.block_buffer(fast)
# Loading work.frequency_counter(fast__1)
# Loading work.huffman_builder(fast__1)
# Loading work.symbol_list_builder(fast__1)
# Loading work.code_length_builder(fast__1)
# Loading work.canonical_code_generator(fast__1)
# Loading work.mode_decision_logic(fast)
# Loading work.emit_backend(fast)
# Loading work.header_formatter(fast)
# Loading work.payload_emitter(fast)
# Loading work.stream_output_interface(fast)
# Loading work.control_fsm(fast)
# Loading work.bit_packer_128(fast)
# Loading work.wrapper(fast)
# Loading work.aes128_cipher_top(fast)
# Loading work.aes128_cipher_core(fast)
# Loading work.aes128_key_expansion(fast)
# Loading work.apb_huffman_aes_rx_top(fast)
# Loading work.wrapper_rx(fast)
# Loading work.aes128_cipher_inv_top(fast)
# Loading work.aes128_cipher_core_inv(fast)
# Loading work.aes128_key_expansion_inv(fast)
# Loading work.bit_depacker_128(fast)
# Loading work.huffman_block_parser(fast)
# Loading work.huffman_block_decoder(fast)
# Loading work.HUFFMAN_DECODE_TABLE_IP(fast)
# Loading work.rx_byte_packer_32(fast)
# Loading work.apb_huffman_rx_if(fast)
# Loading work.cpu_mmio_to_apb_bridge(fast)
# Loading work.dma_regfile(fast)
# Loading work.dma_tx_engine(fast)
# Loading work.dma_rx_engine(fast)
# ** Note: (vsim-8716) Reusing existing debug database vsim.dbg.
# coverage save -onexit tx_if_direct_cov.ucdb
#  log -r /*
#  run -all
# INPUT_FILE override: input1.txt
# Sync Istr 0: 00008137
# Sync Istr 1: f0010113
# Sync Istr 2: 0040006f
# Sync Istr 3: 40000837
# Test_result STARTED tx_if_direct_cov
# Loaded 2551 byte(s) from input1.txt into DMEM @ 0x00000400
# ===== RV32I SOC MMIO REGFILE CHECK =====
# input_file=input1.txt input_len=2551
# dma_active_dir=0 busy=0 done_sticky=0 error_sticky=0
# dma_cfg src=0x00000000 dst=0x00000000 len=0x00000000 dir=0x0 block=0x20
# tx_dma state=0 busy=0 done=0 err=0 bytes=0x00000000 last_err=0x00
# rx_dma state=0 busy=0 done=0 err=0 bytes=0x00000000 last_err=0x00
# tx_dst_head = 00000000 00000000 00000000 00000000
# rx_dst_head = 00000000 00000000 00000000 00000000
# DEBUG first_tx_transport_valid=0 count=0 word=00000000000000000000000000000000
# DEBUG first_tx_word_in_valid=0 count=0 data=00000000
# DEBUG first_tx_dma_word_write=0 count=0 data=00000000
# DEBUG first_tx_dma_read=0 count=0 addr=00000000 data=00000000
# DEBUG first_tx_start=0 src=00000000 dst=00000000 len=00000000 dir=0 blk=0
# DEBUG mmio_write[0] addr=40000008 data=00000400
# DEBUG mmio_write[1] addr=4000000c data=00002000
# DEBUG mmio_write[2] addr=40000010 data=00000040
# DEBUG mmio_write[3] addr=40000014 data=0000000d
# DEBUG mmio_write[4] addr=40000018 data=00000020
# DEBUG mmio_write[5] addr=40000028 data=11223344
# DEBUG mmio_write[6] addr=4000002c data=55667788
# DEBUG mmio_write[7] addr=40000030 data=99aabbcc
# DEBUG first_tx_ciphertext_dmem_valid=0 word=00000000000000000000000000000000
# DEBUG first_rx_ciphertext_feed_valid=0 count=0 word=00000000000000000000000000000000
# DEBUG first_rx_transport_valid=0 count=0 word=00000000000000000000000000000000
# DEBUG first_rx_word_valid=0 count=0 data=00000000 bytes=0 last_blk=0 last_frm=0
# DEBUG rx_stage_error depacker=0 parser=0 decoder=0 packer=0 aes_path=0
# DEBUG rx_stage_state parser=0 decoder=0 packer_busy=0 fifo_count=0 block_done=0 frame_done=0
# DEBUG rx_decoder_error code=0x00 state=0 bytes_left=0 payload_len=0
# DEBUG rx_decoder_meta mode=0 block_size=0 symbol_count=0 one_symbol=0x00 parser_mode=0 parser_block_size=0 parser_symbol_count=0
# BENCHMARK tx_cycles=0 rx_cycles=0 tx_cipher_bytes=13 rx_plain_bytes=-1716864052
# THROUGHPUT tx_in=0.000 MB/s tx_out=0.000 MB/s rx_in=0.000 MB/s rx_out=0.000 MB/s
# PAYLOAD compressed_bits=0 compressed_bytes_ceil=0 ratio=0.00% space_saving=100.00%
# STORAGE ratio=0.51% space_saving=99.49%
# LOOPBACK src_mismatch=0 rx_mismatch=0 tx_nonzero_bytes=0
# FILES summary=loopback/tb_rv32_soc_mmio_dma_summary.txt compare=loopback/tb_rv32_soc_mmio_dma_compare.txt src_dump=dmem_dump/tb_rv32_soc_mmio_dma_src.txt tx_dump=dmem_dump/tb_rv32_soc_mmio_dma_tx.txt rx_dump=dmem_dump/tb_rv32_soc_mmio_dma_rx.txt
# [PASS] mem_err_o_should_be_zero | actual=0 expected=0
# [PASS] cpu_should_publish_known_signature
# [PASS] cpu_error_mask_should_be_zero | actual=0x00000000 expected=0x00000000
# [PASS] basic_status_after_config | actual=0x000000d8 expected=0x000000d8
# [PASS] basic_mode_readback | actual=0x0000000d expected=0x0000000d
# [PASS] basic_block_readback | actual=0x00000020 expected=0x00000020
# [PASS] basic_soft_reset_pulse_seen
# [PASS] basic_status_after_soft_reset | actual=0x00000000 expected=0x00000000
# [PASS] basic_no_dma_start | actual=0x00000000 expected=0x00000000
# TX_IF_DIRECT_COV: exercise APB TX IF empty/full/error/status branches
# TX_IF_DIRECT_COV: done scratch=0x00000204
# SUMMARY: PASS=9 FAIL=0
# [PASS] rv32_soc_unified_test
# ** Note: $finish    : ../tb/tb_rv32_soc_mmio_dma.v(4005)
#    Time: 63196 ns  Iteration: 0  Instance: /test_bench
# Saving coverage database on exit...
# End time: 14:55:16 on Apr 30,2026, Elapsed time: 0:01:07
# Errors: 0, Warnings: 0
