|---------------------------------------------------------------------------------------------------------------|
| PAT_NAME                        | RUN_DATE                      | RESULT              | LOG                 |
|---------------------------------------------------------------------------------------------------------------|
| dma_compress_aes_input1         | DONE                          | PASSED              | log/dma_compress_aes_input1.log |
|---------------------------------------------------------------------------------------------------------------|
| dma_compress_aes_input3         | DONE                          | PASSED              | log/dma_compress_aes_input3.log |
|---------------------------------------------------------------------------------------------------------------|
| dma_compress_aes_one_symbol_cov | DONE                          | PASSED              | log/dma_compress_aes_one_symbol_cov.log |
|---------------------------------------------------------------------------------------------------------------|
| tx_compress_only_input1         | DONE                          | PASSED              | log/tx_compress_only_input1.log |
|---------------------------------------------------------------------------------------------------------------|
| tx_compress_only_input4_cov     | DONE                          | PASSED              | log/tx_compress_only_input4_cov.log |
|---------------------------------------------------------------------------------------------------------------|
| tx_compress_only_one_symbol_cov | DONE                          | PASSED              | log/tx_compress_only_one_symbol_cov.log |
|---------------------------------------------------------------------------------------------------------------|
| tx_compress_only_ascii_sweep_cov | DONE                          | PASSED              | log/tx_compress_only_ascii_sweep_cov.log |
|---------------------------------------------------------------------------------------------------------------|
| tx_compress_only_alnum63_cov    | DONE                          | PASSED              | log/tx_compress_only_alnum63_cov.log |
|---------------------------------------------------------------------------------------------------------------|
| tx_compress_only_short_raw_cov  | DONE                          | PASSED              | log/tx_compress_only_short_raw_cov.log |
|---------------------------------------------------------------------------------------------------------------|
| tx_compress_aes_block_input3    | DONE                          | PASSED              | log/tx_compress_aes_block_input3.log |
|---------------------------------------------------------------------------------------------------------------|
| tx_compress_only_block_input3   | DONE                          | PASSED              | log/tx_compress_only_block_input3.log |
|---------------------------------------------------------------------------------------------------------------|
| mmio_regfile_basic              | DONE                          | PASSED              | log/mmio_regfile_basic.log |
|---------------------------------------------------------------------------------------------------------------|
| mmio_mode_matrix                | DONE                          | PASSED              | log/mmio_mode_matrix.log |
|---------------------------------------------------------------------------------------------------------------|
| mmio_regfile_negative           | DONE                          | PASSED              | log/mmio_regfile_negative.log |
|---------------------------------------------------------------------------------------------------------------|
| mmio_rx_bad_length              | DONE                          | PASSED              | log/mmio_rx_bad_length.log |
|---------------------------------------------------------------------------------------------------------------|
| soc_sideband_cov                | DONE                          | PASSED              | log/soc_sideband_cov.log |
|---------------------------------------------------------------------------------------------------------------|
| tx_apb_wait_cov                 | DONE                          | PASSED              | log/tx_apb_wait_cov.log |
|---------------------------------------------------------------------------------------------------------------|
| tx_if_direct_cov                | DONE                          | PASSED              | log/tx_if_direct_cov.log |
|---------------------------------------------------------------------------------------------------------------|
| rx_backpressure_cov             | DONE                          | PASSED              | log/rx_backpressure_cov.log |
|---------------------------------------------------------------------------------------------------------------|
| tx_apb_error_cov                | DONE                          | PASSED              | log/tx_apb_error_cov.log |
|---------------------------------------------------------------------------------------------------------------|
| rx_if_direct_cov                | DONE                          | PASSED              | log/rx_if_direct_cov.log |
|---------------------------------------------------------------------------------------------------------------|
| rx_parser_decoder_cov           | DONE                          | PASSED              | log/rx_parser_decoder_cov.log |
|---------------------------------------------------------------------------------------------------------------|
| rx_decoder_direct_cov           | DONE                          | PASSED              | log/rx_decoder_direct_cov.log |
|---------------------------------------------------------------------------------------------------------------|
| cpu_instruction_cov             | DONE                          | PASSED              | log/cpu_instruction_cov.log |
|---------------------------------------------------------------------------------------------------------------|
| cpu_mem_forward_cov             | DONE                          | PASSED              | log/cpu_mem_forward_cov.log |
|---------------------------------------------------------------------------------------------------------------|
| cpu_forward_direct_cov          | DONE                          | PASSED              | log/cpu_forward_direct_cov.log |
|---------------------------------------------------------------------------------------------------------------|
TOTAL/PASSED/REMAIN:26/26/0
