# vsim -batch -l dma_compress_aes_input1.log -voptargs="+acc" -assertdebug test_bench "+CASE_NAME=ecg_6k_e2e" "+INPUT_FILE=ecg_before_compression_lf_6k.csv" -do "run -all; quit -f" 
# Start time: 14:37:26 on May 05,2026
# ** Note: (vsim-3813) Design is being optimized due to module recompilation...
# //  Questa Sim-64
# //  Version 2021.2_1 linux_x86_64 May 15 2021
# //
# //  Copyright 1991-2021 Mentor Graphics Corporation
# //  All Rights Reserved.
# //
# //  QuestaSim and its associated documentation contain trade
# //  secrets and commercial or financial information that are the property of
# //  Mentor Graphics Corporation and are privileged, confidential,
# //  and exempt from disclosure under the Freedom of Information Act,
# //  5 U.S.C. Section 552. Furthermore, this information
# //  is prohibited from disclosure under the Trade Secrets Act,
# //  18 U.S.C. Section 1905.
# //
# Loading work.test_bench(fast)
# Loading work.rv32_soc_top(fast)
# Loading work.top_rv32_sync(fast)
# Loading work.if_stage_sync(fast)
# Loading work.id_stage(fast)
# Loading work.ex_stage(fast)
# Loading work.mem_stage_sync(fast)
# Loading work.forwarding(fast)
# Loading work.registers_file(fast)
# Loading work.imem_sync(fast)
# Loading work.dmem_ip_wrapper(fast)
# Loading work.DMEM_ip(fast)
# Loading work.apb_huffman_aes_tx_top(fast)
# Loading work.apb_huffman_tx_if(fast)
# Loading work.huffman_aes_tx_top(fast)
# Loading work.frequency_counter(fast)
# Loading work.huffman_builder(fast)
# Loading work.symbol_list_builder(fast)
# Loading work.code_length_builder(fast)
# Loading work.canonical_code_generator(fast)
# Loading work.dynamic_huffman_encoder(fast)
# Loading work.input_collect_unit(fast)
# Loading work.block_buffer(fast)
# Loading work.frequency_counter(fast__1)
# Loading work.huffman_builder(fast__1)
# Loading work.symbol_list_builder(fast__1)
# Loading work.code_length_builder(fast__1)
# Loading work.canonical_code_generator(fast__1)
# Loading work.mode_decision_logic(fast)
# Loading work.emit_backend(fast)
# Loading work.header_formatter(fast)
# Loading work.payload_emitter(fast)
# Loading work.stream_output_interface(fast)
# Loading work.control_fsm(fast)
# Loading work.bit_packer_128(fast)
# Loading work.wrapper(fast)
# Loading work.aes128_cipher_top(fast)
# Loading work.aes128_cipher_core(fast)
# Loading work.aes128_key_expansion(fast)
# Loading work.apb_huffman_aes_rx_top(fast)
# Loading work.wrapper_rx(fast)
# Loading work.aes128_cipher_inv_top(fast)
# Loading work.aes128_cipher_core_inv(fast)
# Loading work.aes128_key_expansion_inv(fast)
# Loading work.bit_depacker_128(fast)
# Loading work.huffman_block_parser(fast)
# Loading work.huffman_block_decoder(fast)
# Loading work.HUFFMAN_DECODE_TABLE_IP(fast)
# Loading work.rx_byte_packer_32(fast)
# Loading work.apb_huffman_rx_if(fast)
# Loading work.cpu_mmio_to_apb_bridge(fast)
# Loading work.dma_regfile(fast)
# Loading work.dma_tx_engine(fast)
# Loading work.dma_rx_engine(fast)
# 
# run -all
# INPUT_FILE override: ecg_before_compression_lf_6k.csv
# Sync Istr 0: 00008137
# Sync Istr 1: f0010113
# Sync Istr 2: 0040006f
# Sync Istr 3: ff010113
# Test_result STARTED ecg_6k_e2e
# Loaded 6000 byte(s) from ecg_before_compression_lf_6k.csv into DMEM @ 0x00002000
# ===== RV32I SOC DMA TX->RX CHECK =====
# input_file=ecg_before_compression_lf_6k.csv input_len=6000
# dma_active_dir=2 busy=0 done_sticky=1 error_sticky=0
# dma_cfg src=0x00004000 dst=0x00006000 len=0x00000d40 dir=0x2 block=0x20
# tx_dma state=0 busy=0 done=0 err=0 bytes=0x00000d40 last_err=0x00
# rx_dma state=0 busy=0 done=0 err=0 bytes=0x00001770 last_err=0x00
# tx_dst_head = 0e02deaa 99ac0f04 8959d3e7 ca4b2aad
# rx_dst_head = 706d6173 695f656c 7865646e 6d69742c
# DEBUG first_tx_transport_valid=1 count=212 word=7806663321988cc085c72d2161829d82
# DEBUG first_tx_word_in_valid=1 count=3000 data=706d6173
# DEBUG first_tx_dma_word_write=1 count=3000 data=706d6173
# DEBUG first_tx_dma_read=1 count=3000 addr=00002000 data=706d6173
# DEBUG first_tx_start=1 src=00002000 dst=00004000 len=00001770 dir=1 blk=32
# DEBUG mmio_write[0] addr=40000028 data=43424331
# DEBUG mmio_write[1] addr=4000002c data=0ad8100a
# DEBUG mmio_write[2] addr=40000030 data=77b4d9ca
# DEBUG mmio_write[3] addr=40000034 data=9a796847
# DEBUG mmio_write[4] addr=40000008 data=00002000
# DEBUG mmio_write[5] addr=4000000c data=00004000
# DEBUG mmio_write[6] addr=40000010 data=00001770
# DEBUG mmio_write[7] addr=40000014 data=00000009
# DEBUG first_tx_ciphertext_dmem_valid=1 word=ca4b2aad8959d3e799ac0f040e02deaa
# DEBUG first_rx_ciphertext_feed_valid=1 count=212 word=ca4b2aad8959d3e799ac0f040e02deaa
# DEBUG first_rx_transport_valid=1 count=26274 word=7806663321988cc085c72d2161829d82
# DEBUG first_rx_word_valid=1 count=1500 data=706d6173 bytes=4 last_blk=0 last_frm=0
# DEBUG rx_stage_error depacker=0 parser=0 decoder=0 packer=0 aes_path=0
# DEBUG rx_stage_state parser=0 decoder=0 packer_busy=0 fifo_count=0 block_done=1 frame_done=1
# DEBUG rx_decoder_error code=0x00 state=0 bytes_left=0 payload_len=0
# DEBUG rx_decoder_meta mode=2 block_size=0 symbol_count=29 one_symbol=0x00 parser_mode=2 parser_block_size=16 parser_symbol_count=0
# BENCHMARK tx_cycles=76637 rx_cycles=29291 tx_cipher_bytes=3392 rx_plain_bytes=6000
# THROUGHPUT tx_in=7.829 MB/s tx_out=4.426 MB/s rx_in=11.580 MB/s rx_out=20.484 MB/s
# PAYLOAD compressed_bits=25405 compressed_bytes_ceil=3176 ratio=52.93% space_saving=47.07%
# STORAGE ratio=56.53% space_saving=43.47%
# LOOPBACK src_mismatch=0 rx_mismatch=0 tx_nonzero_bytes=3380
# FILES summary=loopback/tb_rv32_soc_mmio_dma_summary.txt compare=loopback/tb_rv32_soc_mmio_dma_compare.txt src_dump=dmem_dump/tb_rv32_soc_mmio_dma_src.txt tx_dump=dmem_dump/tb_rv32_soc_mmio_dma_tx.txt rx_dump=dmem_dump/tb_rv32_soc_mmio_dma_rx.txt
# [PASS] mem_err_o_should_be_zero | actual=0 expected=0
# [PASS] cpu_should_publish_known_signature
# [PASS] result_signature | actual=0x44525831 expected=0x44525831
# [PASS] cpu_error_mask_should_be_zero | actual=0x00000000 expected=0x00000000
# [PASS] tx_status_before_start | actual=0x00000098 expected=0x00000098
# [PASS] tx_status_after_done | actual=0x0000009a expected=0x0000009a
# [PASS] tx_bytes_done_should_be_transport_aligned
# [PASS] tx_ciphertext_bytes_produced_should_match_tx_bytes_done | actual=0x00000d40 expected=0x00000d40
# [PASS] tx_poll_count_should_be_nonzero
# [PASS] rx_status_before_start_should_be_idle_or_done_sticky
# [PASS] rx_status_after_done | actual=0x0000002a expected=0x0000002a
# [PASS] rx_bytes_done_should_match_input_len | actual=0x00001770 expected=0x00001770
# [PASS] rx_debug_after_done | actual=0x00000000 expected=0x00000000
# [PASS] rx_poll_count_should_be_nonzero
# [PASS] source_dmem_should_match_input_file | actual=0x00000000 expected=0x00000000
# [PASS] loopback_rx_should_match_input_file | actual=0x00000000 expected=0x00000000
# [PASS] tx_ciphertext_region_should_not_be_all_zero
# [PASS] dma_start_pulse_count | actual=0x00000002 expected=0x00000002
# SUMMARY: PASS=18 FAIL=0
# [PASS] rv32_soc_unified_test
# ** Note: $finish    : ../tb/tb_rv32_soc_mmio_dma.v(4005)
#    Time: 1389816 ns  Iteration: 0  Instance: /test_bench
# End time: 14:37:58 on May 05,2026, Elapsed time: 0:00:32
# Errors: 0, Warnings: 0
