Copyright 1986-2022 Xilinx, Inc. All Rights Reserved. Copyright 2022-2024 Advanced Micro Devices, Inc. All Rights Reserved.
---------------------------------------------------------------------------------------------------------------------------------------------------------------------------
| Tool Version : Vivado v.2024.2 (win64) Build 5239630 Fri Nov 08 22:35:27 MST 2024
| Date         : Sun May 10 08:18:40 2026
| Host         : An running 64-bit major release  (build 9200)
| Command      : report_timing_summary -file H:/Academic/senior_project/DATN/work/luc/AES_huffman_all6/vivado/build/rv32_soc_synth_tx/reports/post_impl_timing_summary.rpt
| Design       : rv32_soc_fpga_demo_top
| Device       : 7z020-clg484
| Speed File   : -1  PRODUCTION 1.12 2019-11-22
| Design State : Physopt postRoute
---------------------------------------------------------------------------------------------------------------------------------------------------------------------------

Timing Summary Report

------------------------------------------------------------------------------------------------
| Timer Settings
| --------------
------------------------------------------------------------------------------------------------

  Enable Multi Corner Analysis               :  Yes
  Enable Pessimism Removal                   :  Yes
  Pessimism Removal Resolution               :  Nearest Common Node
  Enable Input Delay Default Clock           :  No
  Enable Preset / Clear Arcs                 :  No
  Disable Flight Delays                      :  No
  Ignore I/O Paths                           :  No
  Timing Early Launch at Borrowing Latches   :  No
  Borrow Time for Max Delay Exceptions       :  Yes
  Merge Timing Exceptions                    :  Yes
  Inter-SLR Compensation                     :  Conservative

  Corner  Analyze    Analyze    
  Name    Max Paths  Min Paths  
  ------  ---------  ---------  
  Slow    Yes        Yes        
  Fast    Yes        Yes        


------------------------------------------------------------------------------------------------
| Report Methodology
| ------------------
------------------------------------------------------------------------------------------------

No report available as report_methodology has not been run prior. Run report_methodology on the current design for the summary of methodology violations.



check_timing report

Table of Contents
-----------------
1. checking no_clock (0)
2. checking constant_clock (0)
3. checking pulse_width_clock (0)
4. checking unconstrained_internal_endpoints (0)
5. checking no_input_delay (1)
6. checking no_output_delay (5)
7. checking multiple_clock (0)
8. checking generated_clocks (0)
9. checking loops (0)
10. checking partial_input_delay (0)
11. checking partial_output_delay (0)
12. checking latch_loops (0)

1. checking no_clock (0)
------------------------
 There are 0 register/latch pins with no clock.


2. checking constant_clock (0)
------------------------------
 There are 0 register/latch pins with constant_clock.


3. checking pulse_width_clock (0)
---------------------------------
 There are 0 register/latch pins which need pulse_width check


4. checking unconstrained_internal_endpoints (0)
------------------------------------------------
 There are 0 pins that are not constrained for maximum delay.

 There are 0 pins that are not constrained for maximum delay due to constant clock.


5. checking no_input_delay (1)
------------------------------
 There is 1 input port with no input delay specified. (HIGH)

 There are 0 input ports with no input delay but user has a false path constraint.


6. checking no_output_delay (5)
-------------------------------
 There are 5 ports with no output delay specified. (HIGH)

 There are 0 ports with no output delay but user has a false path constraint

 There are 0 ports with no output delay but with a timing clock defined on it or propagating through it


7. checking multiple_clock (0)
------------------------------
 There are 0 register/latch pins with multiple clocks.


8. checking generated_clocks (0)
--------------------------------
 There are 0 generated clocks that are not connected to a clock source.


9. checking loops (0)
---------------------
 There are 0 combinational loops in the design.


10. checking partial_input_delay (0)
------------------------------------
 There are 0 input ports with partial input delay specified.


11. checking partial_output_delay (0)
-------------------------------------
 There are 0 ports with partial output delay specified.


12. checking latch_loops (0)
----------------------------
 There are 0 combinational latch loops in the design through latch input



------------------------------------------------------------------------------------------------
| Design Timing Summary
| ---------------------
------------------------------------------------------------------------------------------------

    WNS(ns)      TNS(ns)  TNS Failing Endpoints  TNS Total Endpoints      WHS(ns)      THS(ns)  THS Failing Endpoints  THS Total Endpoints     WPWS(ns)     TPWS(ns)  TPWS Failing Endpoints  TPWS Total Endpoints  
    -------      -------  ---------------------  -------------------      -------      -------  ---------------------  -------------------     --------     --------  ----------------------  --------------------  
      0.217        0.000                      0                93072        0.018        0.000                      0                93072        8.750        0.000                       0                 40599  


All user specified timing constraints are met.


------------------------------------------------------------------------------------------------
| Clock Summary
| -------------
------------------------------------------------------------------------------------------------

Clock  Waveform(ns)       Period(ns)      Frequency(MHz)
-----  ------------       ----------      --------------
clk_i  {0.000 10.000}     20.000          50.000          


------------------------------------------------------------------------------------------------
| Intra Clock Table
| -----------------
------------------------------------------------------------------------------------------------

Clock             WNS(ns)      TNS(ns)  TNS Failing Endpoints  TNS Total Endpoints      WHS(ns)      THS(ns)  THS Failing Endpoints  THS Total Endpoints     WPWS(ns)     TPWS(ns)  TPWS Failing Endpoints  TPWS Total Endpoints  
-----             -------      -------  ---------------------  -------------------      -------      -------  ---------------------  -------------------     --------     --------  ----------------------  --------------------  
clk_i               0.217        0.000                      0                83975        0.018        0.000                      0                83975        8.750        0.000                       0                 40599  


------------------------------------------------------------------------------------------------
| Inter Clock Table
| -----------------
------------------------------------------------------------------------------------------------

From Clock    To Clock          WNS(ns)      TNS(ns)  TNS Failing Endpoints  TNS Total Endpoints      WHS(ns)      THS(ns)  THS Failing Endpoints  THS Total Endpoints  
----------    --------          -------      -------  ---------------------  -------------------      -------      -------  ---------------------  -------------------  


------------------------------------------------------------------------------------------------
| Other Path Groups Table
| -----------------------
------------------------------------------------------------------------------------------------

Path Group         From Clock         To Clock               WNS(ns)      TNS(ns)  TNS Failing Endpoints  TNS Total Endpoints      WHS(ns)      THS(ns)  THS Failing Endpoints  THS Total Endpoints  
----------         ----------         --------               -------      -------  ---------------------  -------------------      -------      -------  ---------------------  -------------------  
**async_default**  clk_i              clk_i                    2.472        0.000                      0                 9097        1.292        0.000                      0                 9097  


------------------------------------------------------------------------------------------------
| Timing Details
| --------------
------------------------------------------------------------------------------------------------


---------------------------------------------------------------------------------------------------
From Clock:  clk_i
  To Clock:  clk_i

Setup :            0  Failing Endpoints,  Worst Slack        0.217ns,  Total Violation        0.000ns
Hold  :            0  Failing Endpoints,  Worst Slack        0.018ns,  Total Violation        0.000ns
PW    :            0  Failing Endpoints,  Worst Slack        8.750ns,  Total Violation        0.000ns
---------------------------------------------------------------------------------------------------


Max Delay Paths
--------------------------------------------------------------------------------------
Slack (MET) :             0.217ns  (required time - arrival time)
  Source:                 u_soc/u_tx_top/u_huffman_aes_tx_top/u_file_huffman_builder/u_code_length_builder/next_free_index_reg[7]/C
                            (rising edge-triggered cell FDCE clocked by clk_i  {rise@0.000ns fall@10.000ns period=20.000ns})
  Destination:            u_soc/u_tx_top/u_huffman_aes_tx_top/u_file_huffman_builder/u_code_length_builder/node_parent_reg[149][7]/D
                            (rising edge-triggered cell FDRE clocked by clk_i  {rise@0.000ns fall@10.000ns period=20.000ns})
  Path Group:             clk_i
  Path Type:              Setup (Max at Slow Process Corner)
  Requirement:            20.000ns  (clk_i rise@20.000ns - clk_i rise@0.000ns)
  Data Path Delay:        19.444ns  (logic 0.903ns (4.644%)  route 18.541ns (95.356%))
  Logic Levels:           2  (LUT5=1 LUT6=1)
  Clock Path Skew:        -0.335ns (DCD - SCD + CPR)
    Destination Clock Delay (DCD):    5.052ns = ( 25.052 - 20.000 ) 
    Source Clock Delay      (SCD):    5.666ns
    Clock Pessimism Removal (CPR):    0.280ns
  Clock Uncertainty:      0.035ns  ((TSJ^2 + TIJ^2)^1/2 + DJ) / 2 + PE
    Total System Jitter     (TSJ):    0.071ns
    Total Input Jitter      (TIJ):    0.000ns
    Discrete Jitter          (DJ):    0.000ns
    Phase Error              (PE):    0.000ns

    Location             Delay type                Incr(ns)  Path(ns)    Netlist Resource(s)
  -------------------------------------------------------------------    -------------------
                         (clock clk_i rise edge)      0.000     0.000 r  
    Y9                                                0.000     0.000 r  clk_i (IN)
                         net (fo=0)                   0.000     0.000    clk_i
    Y9                   IBUF (Prop_ibuf_I_O)         1.490     1.490 r  clk_i_IBUF_inst/O
                         net (fo=1, routed)           2.171     3.661    clk_i_IBUF
    BUFGCTRL_X0Y0        BUFG (Prop_bufg_I_O)         0.101     3.762 r  clk_i_IBUF_BUFG_inst/O
                         net (fo=40598, routed)       1.904     5.666    u_soc/u_tx_top/u_huffman_aes_tx_top/u_file_huffman_builder/u_code_length_builder/clk_i
    SLICE_X54Y110        FDCE                                         r  u_soc/u_tx_top/u_huffman_aes_tx_top/u_file_huffman_builder/u_code_length_builder/next_free_index_reg[7]/C
  -------------------------------------------------------------------    -------------------
    SLICE_X54Y110        FDCE (Prop_fdce_C_Q)         0.478     6.144 r  u_soc/u_tx_top/u_huffman_aes_tx_top/u_file_huffman_builder/u_code_length_builder/next_free_index_reg[7]/Q
                         net (fo=173, routed)        17.824    23.969    u_soc/u_tx_top/u_huffman_aes_tx_top/u_file_huffman_builder/u_code_length_builder/next_free_index[7]
    SLICE_X13Y30         LUT6 (Prop_lut6_I3_O)        0.301    24.270 r  u_soc/u_tx_top/u_huffman_aes_tx_top/u_file_huffman_builder/u_code_length_builder/node_parent[149][7]_i_2/O
                         net (fo=1, routed)           0.717    24.987    u_soc/u_tx_top/u_huffman_aes_tx_top/u_file_huffman_builder/u_code_length_builder/node_parent[149][7]_i_2_n_0
    SLICE_X15Y32         LUT5 (Prop_lut5_I4_O)        0.124    25.111 r  u_soc/u_tx_top/u_huffman_aes_tx_top/u_file_huffman_builder/u_code_length_builder/node_parent[149][7]_i_1/O
                         net (fo=1, routed)           0.000    25.111    u_soc/u_tx_top/u_huffman_aes_tx_top/u_file_huffman_builder/u_code_length_builder/node_parent[149][7]_i_1_n_0
    SLICE_X15Y32         FDRE                                         r  u_soc/u_tx_top/u_huffman_aes_tx_top/u_file_huffman_builder/u_code_length_builder/node_parent_reg[149][7]/D
  -------------------------------------------------------------------    -------------------

                         (clock clk_i rise edge)     20.000    20.000 r  
    Y9                                                0.000    20.000 r  clk_i (IN)
                         net (fo=0)                   0.000    20.000    clk_i
    Y9                   IBUF (Prop_ibuf_I_O)         1.420    21.420 r  clk_i_IBUF_inst/O
                         net (fo=1, routed)           1.972    23.392    clk_i_IBUF
    BUFGCTRL_X0Y0        BUFG (Prop_bufg_I_O)         0.091    23.483 r  clk_i_IBUF_BUFG_inst/O
                         net (fo=40598, routed)       1.569    25.052    u_soc/u_tx_top/u_huffman_aes_tx_top/u_file_huffman_builder/u_code_length_builder/clk_i
    SLICE_X15Y32         FDRE                                         r  u_soc/u_tx_top/u_huffman_aes_tx_top/u_file_huffman_builder/u_code_length_builder/node_parent_reg[149][7]/C
                         clock pessimism              0.280    25.332    
                         clock uncertainty           -0.035    25.296    
    SLICE_X15Y32         FDRE (Setup_fdre_C_D)        0.031    25.327    u_soc/u_tx_top/u_huffman_aes_tx_top/u_file_huffman_builder/u_code_length_builder/node_parent_reg[149][7]
  -------------------------------------------------------------------
                         required time                         25.327    
                         arrival time                         -25.111    
  -------------------------------------------------------------------
                         slack                                  0.217    





Min Delay Paths
--------------------------------------------------------------------------------------
Slack (MET) :             0.018ns  (arrival time - required time)
  Source:                 u_uart_dmem_loader/u_uart_tx/shift_r_reg[7]/C
                            (rising edge-triggered cell FDRE clocked by clk_i  {rise@0.000ns fall@10.000ns period=20.000ns})
  Destination:            u_uart_dmem_loader/u_uart_tx/shift_r_reg[6]/D
                            (rising edge-triggered cell FDRE clocked by clk_i  {rise@0.000ns fall@10.000ns period=20.000ns})
  Path Group:             clk_i
  Path Type:              Hold (Min at Fast Process Corner)
  Requirement:            0.000ns  (clk_i rise@0.000ns - clk_i rise@0.000ns)
  Data Path Delay:        0.417ns  (logic 0.213ns (51.108%)  route 0.204ns (48.892%))
  Logic Levels:           1  (LUT3=1)
  Clock Path Skew:        0.267ns (DCD - SCD - CPR)
    Destination Clock Delay (DCD):    2.102ns
    Source Clock Delay      (SCD):    1.588ns
    Clock Pessimism Removal (CPR):    0.247ns

    Location             Delay type                Incr(ns)  Path(ns)    Netlist Resource(s)
  -------------------------------------------------------------------    -------------------
                         (clock clk_i rise edge)      0.000     0.000 r  
    Y9                                                0.000     0.000 r  clk_i (IN)
                         net (fo=0)                   0.000     0.000    clk_i
    Y9                   IBUF (Prop_ibuf_I_O)         0.258     0.258 r  clk_i_IBUF_inst/O
                         net (fo=1, routed)           0.663     0.921    clk_i_IBUF
    BUFGCTRL_X0Y0        BUFG (Prop_bufg_I_O)         0.026     0.947 r  clk_i_IBUF_BUFG_inst/O
                         net (fo=40598, routed)       0.641     1.588    u_uart_dmem_loader/u_uart_tx/clk_i
    SLICE_X112Y49        FDRE                                         r  u_uart_dmem_loader/u_uart_tx/shift_r_reg[7]/C
  -------------------------------------------------------------------    -------------------
    SLICE_X112Y49        FDRE (Prop_fdre_C_Q)         0.164     1.752 r  u_uart_dmem_loader/u_uart_tx/shift_r_reg[7]/Q
                         net (fo=1, routed)           0.204     1.956    u_uart_dmem_loader/u_uart_tx/shift_r_reg_n_0_[7]
    SLICE_X108Y50        LUT3 (Prop_lut3_I0_O)        0.049     2.005 r  u_uart_dmem_loader/u_uart_tx/shift_r[6]_i_1/O
                         net (fo=1, routed)           0.000     2.005    u_uart_dmem_loader/u_uart_tx/shift_r[6]_i_1_n_0
    SLICE_X108Y50        FDRE                                         r  u_uart_dmem_loader/u_uart_tx/shift_r_reg[6]/D
  -------------------------------------------------------------------    -------------------

                         (clock clk_i rise edge)      0.000     0.000 r  
    Y9                                                0.000     0.000 r  clk_i (IN)
                         net (fo=0)                   0.000     0.000    clk_i
    Y9                   IBUF (Prop_ibuf_I_O)         0.446     0.446 r  clk_i_IBUF_inst/O
                         net (fo=1, routed)           0.719     1.165    clk_i_IBUF
    BUFGCTRL_X0Y0        BUFG (Prop_bufg_I_O)         0.029     1.194 r  clk_i_IBUF_BUFG_inst/O
                         net (fo=40598, routed)       0.908     2.102    u_uart_dmem_loader/u_uart_tx/clk_i
    SLICE_X108Y50        FDRE                                         r  u_uart_dmem_loader/u_uart_tx/shift_r_reg[6]/C
                         clock pessimism             -0.247     1.855    
    SLICE_X108Y50        FDRE (Hold_fdre_C_D)         0.131     1.986    u_uart_dmem_loader/u_uart_tx/shift_r_reg[6]
  -------------------------------------------------------------------
                         required time                         -1.986    
                         arrival time                           2.005    
  -------------------------------------------------------------------
                         slack                                  0.018    





Pulse Width Checks
--------------------------------------------------------------------------------------
Clock Name:         clk_i
Waveform(ns):       { 0.000 10.000 }
Period(ns):         20.000
Sources:            { clk_i }

Check Type        Corner  Lib Pin             Reference Pin  Required(ns)  Actual(ns)  Slack(ns)  Location      Pin
Min Period        n/a     RAMB36E1/CLKARDCLK  n/a            2.944         20.000      17.056     RAMB36_X4Y1   u_soc/u_dmem/u_dmem_ip/mem_reg_0_0/CLKARDCLK
Low Pulse Width   Slow    RAMD64E/CLK         n/a            1.250         10.000      8.750      SLICE_X82Y50  u_soc/u_tx_top/u_huffman_aes_tx_top/u_file_huffman_builder/u_canonical_code_generator/code_len_mem_reg_r1_0_63_0_2/RAMA/CLK
High Pulse Width  Slow    RAMD64E/CLK         n/a            1.250         10.000      8.750      SLICE_X82Y50  u_soc/u_tx_top/u_huffman_aes_tx_top/u_file_huffman_builder/u_canonical_code_generator/code_len_mem_reg_r1_0_63_0_2/RAMA/CLK



---------------------------------------------------------------------------------------------------
Path Group:  **async_default**
From Clock:  clk_i
  To Clock:  clk_i

Setup :            0  Failing Endpoints,  Worst Slack        2.472ns,  Total Violation        0.000ns
Hold  :            0  Failing Endpoints,  Worst Slack        1.292ns,  Total Violation        0.000ns
---------------------------------------------------------------------------------------------------


Max Delay Paths
--------------------------------------------------------------------------------------
Slack (MET) :             2.472ns  (required time - arrival time)
  Source:                 por_shift_r_reg[12]/C
                            (rising edge-triggered cell FDRE clocked by clk_i  {rise@0.000ns fall@10.000ns period=20.000ns})
  Destination:            u_soc/u_tx_top/u_huffman_aes_tx_top/u_file_huffman_builder/u_code_length_builder/next_free_index_reg[2]_rep__10/CLR
                            (recovery check against rising-edge clock clk_i  {rise@0.000ns fall@10.000ns period=20.000ns})
  Path Group:             **async_default**
  Path Type:              Recovery (Max at Slow Process Corner)
  Requirement:            20.000ns  (clk_i rise@20.000ns - clk_i rise@0.000ns)
  Data Path Delay:        16.529ns  (logic 1.039ns (6.286%)  route 15.490ns (93.714%))
  Logic Levels:           4  (LUT2=1 LUT4=1 LUT5=1 LUT6=1)
  Clock Path Skew:        -0.350ns (DCD - SCD + CPR)
    Destination Clock Delay (DCD):    5.011ns = ( 25.011 - 20.000 ) 
    Source Clock Delay      (SCD):    5.641ns
    Clock Pessimism Removal (CPR):    0.280ns
  Clock Uncertainty:      0.035ns  ((TSJ^2 + TIJ^2)^1/2 + DJ) / 2 + PE
    Total System Jitter     (TSJ):    0.071ns
    Total Input Jitter      (TIJ):    0.000ns
    Discrete Jitter          (DJ):    0.000ns
    Phase Error              (PE):    0.000ns

    Location             Delay type                Incr(ns)  Path(ns)    Netlist Resource(s)
  -------------------------------------------------------------------    -------------------
                         (clock clk_i rise edge)      0.000     0.000 r  
    Y9                                                0.000     0.000 r  clk_i (IN)
                         net (fo=0)                   0.000     0.000    clk_i
    Y9                   IBUF (Prop_ibuf_I_O)         1.490     1.490 r  clk_i_IBUF_inst/O
                         net (fo=1, routed)           2.171     3.661    clk_i_IBUF
    BUFGCTRL_X0Y0        BUFG (Prop_bufg_I_O)         0.101     3.762 r  clk_i_IBUF_BUFG_inst/O
                         net (fo=40598, routed)       1.879     5.641    clk_i_IBUF_BUFG
    SLICE_X112Y6         FDRE                                         r  por_shift_r_reg[12]/C
  -------------------------------------------------------------------    -------------------
    SLICE_X112Y6         FDRE (Prop_fdre_C_Q)         0.518     6.159 f  por_shift_r_reg[12]/Q
                         net (fo=2, routed)           0.675     6.834    u_uart_dmem_loader/u_uart_rx/Q[12]
    SLICE_X112Y6         LUT4 (Prop_lut4_I1_O)        0.124     6.958 f  u_uart_dmem_loader/u_uart_rx/FSM_sequential_state_r[1]_i_8/O
                         net (fo=1, routed)           0.712     7.670    u_uart_dmem_loader/u_uart_rx/FSM_sequential_state_r[1]_i_8_n_0
    SLICE_X108Y6         LUT5 (Prop_lut5_I4_O)        0.124     7.794 f  u_uart_dmem_loader/u_uart_rx/FSM_sequential_state_r[1]_i_5/O
                         net (fo=1, routed)           1.487     9.281    u_uart_dmem_loader/u_uart_rx/FSM_sequential_state_r[1]_i_5_n_0
    SLICE_X87Y22         LUT6 (Prop_lut6_I5_O)        0.124     9.405 f  u_uart_dmem_loader/u_uart_rx/FSM_sequential_state_r[1]_i_1/O
                         net (fo=395, routed)         1.475    10.880    u_uart_dmem_loader/por_rst_w
    SLICE_X89Y43         LUT2 (Prop_lut2_I0_O)        0.149    11.029 f  u_uart_dmem_loader/u_soc_i_1/O
                         net (fo=10711, routed)      11.142    22.171    u_soc/u_tx_top/u_huffman_aes_tx_top/u_file_huffman_builder/u_code_length_builder/rst_i
    SLICE_X56Y80         FDCE                                         f  u_soc/u_tx_top/u_huffman_aes_tx_top/u_file_huffman_builder/u_code_length_builder/next_free_index_reg[2]_rep__10/CLR
  -------------------------------------------------------------------    -------------------

                         (clock clk_i rise edge)     20.000    20.000 r  
    Y9                                                0.000    20.000 r  clk_i (IN)
                         net (fo=0)                   0.000    20.000    clk_i
    Y9                   IBUF (Prop_ibuf_I_O)         1.420    21.420 r  clk_i_IBUF_inst/O
                         net (fo=1, routed)           1.972    23.392    clk_i_IBUF
    BUFGCTRL_X0Y0        BUFG (Prop_bufg_I_O)         0.091    23.483 r  clk_i_IBUF_BUFG_inst/O
                         net (fo=40598, routed)       1.529    25.011    u_soc/u_tx_top/u_huffman_aes_tx_top/u_file_huffman_builder/u_code_length_builder/clk_i
    SLICE_X56Y80         FDCE                                         r  u_soc/u_tx_top/u_huffman_aes_tx_top/u_file_huffman_builder/u_code_length_builder/next_free_index_reg[2]_rep__10/C
                         clock pessimism              0.280    25.291    
                         clock uncertainty           -0.035    25.256    
    SLICE_X56Y80         FDCE (Recov_fdce_C_CLR)     -0.613    24.643    u_soc/u_tx_top/u_huffman_aes_tx_top/u_file_huffman_builder/u_code_length_builder/next_free_index_reg[2]_rep__10
  -------------------------------------------------------------------
                         required time                         24.643    
                         arrival time                         -22.171    
  -------------------------------------------------------------------
                         slack                                  2.472    





Min Delay Paths
--------------------------------------------------------------------------------------
Slack (MET) :             1.292ns  (arrival time - required time)
  Source:                 u_uart_dmem_loader/done_r_reg/C
                            (rising edge-triggered cell FDRE clocked by clk_i  {rise@0.000ns fall@10.000ns period=20.000ns})
  Destination:            u_soc/u_tx_top/u_huffman_aes_tx_top/u_file_huffman_builder/u_symbol_list_builder/scan_index_reg[0]_rep/CLR
                            (removal check against rising-edge clock clk_i  {rise@0.000ns fall@10.000ns period=20.000ns})
  Path Group:             **async_default**
  Path Type:              Removal (Min at Fast Process Corner)
  Requirement:            0.000ns  (clk_i rise@0.000ns - clk_i rise@0.000ns)
  Data Path Delay:        1.349ns  (logic 0.231ns (17.121%)  route 1.118ns (82.879%))
  Logic Levels:           1  (LUT2=1)
  Clock Path Skew:        0.216ns (DCD - SCD - CPR)
    Destination Clock Delay (DCD):    2.049ns
    Source Clock Delay      (SCD):    1.586ns
    Clock Pessimism Removal (CPR):    0.247ns

    Location             Delay type                Incr(ns)  Path(ns)    Netlist Resource(s)
  -------------------------------------------------------------------    -------------------
                         (clock clk_i rise edge)      0.000     0.000 r  
    Y9                                                0.000     0.000 r  clk_i (IN)
                         net (fo=0)                   0.000     0.000    clk_i
    Y9                   IBUF (Prop_ibuf_I_O)         0.258     0.258 r  clk_i_IBUF_inst/O
                         net (fo=1, routed)           0.663     0.921    clk_i_IBUF
    BUFGCTRL_X0Y0        BUFG (Prop_bufg_I_O)         0.026     0.947 r  clk_i_IBUF_BUFG_inst/O
                         net (fo=40598, routed)       0.639     1.586    u_uart_dmem_loader/clk_i
    SLICE_X107Y43        FDRE                                         r  u_uart_dmem_loader/done_r_reg/C
  -------------------------------------------------------------------    -------------------
    SLICE_X107Y43        FDRE (Prop_fdre_C_Q)         0.128     1.714 r  u_uart_dmem_loader/done_r_reg/Q
                         net (fo=3, routed)           0.728     2.442    u_uart_dmem_loader/led_o_OBUF[1]
    SLICE_X89Y43         LUT2 (Prop_lut2_I1_O)        0.103     2.545 f  u_uart_dmem_loader/u_soc_i_1/O
                         net (fo=10711, routed)       0.390     2.935    u_soc/u_tx_top/u_huffman_aes_tx_top/u_file_huffman_builder/u_symbol_list_builder/rst_i
    SLICE_X85Y50         FDCE                                         f  u_soc/u_tx_top/u_huffman_aes_tx_top/u_file_huffman_builder/u_symbol_list_builder/scan_index_reg[0]_rep/CLR
  -------------------------------------------------------------------    -------------------

                         (clock clk_i rise edge)      0.000     0.000 r  
    Y9                                                0.000     0.000 r  clk_i (IN)
                         net (fo=0)                   0.000     0.000    clk_i
    Y9                   IBUF (Prop_ibuf_I_O)         0.446     0.446 r  clk_i_IBUF_inst/O
                         net (fo=1, routed)           0.719     1.165    clk_i_IBUF
    BUFGCTRL_X0Y0        BUFG (Prop_bufg_I_O)         0.029     1.194 r  clk_i_IBUF_BUFG_inst/O
                         net (fo=40598, routed)       0.855     2.049    u_soc/u_tx_top/u_huffman_aes_tx_top/u_file_huffman_builder/u_symbol_list_builder/clk_i
    SLICE_X85Y50         FDCE                                         r  u_soc/u_tx_top/u_huffman_aes_tx_top/u_file_huffman_builder/u_symbol_list_builder/scan_index_reg[0]_rep/C
                         clock pessimism             -0.247     1.802    
    SLICE_X85Y50         FDCE (Remov_fdce_C_CLR)     -0.159     1.643    u_soc/u_tx_top/u_huffman_aes_tx_top/u_file_huffman_builder/u_symbol_list_builder/scan_index_reg[0]_rep
  -------------------------------------------------------------------
                         required time                         -1.643    
                         arrival time                           2.935    
  -------------------------------------------------------------------
                         slack                                  1.292    





