Copyright 1986-2022 Xilinx, Inc. All Rights Reserved. Copyright 2022-2024 Advanced Micro Devices, Inc. All Rights Reserved.
----------------------------------------------------------------------------------------------------------------------------------------------------------------------------
| Tool Version : Vivado v.2024.2 (win64) Build 5239630 Fri Nov 08 22:35:27 MST 2024
| Date         : Thu Apr 30 16:55:39 2026
| Host         : An running 64-bit major release  (build 9200)
| Command      : report_timing_summary -file H:/Academic/senior_project/DATN/work/luc/AES_huffman_all6/vivado/build/rv32_soc_synth_tx/reports/post_synth_timing_summary.rpt
| Design       : rv32_soc_fpga_demo_top
| Device       : 7z020-clg484
| Speed File   : -1  PRODUCTION 1.12 2019-11-22
| Design State : Synthesized
----------------------------------------------------------------------------------------------------------------------------------------------------------------------------

Timing Summary Report

------------------------------------------------------------------------------------------------
| Timer Settings
| --------------
------------------------------------------------------------------------------------------------

  Enable Multi Corner Analysis               :  Yes
  Enable Pessimism Removal                   :  Yes
  Pessimism Removal Resolution               :  Nearest Common Node
  Enable Input Delay Default Clock           :  No
  Enable Preset / Clear Arcs                 :  No
  Disable Flight Delays                      :  No
  Ignore I/O Paths                           :  No
  Timing Early Launch at Borrowing Latches   :  No
  Borrow Time for Max Delay Exceptions       :  Yes
  Merge Timing Exceptions                    :  Yes
  Inter-SLR Compensation                     :  Conservative

  Corner  Analyze    Analyze    
  Name    Max Paths  Min Paths  
  ------  ---------  ---------  
  Slow    Yes        Yes        
  Fast    Yes        Yes        


------------------------------------------------------------------------------------------------
| Report Methodology
| ------------------
------------------------------------------------------------------------------------------------

No report available as report_methodology has not been run prior. Run report_methodology on the current design for the summary of methodology violations.



check_timing report

Table of Contents
-----------------
1. checking no_clock (0)
2. checking constant_clock (0)
3. checking pulse_width_clock (0)
4. checking unconstrained_internal_endpoints (0)
5. checking no_input_delay (1)
6. checking no_output_delay (5)
7. checking multiple_clock (0)
8. checking generated_clocks (0)
9. checking loops (0)
10. checking partial_input_delay (0)
11. checking partial_output_delay (0)
12. checking latch_loops (0)

1. checking no_clock (0)
------------------------
 There are 0 register/latch pins with no clock.


2. checking constant_clock (0)
------------------------------
 There are 0 register/latch pins with constant_clock.


3. checking pulse_width_clock (0)
---------------------------------
 There are 0 register/latch pins which need pulse_width check


4. checking unconstrained_internal_endpoints (0)
------------------------------------------------
 There are 0 pins that are not constrained for maximum delay.

 There are 0 pins that are not constrained for maximum delay due to constant clock.


5. checking no_input_delay (1)
------------------------------
 There are 0 input ports with no input delay specified.

 There is 1 input port with no input delay but user has a false path constraint. (MEDIUM)


6. checking no_output_delay (5)
-------------------------------
 There are 4 ports with no output delay specified. (HIGH)

 There is 1 port with no output delay but user has a false path constraint (MEDIUM)

 There are 0 ports with no output delay but with a timing clock defined on it or propagating through it


7. checking multiple_clock (0)
------------------------------
 There are 0 register/latch pins with multiple clocks.


8. checking generated_clocks (0)
--------------------------------
 There are 0 generated clocks that are not connected to a clock source.


9. checking loops (0)
---------------------
 There are 0 combinational loops in the design.


10. checking partial_input_delay (0)
------------------------------------
 There are 0 input ports with partial input delay specified.


11. checking partial_output_delay (0)
-------------------------------------
 There are 0 ports with partial output delay specified.


12. checking latch_loops (0)
----------------------------
 There are 0 combinational latch loops in the design through latch input



------------------------------------------------------------------------------------------------
| Design Timing Summary
| ---------------------
------------------------------------------------------------------------------------------------

    WNS(ns)      TNS(ns)  TNS Failing Endpoints  TNS Total Endpoints      WHS(ns)      THS(ns)  THS Failing Endpoints  THS Total Endpoints     WPWS(ns)     TPWS(ns)  TPWS Failing Endpoints  TPWS Total Endpoints  
    -------      -------  ---------------------  -------------------      -------      -------  ---------------------  -------------------     --------     --------  ----------------------  --------------------  
      5.948        0.000                      0               103199        0.132        0.000                      0               103199        9.500        0.000                       0                 34867  


All user specified timing constraints are met.


------------------------------------------------------------------------------------------------
| Clock Summary
| -------------
------------------------------------------------------------------------------------------------

Clock  Waveform(ns)       Period(ns)      Frequency(MHz)
-----  ------------       ----------      --------------
clk_i  {0.000 10.000}     20.000          50.000          


------------------------------------------------------------------------------------------------
| Intra Clock Table
| -----------------
------------------------------------------------------------------------------------------------

Clock             WNS(ns)      TNS(ns)  TNS Failing Endpoints  TNS Total Endpoints      WHS(ns)      THS(ns)  THS Failing Endpoints  THS Total Endpoints     WPWS(ns)     TPWS(ns)  TPWS Failing Endpoints  TPWS Total Endpoints  
-----             -------      -------  ---------------------  -------------------      -------      -------  ---------------------  -------------------     --------     --------  ----------------------  --------------------  
clk_i               5.948        0.000                      0                71310        0.132        0.000                      0                71310        9.500        0.000                       0                 34867  


------------------------------------------------------------------------------------------------
| Inter Clock Table
| -----------------
------------------------------------------------------------------------------------------------

From Clock    To Clock          WNS(ns)      TNS(ns)  TNS Failing Endpoints  TNS Total Endpoints      WHS(ns)      THS(ns)  THS Failing Endpoints  THS Total Endpoints  
----------    --------          -------      -------  ---------------------  -------------------      -------      -------  ---------------------  -------------------  


------------------------------------------------------------------------------------------------
| Other Path Groups Table
| -----------------------
------------------------------------------------------------------------------------------------

Path Group         From Clock         To Clock               WNS(ns)      TNS(ns)  TNS Failing Endpoints  TNS Total Endpoints      WHS(ns)      THS(ns)  THS Failing Endpoints  THS Total Endpoints  
----------         ----------         --------               -------      -------  ---------------------  -------------------      -------      -------  ---------------------  -------------------  
**async_default**  clk_i              clk_i                   15.132        0.000                      0                31889        0.780        0.000                      0                31889  


------------------------------------------------------------------------------------------------
| Timing Details
| --------------
------------------------------------------------------------------------------------------------


---------------------------------------------------------------------------------------------------
From Clock:  clk_i
  To Clock:  clk_i

Setup :            0  Failing Endpoints,  Worst Slack        5.948ns,  Total Violation        0.000ns
Hold  :            0  Failing Endpoints,  Worst Slack        0.132ns,  Total Violation        0.000ns
PW    :            0  Failing Endpoints,  Worst Slack        9.500ns,  Total Violation        0.000ns
---------------------------------------------------------------------------------------------------


Max Delay Paths
--------------------------------------------------------------------------------------
Slack (MET) :             5.948ns  (required time - arrival time)
  Source:                 u_soc/u_tx_top/u_huffman_aes_tx_top/u_dynamic_huffman_encoder/u_emit_backend/FSM_sequential_state_reg[2]/C
                            (rising edge-triggered cell FDCE clocked by clk_i  {rise@0.000ns fall@10.000ns period=20.000ns})
  Destination:            u_soc/u_tx_top/u_huffman_aes_tx_top/u_dynamic_huffman_encoder/u_mode_decision_logic/error_flag_reg/D
                            (rising edge-triggered cell FDCE clocked by clk_i  {rise@0.000ns fall@10.000ns period=20.000ns})
  Path Group:             clk_i
  Path Type:              Setup (Max at Slow Process Corner)
  Requirement:            20.000ns  (clk_i rise@20.000ns - clk_i rise@0.000ns)
  Data Path Delay:        13.916ns  (logic 3.343ns (24.023%)  route 10.573ns (75.977%))
  Logic Levels:           17  (LUT3=2 LUT5=2 LUT6=11 MUXF7=2)
  Clock Path Skew:        -0.145ns (DCD - SCD + CPR)
    Destination Clock Delay (DCD):    2.709ns = ( 22.709 - 20.000 ) 
    Source Clock Delay      (SCD):    2.975ns
    Clock Pessimism Removal (CPR):    0.121ns
  Clock Uncertainty:      0.035ns  ((TSJ^2 + TIJ^2)^1/2 + DJ) / 2 + PE
    Total System Jitter     (TSJ):    0.071ns
    Total Input Jitter      (TIJ):    0.000ns
    Discrete Jitter          (DJ):    0.000ns
    Phase Error              (PE):    0.000ns

    Location             Delay type                Incr(ns)  Path(ns)    Netlist Resource(s)
  -------------------------------------------------------------------    -------------------
                         (clock clk_i rise edge)      0.000     0.000 r  
    Y9                                                0.000     0.000 r  clk_i (IN)
                         net (fo=0)                   0.000     0.000    clk_i
    Y9                   IBUF (Prop_ibuf_I_O)         1.490     1.490 r  clk_i_IBUF_inst/O
                         net (fo=1, unplaced)         0.800     2.290    clk_i_IBUF
                         BUFG (Prop_bufg_I_O)         0.101     2.391 r  clk_i_IBUF_BUFG_inst/O
                         net (fo=34867, unplaced)     0.584     2.975    u_soc/u_tx_top/u_huffman_aes_tx_top/u_dynamic_huffman_encoder/u_emit_backend/clk_i
                         FDCE                                         r  u_soc/u_tx_top/u_huffman_aes_tx_top/u_dynamic_huffman_encoder/u_emit_backend/FSM_sequential_state_reg[2]/C
  -------------------------------------------------------------------    -------------------
                         FDCE (Prop_fdce_C_Q)         0.478     3.453 r  u_soc/u_tx_top/u_huffman_aes_tx_top/u_dynamic_huffman_encoder/u_emit_backend/FSM_sequential_state_reg[2]/Q
                         net (fo=30, unplaced)        0.811     4.264    u_soc/u_tx_top/u_huffman_aes_tx_top/u_dynamic_huffman_encoder/u_emit_backend/u_payload_emitter/state[2]
                         LUT3 (Prop_lut3_I0_O)        0.295     4.559 r  u_soc/u_tx_top/u_huffman_aes_tx_top/u_dynamic_huffman_encoder/u_emit_backend/u_payload_emitter/current_byte_valid_r_i_56/O
                         net (fo=5, unplaced)         0.477     5.036    u_soc/u_tx_top/u_huffman_aes_tx_top/u_dynamic_huffman_encoder/u_emit_backend/u_payload_emitter/current_byte_valid_r_i_56_n_0
                         LUT5 (Prop_lut5_I0_O)        0.116     5.152 r  u_soc/u_tx_top/u_huffman_aes_tx_top/u_dynamic_huffman_encoder/u_emit_backend/u_payload_emitter/current_byte_valid_r_i_61/O
                         net (fo=1, unplaced)         0.449     5.601    u_soc/u_tx_top/u_huffman_aes_tx_top/u_dynamic_huffman_encoder/u_emit_backend/u_stream_output_interface/emit_buffer_read_addr_w[0]
                         LUT3 (Prop_lut3_I2_O)        0.124     5.725 r  u_soc/u_tx_top/u_huffman_aes_tx_top/u_dynamic_huffman_encoder/u_emit_backend/u_stream_output_interface/current_byte_valid_r_i_57/O
                         net (fo=1, unplaced)         0.449     6.174    u_soc/u_tx_top/u_huffman_aes_tx_top/u_dynamic_huffman_encoder/u_mode_decision_logic/current_byte_valid_r_i_21_1
                         LUT6 (Prop_lut6_I5_O)        0.124     6.298 r  u_soc/u_tx_top/u_huffman_aes_tx_top/u_dynamic_huffman_encoder/u_mode_decision_logic/current_byte_valid_r_i_50/O
                         net (fo=65, unplaced)        0.538     6.836    u_soc/u_tx_top/u_huffman_aes_tx_top/u_dynamic_huffman_encoder/u_input_collect_unit/u_block_buffer/sel0[0]
                         LUT6 (Prop_lut6_I4_O)        0.124     6.960 f  u_soc/u_tx_top/u_huffman_aes_tx_top/u_dynamic_huffman_encoder/u_input_collect_unit/u_block_buffer/current_symbol_index_r[4]_i_52/O
                         net (fo=2, unplaced)         0.913     7.873    u_soc/u_tx_top/u_huffman_aes_tx_top/u_dynamic_huffman_encoder/u_input_collect_unit/u_block_buffer/current_symbol_index_r[4]_i_52_n_0
                         LUT6 (Prop_lut6_I1_O)        0.124     7.997 f  u_soc/u_tx_top/u_huffman_aes_tx_top/u_dynamic_huffman_encoder/u_input_collect_unit/u_block_buffer/error_flag_i_11__1/O
                         net (fo=1, unplaced)         1.111     9.108    u_soc/u_tx_top/u_huffman_aes_tx_top/u_dynamic_huffman_encoder/u_input_collect_unit/u_block_buffer/error_flag_i_11__1_n_0
                         LUT6 (Prop_lut6_I0_O)        0.124     9.232 r  u_soc/u_tx_top/u_huffman_aes_tx_top/u_dynamic_huffman_encoder/u_input_collect_unit/u_block_buffer/error_flag_i_9__2/O
                         net (fo=2, unplaced)         0.975    10.207    u_soc/u_tx_top/u_huffman_aes_tx_top/u_dynamic_huffman_encoder/u_input_collect_unit/u_block_buffer/error_flag_i_9__2_n_0
                         LUT6 (Prop_lut6_I0_O)        0.124    10.331 r  u_soc/u_tx_top/u_huffman_aes_tx_top/u_dynamic_huffman_encoder/u_input_collect_unit/u_block_buffer/code_len_data_r[4]_i_58/O
                         net (fo=1, unplaced)         0.902    11.233    u_soc/u_tx_top/u_huffman_aes_tx_top/u_dynamic_huffman_encoder/u_input_collect_unit/u_block_buffer/code_len_data_r[4]_i_58_n_0
                         LUT6 (Prop_lut6_I3_O)        0.124    11.357 r  u_soc/u_tx_top/u_huffman_aes_tx_top/u_dynamic_huffman_encoder/u_input_collect_unit/u_block_buffer/code_len_data_r[4]_i_23/O
                         net (fo=7, unplaced)         0.454    11.811    u_soc/u_tx_top/u_huffman_aes_tx_top/u_dynamic_huffman_encoder/u_input_collect_unit/u_block_buffer/u_mode_decision_logic/code_len_read_index1__0
                         LUT6 (Prop_lut6_I0_O)        0.124    11.935 r  u_soc/u_tx_top/u_huffman_aes_tx_top/u_dynamic_huffman_encoder/u_input_collect_unit/u_block_buffer/code_len_data_r[4]_i_138/O
                         net (fo=120, unplaced)       0.553    12.488    u_soc/u_tx_top/u_huffman_aes_tx_top/u_dynamic_huffman_encoder/u_huffman_builder/u_canonical_code_generator/hb_code_len_read_index_mux_w[0]
                         LUT6 (Prop_lut6_I4_O)        0.124    12.612 r  u_soc/u_tx_top/u_huffman_aes_tx_top/u_dynamic_huffman_encoder/u_huffman_builder/u_canonical_code_generator/code_len_data_r[3]_i_47/O
                         net (fo=1, unplaced)         0.000    12.612    u_soc/u_tx_top/u_huffman_aes_tx_top/u_dynamic_huffman_encoder/u_huffman_builder/u_canonical_code_generator/code_len_data_r[3]_i_47_n_0
                         MUXF7 (Prop_muxf7_I1_O)      0.247    12.859 r  u_soc/u_tx_top/u_huffman_aes_tx_top/u_dynamic_huffman_encoder/u_huffman_builder/u_canonical_code_generator/code_len_data_r_reg[3]_i_20/O
                         net (fo=1, unplaced)         0.905    13.764    u_soc/u_tx_top/u_huffman_aes_tx_top/u_dynamic_huffman_encoder/u_huffman_builder/u_canonical_code_generator/code_len_data_r_reg[3]_i_20_n_0
                         LUT6 (Prop_lut6_I2_O)        0.298    14.062 r  u_soc/u_tx_top/u_huffman_aes_tx_top/u_dynamic_huffman_encoder/u_huffman_builder/u_canonical_code_generator/code_len_data_r[3]_i_7/O
                         net (fo=1, unplaced)         0.000    14.062    u_soc/u_tx_top/u_huffman_aes_tx_top/u_dynamic_huffman_encoder/u_huffman_builder/u_canonical_code_generator/code_len_data_r[3]_i_7_n_0
                         MUXF7 (Prop_muxf7_I1_O)      0.247    14.309 r  u_soc/u_tx_top/u_huffman_aes_tx_top/u_dynamic_huffman_encoder/u_huffman_builder/u_canonical_code_generator/code_len_data_r_reg[3]_i_3/O
                         net (fo=4, unplaced)         1.138    15.447    u_soc/u_tx_top/u_huffman_aes_tx_top/u_dynamic_huffman_encoder/u_huffman_builder/u_canonical_code_generator/code_len_data_r[3]_i_7_0
                         LUT5 (Prop_lut5_I0_O)        0.298    15.745 r  u_soc/u_tx_top/u_huffman_aes_tx_top/u_dynamic_huffman_encoder/u_huffman_builder/u_canonical_code_generator/error_flag_i_8__3/O
                         net (fo=1, unplaced)         0.449    16.194    u_soc/u_tx_top/u_huffman_aes_tx_top/u_dynamic_huffman_encoder/u_input_collect_unit/u_block_buffer/error_flag_reg_2
                         LUT6 (Prop_lut6_I4_O)        0.124    16.318 r  u_soc/u_tx_top/u_huffman_aes_tx_top/u_dynamic_huffman_encoder/u_input_collect_unit/u_block_buffer/error_flag_i_3__6/O
                         net (fo=1, unplaced)         0.449    16.767    u_soc/u_tx_top/u_huffman_aes_tx_top/u_dynamic_huffman_encoder/u_mode_decision_logic/error_flag_reg_2
                         LUT6 (Prop_lut6_I2_O)        0.124    16.891 r  u_soc/u_tx_top/u_huffman_aes_tx_top/u_dynamic_huffman_encoder/u_mode_decision_logic/error_flag_i_1__11/O
                         net (fo=1, unplaced)         0.000    16.891    u_soc/u_tx_top/u_huffman_aes_tx_top/u_dynamic_huffman_encoder/u_mode_decision_logic/error_flag_i_1__11_n_0
                         FDCE                                         r  u_soc/u_tx_top/u_huffman_aes_tx_top/u_dynamic_huffman_encoder/u_mode_decision_logic/error_flag_reg/D
  -------------------------------------------------------------------    -------------------

                         (clock clk_i rise edge)     20.000    20.000 r  
    Y9                                                0.000    20.000 r  clk_i (IN)
                         net (fo=0)                   0.000    20.000    clk_i
    Y9                   IBUF (Prop_ibuf_I_O)         1.420    21.420 r  clk_i_IBUF_inst/O
                         net (fo=1, unplaced)         0.760    22.179    clk_i_IBUF
                         BUFG (Prop_bufg_I_O)         0.091    22.270 r  clk_i_IBUF_BUFG_inst/O
                         net (fo=34867, unplaced)     0.439    22.709    u_soc/u_tx_top/u_huffman_aes_tx_top/u_dynamic_huffman_encoder/u_mode_decision_logic/clk_i
                         FDCE                                         r  u_soc/u_tx_top/u_huffman_aes_tx_top/u_dynamic_huffman_encoder/u_mode_decision_logic/error_flag_reg/C
                         clock pessimism              0.121    22.830    
                         clock uncertainty           -0.035    22.795    
                         FDCE (Setup_fdce_C_D)        0.044    22.839    u_soc/u_tx_top/u_huffman_aes_tx_top/u_dynamic_huffman_encoder/u_mode_decision_logic/error_flag_reg
  -------------------------------------------------------------------
                         required time                         22.839    
                         arrival time                         -16.891    
  -------------------------------------------------------------------
                         slack                                  5.948    





Min Delay Paths
--------------------------------------------------------------------------------------
Slack (MET) :             0.132ns  (arrival time - required time)
  Source:                 u_soc/u_cpu/u_if_stage/resp_instr_r_reg[0]/C
                            (rising edge-triggered cell FDSE clocked by clk_i  {rise@0.000ns fall@10.000ns period=20.000ns})
  Destination:            u_soc/u_cpu/u_if_stage/ifid_instruction_r_reg[0]/D
                            (rising edge-triggered cell FDSE clocked by clk_i  {rise@0.000ns fall@10.000ns period=20.000ns})
  Path Group:             clk_i
  Path Type:              Hold (Min at Fast Process Corner)
  Requirement:            0.000ns  (clk_i rise@0.000ns - clk_i rise@0.000ns)
  Data Path Delay:        0.376ns  (logic 0.245ns (65.144%)  route 0.131ns (34.856%))
  Logic Levels:           1  (LUT4=1)
  Clock Path Skew:        0.145ns (DCD - SCD - CPR)
    Destination Clock Delay (DCD):    1.089ns
    Source Clock Delay      (SCD):    0.735ns
    Clock Pessimism Removal (CPR):    0.209ns

    Location             Delay type                Incr(ns)  Path(ns)    Netlist Resource(s)
  -------------------------------------------------------------------    -------------------
                         (clock clk_i rise edge)      0.000     0.000 r  
    Y9                                                0.000     0.000 r  clk_i (IN)
                         net (fo=0)                   0.000     0.000    clk_i
    Y9                   IBUF (Prop_ibuf_I_O)         0.258     0.258 r  clk_i_IBUF_inst/O
                         net (fo=1, unplaced)         0.337     0.595    clk_i_IBUF
                         BUFG (Prop_bufg_I_O)         0.026     0.621 r  clk_i_IBUF_BUFG_inst/O
                         net (fo=34867, unplaced)     0.114     0.735    u_soc/u_cpu/u_if_stage/clk_i
                         FDSE                                         r  u_soc/u_cpu/u_if_stage/resp_instr_r_reg[0]/C
  -------------------------------------------------------------------    -------------------
                         FDSE (Prop_fdse_C_Q)         0.147     0.882 r  u_soc/u_cpu/u_if_stage/resp_instr_r_reg[0]/Q
                         net (fo=1, unplaced)         0.131     1.013    u_soc/u_cpu/u_if_stage/resp_instr_r[0]
                         LUT4 (Prop_lut4_I3_O)        0.098     1.111 r  u_soc/u_cpu/u_if_stage/ifid_instruction_r[0]_i_1/O
                         net (fo=1, unplaced)         0.000     1.111    u_soc/u_cpu/u_if_stage/p_2_in_0[0]
                         FDSE                                         r  u_soc/u_cpu/u_if_stage/ifid_instruction_r_reg[0]/D
  -------------------------------------------------------------------    -------------------

                         (clock clk_i rise edge)      0.000     0.000 r  
    Y9                                                0.000     0.000 r  clk_i (IN)
                         net (fo=0)                   0.000     0.000    clk_i
    Y9                   IBUF (Prop_ibuf_I_O)         0.446     0.446 r  clk_i_IBUF_inst/O
                         net (fo=1, unplaced)         0.355     0.801    clk_i_IBUF
                         BUFG (Prop_bufg_I_O)         0.029     0.830 r  clk_i_IBUF_BUFG_inst/O
                         net (fo=34867, unplaced)     0.259     1.089    u_soc/u_cpu/u_if_stage/clk_i
                         FDSE                                         r  u_soc/u_cpu/u_if_stage/ifid_instruction_r_reg[0]/C
                         clock pessimism             -0.209     0.880    
                         FDSE (Hold_fdse_C_D)         0.099     0.979    u_soc/u_cpu/u_if_stage/ifid_instruction_r_reg[0]
  -------------------------------------------------------------------
                         required time                         -0.979    
                         arrival time                           1.111    
  -------------------------------------------------------------------
                         slack                                  0.132    





Pulse Width Checks
--------------------------------------------------------------------------------------
Clock Name:         clk_i
Waveform(ns):       { 0.000 10.000 }
Period(ns):         20.000
Sources:            { clk_i }

Check Type        Corner  Lib Pin             Reference Pin  Required(ns)  Actual(ns)  Slack(ns)  Location  Pin
Min Period        n/a     RAMB36E1/CLKARDCLK  n/a            2.944         20.000      17.056               <hidden>
Low Pulse Width   Slow    FDRE/C              n/a            0.500         10.000      9.500                heartbeat_r_reg[0]/C
High Pulse Width  Slow    FDRE/C              n/a            0.500         10.000      9.500                heartbeat_r_reg[0]/C



---------------------------------------------------------------------------------------------------
Path Group:  **async_default**
From Clock:  clk_i
  To Clock:  clk_i

Setup :            0  Failing Endpoints,  Worst Slack       15.132ns,  Total Violation        0.000ns
Hold  :            0  Failing Endpoints,  Worst Slack        0.780ns,  Total Violation        0.000ns
---------------------------------------------------------------------------------------------------


Max Delay Paths
--------------------------------------------------------------------------------------
Slack (MET) :             15.132ns  (required time - arrival time)
  Source:                 por_shift_r_reg[12]/C
                            (rising edge-triggered cell FDRE clocked by clk_i  {rise@0.000ns fall@10.000ns period=20.000ns})
  Destination:            u_soc/u_tx_top/aes_ready_dly_r_reg/PRE
                            (recovery check against rising-edge clock clk_i  {rise@0.000ns fall@10.000ns period=20.000ns})
  Path Group:             **async_default**
  Path Type:              Recovery (Max at Slow Process Corner)
  Requirement:            20.000ns  (clk_i rise@20.000ns - clk_i rise@0.000ns)
  Data Path Delay:        4.294ns  (logic 1.145ns (26.665%)  route 3.149ns (73.335%))
  Logic Levels:           4  (LUT2=1 LUT4=1 LUT5=1 LUT6=1)
  Clock Path Skew:        -0.145ns (DCD - SCD + CPR)
    Destination Clock Delay (DCD):    2.709ns = ( 22.709 - 20.000 ) 
    Source Clock Delay      (SCD):    2.975ns
    Clock Pessimism Removal (CPR):    0.121ns
  Clock Uncertainty:      0.035ns  ((TSJ^2 + TIJ^2)^1/2 + DJ) / 2 + PE
    Total System Jitter     (TSJ):    0.071ns
    Total Input Jitter      (TIJ):    0.000ns
    Discrete Jitter          (DJ):    0.000ns
    Phase Error              (PE):    0.000ns

    Location             Delay type                Incr(ns)  Path(ns)    Netlist Resource(s)
  -------------------------------------------------------------------    -------------------
                         (clock clk_i rise edge)      0.000     0.000 r  
    Y9                                                0.000     0.000 r  clk_i (IN)
                         net (fo=0)                   0.000     0.000    clk_i
    Y9                   IBUF (Prop_ibuf_I_O)         1.490     1.490 r  clk_i_IBUF_inst/O
                         net (fo=1, unplaced)         0.800     2.290    clk_i_IBUF
                         BUFG (Prop_bufg_I_O)         0.101     2.391 r  clk_i_IBUF_BUFG_inst/O
                         net (fo=34867, unplaced)     0.584     2.975    clk_i_IBUF_BUFG
                         FDRE                                         r  por_shift_r_reg[12]/C
  -------------------------------------------------------------------    -------------------
                         FDRE (Prop_fdre_C_Q)         0.478     3.453 f  por_shift_r_reg[12]/Q
                         net (fo=2, unplaced)         0.752     4.205    u_uart_dmem_loader/u_uart_rx/Q[11]
                         LUT4 (Prop_lut4_I1_O)        0.295     4.500 f  u_uart_dmem_loader/u_uart_rx/FSM_sequential_state_r[1]_i_6/O
                         net (fo=1, unplaced)         0.449     4.949    u_uart_dmem_loader/u_uart_rx/FSM_sequential_state_r[1]_i_6_n_0
                         LUT5 (Prop_lut5_I4_O)        0.124     5.073 f  u_uart_dmem_loader/u_uart_rx/FSM_sequential_state_r[1]_i_4/O
                         net (fo=1, unplaced)         0.449     5.522    u_uart_dmem_loader/u_uart_rx/FSM_sequential_state_r[1]_i_4_n_0
                         LUT6 (Prop_lut6_I5_O)        0.124     5.646 f  u_uart_dmem_loader/u_uart_rx/FSM_sequential_state_r[1]_i_1/O
                         net (fo=391, unplaced)       0.583     6.229    u_uart_dmem_loader/por_rst_w
                         LUT2 (Prop_lut2_I0_O)        0.124     6.353 f  u_uart_dmem_loader/u_soc_i_1/O
                         net (fo=33526, unplaced)     0.916     7.269    u_soc/u_tx_top/rst_i
                         FDPE                                         f  u_soc/u_tx_top/aes_ready_dly_r_reg/PRE
  -------------------------------------------------------------------    -------------------

                         (clock clk_i rise edge)     20.000    20.000 r  
    Y9                                                0.000    20.000 r  clk_i (IN)
                         net (fo=0)                   0.000    20.000    clk_i
    Y9                   IBUF (Prop_ibuf_I_O)         1.420    21.420 r  clk_i_IBUF_inst/O
                         net (fo=1, unplaced)         0.760    22.179    clk_i_IBUF
                         BUFG (Prop_bufg_I_O)         0.091    22.270 r  clk_i_IBUF_BUFG_inst/O
                         net (fo=34867, unplaced)     0.439    22.709    u_soc/u_tx_top/clk_i
                         FDPE                                         r  u_soc/u_tx_top/aes_ready_dly_r_reg/C
                         clock pessimism              0.121    22.830    
                         clock uncertainty           -0.035    22.795    
                         FDPE (Recov_fdpe_C_PRE)     -0.394    22.401    u_soc/u_tx_top/aes_ready_dly_r_reg
  -------------------------------------------------------------------
                         required time                         22.401    
                         arrival time                          -7.269    
  -------------------------------------------------------------------
                         slack                                 15.132    





Min Delay Paths
--------------------------------------------------------------------------------------
Slack (MET) :             0.780ns  (arrival time - required time)
  Source:                 u_uart_dmem_loader/done_r_reg/C
                            (rising edge-triggered cell FDRE clocked by clk_i  {rise@0.000ns fall@10.000ns period=20.000ns})
  Destination:            u_soc/u_tx_top/aes_emit_block_r_reg[0]/CLR
                            (removal check against rising-edge clock clk_i  {rise@0.000ns fall@10.000ns period=20.000ns})
  Path Group:             **async_default**
  Path Type:              Removal (Min at Fast Process Corner)
  Requirement:            0.000ns  (clk_i rise@0.000ns - clk_i rise@0.000ns)
  Data Path Delay:        0.837ns  (logic 0.245ns (29.278%)  route 0.592ns (70.722%))
  Logic Levels:           1  (LUT2=1)
  Clock Path Skew:        0.145ns (DCD - SCD - CPR)
    Destination Clock Delay (DCD):    1.089ns
    Source Clock Delay      (SCD):    0.735ns
    Clock Pessimism Removal (CPR):    0.209ns

    Location             Delay type                Incr(ns)  Path(ns)    Netlist Resource(s)
  -------------------------------------------------------------------    -------------------
                         (clock clk_i rise edge)      0.000     0.000 r  
    Y9                                                0.000     0.000 r  clk_i (IN)
                         net (fo=0)                   0.000     0.000    clk_i
    Y9                   IBUF (Prop_ibuf_I_O)         0.258     0.258 r  clk_i_IBUF_inst/O
                         net (fo=1, unplaced)         0.337     0.595    clk_i_IBUF
                         BUFG (Prop_bufg_I_O)         0.026     0.621 r  clk_i_IBUF_BUFG_inst/O
                         net (fo=34867, unplaced)     0.114     0.735    u_uart_dmem_loader/clk_i
                         FDRE                                         r  u_uart_dmem_loader/done_r_reg/C
  -------------------------------------------------------------------    -------------------
                         FDRE (Prop_fdre_C_Q)         0.147     0.882 r  u_uart_dmem_loader/done_r_reg/Q
                         net (fo=3, unplaced)         0.206     1.088    u_uart_dmem_loader/led_o_OBUF[1]
                         LUT2 (Prop_lut2_I1_O)        0.098     1.186 f  u_uart_dmem_loader/u_soc_i_1/O
                         net (fo=33526, unplaced)     0.386     1.572    u_soc/u_tx_top/rst_i
                         FDCE                                         f  u_soc/u_tx_top/aes_emit_block_r_reg[0]/CLR
  -------------------------------------------------------------------    -------------------

                         (clock clk_i rise edge)      0.000     0.000 r  
    Y9                                                0.000     0.000 r  clk_i (IN)
                         net (fo=0)                   0.000     0.000    clk_i
    Y9                   IBUF (Prop_ibuf_I_O)         0.446     0.446 r  clk_i_IBUF_inst/O
                         net (fo=1, unplaced)         0.355     0.801    clk_i_IBUF
                         BUFG (Prop_bufg_I_O)         0.029     0.830 r  clk_i_IBUF_BUFG_inst/O
                         net (fo=34867, unplaced)     0.259     1.089    u_soc/u_tx_top/clk_i
                         FDCE                                         r  u_soc/u_tx_top/aes_emit_block_r_reg[0]/C
                         clock pessimism             -0.209     0.880    
                         FDCE (Remov_fdce_C_CLR)     -0.088     0.792    u_soc/u_tx_top/aes_emit_block_r_reg[0]
  -------------------------------------------------------------------
                         required time                         -0.792    
                         arrival time                           1.572    
  -------------------------------------------------------------------
                         slack                                  0.780    





