Copyright 1986-2022 Xilinx, Inc. All Rights Reserved. Copyright 2022-2024 Advanced Micro Devices, Inc. All Rights Reserved.
---------------------------------------------------------------------------------------------------------------------------------------------------
| Tool Version : Vivado v.2024.2 (win64) Build 5239630 Fri Nov 08 22:35:27 MST 2024
| Date         : Tue Apr 21 21:42:18 2026
| Host         : An running 64-bit major release  (build 9200)
| Command      : report_drc -file H:/Academic/senior_project/DATN/work/luc/AES_huffman_all6/vivado/build/rv32_soc_synth/reports/post_synth_drc.rpt
| Design       : rv32_soc_top
| Device       : xc7z020clg484-1
| Speed File   : -1
| Design State : Synthesized
---------------------------------------------------------------------------------------------------------------------------------------------------

Report DRC

Table of Contents
-----------------
1. REPORT SUMMARY
2. REPORT DETAILS

1. REPORT SUMMARY
-----------------
            Netlist: rv32_soc_top
          Floorplan: design_1
      Design limits: <entire design considered>
           Ruledeck: default
             Max checks: <unlimited>
             Checks found: 9
+-----------+------------------+----------------------------+--------+
| Rule      | Severity         | Description                | Checks |
+-----------+------------------+----------------------------+--------+
| UTLZ-1    | Error            | Resource utilization       | 2      |
| NSTD-1    | Critical Warning | Unspecified I/O Standard   | 1      |
| UCIO-1    | Critical Warning | Unconstrained Logical Port | 1      |
| REQP-1840 | Warning          | RAMB18 async control check | 4      |
| ZPS7-1    | Warning          | PS7 block required         | 1      |
+-----------+------------------+----------------------------+--------+

2. REPORT DETAILS
-----------------
UTLZ-1#1 Error
Resource utilization  - PBlock:ROOT
LUT as Logic over-utilized in Top Level Design (This design requires more LUT as Logic cells than are available in the target device. This design requires 139379 of such cell types but only 53200 compatible sites are available in the target device. Please analyze your synthesis results and constraints to ensure the design is mapped to Xilinx primitives as expected. If so, please consider targeting a larger device. Please set tcl parameter "drc.disableLUTOverUtilError" to 1 to change this error to warning.)ROOT
Related violations: <none>

UTLZ-1#2 Error
Resource utilization  - PBlock:ROOT
LUT6 over-utilized in Top Level Design (This design requires more LUT6 cells than are available in the target device. This design requires 93814 of such cell types but only 53200 compatible sites are available in the target device. Please analyze your synthesis results and constraints to ensure the design is mapped to Xilinx primitives as expected. If so, please consider targeting a larger device.)ROOT
Related violations: <none>

NSTD-1#1 Critical Warning
Unspecified I/O Standard  
88 out of 88 logical ports use I/O standard (IOSTANDARD) value 'DEFAULT', instead of a user assigned specific value. This may cause I/O contention or incompatibility with the board power or connectivity affecting performance, signal integrity or in extreme cases cause damage to the device or the components to which it is connected. To correct this violation, specify all I/O standards. This design will fail to generate a bitstream unless all logical ports have a user specified I/O standard value defined. To allow bitstream creation with unspecified I/O standard values (not recommended), use this command: set_property SEVERITY {Warning} [get_drc_checks NSTD-1].  NOTE: When using the Vivado Runs infrastructure (e.g. launch_runs Tcl command), add this command to a .tcl file and add that file as a pre-hook for write_bitstream step for the implementation run. Problem ports: aux_addr_i[10], aux_addr_i[11], aux_addr_i[12], aux_addr_i[13],
aux_addr_i[14], aux_addr_i[2], aux_addr_i[3], aux_addr_i[4], aux_addr_i[5],
aux_addr_i[6], aux_addr_i[7], aux_addr_i[8], aux_addr_i[9],
aux_rdata_o[31:0], aux_wdata_i[31:0] (the first 15 of 22 listed).
Related violations: <none>

UCIO-1#1 Critical Warning
Unconstrained Logical Port  
88 out of 88 logical ports have no user assigned specific location constraint (LOC). This may cause I/O contention or incompatibility with the board power or connectivity affecting performance, signal integrity or in extreme cases cause damage to the device or the components to which it is connected. To correct this violation, specify all pin locations. This design will fail to generate a bitstream unless all logical ports have a user specified site LOC constraint defined.  To allow bitstream creation with unspecified pin locations (not recommended), use this command: set_property SEVERITY {Warning} [get_drc_checks UCIO-1].  NOTE: When using the Vivado Runs infrastructure (e.g. launch_runs Tcl command), add this command to a .tcl file and add that file as a pre-hook for write_bitstream step for the implementation run.  Problem ports: aux_addr_i[10], aux_addr_i[11], aux_addr_i[12], aux_addr_i[13],
aux_addr_i[14], aux_addr_i[2], aux_addr_i[3], aux_addr_i[4], aux_addr_i[5],
aux_addr_i[6], aux_addr_i[7], aux_addr_i[8], aux_addr_i[9],
aux_rdata_o[31:0], aux_wdata_i[31:0] (the first 15 of 22 listed).
Related violations: <none>

REQP-1840#1 Warning
RAMB18 async control check  
The RAMB18E1 u_dma_tx_engine/apb_addr_r_reg has an input control pin u_dma_tx_engine/apb_addr_r_reg/ENARDEN (net: u_dma_tx_engine/apb_addr_r_reg_17) which is driven by a register (u_dma_regfile/soft_reset_pulse_o_reg) that has an active asychronous set or reset. This may cause corruption of the memory contents and/or read values when the set/reset is asserted and is not analyzed by the default static timing analysis. It is suggested to eliminate the use of a set/reset to registers driving this RAMB pin or else use a synchronous reset in which the assertion of the reset is timed by default.
Related violations: <none>

REQP-1840#2 Warning
RAMB18 async control check  
The RAMB18E1 u_dma_tx_engine/apb_addr_r_reg has an input control pin u_dma_tx_engine/apb_addr_r_reg/ENBWREN (net: u_dma_tx_engine/apb_addr_r_reg_17) which is driven by a register (u_dma_regfile/soft_reset_pulse_o_reg) that has an active asychronous set or reset. This may cause corruption of the memory contents and/or read values when the set/reset is asserted and is not analyzed by the default static timing analysis. It is suggested to eliminate the use of a set/reset to registers driving this RAMB pin or else use a synchronous reset in which the assertion of the reset is timed by default.
Related violations: <none>

REQP-1840#3 Warning
RAMB18 async control check  
The RAMB18E1 u_dma_tx_engine/apb_addr_r_reg has an input control pin u_dma_tx_engine/apb_addr_r_reg/RSTRAMARSTRAM (net: u_dma_tx_engine/SR[0]) which is driven by a register (u_dma_regfile/soft_reset_pulse_o_reg) that has an active asychronous set or reset. This may cause corruption of the memory contents and/or read values when the set/reset is asserted and is not analyzed by the default static timing analysis. It is suggested to eliminate the use of a set/reset to registers driving this RAMB pin or else use a synchronous reset in which the assertion of the reset is timed by default.
Related violations: <none>

REQP-1840#4 Warning
RAMB18 async control check  
The RAMB18E1 u_dma_tx_engine/apb_addr_r_reg has an input control pin u_dma_tx_engine/apb_addr_r_reg/RSTRAMB (net: u_dma_tx_engine/SR[0]) which is driven by a register (u_dma_regfile/soft_reset_pulse_o_reg) that has an active asychronous set or reset. This may cause corruption of the memory contents and/or read values when the set/reset is asserted and is not analyzed by the default static timing analysis. It is suggested to eliminate the use of a set/reset to registers driving this RAMB pin or else use a synchronous reset in which the assertion of the reset is timed by default.
Related violations: <none>

ZPS7-1#1 Warning
PS7 block required  
The PS7 cell must be used in this Zynq design in order to enable correct default configuration.
Related violations: <none>


