Copyright 1986-2022 Xilinx, Inc. All Rights Reserved. Copyright 2022-2024 Advanced Micro Devices, Inc. All Rights Reserved.
---------------------------------------------------------------------------------------------------------------------------------------------------------------------------
| Tool Version : Vivado v.2024.2 (win64) Build 5239630 Fri Nov 08 22:35:27 MST 2024
| Date         : Tue May  5 20:14:11 2026
| Host         : An running 64-bit major release  (build 9200)
| Command      : report_timing_summary -file H:/Academic/senior_project/DATN/work/luc/AES_huffman_all6/vivado/build/rv32_soc_synth_rx/reports/post_impl_timing_summary.rpt
| Design       : rv32_soc_fpga_demo_top
| Device       : 7z020-clg484
| Speed File   : -1  PRODUCTION 1.12 2019-11-22
| Design State : Physopt postRoute
---------------------------------------------------------------------------------------------------------------------------------------------------------------------------

Timing Summary Report

------------------------------------------------------------------------------------------------
| Timer Settings
| --------------
------------------------------------------------------------------------------------------------

  Enable Multi Corner Analysis               :  Yes
  Enable Pessimism Removal                   :  Yes
  Pessimism Removal Resolution               :  Nearest Common Node
  Enable Input Delay Default Clock           :  No
  Enable Preset / Clear Arcs                 :  No
  Disable Flight Delays                      :  No
  Ignore I/O Paths                           :  No
  Timing Early Launch at Borrowing Latches   :  No
  Borrow Time for Max Delay Exceptions       :  Yes
  Merge Timing Exceptions                    :  Yes
  Inter-SLR Compensation                     :  Conservative

  Corner  Analyze    Analyze    
  Name    Max Paths  Min Paths  
  ------  ---------  ---------  
  Slow    Yes        Yes        
  Fast    Yes        Yes        


------------------------------------------------------------------------------------------------
| Report Methodology
| ------------------
------------------------------------------------------------------------------------------------

No report available as report_methodology has not been run prior. Run report_methodology on the current design for the summary of methodology violations.



check_timing report

Table of Contents
-----------------
1. checking no_clock (0)
2. checking constant_clock (0)
3. checking pulse_width_clock (0)
4. checking unconstrained_internal_endpoints (0)
5. checking no_input_delay (1)
6. checking no_output_delay (5)
7. checking multiple_clock (0)
8. checking generated_clocks (0)
9. checking loops (0)
10. checking partial_input_delay (0)
11. checking partial_output_delay (0)
12. checking latch_loops (0)

1. checking no_clock (0)
------------------------
 There are 0 register/latch pins with no clock.


2. checking constant_clock (0)
------------------------------
 There are 0 register/latch pins with constant_clock.


3. checking pulse_width_clock (0)
---------------------------------
 There are 0 register/latch pins which need pulse_width check


4. checking unconstrained_internal_endpoints (0)
------------------------------------------------
 There are 0 pins that are not constrained for maximum delay.

 There are 0 pins that are not constrained for maximum delay due to constant clock.


5. checking no_input_delay (1)
------------------------------
 There is 1 input port with no input delay specified. (HIGH)

 There are 0 input ports with no input delay but user has a false path constraint.


6. checking no_output_delay (5)
-------------------------------
 There are 5 ports with no output delay specified. (HIGH)

 There are 0 ports with no output delay but user has a false path constraint

 There are 0 ports with no output delay but with a timing clock defined on it or propagating through it


7. checking multiple_clock (0)
------------------------------
 There are 0 register/latch pins with multiple clocks.


8. checking generated_clocks (0)
--------------------------------
 There are 0 generated clocks that are not connected to a clock source.


9. checking loops (0)
---------------------
 There are 0 combinational loops in the design.


10. checking partial_input_delay (0)
------------------------------------
 There are 0 input ports with partial input delay specified.


11. checking partial_output_delay (0)
-------------------------------------
 There are 0 ports with partial output delay specified.


12. checking latch_loops (0)
----------------------------
 There are 0 combinational latch loops in the design through latch input



------------------------------------------------------------------------------------------------
| Design Timing Summary
| ---------------------
------------------------------------------------------------------------------------------------

    WNS(ns)      TNS(ns)  TNS Failing Endpoints  TNS Total Endpoints      WHS(ns)      THS(ns)  THS Failing Endpoints  THS Total Endpoints     WPWS(ns)     TPWS(ns)  TPWS Failing Endpoints  TPWS Total Endpoints  
    -------      -------  ---------------------  -------------------      -------      -------  ---------------------  -------------------     --------     --------  ----------------------  --------------------  
      0.230        0.000                      0                30899        0.035        0.000                      0                30899        9.500        0.000                       0                 10474  


All user specified timing constraints are met.


------------------------------------------------------------------------------------------------
| Clock Summary
| -------------
------------------------------------------------------------------------------------------------

Clock  Waveform(ns)       Period(ns)      Frequency(MHz)
-----  ------------       ----------      --------------
clk_i  {0.000 10.000}     20.000          50.000          


------------------------------------------------------------------------------------------------
| Intra Clock Table
| -----------------
------------------------------------------------------------------------------------------------

Clock             WNS(ns)      TNS(ns)  TNS Failing Endpoints  TNS Total Endpoints      WHS(ns)      THS(ns)  THS Failing Endpoints  THS Total Endpoints     WPWS(ns)     TPWS(ns)  TPWS Failing Endpoints  TPWS Total Endpoints  
-----             -------      -------  ---------------------  -------------------      -------      -------  ---------------------  -------------------     --------     --------  ----------------------  --------------------  
clk_i               0.230        0.000                      0                29884        0.035        0.000                      0                29884        9.500        0.000                       0                 10474  


------------------------------------------------------------------------------------------------
| Inter Clock Table
| -----------------
------------------------------------------------------------------------------------------------

From Clock    To Clock          WNS(ns)      TNS(ns)  TNS Failing Endpoints  TNS Total Endpoints      WHS(ns)      THS(ns)  THS Failing Endpoints  THS Total Endpoints  
----------    --------          -------      -------  ---------------------  -------------------      -------      -------  ---------------------  -------------------  


------------------------------------------------------------------------------------------------
| Other Path Groups Table
| -----------------------
------------------------------------------------------------------------------------------------

Path Group         From Clock         To Clock               WNS(ns)      TNS(ns)  TNS Failing Endpoints  TNS Total Endpoints      WHS(ns)      THS(ns)  THS Failing Endpoints  THS Total Endpoints  
----------         ----------         --------               -------      -------  ---------------------  -------------------      -------      -------  ---------------------  -------------------  
**async_default**  clk_i              clk_i                    5.264        0.000                      0                 1015        1.276        0.000                      0                 1015  


------------------------------------------------------------------------------------------------
| Timing Details
| --------------
------------------------------------------------------------------------------------------------


---------------------------------------------------------------------------------------------------
From Clock:  clk_i
  To Clock:  clk_i

Setup :            0  Failing Endpoints,  Worst Slack        0.230ns,  Total Violation        0.000ns
Hold  :            0  Failing Endpoints,  Worst Slack        0.035ns,  Total Violation        0.000ns
PW    :            0  Failing Endpoints,  Worst Slack        9.500ns,  Total Violation        0.000ns
---------------------------------------------------------------------------------------------------


Max Delay Paths
--------------------------------------------------------------------------------------
Slack (MET) :             0.230ns  (required time - arrival time)
  Source:                 u_soc/u_rx_top/u_huffman_block_parser/bit_count_r_reg[3]/C
                            (rising edge-triggered cell FDRE clocked by clk_i  {rise@0.000ns fall@10.000ns period=20.000ns})
  Destination:            u_soc/u_rx_top/u_huffman_block_parser/bit_buffer_r_reg[84]/D
                            (rising edge-triggered cell FDRE clocked by clk_i  {rise@0.000ns fall@10.000ns period=20.000ns})
  Path Group:             clk_i
  Path Type:              Setup (Max at Slow Process Corner)
  Requirement:            20.000ns  (clk_i rise@20.000ns - clk_i rise@0.000ns)
  Data Path Delay:        19.635ns  (logic 6.331ns (32.244%)  route 13.304ns (67.756%))
  Logic Levels:           26  (CARRY4=5 LUT2=1 LUT3=1 LUT4=5 LUT5=2 LUT6=12)
  Clock Path Skew:        -0.129ns (DCD - SCD + CPR)
    Destination Clock Delay (DCD):    4.947ns = ( 24.947 - 20.000 ) 
    Source Clock Delay      (SCD):    5.470ns
    Clock Pessimism Removal (CPR):    0.394ns
  Clock Uncertainty:      0.035ns  ((TSJ^2 + TIJ^2)^1/2 + DJ) / 2 + PE
    Total System Jitter     (TSJ):    0.071ns
    Total Input Jitter      (TIJ):    0.000ns
    Discrete Jitter          (DJ):    0.000ns
    Phase Error              (PE):    0.000ns

    Location             Delay type                Incr(ns)  Path(ns)    Netlist Resource(s)
  -------------------------------------------------------------------    -------------------
                         (clock clk_i rise edge)      0.000     0.000 r  
    Y9                                                0.000     0.000 r  clk_i (IN)
                         net (fo=0)                   0.000     0.000    clk_i
    Y9                   IBUF (Prop_ibuf_I_O)         1.490     1.490 r  clk_i_IBUF_inst/O
                         net (fo=1, routed)           2.171     3.661    clk_i_IBUF
    BUFGCTRL_X0Y0        BUFG (Prop_bufg_I_O)         0.101     3.762 r  clk_i_IBUF_BUFG_inst/O
                         net (fo=10473, routed)       1.708     5.470    u_soc/u_rx_top/u_huffman_block_parser/clk_i
    SLICE_X61Y24         FDRE                                         r  u_soc/u_rx_top/u_huffman_block_parser/bit_count_r_reg[3]/C
  -------------------------------------------------------------------    -------------------
    SLICE_X61Y24         FDRE (Prop_fdre_C_Q)         0.456     5.926 r  u_soc/u_rx_top/u_huffman_block_parser/bit_count_r_reg[3]/Q
                         net (fo=8, routed)           0.866     6.792    u_soc/u_rx_top/u_huffman_block_parser/bit_count_r[3]
    SLICE_X62Y25         LUT4 (Prop_lut4_I0_O)        0.124     6.916 r  u_soc/u_rx_top/u_huffman_block_parser/payload_consume_valid_r_i_21/O
                         net (fo=1, routed)           0.000     6.916    u_soc/u_rx_top/u_huffman_block_parser/payload_consume_valid_r_i_21_n_0
    SLICE_X62Y25         CARRY4 (Prop_carry4_S[1]_CO[3])
                                                      0.533     7.449 r  u_soc/u_rx_top/u_huffman_block_parser/payload_consume_valid_r_reg_i_11/CO[3]
                         net (fo=1, routed)           0.000     7.449    u_soc/u_rx_top/u_huffman_block_parser/payload_consume_valid_r_reg_i_11_n_0
    SLICE_X62Y26         CARRY4 (Prop_carry4_CI_CO[0])
                                                      0.254     7.703 r  u_soc/u_rx_top/u_huffman_block_parser/payload_consume_valid_r_reg_i_9/CO[0]
                         net (fo=15, routed)          1.037     8.740    u_soc/u_rx_top/u_huffman_block_parser/payload_consume_valid_r_reg_i_9_n_3
    SLICE_X61Y25         LUT5 (Prop_lut5_I1_O)        0.367     9.107 f  u_soc/u_rx_top/u_huffman_block_parser/entry_symbol_r[3]_i_28/O
                         net (fo=2, routed)           0.414     9.521    u_soc/u_rx_top/u_huffman_block_parser/entry_symbol_r[3]_i_28_n_0
    SLICE_X61Y25         LUT4 (Prop_lut4_I2_O)        0.124     9.645 r  u_soc/u_rx_top/u_huffman_block_parser/entry_symbol_r[3]_i_9/O
                         net (fo=4, routed)           0.600    10.245    u_soc/u_rx_top/u_huffman_block_parser/entry_symbol_r[3]_i_9_n_0
    SLICE_X64Y25         LUT4 (Prop_lut4_I1_O)        0.124    10.369 f  u_soc/u_rx_top/u_huffman_block_parser/payload_consume_valid_r_i_14/O
                         net (fo=3, routed)           0.334    10.703    u_soc/u_rx_top/u_huffman_block_parser/payload_consume_valid_r_i_14_n_0
    SLICE_X60Y25         LUT5 (Prop_lut5_I4_O)        0.124    10.827 f  u_soc/u_rx_top/u_huffman_block_parser/payload_consume_valid_r_i_10/O
                         net (fo=5, routed)           0.448    11.275    u_soc/u_rx_top/u_huffman_block_parser/payload_consume_valid_r_i_10_n_0
    SLICE_X61Y26         LUT6 (Prop_lut6_I5_O)        0.124    11.399 r  u_soc/u_rx_top/u_huffman_block_parser/payload_consume_valid_r_i_5/O
                         net (fo=65, routed)          0.443    11.842    u_soc/u_rx_top/u_huffman_block_parser/parser_payload_window_len_w[3]
    SLICE_X60Y27         LUT4 (Prop_lut4_I0_O)        0.124    11.966 r  u_soc/u_rx_top/u_huffman_block_parser/entry_symbol_r[3]_i_43/O
                         net (fo=1, routed)           0.000    11.966    u_soc/u_rx_top/u_huffman_block_parser/entry_symbol_r[3]_i_43_n_0
    SLICE_X60Y27         CARRY4 (Prop_carry4_S[1]_CO[2])
                                                      0.570    12.536 f  u_soc/u_rx_top/u_huffman_block_parser/entry_symbol_r_reg[3]_i_35/CO[2]
                         net (fo=1, routed)           0.425    12.961    u_soc/u_rx_top/u_huffman_block_decoder/entry_symbol_r[3]_i_17[0]
    SLICE_X60Y28         LUT6 (Prop_lut6_I0_O)        0.313    13.274 f  u_soc/u_rx_top/u_huffman_block_decoder/entry_symbol_r[3]_i_13/O
                         net (fo=2, routed)           0.315    13.589    u_soc/u_rx_top/u_huffman_block_parser/entry_code_len_r_reg[4]_2
    SLICE_X57Y28         LUT6 (Prop_lut6_I4_O)        0.124    13.713 r  u_soc/u_rx_top/u_huffman_block_parser/entry_symbol_r[3]_i_3/O
                         net (fo=159, routed)         0.535    14.248    u_soc/u_rx_top/u_huffman_block_parser/bit_count_r[0]_i_8_n_0
    SLICE_X55Y28         LUT3 (Prop_lut3_I1_O)        0.124    14.372 r  u_soc/u_rx_top/u_huffman_block_parser/bit_count_r[0]_i_11/O
                         net (fo=1, routed)           0.000    14.372    u_soc/u_rx_top/u_huffman_block_parser/bit_count_r[0]_i_11_n_0
    SLICE_X55Y28         CARRY4 (Prop_carry4_S[1]_CO[3])
                                                      0.550    14.922 r  u_soc/u_rx_top/u_huffman_block_parser/bit_count_r_reg[0]_i_3/CO[3]
                         net (fo=1, routed)           0.000    14.922    u_soc/u_rx_top/u_huffman_block_parser/bit_count_r_reg[0]_i_3_n_0
    SLICE_X55Y29         CARRY4 (Prop_carry4_CI_O[3])
                                                      0.313    15.235 r  u_soc/u_rx_top/u_huffman_block_parser/bit_buffer_r_reg[127]_i_5/O[3]
                         net (fo=38, routed)          0.846    16.081    u_soc/u_rx_top/u_huffman_block_parser/bit_buffer_r_reg[127]_i_5_n_4
    SLICE_X54Y28         LUT2 (Prop_lut2_I1_O)        0.335    16.416 r  u_soc/u_rx_top/u_huffman_block_parser/entry_symbol_r[3]_i_36/O
                         net (fo=32, routed)          0.821    17.237    u_soc/u_rx_top/u_huffman_block_parser/bit_count_r_reg[7]_0
    SLICE_X57Y28         LUT6 (Prop_lut6_I3_O)        0.331    17.568 r  u_soc/u_rx_top/u_huffman_block_parser/entry_code_len_r[2]_i_8/O
                         net (fo=1, routed)           0.567    18.135    u_soc/u_rx_top/u_huffman_block_parser/entry_code_len_r[2]_i_8_n_0
    SLICE_X59Y28         LUT6 (Prop_lut6_I3_O)        0.124    18.259 r  u_soc/u_rx_top/u_huffman_block_parser/entry_code_len_r[2]_i_3/O
                         net (fo=1, routed)           0.424    18.683    u_soc/u_rx_top/u_huffman_block_parser/entry_code_len_r[2]_i_3_n_0
    SLICE_X62Y28         LUT6 (Prop_lut6_I3_O)        0.124    18.807 f  u_soc/u_rx_top/u_huffman_block_parser/entry_code_len_r[2]_i_1/O
                         net (fo=10, routed)          0.851    19.658    u_soc/u_rx_top/u_huffman_block_parser/symbol_in[4]
    SLICE_X63Y27         LUT6 (Prop_lut6_I0_O)        0.124    19.782 r  u_soc/u_rx_top/u_huffman_block_parser/symbol_count_r[5]_i_8/O
                         net (fo=2, routed)           0.822    20.604    u_soc/u_rx_top/u_huffman_block_parser/symbol_count_r[5]_i_8_n_0
    SLICE_X63Y29         LUT6 (Prop_lut6_I1_O)        0.124    20.728 r  u_soc/u_rx_top/u_huffman_block_parser/symbol_count_r[5]_i_3/O
                         net (fo=8, routed)           0.650    21.379    u_soc/u_rx_top/u_huffman_block_parser/symbol_count_r[5]_i_3_n_0
    SLICE_X65Y28         LUT6 (Prop_lut6_I1_O)        0.124    21.503 r  u_soc/u_rx_top/u_huffman_block_parser/block_meta_valid_r_i_4/O
                         net (fo=5, routed)           0.496    21.999    u_soc/u_rx_top/u_huffman_block_parser/block_meta_valid_r_i_4_n_0
    SLICE_X65Y28         LUT4 (Prop_lut4_I3_O)        0.117    22.116 r  u_soc/u_rx_top/u_huffman_block_parser/block_meta_valid_r_i_2/O
                         net (fo=2, routed)           0.625    22.741    u_soc/u_rx_top/u_huffman_block_parser/block_meta_valid_r_i_2_n_0
    SLICE_X58Y27         LUT6 (Prop_lut6_I0_O)        0.332    23.073 r  u_soc/u_rx_top/u_huffman_block_parser/error_r_i_2__0/O
                         net (fo=1, routed)           0.577    23.650    u_soc/u_rx_top/u_huffman_block_parser/error_r_i_2__0_n_0
    SLICE_X61Y27         LUT6 (Prop_lut6_I0_O)        0.124    23.774 f  u_soc/u_rx_top/u_huffman_block_parser/error_r_i_1__1/O
                         net (fo=143, routed)         1.207    24.981    u_soc/u_rx_top/u_huffman_block_parser/error_r_i_1__1_n_0
    SLICE_X51Y26         LUT6 (Prop_lut6_I0_O)        0.124    25.105 r  u_soc/u_rx_top/u_huffman_block_parser/bit_buffer_r[84]_i_1__0/O
                         net (fo=1, routed)           0.000    25.105    u_soc/u_rx_top/u_huffman_block_parser/bit_buffer_r[84]_i_1__0_n_0
    SLICE_X51Y26         FDRE                                         r  u_soc/u_rx_top/u_huffman_block_parser/bit_buffer_r_reg[84]/D
  -------------------------------------------------------------------    -------------------

                         (clock clk_i rise edge)     20.000    20.000 r  
    Y9                                                0.000    20.000 r  clk_i (IN)
                         net (fo=0)                   0.000    20.000    clk_i
    Y9                   IBUF (Prop_ibuf_I_O)         1.420    21.420 r  clk_i_IBUF_inst/O
                         net (fo=1, routed)           1.972    23.392    clk_i_IBUF
    BUFGCTRL_X0Y0        BUFG (Prop_bufg_I_O)         0.091    23.483 r  clk_i_IBUF_BUFG_inst/O
                         net (fo=10473, routed)       1.464    24.947    u_soc/u_rx_top/u_huffman_block_parser/clk_i
    SLICE_X51Y26         FDRE                                         r  u_soc/u_rx_top/u_huffman_block_parser/bit_buffer_r_reg[84]/C
                         clock pessimism              0.394    25.341    
                         clock uncertainty           -0.035    25.306    
    SLICE_X51Y26         FDRE (Setup_fdre_C_D)        0.029    25.335    u_soc/u_rx_top/u_huffman_block_parser/bit_buffer_r_reg[84]
  -------------------------------------------------------------------
                         required time                         25.335    
                         arrival time                         -25.105    
  -------------------------------------------------------------------
                         slack                                  0.230    





Min Delay Paths
--------------------------------------------------------------------------------------
Slack (MET) :             0.035ns  (arrival time - required time)
  Source:                 u_soc/u_rx_top/cipher_buf_data_r_reg[0]/C
                            (rising edge-triggered cell FDRE clocked by clk_i  {rise@0.000ns fall@10.000ns period=20.000ns})
  Destination:            u_soc/u_rx_top/aes_current_cipher_r_reg[0]/D
                            (rising edge-triggered cell FDRE clocked by clk_i  {rise@0.000ns fall@10.000ns period=20.000ns})
  Path Group:             clk_i
  Path Type:              Hold (Min at Fast Process Corner)
  Requirement:            0.000ns  (clk_i rise@0.000ns - clk_i rise@0.000ns)
  Data Path Delay:        0.371ns  (logic 0.141ns (38.009%)  route 0.230ns (61.991%))
  Logic Levels:           0  
  Clock Path Skew:        0.266ns (DCD - SCD - CPR)
    Destination Clock Delay (DCD):    2.020ns
    Source Clock Delay      (SCD):    1.502ns
    Clock Pessimism Removal (CPR):    0.252ns

    Location             Delay type                Incr(ns)  Path(ns)    Netlist Resource(s)
  -------------------------------------------------------------------    -------------------
                         (clock clk_i rise edge)      0.000     0.000 r  
    Y9                                                0.000     0.000 r  clk_i (IN)
                         net (fo=0)                   0.000     0.000    clk_i
    Y9                   IBUF (Prop_ibuf_I_O)         0.258     0.258 r  clk_i_IBUF_inst/O
                         net (fo=1, routed)           0.663     0.921    clk_i_IBUF
    BUFGCTRL_X0Y0        BUFG (Prop_bufg_I_O)         0.026     0.947 r  clk_i_IBUF_BUFG_inst/O
                         net (fo=10473, routed)       0.555     1.502    u_soc/u_rx_top/clk_i
    SLICE_X53Y8          FDRE                                         r  u_soc/u_rx_top/cipher_buf_data_r_reg[0]/C
  -------------------------------------------------------------------    -------------------
    SLICE_X53Y8          FDRE (Prop_fdre_C_Q)         0.141     1.643 r  u_soc/u_rx_top/cipher_buf_data_r_reg[0]/Q
                         net (fo=2, routed)           0.230     1.873    u_soc/u_rx_top/cipher_buf_data_r[0]
    SLICE_X47Y9          FDRE                                         r  u_soc/u_rx_top/aes_current_cipher_r_reg[0]/D
  -------------------------------------------------------------------    -------------------

                         (clock clk_i rise edge)      0.000     0.000 r  
    Y9                                                0.000     0.000 r  clk_i (IN)
                         net (fo=0)                   0.000     0.000    clk_i
    Y9                   IBUF (Prop_ibuf_I_O)         0.446     0.446 r  clk_i_IBUF_inst/O
                         net (fo=1, routed)           0.719     1.165    clk_i_IBUF
    BUFGCTRL_X0Y0        BUFG (Prop_bufg_I_O)         0.029     1.194 r  clk_i_IBUF_BUFG_inst/O
                         net (fo=10473, routed)       0.826     2.020    u_soc/u_rx_top/clk_i
    SLICE_X47Y9          FDRE                                         r  u_soc/u_rx_top/aes_current_cipher_r_reg[0]/C
                         clock pessimism             -0.252     1.768    
    SLICE_X47Y9          FDRE (Hold_fdre_C_D)         0.070     1.838    u_soc/u_rx_top/aes_current_cipher_r_reg[0]
  -------------------------------------------------------------------
                         required time                         -1.838    
                         arrival time                           1.873    
  -------------------------------------------------------------------
                         slack                                  0.035    





Pulse Width Checks
--------------------------------------------------------------------------------------
Clock Name:         clk_i
Waveform(ns):       { 0.000 10.000 }
Period(ns):         20.000
Sources:            { clk_i }

Check Type        Corner  Lib Pin             Reference Pin  Required(ns)  Actual(ns)  Slack(ns)  Location       Pin
Min Period        n/a     RAMB36E1/CLKARDCLK  n/a            2.944         20.000      17.056     RAMB36_X3Y2    u_soc/u_dmem/u_dmem_ip/mem_reg_0_0/CLKARDCLK
Low Pulse Width   Slow    FDRE/C              n/a            0.500         10.000      9.500      SLICE_X107Y22  heartbeat_r_reg[0]/C
High Pulse Width  Slow    FDRE/C              n/a            0.500         10.000      9.500      SLICE_X107Y22  heartbeat_r_reg[0]/C



---------------------------------------------------------------------------------------------------
Path Group:  **async_default**
From Clock:  clk_i
  To Clock:  clk_i

Setup :            0  Failing Endpoints,  Worst Slack        5.264ns,  Total Violation        0.000ns
Hold  :            0  Failing Endpoints,  Worst Slack        1.276ns,  Total Violation        0.000ns
---------------------------------------------------------------------------------------------------


Max Delay Paths
--------------------------------------------------------------------------------------
Slack (MET) :             5.264ns  (required time - arrival time)
  Source:                 por_shift_r_reg[0]/C
                            (rising edge-triggered cell FDRE clocked by clk_i  {rise@0.000ns fall@10.000ns period=20.000ns})
  Destination:            u_soc/u_rx_top/u_aes_input_wrapper_rx/data_in_reg[82]/CLR
                            (recovery check against rising-edge clock clk_i  {rise@0.000ns fall@10.000ns period=20.000ns})
  Path Group:             **async_default**
  Path Type:              Recovery (Max at Slow Process Corner)
  Requirement:            20.000ns  (clk_i rise@20.000ns - clk_i rise@0.000ns)
  Data Path Delay:        14.021ns  (logic 1.090ns (7.774%)  route 12.931ns (92.226%))
  Logic Levels:           4  (LUT2=1 LUT4=1 LUT5=1 LUT6=1)
  Clock Path Skew:        -0.275ns (DCD - SCD + CPR)
    Destination Clock Delay (DCD):    5.052ns = ( 25.052 - 20.000 ) 
    Source Clock Delay      (SCD):    5.620ns
    Clock Pessimism Removal (CPR):    0.294ns
  Clock Uncertainty:      0.035ns  ((TSJ^2 + TIJ^2)^1/2 + DJ) / 2 + PE
    Total System Jitter     (TSJ):    0.071ns
    Total Input Jitter      (TIJ):    0.000ns
    Discrete Jitter          (DJ):    0.000ns
    Phase Error              (PE):    0.000ns

    Location             Delay type                Incr(ns)  Path(ns)    Netlist Resource(s)
  -------------------------------------------------------------------    -------------------
                         (clock clk_i rise edge)      0.000     0.000 r  
    Y9                                                0.000     0.000 r  clk_i (IN)
                         net (fo=0)                   0.000     0.000    clk_i
    Y9                   IBUF (Prop_ibuf_I_O)         1.490     1.490 r  clk_i_IBUF_inst/O
                         net (fo=1, routed)           2.171     3.661    clk_i_IBUF
    BUFGCTRL_X0Y0        BUFG (Prop_bufg_I_O)         0.101     3.762 r  clk_i_IBUF_BUFG_inst/O
                         net (fo=10473, routed)       1.858     5.620    clk_i_IBUF_BUFG
    SLICE_X107Y25        FDRE                                         r  por_shift_r_reg[0]/C
  -------------------------------------------------------------------    -------------------
    SLICE_X107Y25        FDRE (Prop_fdre_C_Q)         0.419     6.039 f  por_shift_r_reg[0]/Q
                         net (fo=3, routed)           0.830     6.869    u_uart_dmem_loader/u_uart_rx/por_shift_r[0]
    SLICE_X108Y25        LUT4 (Prop_lut4_I3_O)        0.299     7.168 f  u_uart_dmem_loader/u_uart_rx/rxd_meta_r_i_4/O
                         net (fo=1, routed)           0.689     7.858    u_uart_dmem_loader/u_uart_rx/rxd_meta_r_i_4_n_0
    SLICE_X108Y25        LUT5 (Prop_lut5_I4_O)        0.124     7.982 f  u_uart_dmem_loader/u_uart_rx/rxd_meta_r_i_3/O
                         net (fo=1, routed)           0.495     8.477    u_uart_dmem_loader/u_uart_rx/rxd_meta_r_i_3_n_0
    SLICE_X109Y25        LUT6 (Prop_lut6_I5_O)        0.124     8.601 f  u_uart_dmem_loader/u_uart_rx/rxd_meta_r_i_1/O
                         net (fo=392, routed)         2.226    10.827    u_uart_dmem_loader/por_rst_w
    SLICE_X99Y23         LUT2 (Prop_lut2_I0_O)        0.124    10.951 f  u_uart_dmem_loader/u_soc_i_1/O
                         net (fo=8972, routed)        8.690    19.641    u_soc/u_rx_top/u_aes_input_wrapper_rx/decipher_en_reg_0
    SLICE_X27Y3          FDCE                                         f  u_soc/u_rx_top/u_aes_input_wrapper_rx/data_in_reg[82]/CLR
  -------------------------------------------------------------------    -------------------

                         (clock clk_i rise edge)     20.000    20.000 r  
    Y9                                                0.000    20.000 r  clk_i (IN)
                         net (fo=0)                   0.000    20.000    clk_i
    Y9                   IBUF (Prop_ibuf_I_O)         1.420    21.420 r  clk_i_IBUF_inst/O
                         net (fo=1, routed)           1.972    23.392    clk_i_IBUF
    BUFGCTRL_X0Y0        BUFG (Prop_bufg_I_O)         0.091    23.483 r  clk_i_IBUF_BUFG_inst/O
                         net (fo=10473, routed)       1.569    25.052    u_soc/u_rx_top/u_aes_input_wrapper_rx/clk_i
    SLICE_X27Y3          FDCE                                         r  u_soc/u_rx_top/u_aes_input_wrapper_rx/data_in_reg[82]/C
                         clock pessimism              0.294    25.346    
                         clock uncertainty           -0.035    25.310    
    SLICE_X27Y3          FDCE (Recov_fdce_C_CLR)     -0.405    24.905    u_soc/u_rx_top/u_aes_input_wrapper_rx/data_in_reg[82]
  -------------------------------------------------------------------
                         required time                         24.905    
                         arrival time                         -19.641    
  -------------------------------------------------------------------
                         slack                                  5.264    





Min Delay Paths
--------------------------------------------------------------------------------------
Slack (MET) :             1.276ns  (arrival time - required time)
  Source:                 u_uart_dmem_loader/done_r_reg/C
                            (rising edge-triggered cell FDRE clocked by clk_i  {rise@0.000ns fall@10.000ns period=20.000ns})
  Destination:            u_soc/u_rx_top/u_apb_huffman_rx_if/fifo_data_mem_reg[0][18]/CLR
                            (removal check against rising-edge clock clk_i  {rise@0.000ns fall@10.000ns period=20.000ns})
  Path Group:             **async_default**
  Path Type:              Removal (Min at Fast Process Corner)
  Requirement:            0.000ns  (clk_i rise@0.000ns - clk_i rise@0.000ns)
  Data Path Delay:        1.397ns  (logic 0.186ns (13.319%)  route 1.211ns (86.681%))
  Logic Levels:           1  (LUT2=1)
  Clock Path Skew:        0.212ns (DCD - SCD - CPR)
    Destination Clock Delay (DCD):    2.012ns
    Source Clock Delay      (SCD):    1.548ns
    Clock Pessimism Removal (CPR):    0.252ns

    Location             Delay type                Incr(ns)  Path(ns)    Netlist Resource(s)
  -------------------------------------------------------------------    -------------------
                         (clock clk_i rise edge)      0.000     0.000 r  
    Y9                                                0.000     0.000 r  clk_i (IN)
                         net (fo=0)                   0.000     0.000    clk_i
    Y9                   IBUF (Prop_ibuf_I_O)         0.258     0.258 r  clk_i_IBUF_inst/O
                         net (fo=1, routed)           0.663     0.921    clk_i_IBUF
    BUFGCTRL_X0Y0        BUFG (Prop_bufg_I_O)         0.026     0.947 r  clk_i_IBUF_BUFG_inst/O
                         net (fo=10473, routed)       0.601     1.548    u_uart_dmem_loader/CLK
    SLICE_X95Y21         FDRE                                         r  u_uart_dmem_loader/done_r_reg/C
  -------------------------------------------------------------------    -------------------
    SLICE_X95Y21         FDRE (Prop_fdre_C_Q)         0.141     1.689 r  u_uart_dmem_loader/done_r_reg/Q
                         net (fo=3, routed)           0.284     1.973    u_uart_dmem_loader/led_o_OBUF[1]
    SLICE_X99Y23         LUT2 (Prop_lut2_I1_O)        0.045     2.018 f  u_uart_dmem_loader/u_soc_i_1/O
                         net (fo=8972, routed)        0.927     2.944    u_soc/u_rx_top/u_apb_huffman_rx_if/rst_i
    SLICE_X49Y31         FDCE                                         f  u_soc/u_rx_top/u_apb_huffman_rx_if/fifo_data_mem_reg[0][18]/CLR
  -------------------------------------------------------------------    -------------------

                         (clock clk_i rise edge)      0.000     0.000 r  
    Y9                                                0.000     0.000 r  clk_i (IN)
                         net (fo=0)                   0.000     0.000    clk_i
    Y9                   IBUF (Prop_ibuf_I_O)         0.446     0.446 r  clk_i_IBUF_inst/O
                         net (fo=1, routed)           0.719     1.165    clk_i_IBUF
    BUFGCTRL_X0Y0        BUFG (Prop_bufg_I_O)         0.029     1.194 r  clk_i_IBUF_BUFG_inst/O
                         net (fo=10473, routed)       0.818     2.012    u_soc/u_rx_top/u_apb_huffman_rx_if/clk_i
    SLICE_X49Y31         FDCE                                         r  u_soc/u_rx_top/u_apb_huffman_rx_if/fifo_data_mem_reg[0][18]/C
                         clock pessimism             -0.252     1.760    
    SLICE_X49Y31         FDCE (Remov_fdce_C_CLR)     -0.092     1.668    u_soc/u_rx_top/u_apb_huffman_rx_if/fifo_data_mem_reg[0][18]
  -------------------------------------------------------------------
                         required time                         -1.668    
                         arrival time                           2.944    
  -------------------------------------------------------------------
                         slack                                  1.276    





