Copyright 1986-2022 Xilinx, Inc. All Rights Reserved. Copyright 2022-2024 Advanced Micro Devices, Inc. All Rights Reserved.
----------------------------------------------------------------------------------------------------------------------------------------------------------------------------
| Tool Version : Vivado v.2024.2 (win64) Build 5239630 Fri Nov 08 22:35:27 MST 2024
| Date         : Tue May  5 19:52:57 2026
| Host         : An running 64-bit major release  (build 9200)
| Command      : report_timing_summary -file H:/Academic/senior_project/DATN/work/luc/AES_huffman_all6/vivado/build/rv32_soc_synth_tx/reports/post_synth_timing_summary.rpt
| Design       : rv32_soc_fpga_demo_top
| Device       : 7z020-clg484
| Speed File   : -1  PRODUCTION 1.12 2019-11-22
| Design State : Synthesized
----------------------------------------------------------------------------------------------------------------------------------------------------------------------------

Timing Summary Report

------------------------------------------------------------------------------------------------
| Timer Settings
| --------------
------------------------------------------------------------------------------------------------

  Enable Multi Corner Analysis               :  Yes
  Enable Pessimism Removal                   :  Yes
  Pessimism Removal Resolution               :  Nearest Common Node
  Enable Input Delay Default Clock           :  No
  Enable Preset / Clear Arcs                 :  No
  Disable Flight Delays                      :  No
  Ignore I/O Paths                           :  No
  Timing Early Launch at Borrowing Latches   :  No
  Borrow Time for Max Delay Exceptions       :  Yes
  Merge Timing Exceptions                    :  Yes
  Inter-SLR Compensation                     :  Conservative

  Corner  Analyze    Analyze    
  Name    Max Paths  Min Paths  
  ------  ---------  ---------  
  Slow    Yes        Yes        
  Fast    Yes        Yes        


------------------------------------------------------------------------------------------------
| Report Methodology
| ------------------
------------------------------------------------------------------------------------------------

No report available as report_methodology has not been run prior. Run report_methodology on the current design for the summary of methodology violations.



check_timing report

Table of Contents
-----------------
1. checking no_clock (0)
2. checking constant_clock (0)
3. checking pulse_width_clock (0)
4. checking unconstrained_internal_endpoints (0)
5. checking no_input_delay (1)
6. checking no_output_delay (5)
7. checking multiple_clock (0)
8. checking generated_clocks (0)
9. checking loops (0)
10. checking partial_input_delay (0)
11. checking partial_output_delay (0)
12. checking latch_loops (0)

1. checking no_clock (0)
------------------------
 There are 0 register/latch pins with no clock.


2. checking constant_clock (0)
------------------------------
 There are 0 register/latch pins with constant_clock.


3. checking pulse_width_clock (0)
---------------------------------
 There are 0 register/latch pins which need pulse_width check


4. checking unconstrained_internal_endpoints (0)
------------------------------------------------
 There are 0 pins that are not constrained for maximum delay.

 There are 0 pins that are not constrained for maximum delay due to constant clock.


5. checking no_input_delay (1)
------------------------------
 There is 1 input port with no input delay specified. (HIGH)

 There are 0 input ports with no input delay but user has a false path constraint.


6. checking no_output_delay (5)
-------------------------------
 There are 5 ports with no output delay specified. (HIGH)

 There are 0 ports with no output delay but user has a false path constraint

 There are 0 ports with no output delay but with a timing clock defined on it or propagating through it


7. checking multiple_clock (0)
------------------------------
 There are 0 register/latch pins with multiple clocks.


8. checking generated_clocks (0)
--------------------------------
 There are 0 generated clocks that are not connected to a clock source.


9. checking loops (0)
---------------------
 There are 0 combinational loops in the design.


10. checking partial_input_delay (0)
------------------------------------
 There are 0 input ports with partial input delay specified.


11. checking partial_output_delay (0)
-------------------------------------
 There are 0 ports with partial output delay specified.


12. checking latch_loops (0)
----------------------------
 There are 0 combinational latch loops in the design through latch input



------------------------------------------------------------------------------------------------
| Design Timing Summary
| ---------------------
------------------------------------------------------------------------------------------------

    WNS(ns)      TNS(ns)  TNS Failing Endpoints  TNS Total Endpoints      WHS(ns)      THS(ns)  THS Failing Endpoints  THS Total Endpoints     WPWS(ns)     TPWS(ns)  TPWS Failing Endpoints  TPWS Total Endpoints  
    -------      -------  ---------------------  -------------------      -------      -------  ---------------------  -------------------     --------     --------  ----------------------  --------------------  
      6.435        0.000                      0                75543        0.132        0.000                      0                75543        9.500        0.000                       0                 25339  


All user specified timing constraints are met.


------------------------------------------------------------------------------------------------
| Clock Summary
| -------------
------------------------------------------------------------------------------------------------

Clock  Waveform(ns)       Period(ns)      Frequency(MHz)
-----  ------------       ----------      --------------
clk_i  {0.000 10.000}     20.000          50.000          


------------------------------------------------------------------------------------------------
| Intra Clock Table
| -----------------
------------------------------------------------------------------------------------------------

Clock             WNS(ns)      TNS(ns)  TNS Failing Endpoints  TNS Total Endpoints      WHS(ns)      THS(ns)  THS Failing Endpoints  THS Total Endpoints     WPWS(ns)     TPWS(ns)  TPWS Failing Endpoints  TPWS Total Endpoints  
-----             -------      -------  ---------------------  -------------------      -------      -------  ---------------------  -------------------     --------     --------  ----------------------  --------------------  
clk_i               6.435        0.000                      0                53179        0.132        0.000                      0                53179        9.500        0.000                       0                 25339  


------------------------------------------------------------------------------------------------
| Inter Clock Table
| -----------------
------------------------------------------------------------------------------------------------

From Clock    To Clock          WNS(ns)      TNS(ns)  TNS Failing Endpoints  TNS Total Endpoints      WHS(ns)      THS(ns)  THS Failing Endpoints  THS Total Endpoints  
----------    --------          -------      -------  ---------------------  -------------------      -------      -------  ---------------------  -------------------  


------------------------------------------------------------------------------------------------
| Other Path Groups Table
| -----------------------
------------------------------------------------------------------------------------------------

Path Group         From Clock         To Clock               WNS(ns)      TNS(ns)  TNS Failing Endpoints  TNS Total Endpoints      WHS(ns)      THS(ns)  THS Failing Endpoints  THS Total Endpoints  
----------         ----------         --------               -------      -------  ---------------------  -------------------      -------      -------  ---------------------  -------------------  
**async_default**  clk_i              clk_i                   14.419        0.000                      0                22364        1.073        0.000                      0                22364  


------------------------------------------------------------------------------------------------
| Timing Details
| --------------
------------------------------------------------------------------------------------------------


---------------------------------------------------------------------------------------------------
From Clock:  clk_i
  To Clock:  clk_i

Setup :            0  Failing Endpoints,  Worst Slack        6.435ns,  Total Violation        0.000ns
Hold  :            0  Failing Endpoints,  Worst Slack        0.132ns,  Total Violation        0.000ns
PW    :            0  Failing Endpoints,  Worst Slack        9.500ns,  Total Violation        0.000ns
---------------------------------------------------------------------------------------------------


Max Delay Paths
--------------------------------------------------------------------------------------
Slack (MET) :             6.435ns  (required time - arrival time)
  Source:                 u_soc/u_dmem/u_dmem_ip/mem_reg_1_0/CLKBWRCLK
                            (rising edge-triggered cell RAMB36E1 clocked by clk_i  {rise@0.000ns fall@10.000ns period=20.000ns})
  Destination:            u_soc/u_cpu/u_ex_stage/exmem_alu_result_o_reg[10]/R
                            (rising edge-triggered cell FDRE clocked by clk_i  {rise@0.000ns fall@10.000ns period=20.000ns})
  Path Group:             clk_i
  Path Type:              Setup (Max at Slow Process Corner)
  Requirement:            20.000ns  (clk_i rise@20.000ns - clk_i rise@0.000ns)
  Data Path Delay:        12.828ns  (logic 4.861ns (37.895%)  route 7.967ns (62.105%))
  Logic Levels:           14  (CARRY4=3 LUT2=1 LUT3=1 LUT4=2 LUT5=1 LUT6=5 MUXF7=1)
  Clock Path Skew:        -0.145ns (DCD - SCD + CPR)
    Destination Clock Delay (DCD):    2.709ns = ( 22.709 - 20.000 ) 
    Source Clock Delay      (SCD):    2.975ns
    Clock Pessimism Removal (CPR):    0.121ns
  Clock Uncertainty:      0.035ns  ((TSJ^2 + TIJ^2)^1/2 + DJ) / 2 + PE
    Total System Jitter     (TSJ):    0.071ns
    Total Input Jitter      (TIJ):    0.000ns
    Discrete Jitter          (DJ):    0.000ns
    Phase Error              (PE):    0.000ns

    Location             Delay type                Incr(ns)  Path(ns)    Netlist Resource(s)
  -------------------------------------------------------------------    -------------------
                         (clock clk_i rise edge)      0.000     0.000 r  
    Y9                                                0.000     0.000 r  clk_i (IN)
                         net (fo=0)                   0.000     0.000    clk_i
    Y9                   IBUF (Prop_ibuf_I_O)         1.490     1.490 r  clk_i_IBUF_inst/O
                         net (fo=1, unplaced)         0.800     2.290    clk_i_IBUF
                         BUFG (Prop_bufg_I_O)         0.101     2.391 r  clk_i_IBUF_BUFG_inst/O
                         net (fo=25338, unplaced)     0.584     2.975    u_soc/u_dmem/u_dmem_ip/clk_i
                         RAMB36E1                                     r  u_soc/u_dmem/u_dmem_ip/mem_reg_1_0/CLKBWRCLK
  -------------------------------------------------------------------    -------------------
                         RAMB36E1 (Prop_ramb36e1_CLKBWRCLK_DOBDO[3])
                                                      2.454     5.429 r  u_soc/u_dmem/u_dmem_ip/mem_reg_1_0/DOBDO[3]
                         net (fo=2, unplaced)         0.800     6.229    u_soc/u_cpu/u_mem_stage/douta[11]
                         LUT4 (Prop_lut4_I0_O)        0.124     6.353 r  u_soc/u_cpu/u_mem_stage/memwb_mem_data_o[11]_i_3/O
                         net (fo=2, unplaced)         0.913     7.266    u_soc/u_cpu/u_mem_stage/dmem_rdata_w[11]
                         LUT6 (Prop_lut6_I1_O)        0.124     7.390 f  u_soc/u_cpu/u_mem_stage/memwb_mem_data_o[11]_i_2/O
                         net (fo=1, unplaced)         0.902     8.292    u_soc/u_cpu/u_mem_stage/memwb_mem_data_o[11]_i_2_n_0
                         LUT6 (Prop_lut6_I2_O)        0.124     8.416 r  u_soc/u_cpu/u_mem_stage/memwb_mem_data_o[11]_i_1/O
                         net (fo=3, unplaced)         0.467     8.883    u_soc/u_cpu/u_ex_stage/exmem_rs2_data_o_reg[31]_0[11]
                         LUT6 (Prop_lut6_I4_O)        0.124     9.007 r  u_soc/u_cpu/u_ex_stage/exmem_rs2_data_o[11]_i_3/O
                         net (fo=1, unplaced)         0.000     9.007    u_soc/u_cpu/u_mem_stage/exmem_rs2_data_o_reg[11]
                         MUXF7 (Prop_muxf7_I1_O)      0.247     9.254 r  u_soc/u_cpu/u_mem_stage/exmem_rs2_data_o_reg[11]_i_1/O
                         net (fo=2, unplaced)         0.463     9.717    u_soc/u_cpu/u_id_stage/exmem_alu_result_o[31]_i_6_0[9]
                         LUT3 (Prop_lut3_I1_O)        0.290    10.007 r  u_soc/u_cpu/u_id_stage/exmem_alu_result_o[11]_i_6/O
                         net (fo=11, unplaced)        0.495    10.502    u_soc/u_cpu/u_id_stage/exmem_alu_result_o[11]_i_6_n_0
                         LUT4 (Prop_lut4_I3_O)        0.124    10.626 r  u_soc/u_cpu/u_id_stage/exmem_alu_result_o[0]_i_36/O
                         net (fo=2, unplaced)         0.650    11.276    u_soc/u_cpu/u_id_stage/exmem_alu_result_o[0]_i_36_n_0
                         CARRY4 (Prop_carry4_DI[1]_CO[3])
                                                      0.520    11.796 r  u_soc/u_cpu/u_id_stage/exmem_alu_result_o_reg[0]_i_24/CO[3]
                         net (fo=1, unplaced)         0.000    11.796    u_soc/u_cpu/u_id_stage/exmem_alu_result_o_reg[0]_i_24_n_0
                         CARRY4 (Prop_carry4_CI_CO[3])
                                                      0.117    11.913 r  u_soc/u_cpu/u_id_stage/exmem_alu_result_o_reg[0]_i_15/CO[3]
                         net (fo=1, unplaced)         0.000    11.913    u_soc/u_cpu/u_id_stage/exmem_alu_result_o_reg[0]_i_15_n_0
                         CARRY4 (Prop_carry4_CI_CO[3])
                                                      0.117    12.030 r  u_soc/u_cpu/u_id_stage/exmem_alu_result_o_reg[0]_i_13/CO[3]
                         net (fo=2, unplaced)         0.911    12.941    u_soc/u_cpu/u_id_stage/u_ex_stage/sltu_res[0]
                         LUT6 (Prop_lut6_I1_O)        0.124    13.065 r  u_soc/u_cpu/u_id_stage/pc_r[31]_i_10/O
                         net (fo=1, unplaced)         0.449    13.514    u_soc/u_cpu/u_id_stage/pc_r[31]_i_10_n_0
                         LUT5 (Prop_lut5_I3_O)        0.124    13.638 r  u_soc/u_cpu/u_id_stage/pc_r[31]_i_3/O
                         net (fo=43, unplaced)        0.528    14.166    u_soc/u_cpu/u_id_stage/id_flush_w
                         LUT2 (Prop_lut2_I1_O)        0.124    14.290 r  u_soc/u_cpu/u_id_stage/exmem_mem_we_o_i_1/O
                         net (fo=79, unplaced)        0.543    14.833    u_soc/u_cpu/u_id_stage/SR[0]
                         LUT6 (Prop_lut6_I5_O)        0.124    14.957 r  u_soc/u_cpu/u_id_stage/exmem_alu_result_o[31]_i_1/O
                         net (fo=31, unplaced)        0.846    15.803    u_soc/u_cpu/u_ex_stage/SR[1]
                         FDRE                                         r  u_soc/u_cpu/u_ex_stage/exmem_alu_result_o_reg[10]/R
  -------------------------------------------------------------------    -------------------

                         (clock clk_i rise edge)     20.000    20.000 r  
    Y9                                                0.000    20.000 r  clk_i (IN)
                         net (fo=0)                   0.000    20.000    clk_i
    Y9                   IBUF (Prop_ibuf_I_O)         1.420    21.420 r  clk_i_IBUF_inst/O
                         net (fo=1, unplaced)         0.760    22.179    clk_i_IBUF
                         BUFG (Prop_bufg_I_O)         0.091    22.270 r  clk_i_IBUF_BUFG_inst/O
                         net (fo=25338, unplaced)     0.439    22.709    u_soc/u_cpu/u_ex_stage/clk_i
                         FDRE                                         r  u_soc/u_cpu/u_ex_stage/exmem_alu_result_o_reg[10]/C
                         clock pessimism              0.121    22.830    
                         clock uncertainty           -0.035    22.795    
                         FDRE (Setup_fdre_C_R)       -0.557    22.238    u_soc/u_cpu/u_ex_stage/exmem_alu_result_o_reg[10]
  -------------------------------------------------------------------
                         required time                         22.238    
                         arrival time                         -15.803    
  -------------------------------------------------------------------
                         slack                                  6.435    





Min Delay Paths
--------------------------------------------------------------------------------------
Slack (MET) :             0.132ns  (arrival time - required time)
  Source:                 u_soc/u_cpu/u_if_stage/resp_instr_r_reg[10]/C
                            (rising edge-triggered cell FDRE clocked by clk_i  {rise@0.000ns fall@10.000ns period=20.000ns})
  Destination:            u_soc/u_cpu/u_if_stage/ifid_instruction_r_reg[10]/D
                            (rising edge-triggered cell FDRE clocked by clk_i  {rise@0.000ns fall@10.000ns period=20.000ns})
  Path Group:             clk_i
  Path Type:              Hold (Min at Fast Process Corner)
  Requirement:            0.000ns  (clk_i rise@0.000ns - clk_i rise@0.000ns)
  Data Path Delay:        0.376ns  (logic 0.245ns (65.144%)  route 0.131ns (34.856%))
  Logic Levels:           1  (LUT4=1)
  Clock Path Skew:        0.145ns (DCD - SCD - CPR)
    Destination Clock Delay (DCD):    1.089ns
    Source Clock Delay      (SCD):    0.735ns
    Clock Pessimism Removal (CPR):    0.209ns

    Location             Delay type                Incr(ns)  Path(ns)    Netlist Resource(s)
  -------------------------------------------------------------------    -------------------
                         (clock clk_i rise edge)      0.000     0.000 r  
    Y9                                                0.000     0.000 r  clk_i (IN)
                         net (fo=0)                   0.000     0.000    clk_i
    Y9                   IBUF (Prop_ibuf_I_O)         0.258     0.258 r  clk_i_IBUF_inst/O
                         net (fo=1, unplaced)         0.337     0.595    clk_i_IBUF
                         BUFG (Prop_bufg_I_O)         0.026     0.621 r  clk_i_IBUF_BUFG_inst/O
                         net (fo=25338, unplaced)     0.114     0.735    u_soc/u_cpu/u_if_stage/clk_i
                         FDRE                                         r  u_soc/u_cpu/u_if_stage/resp_instr_r_reg[10]/C
  -------------------------------------------------------------------    -------------------
                         FDRE (Prop_fdre_C_Q)         0.147     0.882 r  u_soc/u_cpu/u_if_stage/resp_instr_r_reg[10]/Q
                         net (fo=1, unplaced)         0.131     1.013    u_soc/u_cpu/u_if_stage/resp_instr_r[10]
                         LUT4 (Prop_lut4_I3_O)        0.098     1.111 r  u_soc/u_cpu/u_if_stage/ifid_instruction_r[10]_i_1/O
                         net (fo=1, unplaced)         0.000     1.111    u_soc/u_cpu/u_if_stage/ifid_instruction_r[10]_i_1_n_0
                         FDRE                                         r  u_soc/u_cpu/u_if_stage/ifid_instruction_r_reg[10]/D
  -------------------------------------------------------------------    -------------------

                         (clock clk_i rise edge)      0.000     0.000 r  
    Y9                                                0.000     0.000 r  clk_i (IN)
                         net (fo=0)                   0.000     0.000    clk_i
    Y9                   IBUF (Prop_ibuf_I_O)         0.446     0.446 r  clk_i_IBUF_inst/O
                         net (fo=1, unplaced)         0.355     0.801    clk_i_IBUF
                         BUFG (Prop_bufg_I_O)         0.029     0.830 r  clk_i_IBUF_BUFG_inst/O
                         net (fo=25338, unplaced)     0.259     1.089    u_soc/u_cpu/u_if_stage/clk_i
                         FDRE                                         r  u_soc/u_cpu/u_if_stage/ifid_instruction_r_reg[10]/C
                         clock pessimism             -0.209     0.880    
                         FDRE (Hold_fdre_C_D)         0.099     0.979    u_soc/u_cpu/u_if_stage/ifid_instruction_r_reg[10]
  -------------------------------------------------------------------
                         required time                         -0.979    
                         arrival time                           1.111    
  -------------------------------------------------------------------
                         slack                                  0.132    





Pulse Width Checks
--------------------------------------------------------------------------------------
Clock Name:         clk_i
Waveform(ns):       { 0.000 10.000 }
Period(ns):         20.000
Sources:            { clk_i }

Check Type        Corner  Lib Pin             Reference Pin  Required(ns)  Actual(ns)  Slack(ns)  Location  Pin
Min Period        n/a     RAMB36E1/CLKARDCLK  n/a            2.944         20.000      17.056               u_soc/u_dmem/u_dmem_ip/mem_reg_0_0/CLKARDCLK
Low Pulse Width   Slow    FDRE/C              n/a            0.500         10.000      9.500                heartbeat_r_reg[0]/C
High Pulse Width  Slow    FDRE/C              n/a            0.500         10.000      9.500                heartbeat_r_reg[0]/C



---------------------------------------------------------------------------------------------------
Path Group:  **async_default**
From Clock:  clk_i
  To Clock:  clk_i

Setup :            0  Failing Endpoints,  Worst Slack       14.419ns,  Total Violation        0.000ns
Hold  :            0  Failing Endpoints,  Worst Slack        1.073ns,  Total Violation        0.000ns
---------------------------------------------------------------------------------------------------


Max Delay Paths
--------------------------------------------------------------------------------------
Slack (MET) :             14.419ns  (required time - arrival time)
  Source:                 por_shift_r_reg[2]/C
                            (rising edge-triggered cell FDRE clocked by clk_i  {rise@0.000ns fall@10.000ns period=20.000ns})
  Destination:            u_soc/u_tx_top/aes_ready_dly_r_reg/PRE
                            (recovery check against rising-edge clock clk_i  {rise@0.000ns fall@10.000ns period=20.000ns})
  Path Group:             **async_default**
  Path Type:              Recovery (Max at Slow Process Corner)
  Requirement:            20.000ns  (clk_i rise@20.000ns - clk_i rise@0.000ns)
  Data Path Delay:        5.007ns  (logic 1.269ns (25.345%)  route 3.738ns (74.655%))
  Logic Levels:           5  (LUT1=1 LUT2=1 LUT4=1 LUT5=1 LUT6=1)
  Clock Path Skew:        -0.145ns (DCD - SCD + CPR)
    Destination Clock Delay (DCD):    2.709ns = ( 22.709 - 20.000 ) 
    Source Clock Delay      (SCD):    2.975ns
    Clock Pessimism Removal (CPR):    0.121ns
  Clock Uncertainty:      0.035ns  ((TSJ^2 + TIJ^2)^1/2 + DJ) / 2 + PE
    Total System Jitter     (TSJ):    0.071ns
    Total Input Jitter      (TIJ):    0.000ns
    Discrete Jitter          (DJ):    0.000ns
    Phase Error              (PE):    0.000ns

    Location             Delay type                Incr(ns)  Path(ns)    Netlist Resource(s)
  -------------------------------------------------------------------    -------------------
                         (clock clk_i rise edge)      0.000     0.000 r  
    Y9                                                0.000     0.000 r  clk_i (IN)
                         net (fo=0)                   0.000     0.000    clk_i
    Y9                   IBUF (Prop_ibuf_I_O)         1.490     1.490 r  clk_i_IBUF_inst/O
                         net (fo=1, unplaced)         0.800     2.290    clk_i_IBUF
                         BUFG (Prop_bufg_I_O)         0.101     2.391 r  clk_i_IBUF_BUFG_inst/O
                         net (fo=25338, unplaced)     0.584     2.975    clk_i_IBUF_BUFG
                         FDRE                                         r  por_shift_r_reg[2]/C
  -------------------------------------------------------------------    -------------------
                         FDRE (Prop_fdre_C_Q)         0.478     3.453 f  por_shift_r_reg[2]/Q
                         net (fo=2, unplaced)         0.752     4.205    u_uart_dmem_loader/u_uart_rx/por_shift_r[2]
                         LUT4 (Prop_lut4_I1_O)        0.295     4.500 f  u_uart_dmem_loader/u_uart_rx/rxd_meta_r_i_4/O
                         net (fo=1, unplaced)         0.449     4.949    u_uart_dmem_loader/u_uart_rx/rxd_meta_r_i_4_n_0
                         LUT5 (Prop_lut5_I4_O)        0.124     5.073 f  u_uart_dmem_loader/u_uart_rx/rxd_meta_r_i_3/O
                         net (fo=1, unplaced)         0.449     5.522    u_uart_dmem_loader/u_uart_rx/rxd_meta_r_i_3_n_0
                         LUT6 (Prop_lut6_I5_O)        0.124     5.646 f  u_uart_dmem_loader/u_uart_rx/rxd_meta_r_i_1/O
                         net (fo=392, unplaced)       0.583     6.229    u_uart_dmem_loader/por_rst_w
                         LUT2 (Prop_lut2_I0_O)        0.124     6.353 f  u_uart_dmem_loader/u_soc_i_1/O
                         net (fo=1622, unplaced)      0.589     6.942    u_soc/u_tx_top/u_huffman_aes_tx_top/u_file_huffman_builder/u_code_length_builder/rst_i
                         LUT1 (Prop_lut1_I0_O)        0.124     7.066 f  u_soc/u_tx_top/u_huffman_aes_tx_top/u_file_huffman_builder/u_code_length_builder/node_mask[124][62]_i_3/O
                         net (fo=22364, unplaced)     0.916     7.982    u_soc/u_tx_top/u_huffman_aes_tx_top_n_0
                         FDPE                                         f  u_soc/u_tx_top/aes_ready_dly_r_reg/PRE
  -------------------------------------------------------------------    -------------------

                         (clock clk_i rise edge)     20.000    20.000 r  
    Y9                                                0.000    20.000 r  clk_i (IN)
                         net (fo=0)                   0.000    20.000    clk_i
    Y9                   IBUF (Prop_ibuf_I_O)         1.420    21.420 r  clk_i_IBUF_inst/O
                         net (fo=1, unplaced)         0.760    22.179    clk_i_IBUF
                         BUFG (Prop_bufg_I_O)         0.091    22.270 r  clk_i_IBUF_BUFG_inst/O
                         net (fo=25338, unplaced)     0.439    22.709    u_soc/u_tx_top/clk_i
                         FDPE                                         r  u_soc/u_tx_top/aes_ready_dly_r_reg/C
                         clock pessimism              0.121    22.830    
                         clock uncertainty           -0.035    22.795    
                         FDPE (Recov_fdpe_C_PRE)     -0.394    22.401    u_soc/u_tx_top/aes_ready_dly_r_reg
  -------------------------------------------------------------------
                         required time                         22.401    
                         arrival time                          -7.982    
  -------------------------------------------------------------------
                         slack                                 14.419    





Min Delay Paths
--------------------------------------------------------------------------------------
Slack (MET) :             1.073ns  (arrival time - required time)
  Source:                 u_uart_dmem_loader/done_r_reg/C
                            (rising edge-triggered cell FDRE clocked by clk_i  {rise@0.000ns fall@10.000ns period=20.000ns})
  Destination:            u_soc/u_tx_top/aes_emit_block_r_reg[0]/CLR
                            (removal check against rising-edge clock clk_i  {rise@0.000ns fall@10.000ns period=20.000ns})
  Path Group:             **async_default**
  Path Type:              Removal (Min at Fast Process Corner)
  Requirement:            0.000ns  (clk_i rise@0.000ns - clk_i rise@0.000ns)
  Data Path Delay:        1.130ns  (logic 0.290ns (25.662%)  route 0.840ns (74.338%))
  Logic Levels:           2  (LUT1=1 LUT2=1)
  Clock Path Skew:        0.145ns (DCD - SCD - CPR)
    Destination Clock Delay (DCD):    1.089ns
    Source Clock Delay      (SCD):    0.735ns
    Clock Pessimism Removal (CPR):    0.209ns

    Location             Delay type                Incr(ns)  Path(ns)    Netlist Resource(s)
  -------------------------------------------------------------------    -------------------
                         (clock clk_i rise edge)      0.000     0.000 r  
    Y9                                                0.000     0.000 r  clk_i (IN)
                         net (fo=0)                   0.000     0.000    clk_i
    Y9                   IBUF (Prop_ibuf_I_O)         0.258     0.258 r  clk_i_IBUF_inst/O
                         net (fo=1, unplaced)         0.337     0.595    clk_i_IBUF
                         BUFG (Prop_bufg_I_O)         0.026     0.621 r  clk_i_IBUF_BUFG_inst/O
                         net (fo=25338, unplaced)     0.114     0.735    u_uart_dmem_loader/CLK
                         FDRE                                         r  u_uart_dmem_loader/done_r_reg/C
  -------------------------------------------------------------------    -------------------
                         FDRE (Prop_fdre_C_Q)         0.147     0.882 r  u_uart_dmem_loader/done_r_reg/Q
                         net (fo=3, unplaced)         0.206     1.088    u_uart_dmem_loader/led_o_OBUF[1]
                         LUT2 (Prop_lut2_I1_O)        0.098     1.186 f  u_uart_dmem_loader/u_soc_i_1/O
                         net (fo=1622, unplaced)      0.248     1.434    u_soc/u_tx_top/u_huffman_aes_tx_top/u_file_huffman_builder/u_code_length_builder/rst_i
                         LUT1 (Prop_lut1_I0_O)        0.045     1.479 f  u_soc/u_tx_top/u_huffman_aes_tx_top/u_file_huffman_builder/u_code_length_builder/node_mask[124][62]_i_3/O
                         net (fo=22364, unplaced)     0.386     1.865    u_soc/u_tx_top/u_huffman_aes_tx_top_n_0
                         FDCE                                         f  u_soc/u_tx_top/aes_emit_block_r_reg[0]/CLR
  -------------------------------------------------------------------    -------------------

                         (clock clk_i rise edge)      0.000     0.000 r  
    Y9                                                0.000     0.000 r  clk_i (IN)
                         net (fo=0)                   0.000     0.000    clk_i
    Y9                   IBUF (Prop_ibuf_I_O)         0.446     0.446 r  clk_i_IBUF_inst/O
                         net (fo=1, unplaced)         0.355     0.801    clk_i_IBUF
                         BUFG (Prop_bufg_I_O)         0.029     0.830 r  clk_i_IBUF_BUFG_inst/O
                         net (fo=25338, unplaced)     0.259     1.089    u_soc/u_tx_top/clk_i
                         FDCE                                         r  u_soc/u_tx_top/aes_emit_block_r_reg[0]/C
                         clock pessimism             -0.209     0.880    
                         FDCE (Remov_fdce_C_CLR)     -0.088     0.792    u_soc/u_tx_top/aes_emit_block_r_reg[0]
  -------------------------------------------------------------------
                         required time                         -0.792    
                         arrival time                           1.865    
  -------------------------------------------------------------------
                         slack                                  1.073    





