Copyright 1986-2022 Xilinx, Inc. All Rights Reserved. Copyright 2022-2024 Advanced Micro Devices, Inc. All Rights Reserved.
---------------------------------------------------------------------------------------------------------------------------------------------------------------------------
| Tool Version : Vivado v.2024.2 (win64) Build 5239630 Fri Nov 08 22:35:27 MST 2024
| Date         : Tue May  5 20:01:04 2026
| Host         : An running 64-bit major release  (build 9200)
| Command      : report_timing_summary -file H:/Academic/senior_project/DATN/work/luc/AES_huffman_all6/vivado/build/rv32_soc_synth_tx/reports/post_impl_timing_summary.rpt
| Design       : rv32_soc_fpga_demo_top
| Device       : 7z020-clg484
| Speed File   : -1  PRODUCTION 1.12 2019-11-22
| Design State : Physopt postRoute
---------------------------------------------------------------------------------------------------------------------------------------------------------------------------

Timing Summary Report

------------------------------------------------------------------------------------------------
| Timer Settings
| --------------
------------------------------------------------------------------------------------------------

  Enable Multi Corner Analysis               :  Yes
  Enable Pessimism Removal                   :  Yes
  Pessimism Removal Resolution               :  Nearest Common Node
  Enable Input Delay Default Clock           :  No
  Enable Preset / Clear Arcs                 :  No
  Disable Flight Delays                      :  No
  Ignore I/O Paths                           :  No
  Timing Early Launch at Borrowing Latches   :  No
  Borrow Time for Max Delay Exceptions       :  Yes
  Merge Timing Exceptions                    :  Yes
  Inter-SLR Compensation                     :  Conservative

  Corner  Analyze    Analyze    
  Name    Max Paths  Min Paths  
  ------  ---------  ---------  
  Slow    Yes        Yes        
  Fast    Yes        Yes        


------------------------------------------------------------------------------------------------
| Report Methodology
| ------------------
------------------------------------------------------------------------------------------------

No report available as report_methodology has not been run prior. Run report_methodology on the current design for the summary of methodology violations.



check_timing report

Table of Contents
-----------------
1. checking no_clock (0)
2. checking constant_clock (0)
3. checking pulse_width_clock (0)
4. checking unconstrained_internal_endpoints (0)
5. checking no_input_delay (1)
6. checking no_output_delay (5)
7. checking multiple_clock (0)
8. checking generated_clocks (0)
9. checking loops (0)
10. checking partial_input_delay (0)
11. checking partial_output_delay (0)
12. checking latch_loops (0)

1. checking no_clock (0)
------------------------
 There are 0 register/latch pins with no clock.


2. checking constant_clock (0)
------------------------------
 There are 0 register/latch pins with constant_clock.


3. checking pulse_width_clock (0)
---------------------------------
 There are 0 register/latch pins which need pulse_width check


4. checking unconstrained_internal_endpoints (0)
------------------------------------------------
 There are 0 pins that are not constrained for maximum delay.

 There are 0 pins that are not constrained for maximum delay due to constant clock.


5. checking no_input_delay (1)
------------------------------
 There is 1 input port with no input delay specified. (HIGH)

 There are 0 input ports with no input delay but user has a false path constraint.


6. checking no_output_delay (5)
-------------------------------
 There are 5 ports with no output delay specified. (HIGH)

 There are 0 ports with no output delay but user has a false path constraint

 There are 0 ports with no output delay but with a timing clock defined on it or propagating through it


7. checking multiple_clock (0)
------------------------------
 There are 0 register/latch pins with multiple clocks.


8. checking generated_clocks (0)
--------------------------------
 There are 0 generated clocks that are not connected to a clock source.


9. checking loops (0)
---------------------
 There are 0 combinational loops in the design.


10. checking partial_input_delay (0)
------------------------------------
 There are 0 input ports with partial input delay specified.


11. checking partial_output_delay (0)
-------------------------------------
 There are 0 ports with partial output delay specified.


12. checking latch_loops (0)
----------------------------
 There are 0 combinational latch loops in the design through latch input



------------------------------------------------------------------------------------------------
| Design Timing Summary
| ---------------------
------------------------------------------------------------------------------------------------

    WNS(ns)      TNS(ns)  TNS Failing Endpoints  TNS Total Endpoints      WHS(ns)      THS(ns)  THS Failing Endpoints  THS Total Endpoints     WPWS(ns)     TPWS(ns)  TPWS Failing Endpoints  TPWS Total Endpoints  
    -------      -------  ---------------------  -------------------      -------      -------  ---------------------  -------------------     --------     --------  ----------------------  --------------------  
      3.752        0.000                      0                75543        0.055        0.000                      0                75543        9.500        0.000                       0                 25339  


All user specified timing constraints are met.


------------------------------------------------------------------------------------------------
| Clock Summary
| -------------
------------------------------------------------------------------------------------------------

Clock  Waveform(ns)       Period(ns)      Frequency(MHz)
-----  ------------       ----------      --------------
clk_i  {0.000 10.000}     20.000          50.000          


------------------------------------------------------------------------------------------------
| Intra Clock Table
| -----------------
------------------------------------------------------------------------------------------------

Clock             WNS(ns)      TNS(ns)  TNS Failing Endpoints  TNS Total Endpoints      WHS(ns)      THS(ns)  THS Failing Endpoints  THS Total Endpoints     WPWS(ns)     TPWS(ns)  TPWS Failing Endpoints  TPWS Total Endpoints  
-----             -------      -------  ---------------------  -------------------      -------      -------  ---------------------  -------------------     --------     --------  ----------------------  --------------------  
clk_i               3.752        0.000                      0                53179        0.055        0.000                      0                53179        9.500        0.000                       0                 25339  


------------------------------------------------------------------------------------------------
| Inter Clock Table
| -----------------
------------------------------------------------------------------------------------------------

From Clock    To Clock          WNS(ns)      TNS(ns)  TNS Failing Endpoints  TNS Total Endpoints      WHS(ns)      THS(ns)  THS Failing Endpoints  THS Total Endpoints  
----------    --------          -------      -------  ---------------------  -------------------      -------      -------  ---------------------  -------------------  


------------------------------------------------------------------------------------------------
| Other Path Groups Table
| -----------------------
------------------------------------------------------------------------------------------------

Path Group         From Clock         To Clock               WNS(ns)      TNS(ns)  TNS Failing Endpoints  TNS Total Endpoints      WHS(ns)      THS(ns)  THS Failing Endpoints  THS Total Endpoints  
----------         ----------         --------               -------      -------  ---------------------  -------------------      -------      -------  ---------------------  -------------------  
**async_default**  clk_i              clk_i                    5.252        0.000                      0                22364        0.677        0.000                      0                22364  


------------------------------------------------------------------------------------------------
| Timing Details
| --------------
------------------------------------------------------------------------------------------------


---------------------------------------------------------------------------------------------------
From Clock:  clk_i
  To Clock:  clk_i

Setup :            0  Failing Endpoints,  Worst Slack        3.752ns,  Total Violation        0.000ns
Hold  :            0  Failing Endpoints,  Worst Slack        0.055ns,  Total Violation        0.000ns
PW    :            0  Failing Endpoints,  Worst Slack        9.500ns,  Total Violation        0.000ns
---------------------------------------------------------------------------------------------------


Max Delay Paths
--------------------------------------------------------------------------------------
Slack (MET) :             3.752ns  (required time - arrival time)
  Source:                 u_soc/u_dmem/u_dmem_ip/mem_reg_3_0/CLKBWRCLK
                            (rising edge-triggered cell RAMB36E1 clocked by clk_i  {rise@0.000ns fall@10.000ns period=20.000ns})
  Destination:            u_soc/u_cpu/u_ex_stage/exmem_alu_result_o_reg[26]/R
                            (rising edge-triggered cell FDRE clocked by clk_i  {rise@0.000ns fall@10.000ns period=20.000ns})
  Path Group:             clk_i
  Path Type:              Setup (Max at Slow Process Corner)
  Requirement:            20.000ns  (clk_i rise@20.000ns - clk_i rise@0.000ns)
  Data Path Delay:        15.594ns  (logic 5.295ns (33.955%)  route 10.299ns (66.045%))
  Logic Levels:           14  (CARRY4=4 LUT2=1 LUT3=1 LUT4=1 LUT5=2 LUT6=4 MUXF7=1)
  Clock Path Skew:        -0.094ns (DCD - SCD + CPR)
    Destination Clock Delay (DCD):    5.099ns = ( 25.099 - 20.000 ) 
    Source Clock Delay      (SCD):    5.588ns
    Clock Pessimism Removal (CPR):    0.394ns
  Clock Uncertainty:      0.035ns  ((TSJ^2 + TIJ^2)^1/2 + DJ) / 2 + PE
    Total System Jitter     (TSJ):    0.071ns
    Total Input Jitter      (TIJ):    0.000ns
    Discrete Jitter          (DJ):    0.000ns
    Phase Error              (PE):    0.000ns

    Location             Delay type                Incr(ns)  Path(ns)    Netlist Resource(s)
  -------------------------------------------------------------------    -------------------
                         (clock clk_i rise edge)      0.000     0.000 r  
    Y9                                                0.000     0.000 r  clk_i (IN)
                         net (fo=0)                   0.000     0.000    clk_i
    Y9                   IBUF (Prop_ibuf_I_O)         1.490     1.490 r  clk_i_IBUF_inst/O
                         net (fo=1, routed)           2.171     3.661    clk_i_IBUF
    BUFGCTRL_X0Y0        BUFG (Prop_bufg_I_O)         0.101     3.762 r  clk_i_IBUF_BUFG_inst/O
                         net (fo=25338, routed)       1.825     5.588    u_soc/u_dmem/u_dmem_ip/clk_i
    RAMB36_X4Y4          RAMB36E1                                     r  u_soc/u_dmem/u_dmem_ip/mem_reg_3_0/CLKBWRCLK
  -------------------------------------------------------------------    -------------------
    RAMB36_X4Y4          RAMB36E1 (Prop_ramb36e1_CLKBWRCLK_DOBDO[1])
                                                      2.454     8.042 r  u_soc/u_dmem/u_dmem_ip/mem_reg_3_0/DOBDO[1]
                         net (fo=3, routed)           1.810     9.852    u_soc/u_cpu/u_mem_stage/douta[25]
    SLICE_X79Y14         LUT5 (Prop_lut5_I0_O)        0.154    10.006 r  u_soc/u_cpu/u_mem_stage/memwb_mem_data_o[1]_i_4/O
                         net (fo=1, routed)           0.767    10.773    u_soc/u_cpu/u_mem_stage/memwb_mem_data_o[1]_i_4_n_0
    SLICE_X79Y11         LUT6 (Prop_lut6_I4_O)        0.327    11.100 r  u_soc/u_cpu/u_mem_stage/memwb_mem_data_o[1]_i_1/O
                         net (fo=3, routed)           0.547    11.646    u_soc/u_cpu/u_ex_stage/exmem_rs2_data_o_reg[31]_0[1]
    SLICE_X83Y6          LUT6 (Prop_lut6_I4_O)        0.124    11.770 r  u_soc/u_cpu/u_ex_stage/exmem_rs2_data_o[1]_i_3/O
                         net (fo=1, routed)           0.000    11.770    u_soc/u_cpu/u_mem_stage/exmem_rs2_data_o_reg[1]
    SLICE_X83Y6          MUXF7 (Prop_muxf7_I1_O)      0.217    11.987 r  u_soc/u_cpu/u_mem_stage/exmem_rs2_data_o_reg[1]_i_1/O
                         net (fo=2, routed)           0.781    12.768    u_soc/u_cpu/u_id_stage/exmem_alu_result_o[31]_i_6_0[1]
    SLICE_X77Y5          LUT3 (Prop_lut3_I0_O)        0.328    13.096 r  u_soc/u_cpu/u_id_stage/exmem_alu_result_o[31]_i_12/O
                         net (fo=102, routed)         1.501    14.597    u_soc/u_cpu/u_id_stage/idex_se_alu_src2_o_reg_0
    SLICE_X94Y6          LUT4 (Prop_lut4_I3_O)        0.327    14.924 r  u_soc/u_cpu/u_id_stage/exmem_alu_result_o[0]_i_45/O
                         net (fo=2, routed)           1.025    15.949    u_soc/u_cpu/u_id_stage/exmem_alu_result_o[0]_i_45_n_0
    SLICE_X88Y7          CARRY4 (Prop_carry4_DI[0]_CO[3])
                                                      0.526    16.475 r  u_soc/u_cpu/u_id_stage/exmem_alu_result_o_reg[0]_i_33/CO[3]
                         net (fo=1, routed)           0.000    16.475    u_soc/u_cpu/u_id_stage/exmem_alu_result_o_reg[0]_i_33_n_0
    SLICE_X88Y8          CARRY4 (Prop_carry4_CI_CO[3])
                                                      0.114    16.589 r  u_soc/u_cpu/u_id_stage/exmem_alu_result_o_reg[0]_i_24/CO[3]
                         net (fo=1, routed)           0.000    16.589    u_soc/u_cpu/u_id_stage/exmem_alu_result_o_reg[0]_i_24_n_0
    SLICE_X88Y9          CARRY4 (Prop_carry4_CI_CO[3])
                                                      0.114    16.703 r  u_soc/u_cpu/u_id_stage/exmem_alu_result_o_reg[0]_i_15/CO[3]
                         net (fo=1, routed)           0.000    16.703    u_soc/u_cpu/u_id_stage/exmem_alu_result_o_reg[0]_i_15_n_0
    SLICE_X88Y10         CARRY4 (Prop_carry4_CI_CO[3])
                                                      0.114    16.817 r  u_soc/u_cpu/u_id_stage/exmem_alu_result_o_reg[0]_i_13/CO[3]
                         net (fo=2, routed)           1.065    17.881    u_soc/u_cpu/u_id_stage/u_ex_stage/sltu_res[0]
    SLICE_X86Y8          LUT6 (Prop_lut6_I1_O)        0.124    18.005 r  u_soc/u_cpu/u_id_stage/pc_r[31]_i_10/O
                         net (fo=1, routed)           0.286    18.292    u_soc/u_cpu/u_id_stage/pc_r[31]_i_10_n_0
    SLICE_X86Y8          LUT5 (Prop_lut5_I3_O)        0.124    18.416 r  u_soc/u_cpu/u_id_stage/pc_r[31]_i_3/O
                         net (fo=43, routed)          0.778    19.194    u_soc/u_cpu/u_id_stage/id_flush_w
    SLICE_X85Y4          LUT2 (Prop_lut2_I1_O)        0.124    19.318 r  u_soc/u_cpu/u_id_stage/exmem_mem_we_o_i_1/O
                         net (fo=79, routed)          0.401    19.718    u_soc/u_cpu/u_id_stage/SR[0]
    SLICE_X89Y4          LUT6 (Prop_lut6_I5_O)        0.124    19.842 r  u_soc/u_cpu/u_id_stage/exmem_alu_result_o[31]_i_1/O
                         net (fo=31, routed)          1.340    21.182    u_soc/u_cpu/u_ex_stage/SR[1]
    SLICE_X96Y14         FDRE                                         r  u_soc/u_cpu/u_ex_stage/exmem_alu_result_o_reg[26]/R
  -------------------------------------------------------------------    -------------------

                         (clock clk_i rise edge)     20.000    20.000 r  
    Y9                                                0.000    20.000 r  clk_i (IN)
                         net (fo=0)                   0.000    20.000    clk_i
    Y9                   IBUF (Prop_ibuf_I_O)         1.420    21.420 r  clk_i_IBUF_inst/O
                         net (fo=1, routed)           1.972    23.392    clk_i_IBUF
    BUFGCTRL_X0Y0        BUFG (Prop_bufg_I_O)         0.091    23.483 r  clk_i_IBUF_BUFG_inst/O
                         net (fo=25338, routed)       1.616    25.099    u_soc/u_cpu/u_ex_stage/clk_i
    SLICE_X96Y14         FDRE                                         r  u_soc/u_cpu/u_ex_stage/exmem_alu_result_o_reg[26]/C
                         clock pessimism              0.394    25.493    
                         clock uncertainty           -0.035    25.458    
    SLICE_X96Y14         FDRE (Setup_fdre_C_R)       -0.524    24.934    u_soc/u_cpu/u_ex_stage/exmem_alu_result_o_reg[26]
  -------------------------------------------------------------------
                         required time                         24.934    
                         arrival time                         -21.182    
  -------------------------------------------------------------------
                         slack                                  3.752    





Min Delay Paths
--------------------------------------------------------------------------------------
Slack (MET) :             0.055ns  (arrival time - required time)
  Source:                 u_soc/u_tx_top/u_AES_top_tx/u_aes128_key_expansion/round_key_reg_reg[111]/C
                            (rising edge-triggered cell FDRE clocked by clk_i  {rise@0.000ns fall@10.000ns period=20.000ns})
  Destination:            u_soc/u_tx_top/u_AES_top_tx/u_aes128_cipher_core/cipherText_reg_reg[111]/D
                            (rising edge-triggered cell FDRE clocked by clk_i  {rise@0.000ns fall@10.000ns period=20.000ns})
  Path Group:             clk_i
  Path Type:              Hold (Min at Fast Process Corner)
  Requirement:            0.000ns  (clk_i rise@0.000ns - clk_i rise@0.000ns)
  Data Path Delay:        0.404ns  (logic 0.186ns (46.039%)  route 0.218ns (53.961%))
  Logic Levels:           1  (LUT6=1)
  Clock Path Skew:        0.258ns (DCD - SCD - CPR)
    Destination Clock Delay (DCD):    2.016ns
    Source Clock Delay      (SCD):    1.506ns
    Clock Pessimism Removal (CPR):    0.252ns

    Location             Delay type                Incr(ns)  Path(ns)    Netlist Resource(s)
  -------------------------------------------------------------------    -------------------
                         (clock clk_i rise edge)      0.000     0.000 r  
    Y9                                                0.000     0.000 r  clk_i (IN)
                         net (fo=0)                   0.000     0.000    clk_i
    Y9                   IBUF (Prop_ibuf_I_O)         0.258     0.258 r  clk_i_IBUF_inst/O
                         net (fo=1, routed)           0.663     0.921    clk_i_IBUF
    BUFGCTRL_X0Y0        BUFG (Prop_bufg_I_O)         0.026     0.947 r  clk_i_IBUF_BUFG_inst/O
                         net (fo=25338, routed)       0.559     1.506    u_soc/u_tx_top/u_AES_top_tx/u_aes128_key_expansion/clk_i
    SLICE_X43Y7          FDRE                                         r  u_soc/u_tx_top/u_AES_top_tx/u_aes128_key_expansion/round_key_reg_reg[111]/C
  -------------------------------------------------------------------    -------------------
    SLICE_X43Y7          FDRE (Prop_fdre_C_Q)         0.141     1.647 r  u_soc/u_tx_top/u_AES_top_tx/u_aes128_key_expansion/round_key_reg_reg[111]/Q
                         net (fo=2, routed)           0.218     1.865    u_soc/u_tx_top/u_AES_top_tx/u_aes128_cipher_core/cipherText_reg_reg[127]_0[108]
    SLICE_X51Y8          LUT6 (Prop_lut6_I0_O)        0.045     1.910 r  u_soc/u_tx_top/u_AES_top_tx/u_aes128_cipher_core/cipherText_reg[111]_i_1/O
                         net (fo=1, routed)           0.000     1.910    u_soc/u_tx_top/u_AES_top_tx/u_aes128_cipher_core/after_addRoundkey[111]
    SLICE_X51Y8          FDRE                                         r  u_soc/u_tx_top/u_AES_top_tx/u_aes128_cipher_core/cipherText_reg_reg[111]/D
  -------------------------------------------------------------------    -------------------

                         (clock clk_i rise edge)      0.000     0.000 r  
    Y9                                                0.000     0.000 r  clk_i (IN)
                         net (fo=0)                   0.000     0.000    clk_i
    Y9                   IBUF (Prop_ibuf_I_O)         0.446     0.446 r  clk_i_IBUF_inst/O
                         net (fo=1, routed)           0.719     1.165    clk_i_IBUF
    BUFGCTRL_X0Y0        BUFG (Prop_bufg_I_O)         0.029     1.194 r  clk_i_IBUF_BUFG_inst/O
                         net (fo=25338, routed)       0.822     2.016    u_soc/u_tx_top/u_AES_top_tx/u_aes128_cipher_core/clk_i
    SLICE_X51Y8          FDRE                                         r  u_soc/u_tx_top/u_AES_top_tx/u_aes128_cipher_core/cipherText_reg_reg[111]/C
                         clock pessimism             -0.252     1.764    
    SLICE_X51Y8          FDRE (Hold_fdre_C_D)         0.091     1.855    u_soc/u_tx_top/u_AES_top_tx/u_aes128_cipher_core/cipherText_reg_reg[111]
  -------------------------------------------------------------------
                         required time                         -1.855    
                         arrival time                           1.910    
  -------------------------------------------------------------------
                         slack                                  0.055    





Pulse Width Checks
--------------------------------------------------------------------------------------
Clock Name:         clk_i
Waveform(ns):       { 0.000 10.000 }
Period(ns):         20.000
Sources:            { clk_i }

Check Type        Corner  Lib Pin             Reference Pin  Required(ns)  Actual(ns)  Slack(ns)  Location       Pin
Min Period        n/a     RAMB36E1/CLKARDCLK  n/a            2.944         20.000      17.056     RAMB36_X4Y2    u_soc/u_dmem/u_dmem_ip/mem_reg_0_0/CLKARDCLK
Low Pulse Width   Slow    FDRE/C              n/a            0.500         10.000      9.500      SLICE_X113Y31  heartbeat_r_reg[0]/C
High Pulse Width  Slow    FDRE/C              n/a            0.500         10.000      9.500      SLICE_X113Y31  heartbeat_r_reg[0]/C



---------------------------------------------------------------------------------------------------
Path Group:  **async_default**
From Clock:  clk_i
  To Clock:  clk_i

Setup :            0  Failing Endpoints,  Worst Slack        5.252ns,  Total Violation        0.000ns
Hold  :            0  Failing Endpoints,  Worst Slack        0.677ns,  Total Violation        0.000ns
---------------------------------------------------------------------------------------------------


Max Delay Paths
--------------------------------------------------------------------------------------
Slack (MET) :             5.252ns  (required time - arrival time)
  Source:                 por_shift_r_reg[2]/C
                            (rising edge-triggered cell FDRE clocked by clk_i  {rise@0.000ns fall@10.000ns period=20.000ns})
  Destination:            u_soc/u_tx_top/u_huffman_aes_tx_top/u_file_huffman_builder/u_code_length_builder/node_mask_reg[22][19]/CLR
                            (recovery check against rising-edge clock clk_i  {rise@0.000ns fall@10.000ns period=20.000ns})
  Path Group:             **async_default**
  Path Type:              Recovery (Max at Slow Process Corner)
  Requirement:            20.000ns  (clk_i rise@20.000ns - clk_i rise@0.000ns)
  Data Path Delay:        14.134ns  (logic 0.952ns (6.736%)  route 13.182ns (93.264%))
  Logic Levels:           4  (LUT2=1 LUT4=1 LUT5=1 LUT6=1)
  Clock Path Skew:        -0.174ns (DCD - SCD + CPR)
    Destination Clock Delay (DCD):    5.186ns = ( 25.186 - 20.000 ) 
    Source Clock Delay      (SCD):    5.639ns
    Clock Pessimism Removal (CPR):    0.280ns
  Clock Uncertainty:      0.035ns  ((TSJ^2 + TIJ^2)^1/2 + DJ) / 2 + PE
    Total System Jitter     (TSJ):    0.071ns
    Total Input Jitter      (TIJ):    0.000ns
    Discrete Jitter          (DJ):    0.000ns
    Phase Error              (PE):    0.000ns

    Location             Delay type                Incr(ns)  Path(ns)    Netlist Resource(s)
  -------------------------------------------------------------------    -------------------
                         (clock clk_i rise edge)      0.000     0.000 r  
    Y9                                                0.000     0.000 r  clk_i (IN)
                         net (fo=0)                   0.000     0.000    clk_i
    Y9                   IBUF (Prop_ibuf_I_O)         1.490     1.490 r  clk_i_IBUF_inst/O
                         net (fo=1, routed)           2.171     3.661    clk_i_IBUF
    BUFGCTRL_X0Y0        BUFG (Prop_bufg_I_O)         0.101     3.762 r  clk_i_IBUF_BUFG_inst/O
                         net (fo=25338, routed)       1.877     5.639    clk_i_IBUF_BUFG
    SLICE_X113Y9         FDRE                                         r  por_shift_r_reg[2]/C
  -------------------------------------------------------------------    -------------------
    SLICE_X113Y9         FDRE (Prop_fdre_C_Q)         0.456     6.095 f  por_shift_r_reg[2]/Q
                         net (fo=2, routed)           1.136     7.232    u_uart_dmem_loader/u_uart_rx/por_shift_r[2]
    SLICE_X113Y9         LUT4 (Prop_lut4_I1_O)        0.124     7.356 f  u_uart_dmem_loader/u_uart_rx/rxd_meta_r_i_4/O
                         net (fo=1, routed)           0.475     7.831    u_uart_dmem_loader/u_uart_rx/rxd_meta_r_i_4_n_0
    SLICE_X112Y9         LUT5 (Prop_lut5_I4_O)        0.124     7.955 f  u_uart_dmem_loader/u_uart_rx/rxd_meta_r_i_3/O
                         net (fo=1, routed)           0.304     8.259    u_uart_dmem_loader/u_uart_rx/rxd_meta_r_i_3_n_0
    SLICE_X113Y8         LUT6 (Prop_lut6_I5_O)        0.124     8.383 f  u_uart_dmem_loader/u_uart_rx/rxd_meta_r_i_1/O
                         net (fo=392, routed)         3.142    11.525    u_uart_dmem_loader/por_rst_w
    SLICE_X88Y28         LUT2 (Prop_lut2_I0_O)        0.124    11.649 f  u_uart_dmem_loader/u_soc_i_1/O
                         net (fo=23985, routed)       8.124    19.773    u_soc/u_tx_top/u_huffman_aes_tx_top/u_file_huffman_builder/u_code_length_builder/rst_i
    SLICE_X28Y148        FDCE                                         f  u_soc/u_tx_top/u_huffman_aes_tx_top/u_file_huffman_builder/u_code_length_builder/node_mask_reg[22][19]/CLR
  -------------------------------------------------------------------    -------------------

                         (clock clk_i rise edge)     20.000    20.000 r  
    Y9                                                0.000    20.000 r  clk_i (IN)
                         net (fo=0)                   0.000    20.000    clk_i
    Y9                   IBUF (Prop_ibuf_I_O)         1.420    21.420 r  clk_i_IBUF_inst/O
                         net (fo=1, routed)           1.972    23.392    clk_i_IBUF
    BUFGCTRL_X0Y0        BUFG (Prop_bufg_I_O)         0.091    23.483 r  clk_i_IBUF_BUFG_inst/O
                         net (fo=25338, routed)       1.703    25.186    u_soc/u_tx_top/u_huffman_aes_tx_top/u_file_huffman_builder/u_code_length_builder/clk_i
    SLICE_X28Y148        FDCE                                         r  u_soc/u_tx_top/u_huffman_aes_tx_top/u_file_huffman_builder/u_code_length_builder/node_mask_reg[22][19]/C
                         clock pessimism              0.280    25.465    
                         clock uncertainty           -0.035    25.430    
    SLICE_X28Y148        FDCE (Recov_fdce_C_CLR)     -0.405    25.025    u_soc/u_tx_top/u_huffman_aes_tx_top/u_file_huffman_builder/u_code_length_builder/node_mask_reg[22][19]
  -------------------------------------------------------------------
                         required time                         25.025    
                         arrival time                         -19.773    
  -------------------------------------------------------------------
                         slack                                  5.252    





Min Delay Paths
--------------------------------------------------------------------------------------
Slack (MET) :             0.677ns  (arrival time - required time)
  Source:                 u_uart_dmem_loader/done_r_reg/C
                            (rising edge-triggered cell FDRE clocked by clk_i  {rise@0.000ns fall@10.000ns period=20.000ns})
  Destination:            u_soc/u_tx_top/u_huffman_aes_tx_top/u_dynamic_huffman_encoder/u_input_collect_unit/u_frequency_counter/freq_table_reg[30][0]/CLR
                            (removal check against rising-edge clock clk_i  {rise@0.000ns fall@10.000ns period=20.000ns})
  Path Group:             **async_default**
  Path Type:              Removal (Min at Fast Process Corner)
  Requirement:            0.000ns  (clk_i rise@0.000ns - clk_i rise@0.000ns)
  Data Path Delay:        0.626ns  (logic 0.186ns (29.702%)  route 0.440ns (70.298%))
  Logic Levels:           1  (LUT2=1)
  Clock Path Skew:        0.016ns (DCD - SCD - CPR)
    Destination Clock Delay (DCD):    2.040ns
    Source Clock Delay      (SCD):    1.525ns
    Clock Pessimism Removal (CPR):    0.499ns

    Location             Delay type                Incr(ns)  Path(ns)    Netlist Resource(s)
  -------------------------------------------------------------------    -------------------
                         (clock clk_i rise edge)      0.000     0.000 r  
    Y9                                                0.000     0.000 r  clk_i (IN)
                         net (fo=0)                   0.000     0.000    clk_i
    Y9                   IBUF (Prop_ibuf_I_O)         0.258     0.258 r  clk_i_IBUF_inst/O
                         net (fo=1, routed)           0.663     0.921    clk_i_IBUF
    BUFGCTRL_X0Y0        BUFG (Prop_bufg_I_O)         0.026     0.947 r  clk_i_IBUF_BUFG_inst/O
                         net (fo=25338, routed)       0.578     1.525    u_uart_dmem_loader/CLK
    SLICE_X89Y27         FDRE                                         r  u_uart_dmem_loader/done_r_reg/C
  -------------------------------------------------------------------    -------------------
    SLICE_X89Y27         FDRE (Prop_fdre_C_Q)         0.141     1.666 r  u_uart_dmem_loader/done_r_reg/Q
                         net (fo=3, routed)           0.177     1.843    u_uart_dmem_loader/led_o_OBUF[1]
    SLICE_X88Y28         LUT2 (Prop_lut2_I1_O)        0.045     1.888 f  u_uart_dmem_loader/u_soc_i_1/O
                         net (fo=23985, routed)       0.263     2.151    u_soc/u_tx_top/u_huffman_aes_tx_top/u_dynamic_huffman_encoder/u_input_collect_unit/u_frequency_counter/count_overflow_reg_0
    SLICE_X86Y30         FDCE                                         f  u_soc/u_tx_top/u_huffman_aes_tx_top/u_dynamic_huffman_encoder/u_input_collect_unit/u_frequency_counter/freq_table_reg[30][0]/CLR
  -------------------------------------------------------------------    -------------------

                         (clock clk_i rise edge)      0.000     0.000 r  
    Y9                                                0.000     0.000 r  clk_i (IN)
                         net (fo=0)                   0.000     0.000    clk_i
    Y9                   IBUF (Prop_ibuf_I_O)         0.446     0.446 r  clk_i_IBUF_inst/O
                         net (fo=1, routed)           0.719     1.165    clk_i_IBUF
    BUFGCTRL_X0Y0        BUFG (Prop_bufg_I_O)         0.029     1.194 r  clk_i_IBUF_BUFG_inst/O
                         net (fo=25338, routed)       0.846     2.040    u_soc/u_tx_top/u_huffman_aes_tx_top/u_dynamic_huffman_encoder/u_input_collect_unit/u_frequency_counter/clk_i
    SLICE_X86Y30         FDCE                                         r  u_soc/u_tx_top/u_huffman_aes_tx_top/u_dynamic_huffman_encoder/u_input_collect_unit/u_frequency_counter/freq_table_reg[30][0]/C
                         clock pessimism             -0.499     1.541    
    SLICE_X86Y30         FDCE (Remov_fdce_C_CLR)     -0.067     1.474    u_soc/u_tx_top/u_huffman_aes_tx_top/u_dynamic_huffman_encoder/u_input_collect_unit/u_frequency_counter/freq_table_reg[30][0]
  -------------------------------------------------------------------
                         required time                         -1.474    
                         arrival time                           2.151    
  -------------------------------------------------------------------
                         slack                                  0.677    





