Reading pref.tcl

# 2021.2_1

# vsim -c -lib work_soc_mmio_now tb_rv32_soc_mmio_dma -do "run -all; quit -f" 
# Start time: 08:51:42 on Apr 14,2026
# ** Note: (vsim-3812) Design is being optimized...
# //  Questa Sim-64
# //  Version 2021.2_1 linux_x86_64 May 15 2021
# //
# //  Copyright 1991-2021 Mentor Graphics Corporation
# //  All Rights Reserved.
# //
# //  QuestaSim and its associated documentation contain trade
# //  secrets and commercial or financial information that are the property of
# //  Mentor Graphics Corporation and are privileged, confidential,
# //  and exempt from disclosure under the Freedom of Information Act,
# //  5 U.S.C. Section 552. Furthermore, this information
# //  is prohibited from disclosure under the Trade Secrets Act,
# //  18 U.S.C. Section 1905.
# //
# Loading work.tb_rv32_soc_mmio_dma(fast)
# run -all
# Sync Istr 0: 00500093
# Sync Istr 1: 00a00113
# Sync Istr 2: 002081b3
# Sync Istr 3: 00302023
# [SOC_DMEM] t=95000 we=0xf addr=0x00000000 wdata=0x0000000f rdata=0x00000000 mmio=0 hold=0
# [SOC_DMEM] t=585000 we=0xf addr=0x00000000 wdata=0x0000001c rdata=0x00000000 mmio=0 hold=0
# [SOC_DMEM] t=595000 we=0x0 addr=0x00000000 wdata=0x00000000 rdata=0x0000000f mmio=0 hold=0
# [SOC_DMEM] t=625000 we=0xf addr=0x00000000 wdata=0x0000001c rdata=0x0000001c mmio=0 hold=0
# ===== RV32I SOC MMIO DMA CHECK =====
# [PASS] mem_err_o_should_be_zero | actual=0 expected=0
# [FAIL] result_signature | actual=0x0000001c expected=0x4d4d494f
# [PASS] cpu_error_mask_should_be_zero | actual=0x00000000 expected=0x00000000
# [FAIL] src_addr_readback | actual=0x00000000 expected=0x00000040
# [FAIL] dst_addr_readback | actual=0x00000000 expected=0x00000080
# [FAIL] len_bytes_readback | actual=0x00000000 expected=0x00000020
# [FAIL] mode_readback | actual=0x00000000 expected=0x00000001
# [FAIL] block_cfg_readback | actual=0x00000000 expected=0x00000010
# [FAIL] status_before_start | actual=0x00000000 expected=0x00000018
# [FAIL] status_after_start | actual=0x00000000 expected=0x00000018
# [PASS] bytes_done_default | actual=0x00000000 expected=0x00000000
# [PASS] debug_default | actual=0x00000000 expected=0x00000000
# [PASS] control_reads_as_zero | actual=0x00000000 expected=0x00000000
# [FAIL] dma_regfile_src_addr | actual=0x00000000 expected=0x00000040
# [FAIL] dma_regfile_dst_addr | actual=0x00000000 expected=0x00000080
# [FAIL] dma_regfile_len_bytes | actual=0x00000000 expected=0x00000020
# [FAIL] dma_regfile_mode | actual=0x00000000 expected=0x00000001
# [FAIL] dma_regfile_block_cfg | actual=0x00000020 expected=0x00000010
# [FAIL] dma_start_pulse_count | actual=0x00000000 expected=0x00000001
# SUMMARY: PASS=5 FAIL=14
# [FAIL] rv32_soc_mmio_dma_test
# ** Note: $finish    : ../tb/tb_rv32_soc_mmio_dma.v(146)
#    Time: 5136 ns  Iteration: 0  Instance: /tb_rv32_soc_mmio_dma
# End time: 08:52:02 on Apr 14,2026, Elapsed time: 0:00:20
# Errors: 0, Warnings: 0
