Reading pref.tcl

# 2021.2_1

# vsim -c -lib work_soc_mmio_now tb_rv32_soc_mmio_dma -do "run 1 ns; quit -f" 
# Start time: 08:52:57 on Apr 14,2026
# ** Note: (vsim-8009) Loading existing optimized design _opt
# //  Questa Sim-64
# //  Version 2021.2_1 linux_x86_64 May 15 2021
# //
# //  Copyright 1991-2021 Mentor Graphics Corporation
# //  All Rights Reserved.
# //
# //  QuestaSim and its associated documentation contain trade
# //  secrets and commercial or financial information that are the property of
# //  Mentor Graphics Corporation and are privileged, confidential,
# //  and exempt from disclosure under the Freedom of Information Act,
# //  5 U.S.C. Section 552. Furthermore, this information
# //  is prohibited from disclosure under the Trade Secrets Act,
# //  18 U.S.C. Section 1905.
# //
# Loading work.tb_rv32_soc_mmio_dma(fast)
# run 1 ns
# Sync Istr 0: 00008137
# Sync Istr 1: f0010113
# Sync Istr 2: 0040006f
# Sync Istr 3: 400002b7
#  quit -f
# End time: 08:53:10 on Apr 14,2026, Elapsed time: 0:00:13
# Errors: 0, Warnings: 0
