Reading pref.tcl

# 2021.2_1

# vsim -c -lib work_soc_mmio_trace tb_rv32_soc_mmio_dma -do "run 220 ns; quit -f" 
# Start time: 08:58:02 on Apr 14,2026
# ** Note: (vsim-3812) Design is being optimized...
# //  Questa Sim-64
# //  Version 2021.2_1 linux_x86_64 May 15 2021
# //
# //  Copyright 1991-2021 Mentor Graphics Corporation
# //  All Rights Reserved.
# //
# //  QuestaSim and its associated documentation contain trade
# //  secrets and commercial or financial information that are the property of
# //  Mentor Graphics Corporation and are privileged, confidential,
# //  and exempt from disclosure under the Freedom of Information Act,
# //  5 U.S.C. Section 552. Furthermore, this information
# //  is prohibited from disclosure under the Trade Secrets Act,
# //  18 U.S.C. Section 1905.
# //
# Loading work.tb_rv32_soc_mmio_dma(fast)
# run 220 ns
# Sync Istr 0: 00008137
# Sync Istr 1: f0010113
# Sync Istr 2: 0040006f
# Sync Istr 3: 400002b7
# [CPU_TRACE] t=25000 pc=0x00000000 ifid_instr=0x00000013 idex_rd=x0 exmem_addr=0x00000000 exmem_mem_en=0 exmem_mem_we=0 memwb_rd=x0 wb_data=0x00000000 hold=0 bubble=0
# [CPU_TRACE] t=35000 pc=0x00000000 ifid_instr=0x00000013 idex_rd=x0 exmem_addr=0x00000000 exmem_mem_en=0 exmem_mem_we=0 memwb_rd=x0 wb_data=0x00000000 hold=0 bubble=0
# [CPU_TRACE] t=45000 pc=0x00000000 ifid_instr=0x00008137 idex_rd=x0 exmem_addr=0x00000000 exmem_mem_en=0 exmem_mem_we=0 memwb_rd=x0 wb_data=0x00000000 hold=0 bubble=0
# [CPU_TRACE] t=55000 pc=0x00000004 ifid_instr=0xf0010113 idex_rd=x2 exmem_addr=0x00000000 exmem_mem_en=0 exmem_mem_we=0 memwb_rd=x0 wb_data=0x00000000 hold=0 bubble=0
# [CPU_TRACE] t=65000 pc=0x00000008 ifid_instr=0x0040006f idex_rd=x2 exmem_addr=0x00008000 exmem_mem_en=0 exmem_mem_we=0 memwb_rd=x0 wb_data=0x00000000 hold=0 bubble=0
# [CPU_TRACE] t=75000 pc=0x0000000c ifid_instr=0x400002b7 idex_rd=x0 exmem_addr=0x00007f00 exmem_mem_en=0 exmem_mem_we=0 memwb_rd=x2 wb_data=0x00008000 hold=0 bubble=0
# [CPU_TRACE] t=85000 pc=0x00000000 ifid_instr=0x00000013 idex_rd=x0 exmem_addr=0x00000000 exmem_mem_en=0 exmem_mem_we=0 memwb_rd=x2 wb_data=0x00007f00 hold=0 bubble=0
# [CPU_TRACE] t=95000 pc=0x00000000 ifid_instr=0x00000013 idex_rd=x0 exmem_addr=0x00000000 exmem_mem_en=0 exmem_mem_we=0 memwb_rd=x0 wb_data=0x00000000 hold=0 bubble=0
# [CPU_TRACE] t=105000 pc=0x0000000c ifid_instr=0x400002b7 idex_rd=x0 exmem_addr=0x00000000 exmem_mem_en=0 exmem_mem_we=0 memwb_rd=x0 wb_data=0x00000000 hold=0 bubble=0
# [CPU_TRACE] t=115000 pc=0x00000010 ifid_instr=0x400005b7 idex_rd=x5 exmem_addr=0x00000000 exmem_mem_en=0 exmem_mem_we=0 memwb_rd=x0 wb_data=0x00000000 hold=0 bubble=0
# [CPU_TRACE] t=125000 pc=0x00000014 ifid_instr=0x04000793 idex_rd=x11 exmem_addr=0x40000000 exmem_mem_en=0 exmem_mem_we=0 memwb_rd=x0 wb_data=0x00000000 hold=0 bubble=0
# [CPU_TRACE] t=135000 pc=0x00000018 ifid_instr=0x00f5a423 idex_rd=x15 exmem_addr=0x40000000 exmem_mem_en=0 exmem_mem_we=0 memwb_rd=x5 wb_data=0x40000000 hold=0 bubble=0
# [CPU_TRACE] t=145000 pc=0x0000001c ifid_instr=0x40000637 idex_rd=x0 exmem_addr=0x00000040 exmem_mem_en=0 exmem_mem_we=0 memwb_rd=x11 wb_data=0x40000000 hold=0 bubble=0
# [MMIO_BRIDGE][ACCEPT] t=155000 write=1 addr=0x40000008 wdata=0x00000040 wstrb=0xf
# [SOC_DMEM] t=155000 we=0xf addr=0x40000008 wdata=0x00000040 rdata=0x00000000 mmio=1 hold=0
# [CPU_TRACE] t=155000 pc=0x00000020 ifid_instr=0x08000f93 idex_rd=x12 exmem_addr=0x40000008 exmem_mem_en=1 exmem_mem_we=1 memwb_rd=x15 wb_data=0x00000040 hold=0 bubble=0
# [DMA_REGFILE][WRITE] t=165000 addr=0x00000008 data=0x00000040 err=0
# [CPU_TRACE] t=165000 pc=0x00000024 ifid_instr=0x01f62623 idex_rd=x31 exmem_addr=0x40000000 exmem_mem_en=0 exmem_mem_we=0 memwb_rd=x0 wb_data=0x00000000 hold=0 bubble=0
# [MMIO_BRIDGE][DONE] t=165000 write=1 addr=0x40000008 rdata=0x00000000 err=0
# [CPU_TRACE] t=175000 pc=0x00000028 ifid_instr=0x400006b7 idex_rd=x0 exmem_addr=0x00000080 exmem_mem_en=0 exmem_mem_we=0 memwb_rd=x12 wb_data=0x40000000 hold=0 bubble=0
# [MMIO_BRIDGE][ACCEPT] t=185000 write=1 addr=0x4000000c wdata=0x00000080 wstrb=0xf
# [SOC_DMEM] t=185000 we=0xf addr=0x4000000c wdata=0x00000080 rdata=0x00000000 mmio=1 hold=0
# [CPU_TRACE] t=185000 pc=0x0000002c ifid_instr=0x02000793 idex_rd=x13 exmem_addr=0x4000000c exmem_mem_en=1 exmem_mem_we=1 memwb_rd=x31 wb_data=0x00000080 hold=0 bubble=0
# [DMA_REGFILE][WRITE] t=195000 addr=0x0000000c data=0x00000080 err=0
# [CPU_TRACE] t=195000 pc=0x00000030 ifid_instr=0x00f6a823 idex_rd=x15 exmem_addr=0x40000000 exmem_mem_en=0 exmem_mem_we=0 memwb_rd=x0 wb_data=0x00000000 hold=0 bubble=0
# [MMIO_BRIDGE][DONE] t=195000 write=1 addr=0x4000000c rdata=0x00000000 err=0
# [CPU_TRACE] t=205000 pc=0x00000034 ifid_instr=0x40000737 idex_rd=x0 exmem_addr=0x00000020 exmem_mem_en=0 exmem_mem_we=0 memwb_rd=x13 wb_data=0x40000000 hold=0 bubble=0
# [MMIO_BRIDGE][ACCEPT] t=215000 write=1 addr=0x40000010 wdata=0x00000020 wstrb=0xf
# [SOC_DMEM] t=215000 we=0xf addr=0x40000010 wdata=0x00000020 rdata=0x00000000 mmio=1 hold=0
# [CPU_TRACE] t=215000 pc=0x00000038 ifid_instr=0x00100513 idex_rd=x14 exmem_addr=0x40000010 exmem_mem_en=1 exmem_mem_we=1 memwb_rd=x15 wb_data=0x00000020 hold=0 bubble=0
#  quit -f
# End time: 08:58:12 on Apr 14,2026, Elapsed time: 0:00:10
# Errors: 0, Warnings: 0
