Reading pref.tcl

# 2021.2_1

# vsim -c -lib work_soc_mmio_trace tb_rv32_soc_mmio_dma -do "run 420 ns; quit -f" 
# Start time: 08:58:40 on Apr 14,2026
# ** Note: (vsim-8009) Loading existing optimized design _opt
# //  Questa Sim-64
# //  Version 2021.2_1 linux_x86_64 May 15 2021
# //
# //  Copyright 1991-2021 Mentor Graphics Corporation
# //  All Rights Reserved.
# //
# //  QuestaSim and its associated documentation contain trade
# //  secrets and commercial or financial information that are the property of
# //  Mentor Graphics Corporation and are privileged, confidential,
# //  and exempt from disclosure under the Freedom of Information Act,
# //  5 U.S.C. Section 552. Furthermore, this information
# //  is prohibited from disclosure under the Trade Secrets Act,
# //  18 U.S.C. Section 1905.
# //
# Loading work.tb_rv32_soc_mmio_dma(fast)
# run 420 ns
# Sync Istr 0: 00008137
# Sync Istr 1: f0010113
# Sync Istr 2: 0040006f
# Sync Istr 3: 400002b7
# [CPU_TRACE] t=25000 pc=0x00000000 ifid_instr=0x00000013 idex_rd=x0 exmem_addr=0x00000000 exmem_mem_en=0 exmem_mem_we=0 memwb_rd=x0 wb_data=0x00000000 hold=0 bubble=0
# [CPU_TRACE] t=35000 pc=0x00000000 ifid_instr=0x00000013 idex_rd=x0 exmem_addr=0x00000000 exmem_mem_en=0 exmem_mem_we=0 memwb_rd=x0 wb_data=0x00000000 hold=0 bubble=0
# [CPU_TRACE] t=45000 pc=0x00000000 ifid_instr=0x00008137 idex_rd=x0 exmem_addr=0x00000000 exmem_mem_en=0 exmem_mem_we=0 memwb_rd=x0 wb_data=0x00000000 hold=0 bubble=0
# [CPU_TRACE] t=55000 pc=0x00000004 ifid_instr=0xf0010113 idex_rd=x2 exmem_addr=0x00000000 exmem_mem_en=0 exmem_mem_we=0 memwb_rd=x0 wb_data=0x00000000 hold=0 bubble=0
# [CPU_TRACE] t=65000 pc=0x00000008 ifid_instr=0x0040006f idex_rd=x2 exmem_addr=0x00008000 exmem_mem_en=0 exmem_mem_we=0 memwb_rd=x0 wb_data=0x00000000 hold=0 bubble=0
# [CPU_TRACE] t=75000 pc=0x0000000c ifid_instr=0x400002b7 idex_rd=x0 exmem_addr=0x00007f00 exmem_mem_en=0 exmem_mem_we=0 memwb_rd=x2 wb_data=0x00008000 hold=0 bubble=0
# [CPU_TRACE] t=85000 pc=0x00000000 ifid_instr=0x00000013 idex_rd=x0 exmem_addr=0x00000000 exmem_mem_en=0 exmem_mem_we=0 memwb_rd=x2 wb_data=0x00007f00 hold=0 bubble=0
# [CPU_TRACE] t=95000 pc=0x00000000 ifid_instr=0x00000013 idex_rd=x0 exmem_addr=0x00000000 exmem_mem_en=0 exmem_mem_we=0 memwb_rd=x0 wb_data=0x00000000 hold=0 bubble=0
# [CPU_TRACE] t=105000 pc=0x0000000c ifid_instr=0x400002b7 idex_rd=x0 exmem_addr=0x00000000 exmem_mem_en=0 exmem_mem_we=0 memwb_rd=x0 wb_data=0x00000000 hold=0 bubble=0
# [CPU_TRACE] t=115000 pc=0x00000010 ifid_instr=0x400005b7 idex_rd=x5 exmem_addr=0x00000000 exmem_mem_en=0 exmem_mem_we=0 memwb_rd=x0 wb_data=0x00000000 hold=0 bubble=0
# [CPU_TRACE] t=125000 pc=0x00000014 ifid_instr=0x04000793 idex_rd=x11 exmem_addr=0x40000000 exmem_mem_en=0 exmem_mem_we=0 memwb_rd=x0 wb_data=0x00000000 hold=0 bubble=0
# [CPU_TRACE] t=135000 pc=0x00000018 ifid_instr=0x00f5a423 idex_rd=x15 exmem_addr=0x40000000 exmem_mem_en=0 exmem_mem_we=0 memwb_rd=x5 wb_data=0x40000000 hold=0 bubble=0
# [CPU_TRACE] t=145000 pc=0x0000001c ifid_instr=0x40000637 idex_rd=x0 exmem_addr=0x00000040 exmem_mem_en=0 exmem_mem_we=0 memwb_rd=x11 wb_data=0x40000000 hold=0 bubble=0
# [MMIO_BRIDGE][ACCEPT] t=155000 write=1 addr=0x40000008 wdata=0x00000040 wstrb=0xf
# [SOC_DMEM] t=155000 we=0xf addr=0x40000008 wdata=0x00000040 rdata=0x00000000 mmio=1 hold=0
# [CPU_TRACE] t=155000 pc=0x00000020 ifid_instr=0x08000f93 idex_rd=x12 exmem_addr=0x40000008 exmem_mem_en=1 exmem_mem_we=1 memwb_rd=x15 wb_data=0x00000040 hold=0 bubble=0
# [DMA_REGFILE][WRITE] t=165000 addr=0x00000008 data=0x00000040 err=0
# [CPU_TRACE] t=165000 pc=0x00000024 ifid_instr=0x01f62623 idex_rd=x31 exmem_addr=0x40000000 exmem_mem_en=0 exmem_mem_we=0 memwb_rd=x0 wb_data=0x00000000 hold=0 bubble=0
# [MMIO_BRIDGE][DONE] t=165000 write=1 addr=0x40000008 rdata=0x00000000 err=0
# [CPU_TRACE] t=175000 pc=0x00000028 ifid_instr=0x400006b7 idex_rd=x0 exmem_addr=0x00000080 exmem_mem_en=0 exmem_mem_we=0 memwb_rd=x12 wb_data=0x40000000 hold=0 bubble=0
# [MMIO_BRIDGE][ACCEPT] t=185000 write=1 addr=0x4000000c wdata=0x00000080 wstrb=0xf
# [SOC_DMEM] t=185000 we=0xf addr=0x4000000c wdata=0x00000080 rdata=0x00000000 mmio=1 hold=0
# [CPU_TRACE] t=185000 pc=0x0000002c ifid_instr=0x02000793 idex_rd=x13 exmem_addr=0x4000000c exmem_mem_en=1 exmem_mem_we=1 memwb_rd=x31 wb_data=0x00000080 hold=0 bubble=0
# [DMA_REGFILE][WRITE] t=195000 addr=0x0000000c data=0x00000080 err=0
# [CPU_TRACE] t=195000 pc=0x00000030 ifid_instr=0x00f6a823 idex_rd=x15 exmem_addr=0x40000000 exmem_mem_en=0 exmem_mem_we=0 memwb_rd=x0 wb_data=0x00000000 hold=0 bubble=0
# [MMIO_BRIDGE][DONE] t=195000 write=1 addr=0x4000000c rdata=0x00000000 err=0
# [CPU_TRACE] t=205000 pc=0x00000034 ifid_instr=0x40000737 idex_rd=x0 exmem_addr=0x00000020 exmem_mem_en=0 exmem_mem_we=0 memwb_rd=x13 wb_data=0x40000000 hold=0 bubble=0
# [MMIO_BRIDGE][ACCEPT] t=215000 write=1 addr=0x40000010 wdata=0x00000020 wstrb=0xf
# [SOC_DMEM] t=215000 we=0xf addr=0x40000010 wdata=0x00000020 rdata=0x00000000 mmio=1 hold=0
# [CPU_TRACE] t=215000 pc=0x00000038 ifid_instr=0x00100513 idex_rd=x14 exmem_addr=0x40000010 exmem_mem_en=1 exmem_mem_we=1 memwb_rd=x15 wb_data=0x00000020 hold=0 bubble=0
# [DMA_REGFILE][WRITE] t=225000 addr=0x00000010 data=0x00000020 err=0
# [CPU_TRACE] t=225000 pc=0x0000003c ifid_instr=0x00a72a23 idex_rd=x10 exmem_addr=0x40000000 exmem_mem_en=0 exmem_mem_we=0 memwb_rd=x0 wb_data=0x00000000 hold=0 bubble=0
# [MMIO_BRIDGE][DONE] t=225000 write=1 addr=0x40000010 rdata=0x00000000 err=0
# [CPU_TRACE] t=235000 pc=0x00000040 ifid_instr=0x400007b7 idex_rd=x0 exmem_addr=0x00000001 exmem_mem_en=0 exmem_mem_we=0 memwb_rd=x14 wb_data=0x40000000 hold=0 bubble=0
# [MMIO_BRIDGE][ACCEPT] t=245000 write=1 addr=0x40000014 wdata=0x00000001 wstrb=0xf
# [SOC_DMEM] t=245000 we=0xf addr=0x40000014 wdata=0x00000001 rdata=0x00000000 mmio=1 hold=0
# [CPU_TRACE] t=245000 pc=0x00000044 ifid_instr=0x01000813 idex_rd=x15 exmem_addr=0x40000014 exmem_mem_en=1 exmem_mem_we=1 memwb_rd=x10 wb_data=0x00000001 hold=0 bubble=0
# [DMA_REGFILE][WRITE] t=255000 addr=0x00000014 data=0x00000001 err=0
# [CPU_TRACE] t=255000 pc=0x00000048 ifid_instr=0x0107ac23 idex_rd=x16 exmem_addr=0x40000000 exmem_mem_en=0 exmem_mem_we=0 memwb_rd=x0 wb_data=0x00000000 hold=0 bubble=0
# [MMIO_BRIDGE][DONE] t=255000 write=1 addr=0x40000014 rdata=0x00000000 err=0
# [CPU_TRACE] t=265000 pc=0x0000004c ifid_instr=0x0085af03 idex_rd=x0 exmem_addr=0x00000010 exmem_mem_en=0 exmem_mem_we=0 memwb_rd=x15 wb_data=0x40000000 hold=0 bubble=0
# [MMIO_BRIDGE][ACCEPT] t=275000 write=1 addr=0x40000018 wdata=0x00000010 wstrb=0xf
# [SOC_DMEM] t=275000 we=0xf addr=0x40000018 wdata=0x00000010 rdata=0x00000000 mmio=1 hold=0
# [CPU_TRACE] t=275000 pc=0x00000050 ifid_instr=0x00c62e83 idex_rd=x30 exmem_addr=0x40000018 exmem_mem_en=1 exmem_mem_we=1 memwb_rd=x16 wb_data=0x00000010 hold=0 bubble=0
# [DMA_REGFILE][WRITE] t=285000 addr=0x00000018 data=0x00000010 err=0
# [CPU_TRACE] t=285000 pc=0x00000054 ifid_instr=0x0106ae03 idex_rd=x29 exmem_addr=0x40000008 exmem_mem_en=1 exmem_mem_we=0 memwb_rd=x0 wb_data=0x00000000 hold=0 bubble=0
# [SOC_DMEM] t=285000 we=0x0 addr=0x40000008 wdata=0x00000000 rdata=0x00000000 mmio=1 hold=0
# [MMIO_BRIDGE][DONE] t=285000 write=1 addr=0x40000018 rdata=0x00000000 err=0
# [MMIO_BRIDGE][ACCEPT] t=295000 write=0 addr=0x4000000c wdata=0x00000000 wstrb=0x0
# [SOC_DMEM] t=295000 we=0x0 addr=0x4000000c wdata=0x00000000 rdata=0x00000000 mmio=1 hold=0
# [CPU_TRACE] t=295000 pc=0x00000058 ifid_instr=0x01472303 idex_rd=x28 exmem_addr=0x4000000c exmem_mem_en=1 exmem_mem_we=0 memwb_rd=x0 wb_data=0x40000008 hold=0 bubble=0
# [CPU_TRACE] t=305000 pc=0x0000005c ifid_instr=0x0187a883 idex_rd=x6 exmem_addr=0x40000010 exmem_mem_en=1 exmem_mem_we=0 memwb_rd=x30 wb_data=0x00000000 hold=1 bubble=0
# [SOC_DMEM] t=305000 we=0x0 addr=0x40000010 wdata=0x00000000 rdata=0x00000000 mmio=1 hold=1
# [MMIO_BRIDGE][DONE] t=305000 write=0 addr=0x4000000c rdata=0x00000080 err=0
# [MMIO_BRIDGE][ACCEPT] t=315000 write=0 addr=0x40000010 wdata=0x00000000 wstrb=0x0
# [SOC_DMEM] t=315000 we=0x0 addr=0x40000010 wdata=0x00000000 rdata=0x00000080 mmio=1 hold=0
# [CPU_TRACE] t=315000 pc=0x0000005c ifid_instr=0x0187a883 idex_rd=x6 exmem_addr=0x40000010 exmem_mem_en=1 exmem_mem_we=0 memwb_rd=x0 wb_data=0x40000010 hold=0 bubble=0
# [CPU_TRACE] t=325000 pc=0x00000060 ifid_instr=0x00000013 idex_rd=x17 exmem_addr=0x40000014 exmem_mem_en=1 exmem_mem_we=0 memwb_rd=x28 wb_data=0x00000080 hold=1 bubble=0
# [SOC_DMEM] t=325000 we=0x0 addr=0x40000014 wdata=0x00000000 rdata=0x00000080 mmio=1 hold=1
# [MMIO_BRIDGE][DONE] t=325000 write=0 addr=0x40000010 rdata=0x00000020 err=0
# [MMIO_BRIDGE][ACCEPT] t=335000 write=0 addr=0x40000014 wdata=0x00000000 wstrb=0x0
# [SOC_DMEM] t=335000 we=0x0 addr=0x40000014 wdata=0x00000000 rdata=0x00000020 mmio=1 hold=0
# [CPU_TRACE] t=335000 pc=0x00000060 ifid_instr=0x00000013 idex_rd=x17 exmem_addr=0x40000014 exmem_mem_en=1 exmem_mem_we=0 memwb_rd=x0 wb_data=0x40000014 hold=0 bubble=0
# [CPU_TRACE] t=345000 pc=0x00000064 ifid_instr=0x00000013 idex_rd=x0 exmem_addr=0x40000018 exmem_mem_en=1 exmem_mem_we=0 memwb_rd=x6 wb_data=0x00000020 hold=1 bubble=0
# [SOC_DMEM] t=345000 we=0x0 addr=0x40000018 wdata=0x00000000 rdata=0x00000020 mmio=1 hold=1
# [MMIO_BRIDGE][DONE] t=345000 write=0 addr=0x40000014 rdata=0x00000001 err=0
# [MMIO_BRIDGE][ACCEPT] t=355000 write=0 addr=0x40000018 wdata=0x00000000 wstrb=0x0
# [SOC_DMEM] t=355000 we=0x0 addr=0x40000018 wdata=0x00000000 rdata=0x00000001 mmio=1 hold=0
# [CPU_TRACE] t=355000 pc=0x00000064 ifid_instr=0x00000013 idex_rd=x0 exmem_addr=0x40000018 exmem_mem_en=1 exmem_mem_we=0 memwb_rd=x0 wb_data=0x40000018 hold=0 bubble=0
# [CPU_TRACE] t=365000 pc=0x00000068 ifid_instr=0x00000013 idex_rd=x0 exmem_addr=0x00000000 exmem_mem_en=0 exmem_mem_we=0 memwb_rd=x17 wb_data=0x00000001 hold=1 bubble=0
# [MMIO_BRIDGE][DONE] t=365000 write=0 addr=0x40000018 rdata=0x00000010 err=0
# [CPU_TRACE] t=375000 pc=0x00000068 ifid_instr=0x00000013 idex_rd=x0 exmem_addr=0x00000000 exmem_mem_en=0 exmem_mem_we=0 memwb_rd=x17 wb_data=0x00000001 hold=0 bubble=0
# [CPU_TRACE] t=385000 pc=0x0000006c ifid_instr=0x00000013 idex_rd=x0 exmem_addr=0x00000000 exmem_mem_en=0 exmem_mem_we=0 memwb_rd=x0 wb_data=0x00000000 hold=0 bubble=0
# [CPU_TRACE] t=395000 pc=0x00000070 ifid_instr=0x400007b7 idex_rd=x0 exmem_addr=0x00000000 exmem_mem_en=0 exmem_mem_we=0 memwb_rd=x0 wb_data=0x00000000 hold=0 bubble=0
# [CPU_TRACE] t=405000 pc=0x00000074 ifid_instr=0x01c7a583 idex_rd=x15 exmem_addr=0x00000000 exmem_mem_en=0 exmem_mem_we=0 memwb_rd=x0 wb_data=0x00000000 hold=0 bubble=0
# [CPU_TRACE] t=415000 pc=0x00000078 ifid_instr=0x400007b7 idex_rd=x11 exmem_addr=0x40000000 exmem_mem_en=0 exmem_mem_we=0 memwb_rd=x0 wb_data=0x00000000 hold=0 bubble=0
#  quit -f
# End time: 08:58:49 on Apr 14,2026, Elapsed time: 0:00:09
# Errors: 0, Warnings: 0
